{
  "active_fraction": 0.18826660914427001,
  "active_s": 1.2238074000561028,
  "allocated_bytes": 0,
  "barrier_used": false,
  "barrier_wait_s": 0.0,
  "capacity_bytes": 0,
  "duty_cycle_s": 0.25,
  "elapsed_s": 6.5003954000058,
  "finished_wall_time_ns": 1786891066312674600,
  "measurement_end_monotonic_ns": 44832064668800,
  "measurement_start_monotonic_ns": 44825564255000,
  "operations": 3006267392,
  "pid": 26500,
  "planned_measurement_end_monotonic_ns": 44832064255600,
  "planned_measurement_start_monotonic_ns": 44825563928300,
  "pressure_requested": 0.1875,
  "resource": "gpu_compute",
  "schema_version": 1,
  "sleep_s": 5.2647271000096225,
  "started_wall_time_ns": 1786891057061388000,
  "status": "completed",
  "warmup_active_s": 0.18773199993302114,
  "warmup_elapsed_s": 1.0003271999958088,
  "warmup_operations": 484442112,
  "warmup_sleep_s": 0.8110221000024467
}
