{
  "active_fraction": 0.26018369114845963,
  "active_s": 7.805464499811933,
  "allocated_bytes": 268435456,
  "barrier_used": true,
  "barrier_wait_s": 0.09085429999686312,
  "benchmark_environment": {
    "environment": {
      "BLIS_NUM_THREADS": "1",
      "MKL_NUM_THREADS": "1",
      "NUMEXPR_NUM_THREADS": "1",
      "OMP_NUM_THREADS": "1",
      "OPENBLAS_NUM_THREADS": "1",
      "VECLIB_MAXIMUM_THREADS": "1"
    },
    "native_thread_limit": 1,
    "protocol": "native_threads_1_warmup5_duration15_repeats5_cv10_v2"
  },
  "capacity_bytes": 1073741824,
  "duty_cycle_s": 0.25,
  "elapsed_s": 29.999822300000233,
  "finished_wall_time_ns": 1786938155890177300,
  "measurement_end_monotonic_ns": 44620598037100,
  "measurement_start_monotonic_ns": 44590598173500,
  "operations": 1038845214720,
  "pid": 6904,
  "planned_measurement_end_monotonic_ns": 44620597721600,
  "planned_measurement_start_monotonic_ns": 44590597721600,
  "pressure_requested": 0.25,
  "resource": "gpu_memory",
  "schema_version": 1,
  "sleep_s": 22.144065599939495,
  "started_wall_time_ns": 1786938114218950200,
  "status": "completed",
  "warmup_active_s": 2.555779300055292,
  "warmup_elapsed_s": 9.967470300005516,
  "warmup_operations": 513248591872,
  "warmup_sleep_s": 7.393998299994564
}
