{
  "active_fraction": 0.9995898919898907,
  "active_s": 59.97544079999534,
  "allocated_bytes": 0,
  "barrier_used": true,
  "barrier_wait_s": 0.7341599999999744,
  "capacity_bytes": 0,
  "duty_cycle_s": 0.25,
  "elapsed_s": 60.000047300000006,
  "finished_wall_time_ns": 1786854226823501300,
  "measurement_end_monotonic_ns": 7991533742300,
  "measurement_start_monotonic_ns": 7931533683900,
  "operations": 12468092928,
  "pid": 5672,
  "planned_measurement_end_monotonic_ns": 7991532804800,
  "planned_measurement_start_monotonic_ns": 7931532804800,
  "pressure_requested": 1.0,
  "resource": "cpu_compute",
  "schema_version": 1,
  "sleep_s": 0.0,
  "started_wall_time_ns": 1786854146114626700,
  "status": "completed",
  "warmup_active_s": 19.96134669998628,
  "warmup_elapsed_s": 19.969251900000017,
  "warmup_operations": 4719116288,
  "warmup_sleep_s": 0.0
}
