{
  "active_fraction": 0.5166748985486739,
  "active_s": 15.499955500148644,
  "allocated_bytes": 536870912,
  "barrier_used": true,
  "barrier_wait_s": 0.08468939999875147,
  "benchmark_environment": {
    "environment": {
      "BLIS_NUM_THREADS": "1",
      "MKL_NUM_THREADS": "1",
      "NUMEXPR_NUM_THREADS": "1",
      "OMP_NUM_THREADS": "1",
      "OPENBLAS_NUM_THREADS": "1",
      "VECLIB_MAXIMUM_THREADS": "1"
    },
    "native_thread_limit": 1,
    "protocol": "native_threads_1_warmup5_duration15_repeats5_cv10_v2"
  },
  "capacity_bytes": 1073741824,
  "duty_cycle_s": 0.25,
  "elapsed_s": 29.99943589999748,
  "finished_wall_time_ns": 1786942033347297900,
  "measurement_end_monotonic_ns": 48498055381000,
  "measurement_start_monotonic_ns": 48468055758700,
  "operations": 3349000749056,
  "pid": 28356,
  "planned_measurement_end_monotonic_ns": 48498054988300,
  "planned_measurement_start_monotonic_ns": 48468054988300,
  "pressure_requested": 0.5,
  "resource": "gpu_memory",
  "schema_version": 1,
  "sleep_s": 14.443392099979974,
  "started_wall_time_ns": 1786941991729164300,
  "status": "completed",
  "warmup_active_s": 5.12945479984046,
  "warmup_elapsed_s": 9.975400499999523,
  "warmup_operations": 1078036791296,
  "warmup_sleep_s": 4.828273499973875
}
