{
  "active_fraction": 0.7523439129407047,
  "active_s": 22.570305200250004,
  "allocated_bytes": 0,
  "barrier_used": true,
  "barrier_wait_s": 0.7259032000001753,
  "benchmark_environment": {
    "environment": {
      "BLIS_NUM_THREADS": "1",
      "MKL_NUM_THREADS": "1",
      "NUMEXPR_NUM_THREADS": "1",
      "OMP_NUM_THREADS": "1",
      "OPENBLAS_NUM_THREADS": "1",
      "VECLIB_MAXIMUM_THREADS": "1"
    },
    "native_thread_limit": 1,
    "protocol": "native_threads_1_warmup5_duration15_repeats5_cv10_v2"
  },
  "capacity_bytes": 0,
  "duty_cycle_s": 0.25,
  "elapsed_s": 29.999983800000336,
  "finished_wall_time_ns": 1786956719184388900,
  "measurement_end_monotonic_ns": 63183892132800,
  "measurement_start_monotonic_ns": 63153892141500,
  "operations": 8005353472,
  "pid": 6488,
  "planned_measurement_end_monotonic_ns": 63183891827600,
  "planned_measurement_start_monotonic_ns": 63153891827600,
  "pressure_requested": 0.75,
  "resource": "cpu_compute",
  "schema_version": 1,
  "sleep_s": 7.36727279999468,
  "started_wall_time_ns": 1786956678481266200,
  "status": "completed",
  "warmup_active_s": 7.519682600250235,
  "warmup_elapsed_s": 9.970454000002064,
  "warmup_operations": 2746744832,
  "warmup_sleep_s": 2.4325442999906954
}
