{
  "active_fraction": 0.20391793916839782,
  "active_s": 6.117484299931675,
  "allocated_bytes": 0,
  "barrier_used": true,
  "barrier_wait_s": 0.10317110000323737,
  "benchmark_environment": {
    "environment": {
      "BLIS_NUM_THREADS": "1",
      "MKL_NUM_THREADS": "1",
      "NUMEXPR_NUM_THREADS": "1",
      "OMP_NUM_THREADS": "1",
      "OPENBLAS_NUM_THREADS": "1",
      "VECLIB_MAXIMUM_THREADS": "1"
    },
    "native_thread_limit": 1,
    "protocol": "native_threads_1_warmup5_duration15_repeats5_cv10_v2"
  },
  "capacity_bytes": 0,
  "duty_cycle_s": 0.25,
  "elapsed_s": 29.999735799996415,
  "finished_wall_time_ns": 1786956355690053800,
  "measurement_end_monotonic_ns": 62820397942900,
  "measurement_start_monotonic_ns": 62790398173000,
  "operations": 1572864000,
  "pid": 29672,
  "planned_measurement_end_monotonic_ns": 62820397636600,
  "planned_measurement_start_monotonic_ns": 62790397636600,
  "pressure_requested": 0.1875,
  "resource": "gpu_compute",
  "schema_version": 1,
  "sleep_s": 23.82306419998349,
  "started_wall_time_ns": 1786956313934504000,
  "status": "completed",
  "warmup_active_s": 1.8831930999294855,
  "warmup_elapsed_s": 9.977706300000136,
  "warmup_operations": 4057989120,
  "warmup_sleep_s": 8.077010400003928
}
