{
  "active_fraction": 0.0,
  "active_s": 0.0,
  "allocated_bytes": 0,
  "barrier_used": true,
  "barrier_wait_s": 0.6957376999998814,
  "benchmark_environment": {
    "environment": {
      "BLIS_NUM_THREADS": "1",
      "MKL_NUM_THREADS": "1",
      "NUMEXPR_NUM_THREADS": "1",
      "OMP_NUM_THREADS": "1",
      "OPENBLAS_NUM_THREADS": "1",
      "VECLIB_MAXIMUM_THREADS": "1"
    },
    "native_thread_limit": 1,
    "protocol": "native_threads_1_warmup5_duration15_repeats5_cv10_v2"
  },
  "capacity_bytes": 0,
  "duty_cycle_s": 0.25,
  "elapsed_s": 29.999817700001586,
  "finished_wall_time_ns": 1786957361138418400,
  "measurement_end_monotonic_ns": 63825846255900,
  "measurement_start_monotonic_ns": 63795846419700,
  "operations": 0,
  "pid": 9384,
  "planned_measurement_end_monotonic_ns": 63825846006300,
  "planned_measurement_start_monotonic_ns": 63795846006300,
  "pressure_requested": 0.0,
  "resource": "gpu_memory",
  "schema_version": 1,
  "sleep_s": 29.93744410000363,
  "started_wall_time_ns": 1786957320461857600,
  "status": "completed",
  "warmup_active_s": 0.0,
  "warmup_elapsed_s": 9.975638199997775,
  "warmup_operations": 0,
  "warmup_sleep_s": 9.955312900019635
}
