{
  "active_fraction": 0.7880607156120061,
  "active_s": 12.215001299824507,
  "allocated_bytes": 536870912,
  "barrier_used": false,
  "barrier_wait_s": 0.0,
  "benchmark_environment": {
    "environment": {
      "BLIS_NUM_THREADS": "1",
      "MKL_NUM_THREADS": "1",
      "NUMEXPR_NUM_THREADS": "1",
      "OMP_NUM_THREADS": "1",
      "OPENBLAS_NUM_THREADS": "1",
      "VECLIB_MAXIMUM_THREADS": "1"
    },
    "native_thread_limit": 1,
    "protocol": "native_threads_1_warmup5_duration15_repeats5_cv10_v2"
  },
  "capacity_bytes": 0,
  "duty_cycle_s": 0.25,
  "elapsed_s": 15.50007639999967,
  "finished_wall_time_ns": 1786931292880148600,
  "measurement_end_monotonic_ns": 37757587953300,
  "measurement_start_monotonic_ns": 37742087851800,
  "operations": 862214684672,
  "pid": 18260,
  "planned_measurement_end_monotonic_ns": 37757587853900,
  "planned_measurement_start_monotonic_ns": 37742087284700,
  "pressure_requested": 0.75,
  "resource": "memory_bandwidth",
  "schema_version": 1,
  "sleep_s": 3.242387900027097,
  "started_wall_time_ns": 1786931272291075100,
  "status": "completed",
  "warmup_active_s": 3.9129768000057084,
  "warmup_elapsed_s": 5.000567499999306,
  "warmup_operations": 278099132416,
  "warmup_sleep_s": 1.0801483999894117
}
