{
  "active_fraction": 0.0,
  "active_s": 0.0,
  "allocated_bytes": 0,
  "barrier_used": false,
  "barrier_wait_s": 0.0,
  "benchmark_environment": {
    "environment": {
      "BLIS_NUM_THREADS": "1",
      "MKL_NUM_THREADS": "1",
      "NUMEXPR_NUM_THREADS": "1",
      "OMP_NUM_THREADS": "1",
      "OPENBLAS_NUM_THREADS": "1",
      "VECLIB_MAXIMUM_THREADS": "1"
    },
    "native_thread_limit": 1,
    "protocol": "native_threads_1_warmup5_duration15_repeats5_v1"
  },
  "capacity_bytes": 0,
  "duty_cycle_s": 0.25,
  "elapsed_s": 15.50030919999972,
  "finished_wall_time_ns": 1786899431710900900,
  "measurement_end_monotonic_ns": 5896418701200,
  "measurement_start_monotonic_ns": 5880918375100,
  "operations": 0,
  "pid": 24920,
  "planned_measurement_end_monotonic_ns": 5896418375700,
  "planned_measurement_start_monotonic_ns": 5880918040900,
  "pressure_requested": 0.0,
  "resource": "gpu_compute",
  "schema_version": 1,
  "sleep_s": 15.473735700000361,
  "started_wall_time_ns": 1786899411204777100,
  "status": "completed",
  "warmup_active_s": 0.0,
  "warmup_elapsed_s": 5.000334500000463,
  "warmup_operations": 0,
  "warmup_sleep_s": 4.991253700001835
}
