{
  "active_fraction": 0.2529534444017399,
  "active_s": 7.588632699946174,
  "allocated_bytes": 0,
  "barrier_used": true,
  "barrier_wait_s": 0.6939643999940017,
  "benchmark_environment": {
    "environment": {
      "BLIS_NUM_THREADS": "1",
      "MKL_NUM_THREADS": "1",
      "NUMEXPR_NUM_THREADS": "1",
      "OMP_NUM_THREADS": "1",
      "OPENBLAS_NUM_THREADS": "1",
      "VECLIB_MAXIMUM_THREADS": "1"
    },
    "native_thread_limit": 1,
    "protocol": "native_threads_1_warmup5_duration15_repeats5_cv10_v2"
  },
  "capacity_bytes": 0,
  "duty_cycle_s": 0.25,
  "elapsed_s": 30.000116099996376,
  "finished_wall_time_ns": 1786959954035483000,
  "measurement_end_monotonic_ns": 66418743373000,
  "measurement_start_monotonic_ns": 66388743238900,
  "operations": 2199388160,
  "pid": 6740,
  "planned_measurement_end_monotonic_ns": 66418742720700,
  "planned_measurement_start_monotonic_ns": 66388742720700,
  "pressure_requested": 0.25,
  "resource": "cpu_compute",
  "schema_version": 1,
  "sleep_s": 22.3525920999964,
  "started_wall_time_ns": 1786959913358649600,
  "status": "completed",
  "warmup_active_s": 2.5300950996170286,
  "warmup_elapsed_s": 9.976648600000772,
  "warmup_operations": 745013248,
  "warmup_sleep_s": 7.427782999948249
}
