{
  "active_fraction": 0.9999333660391563,
  "active_s": 29.997717500067665,
  "allocated_bytes": 1073741824,
  "barrier_used": true,
  "barrier_wait_s": 0.06696050000027753,
  "benchmark_environment": {
    "environment": {
      "BLIS_NUM_THREADS": "1",
      "MKL_NUM_THREADS": "1",
      "NUMEXPR_NUM_THREADS": "1",
      "OMP_NUM_THREADS": "1",
      "OPENBLAS_NUM_THREADS": "1",
      "VECLIB_MAXIMUM_THREADS": "1"
    },
    "native_thread_limit": 1,
    "protocol": "native_threads_1_warmup5_duration15_repeats5_cv10_v2"
  },
  "capacity_bytes": 1073741824,
  "duty_cycle_s": 0.25,
  "elapsed_s": 29.99971650000225,
  "finished_wall_time_ns": 1786947183491663300,
  "measurement_end_monotonic_ns": 53648200201300,
  "measurement_start_monotonic_ns": 53618200471300,
  "operations": 6446745911296,
  "pid": 28828,
  "planned_measurement_end_monotonic_ns": 53648198891000,
  "planned_measurement_start_monotonic_ns": 53618198891000,
  "pressure_requested": 1.0,
  "resource": "gpu_memory",
  "schema_version": 1,
  "sleep_s": 0.0,
  "started_wall_time_ns": 1786947141809805200,
  "status": "completed",
  "warmup_active_s": 9.983862300119654,
  "warmup_elapsed_s": 9.984510399997816,
  "warmup_operations": 2085206622208,
  "warmup_sleep_s": 0.0
}
