{
  "active_fraction": 0.0,
  "active_s": 0.0,
  "allocated_bytes": 0,
  "barrier_used": false,
  "barrier_wait_s": 0.0,
  "capacity_bytes": 0,
  "duty_cycle_s": 0.25,
  "elapsed_s": 7.500611600000411,
  "finished_wall_time_ns": 1786889038923762300,
  "measurement_end_monotonic_ns": 42804675622900,
  "measurement_start_monotonic_ns": 42797174981100,
  "operations": 0,
  "pid": 26832,
  "planned_measurement_end_monotonic_ns": 42804674981200,
  "planned_measurement_start_monotonic_ns": 42797174978100,
  "pressure_requested": 0.0,
  "resource": "cpu_compute",
  "schema_version": 1,
  "sleep_s": 7.485335999976087,
  "started_wall_time_ns": 1786889031416436900,
  "status": "completed",
  "warmup_active_s": 0.0,
  "warmup_elapsed_s": 3.3999967854470015e-06,
  "warmup_operations": 0,
  "warmup_sleep_s": 0.0
}
