{
  "active_fraction": 0.9994449139825107,
  "active_s": 29.982663599264924,
  "allocated_bytes": 0,
  "barrier_used": true,
  "barrier_wait_s": 0.7390548000039416,
  "benchmark_environment": {
    "environment": {
      "BLIS_NUM_THREADS": "1",
      "MKL_NUM_THREADS": "1",
      "NUMEXPR_NUM_THREADS": "1",
      "OMP_NUM_THREADS": "1",
      "OPENBLAS_NUM_THREADS": "1",
      "VECLIB_MAXIMUM_THREADS": "1"
    },
    "native_thread_limit": 1,
    "protocol": "native_threads_1_warmup5_duration15_repeats5_cv10_v2"
  },
  "capacity_bytes": 0,
  "duty_cycle_s": 0.25,
  "elapsed_s": 29.99931579999975,
  "finished_wall_time_ns": 1786935697008727700,
  "measurement_end_monotonic_ns": 42161716624100,
  "measurement_start_monotonic_ns": 42131717298200,
  "operations": 12901154816,
  "pid": 5832,
  "planned_measurement_end_monotonic_ns": 42161716124100,
  "planned_measurement_start_monotonic_ns": 42131716124100,
  "pressure_requested": 1.0,
  "resource": "cpu_compute",
  "schema_version": 1,
  "sleep_s": 0.0,
  "started_wall_time_ns": 1786935656299496400,
  "status": "completed",
  "warmup_active_s": 9.959703400403669,
  "warmup_elapsed_s": 9.964969599997858,
  "warmup_operations": 4826071040,
  "warmup_sleep_s": 0.0
}
