{
  "active_fraction": 0.9999119317226731,
  "active_s": 30.00702430030651,
  "allocated_bytes": 536870912,
  "barrier_used": true,
  "barrier_wait_s": 0.6333876999997301,
  "benchmark_environment": {
    "environment": {
      "BLIS_NUM_THREADS": "1",
      "MKL_NUM_THREADS": "1",
      "NUMEXPR_NUM_THREADS": "1",
      "OMP_NUM_THREADS": "1",
      "OPENBLAS_NUM_THREADS": "1",
      "VECLIB_MAXIMUM_THREADS": "1"
    },
    "native_thread_limit": 1,
    "protocol": "native_threads_1_warmup5_duration15_repeats5_cv10_v2"
  },
  "capacity_bytes": 0,
  "duty_cycle_s": 0.25,
  "elapsed_s": 30.009667199999967,
  "finished_wall_time_ns": 1786945557303351000,
  "measurement_end_monotonic_ns": 52022011986200,
  "measurement_start_monotonic_ns": 51992002310600,
  "operations": 2029372047360,
  "pid": 17556,
  "planned_measurement_end_monotonic_ns": 52022001775600,
  "planned_measurement_start_monotonic_ns": 51992001775600,
  "pressure_requested": 1.0,
  "resource": "memory_bandwidth",
  "schema_version": 1,
  "sleep_s": 0.0,
  "started_wall_time_ns": 1786945516608623600,
  "status": "completed",
  "warmup_active_s": 9.964756600020337,
  "warmup_elapsed_s": 9.965594000001147,
  "warmup_operations": 679678574592,
  "warmup_sleep_s": 0.0
}
