{
  "active_fraction": 0.5069337215825858,
  "active_s": 15.208022800019535,
  "allocated_bytes": 536870912,
  "barrier_used": true,
  "barrier_wait_s": 0.08903880000434583,
  "capacity_bytes": 1073741824,
  "duty_cycle_s": 0.25,
  "elapsed_s": 30.000022000000172,
  "finished_wall_time_ns": 1786880725185845100,
  "measurement_end_monotonic_ns": 34490937764100,
  "measurement_start_monotonic_ns": 34460937725600,
  "operations": 3219077988352,
  "pid": 18768,
  "planned_measurement_end_monotonic_ns": 34490937493900,
  "planned_measurement_start_monotonic_ns": 34460937493900,
  "pressure_requested": 0.5,
  "resource": "gpu_memory",
  "schema_version": 1,
  "sleep_s": 14.74584119994688,
  "started_wall_time_ns": 1786880682798386300,
  "status": "completed",
  "warmup_active_s": 5.069419000079506,
  "warmup_elapsed_s": 9.97060970000166,
  "warmup_operations": 1068373114880,
  "warmup_sleep_s": 4.885295099986251
}
