{
  "active_fraction": 0.1397791619730016,
  "active_s": 4.193376899966097,
  "allocated_bytes": 0,
  "barrier_used": true,
  "barrier_wait_s": 0.07093490000261227,
  "benchmark_environment": {
    "environment": {
      "BLIS_NUM_THREADS": "1",
      "MKL_NUM_THREADS": "1",
      "NUMEXPR_NUM_THREADS": "1",
      "OMP_NUM_THREADS": "1",
      "OPENBLAS_NUM_THREADS": "1",
      "VECLIB_MAXIMUM_THREADS": "1"
    },
    "native_thread_limit": 1,
    "protocol": "native_threads_1_warmup5_duration15_repeats5_cv10_v2"
  },
  "capacity_bytes": 0,
  "duty_cycle_s": 0.25,
  "elapsed_s": 30.000014600002032,
  "finished_wall_time_ns": 1786952974806500600,
  "measurement_end_monotonic_ns": 59439514318900,
  "measurement_start_monotonic_ns": 59409514276400,
  "operations": 920649728,
  "pid": 5924,
  "planned_measurement_end_monotonic_ns": 59439513981700,
  "planned_measurement_start_monotonic_ns": 59409513981700,
  "pressure_requested": 0.125,
  "resource": "gpu_compute",
  "schema_version": 1,
  "sleep_s": 25.74458959995536,
  "started_wall_time_ns": 1786952933094584500,
  "status": "completed",
  "warmup_active_s": 1.2637466000887798,
  "warmup_elapsed_s": 9.975953499997559,
  "warmup_operations": 2468347904,
  "warmup_sleep_s": 8.695781900009024
}
