{
  "active_fraction": 0.9999363934714717,
  "active_s": 29.999728800015873,
  "allocated_bytes": 1073741824,
  "barrier_used": true,
  "barrier_wait_s": 0.07544780000171158,
  "benchmark_environment": {
    "environment": {
      "BLIS_NUM_THREADS": "1",
      "MKL_NUM_THREADS": "1",
      "NUMEXPR_NUM_THREADS": "1",
      "OMP_NUM_THREADS": "1",
      "OPENBLAS_NUM_THREADS": "1",
      "VECLIB_MAXIMUM_THREADS": "1"
    },
    "native_thread_limit": 1,
    "protocol": "native_threads_1_warmup5_duration15_repeats5_cv10_v2"
  },
  "capacity_bytes": 1073741824,
  "duty_cycle_s": 0.25,
  "elapsed_s": 30.00163710000197,
  "finished_wall_time_ns": 1786958582195838600,
  "measurement_end_monotonic_ns": 65046903755500,
  "measurement_start_monotonic_ns": 65016902109300,
  "operations": 6532645257216,
  "pid": 6464,
  "planned_measurement_end_monotonic_ns": 65046898515700,
  "planned_measurement_start_monotonic_ns": 65016898515700,
  "pressure_requested": 1.0,
  "resource": "gpu_memory",
  "schema_version": 1,
  "sleep_s": 0.0,
  "started_wall_time_ns": 1786958540531961600,
  "status": "completed",
  "warmup_active_s": 9.973270900103671,
  "warmup_elapsed_s": 9.973873700000695,
  "warmup_operations": 2104533975040,
  "warmup_sleep_s": 0.0
}
