{
  "active_fraction": 0.12550161690410228,
  "active_s": 0.9413898999773664,
  "allocated_bytes": 0,
  "barrier_used": false,
  "barrier_wait_s": 0.0,
  "capacity_bytes": 0,
  "duty_cycle_s": 0.25,
  "elapsed_s": 7.501018100003421,
  "finished_wall_time_ns": 1786889328455537300,
  "measurement_end_monotonic_ns": 43094207939200,
  "measurement_start_monotonic_ns": 43086706894400,
  "operations": 2338324480,
  "pid": 13996,
  "planned_measurement_end_monotonic_ns": 43094206894600,
  "planned_measurement_start_monotonic_ns": 43086706890700,
  "pressure_requested": 0.125,
  "resource": "gpu_compute",
  "schema_version": 1,
  "sleep_s": 6.544265299991821,
  "started_wall_time_ns": 1786889319275059200,
  "status": "completed",
  "warmup_active_s": 0.0,
  "warmup_elapsed_s": 4.199995601084083e-06,
  "warmup_operations": 0,
  "warmup_sleep_s": 0.0
}
