{
  "active_fraction": 0.0,
  "active_s": 0.0,
  "allocated_bytes": 0,
  "barrier_used": false,
  "barrier_wait_s": 0.0,
  "benchmark_environment": {
    "environment": {
      "BLIS_NUM_THREADS": "1",
      "MKL_NUM_THREADS": "1",
      "NUMEXPR_NUM_THREADS": "1",
      "OMP_NUM_THREADS": "1",
      "OPENBLAS_NUM_THREADS": "1",
      "VECLIB_MAXIMUM_THREADS": "1"
    },
    "native_thread_limit": 1,
    "protocol": "native_threads_1_warmup5_duration15_repeats5_cv10_v2"
  },
  "capacity_bytes": 0,
  "duty_cycle_s": 0.25,
  "elapsed_s": 15.500227299999096,
  "finished_wall_time_ns": 1786932042499742500,
  "measurement_end_monotonic_ns": 38507207603700,
  "measurement_start_monotonic_ns": 38491707343500,
  "operations": 0,
  "pid": 19512,
  "planned_measurement_end_monotonic_ns": 38507207344100,
  "planned_measurement_start_monotonic_ns": 38491707101200,
  "pressure_requested": 0.0,
  "resource": "gpu_memory",
  "schema_version": 1,
  "sleep_s": 15.470795000008366,
  "started_wall_time_ns": 1786932021994160800,
  "status": "completed",
  "warmup_active_s": 0.0,
  "warmup_elapsed_s": 5.000242599999183,
  "warmup_operations": 0,
  "warmup_sleep_s": 4.993089300005522
}
