{
  "active_fraction": 0.9999136246031187,
  "active_s": 29.986271400164696,
  "allocated_bytes": 536870912,
  "barrier_used": true,
  "barrier_wait_s": 0.6206970999992336,
  "benchmark_environment": {
    "environment": {
      "BLIS_NUM_THREADS": "1",
      "MKL_NUM_THREADS": "1",
      "NUMEXPR_NUM_THREADS": "1",
      "OMP_NUM_THREADS": "1",
      "OPENBLAS_NUM_THREADS": "1",
      "VECLIB_MAXIMUM_THREADS": "1"
    },
    "native_thread_limit": 1,
    "protocol": "native_threads_1_warmup5_duration15_repeats5_cv10_v2"
  },
  "capacity_bytes": 0,
  "duty_cycle_s": 0.25,
  "elapsed_s": 29.98886169999605,
  "finished_wall_time_ns": 1786943031883664600,
  "measurement_end_monotonic_ns": 49496591734400,
  "measurement_start_monotonic_ns": 49466602865100,
  "operations": 2054068109312,
  "pid": 15092,
  "planned_measurement_end_monotonic_ns": 49496590838900,
  "planned_measurement_start_monotonic_ns": 49466590838900,
  "pressure_requested": 1.0,
  "resource": "memory_bandwidth",
  "schema_version": 1,
  "sleep_s": 0.0,
  "started_wall_time_ns": 1786942991199959900,
  "status": "completed",
  "warmup_active_s": 9.987024800051586,
  "warmup_elapsed_s": 9.987908300005074,
  "warmup_operations": 680752316416,
  "warmup_sleep_s": 0.0
}
