{
  "active_fraction": 0.0,
  "active_s": 0.0,
  "allocated_bytes": 0,
  "barrier_used": true,
  "barrier_wait_s": 0.7135502999954042,
  "benchmark_environment": {
    "environment": {
      "BLIS_NUM_THREADS": "1",
      "MKL_NUM_THREADS": "1",
      "NUMEXPR_NUM_THREADS": "1",
      "OMP_NUM_THREADS": "1",
      "OPENBLAS_NUM_THREADS": "1",
      "VECLIB_MAXIMUM_THREADS": "1"
    },
    "native_thread_limit": 1,
    "protocol": "native_threads_1_warmup5_duration15_repeats5_cv10_v2"
  },
  "capacity_bytes": 0,
  "duty_cycle_s": 0.25,
  "elapsed_s": 29.998839100000623,
  "finished_wall_time_ns": 1786947601375876700,
  "measurement_end_monotonic_ns": 54066083760200,
  "measurement_start_monotonic_ns": 54036084900500,
  "operations": 0,
  "pid": 4940,
  "planned_measurement_end_monotonic_ns": 54066083274000,
  "planned_measurement_start_monotonic_ns": 54036083274000,
  "pressure_requested": 0.0,
  "resource": "gpu_compute",
  "schema_version": 1,
  "sleep_s": 29.943102300007013,
  "started_wall_time_ns": 1786947560689051200,
  "status": "completed",
  "warmup_active_s": 0.0,
  "warmup_elapsed_s": 9.968996399999014,
  "warmup_operations": 0,
  "warmup_sleep_s": 9.94867299998441
}
