{
  "active_fraction": 0.7819181973842991,
  "active_s": 5.864625200010778,
  "allocated_bytes": 536870912,
  "barrier_used": false,
  "barrier_wait_s": 0.0,
  "capacity_bytes": 0,
  "duty_cycle_s": 0.25,
  "elapsed_s": 7.500305300003674,
  "finished_wall_time_ns": 1786889240615271100,
  "measurement_end_monotonic_ns": 43006367102100,
  "measurement_start_monotonic_ns": 42998866765800,
  "operations": 415538085888,
  "pid": 21080,
  "planned_measurement_end_monotonic_ns": 43006366765900,
  "planned_measurement_start_monotonic_ns": 42998866762200,
  "pressure_requested": 0.75,
  "resource": "memory_bandwidth",
  "schema_version": 1,
  "sleep_s": 1.6217048000107752,
  "started_wall_time_ns": 1786889233025946400,
  "status": "completed",
  "warmup_active_s": 0.0,
  "warmup_elapsed_s": 4.399997123982757e-06,
  "warmup_operations": 0,
  "warmup_sleep_s": 0.0
}
