{
  "active_fraction": 0.7682994618254475,
  "active_s": 23.05120569997962,
  "allocated_bytes": 536870912,
  "barrier_used": true,
  "barrier_wait_s": 0.6814281999977538,
  "benchmark_environment": {
    "environment": {
      "BLIS_NUM_THREADS": "1",
      "MKL_NUM_THREADS": "1",
      "NUMEXPR_NUM_THREADS": "1",
      "OMP_NUM_THREADS": "1",
      "OPENBLAS_NUM_THREADS": "1",
      "VECLIB_MAXIMUM_THREADS": "1"
    },
    "native_thread_limit": 1,
    "protocol": "native_threads_1_warmup5_duration15_repeats5_cv10_v2"
  },
  "capacity_bytes": 0,
  "duty_cycle_s": 0.25,
  "elapsed_s": 30.002891900003306,
  "finished_wall_time_ns": 1786940774315970100,
  "measurement_end_monotonic_ns": 47239023894100,
  "measurement_start_monotonic_ns": 47209020994800,
  "operations": 1555851902976,
  "pid": 22972,
  "planned_measurement_end_monotonic_ns": 47239020629100,
  "planned_measurement_start_monotonic_ns": 47209020629100,
  "pressure_requested": 0.75,
  "resource": "memory_bandwidth",
  "schema_version": 1,
  "sleep_s": 6.885842900068383,
  "started_wall_time_ns": 1786940733571267900,
  "status": "completed",
  "warmup_active_s": 7.698432500023046,
  "warmup_elapsed_s": 9.971009799999592,
  "warmup_operations": 518617300992,
  "warmup_sleep_s": 2.254096400021808
}
