{
  "active_fraction": 0.2023244014473121,
  "active_s": 6.069750900052895,
  "allocated_bytes": 0,
  "barrier_used": true,
  "barrier_wait_s": 0.09061850000580307,
  "benchmark_environment": {
    "environment": {
      "BLIS_NUM_THREADS": "1",
      "MKL_NUM_THREADS": "1",
      "NUMEXPR_NUM_THREADS": "1",
      "OMP_NUM_THREADS": "1",
      "OPENBLAS_NUM_THREADS": "1",
      "VECLIB_MAXIMUM_THREADS": "1"
    },
    "native_thread_limit": 1,
    "protocol": "native_threads_1_warmup5_duration15_repeats5_cv10_v2"
  },
  "capacity_bytes": 0,
  "duty_cycle_s": 0.25,
  "elapsed_s": 30.000093199996627,
  "finished_wall_time_ns": 1786956876643262100,
  "measurement_end_monotonic_ns": 63341351186600,
  "measurement_start_monotonic_ns": 63311351060900,
  "operations": 1516240896,
  "pid": 12000,
  "planned_measurement_end_monotonic_ns": 63341350442800,
  "planned_measurement_start_monotonic_ns": 63311350442800,
  "pressure_requested": 0.1875,
  "resource": "gpu_compute",
  "schema_version": 1,
  "sleep_s": 23.870590399979847,
  "started_wall_time_ns": 1786956834963951400,
  "status": "completed",
  "warmup_active_s": 1.8829068000341067,
  "warmup_elapsed_s": 9.97522719999688,
  "warmup_operations": 3855613952,
  "warmup_sleep_s": 8.073254699993413
}
