{
  "active_fraction": 0.502702188026028,
  "active_s": 15.081113900188939,
  "allocated_bytes": 0,
  "barrier_used": true,
  "barrier_wait_s": 0.7338843000034103,
  "benchmark_environment": {
    "environment": {
      "BLIS_NUM_THREADS": "1",
      "MKL_NUM_THREADS": "1",
      "NUMEXPR_NUM_THREADS": "1",
      "OMP_NUM_THREADS": "1",
      "OPENBLAS_NUM_THREADS": "1",
      "VECLIB_MAXIMUM_THREADS": "1"
    },
    "native_thread_limit": 1,
    "protocol": "native_threads_1_warmup5_duration15_repeats5_cv10_v2"
  },
  "capacity_bytes": 0,
  "duty_cycle_s": 0.25,
  "elapsed_s": 30.00009599999612,
  "finished_wall_time_ns": 1786945025322006000,
  "measurement_end_monotonic_ns": 51490030031600,
  "measurement_start_monotonic_ns": 51460029912500,
  "operations": 5118623744,
  "pid": 12224,
  "planned_measurement_end_monotonic_ns": 51490029385000,
  "planned_measurement_start_monotonic_ns": 51460029385000,
  "pressure_requested": 0.5,
  "resource": "cpu_compute",
  "schema_version": 1,
  "sleep_s": 14.85743900003581,
  "started_wall_time_ns": 1786944984610488900,
  "status": "completed",
  "warmup_active_s": 5.0240431002675905,
  "warmup_elapsed_s": 9.971791500000108,
  "warmup_operations": 1763704832,
  "warmup_sleep_s": 4.928461499977857
}
