{
  "active_fraction": 0.502333835368734,
  "active_s": 15.069948200427461,
  "allocated_bytes": 0,
  "barrier_used": true,
  "barrier_wait_s": 0.7691155000065919,
  "benchmark_environment": {
    "environment": {
      "BLIS_NUM_THREADS": "1",
      "MKL_NUM_THREADS": "1",
      "NUMEXPR_NUM_THREADS": "1",
      "OMP_NUM_THREADS": "1",
      "OPENBLAS_NUM_THREADS": "1",
      "VECLIB_MAXIMUM_THREADS": "1"
    },
    "native_thread_limit": 1,
    "protocol": "native_threads_1_warmup5_duration15_repeats5_cv10_v2"
  },
  "capacity_bytes": 0,
  "duty_cycle_s": 0.25,
  "elapsed_s": 29.99986689999787,
  "finished_wall_time_ns": 1786956996953615500,
  "measurement_end_monotonic_ns": 63461661538700,
  "measurement_start_monotonic_ns": 63431661647900,
  "operations": 4979163136,
  "pid": 15692,
  "planned_measurement_end_monotonic_ns": 63461661178900,
  "planned_measurement_start_monotonic_ns": 63431661178900,
  "pressure_requested": 0.5,
  "resource": "cpu_compute",
  "schema_version": 1,
  "sleep_s": 14.862400599937246,
  "started_wall_time_ns": 1786956956210919600,
  "status": "completed",
  "warmup_active_s": 5.0244739999834565,
  "warmup_elapsed_s": 9.967140499997186,
  "warmup_operations": 1701838848,
  "warmup_sleep_s": 4.923605899995891
}
