{
  "active_fraction": 0.5155157509791108,
  "active_s": 7.990883199912787,
  "allocated_bytes": 536870912,
  "barrier_used": false,
  "barrier_wait_s": 0.0,
  "benchmark_environment": {
    "environment": {
      "BLIS_NUM_THREADS": "1",
      "MKL_NUM_THREADS": "1",
      "NUMEXPR_NUM_THREADS": "1",
      "OMP_NUM_THREADS": "1",
      "OPENBLAS_NUM_THREADS": "1",
      "VECLIB_MAXIMUM_THREADS": "1"
    },
    "native_thread_limit": 1,
    "protocol": "native_threads_1_warmup5_duration15_repeats5_cv10_v2"
  },
  "capacity_bytes": 1073741824,
  "duty_cycle_s": 0.25,
  "elapsed_s": 15.500754699998652,
  "finished_wall_time_ns": 1786932264306475600,
  "measurement_end_monotonic_ns": 38729014299100,
  "measurement_start_monotonic_ns": 38713513519200,
  "operations": 1721208143872,
  "pid": 23340,
  "planned_measurement_end_monotonic_ns": 38729013519800,
  "planned_measurement_start_monotonic_ns": 38713513037300,
  "pressure_requested": 0.5,
  "resource": "gpu_memory",
  "schema_version": 1,
  "sleep_s": 7.48549989998719,
  "started_wall_time_ns": 1786932242307903200,
  "status": "completed",
  "warmup_active_s": 2.572750100043777,
  "warmup_elapsed_s": 5.000482600000396,
  "warmup_operations": 552977039360,
  "warmup_sleep_s": 2.4188570999758667
}
