{
  "active_fraction": 0.9996950466051607,
  "active_s": 7.498857700302324,
  "allocated_bytes": 0,
  "barrier_used": false,
  "barrier_wait_s": 0.0,
  "capacity_bytes": 0,
  "duty_cycle_s": 0.25,
  "elapsed_s": 7.501145199996245,
  "finished_wall_time_ns": 1786889143281580800,
  "measurement_end_monotonic_ns": 42909033322400,
  "measurement_start_monotonic_ns": 42901532168500,
  "operations": 1695023104,
  "pid": 29276,
  "planned_measurement_end_monotonic_ns": 42909032168600,
  "planned_measurement_start_monotonic_ns": 42901532165500,
  "pressure_requested": 1.0,
  "resource": "cpu_compute",
  "schema_version": 1,
  "sleep_s": 0.0,
  "started_wall_time_ns": 1786889135773744300,
  "status": "completed",
  "warmup_active_s": 0.0,
  "warmup_elapsed_s": 3.4000040614046156e-06,
  "warmup_operations": 0,
  "warmup_sleep_s": 0.0
}
