{
  "active_fraction": 0.999896345858518,
  "active_s": 15.502838599991264,
  "allocated_bytes": 536870912,
  "barrier_used": false,
  "barrier_wait_s": 0.0,
  "benchmark_environment": {
    "environment": {
      "BLIS_NUM_THREADS": "1",
      "MKL_NUM_THREADS": "1",
      "NUMEXPR_NUM_THREADS": "1",
      "OMP_NUM_THREADS": "1",
      "OPENBLAS_NUM_THREADS": "1",
      "VECLIB_MAXIMUM_THREADS": "1"
    },
    "native_thread_limit": 1,
    "protocol": "native_threads_1_warmup5_duration15_repeats5_v1"
  },
  "capacity_bytes": 0,
  "duty_cycle_s": 0.25,
  "elapsed_s": 15.50444569999945,
  "finished_wall_time_ns": 1786899347188562100,
  "measurement_end_monotonic_ns": 5811896857100,
  "measurement_start_monotonic_ns": 5796392403200,
  "operations": 1067299373056,
  "pid": 3332,
  "planned_measurement_end_monotonic_ns": 5811892403500,
  "planned_measurement_start_monotonic_ns": 5796377956400,
  "pressure_requested": 1.0,
  "resource": "memory_bandwidth",
  "schema_version": 1,
  "sleep_s": 0.0,
  "started_wall_time_ns": 1786899326609318900,
  "status": "completed",
  "warmup_active_s": 5.01403230001506,
  "warmup_elapsed_s": 5.014447100000325,
  "warmup_operations": 352187318272,
  "warmup_sleep_s": 0.0
}
