{
  "active_fraction": 0.07794734230329968,
  "active_s": 2.3384636000264436,
  "allocated_bytes": 0,
  "barrier_used": true,
  "barrier_wait_s": 0.06773339999926975,
  "benchmark_environment": {
    "environment": {
      "BLIS_NUM_THREADS": "1",
      "MKL_NUM_THREADS": "1",
      "NUMEXPR_NUM_THREADS": "1",
      "OMP_NUM_THREADS": "1",
      "OPENBLAS_NUM_THREADS": "1",
      "VECLIB_MAXIMUM_THREADS": "1"
    },
    "native_thread_limit": 1,
    "protocol": "native_threads_1_warmup5_duration15_repeats5_cv10_v2"
  },
  "capacity_bytes": 0,
  "duty_cycle_s": 0.25,
  "elapsed_s": 30.00055589999829,
  "finished_wall_time_ns": 1786956511986418400,
  "measurement_end_monotonic_ns": 62976694599600,
  "measurement_start_monotonic_ns": 62946694006300,
  "operations": 472907776,
  "pid": 23104,
  "planned_measurement_end_monotonic_ns": 62976693638300,
  "planned_measurement_start_monotonic_ns": 62946693638300,
  "pressure_requested": 0.0625,
  "resource": "gpu_compute",
  "schema_version": 1,
  "sleep_s": 27.599288300036278,
  "started_wall_time_ns": 1786956470361191300,
  "status": "completed",
  "warmup_active_s": 0.6501170999908936,
  "warmup_elapsed_s": 9.969276399999217,
  "warmup_operations": 1097859072,
  "warmup_sleep_s": 9.303834199999983
}
