{
  "active_fraction": 0.5202238418852648,
  "active_s": 8.06368049998946,
  "allocated_bytes": 536870912,
  "barrier_used": false,
  "barrier_wait_s": 0.0,
  "benchmark_environment": {
    "environment": {
      "BLIS_NUM_THREADS": "1",
      "MKL_NUM_THREADS": "1",
      "NUMEXPR_NUM_THREADS": "1",
      "OMP_NUM_THREADS": "1",
      "OPENBLAS_NUM_THREADS": "1",
      "VECLIB_MAXIMUM_THREADS": "1"
    },
    "native_thread_limit": 1,
    "protocol": "native_threads_1_warmup5_duration15_repeats5_v1"
  },
  "capacity_bytes": 0,
  "duty_cycle_s": 0.25,
  "elapsed_s": 15.500405499999943,
  "finished_wall_time_ns": 1786899199189613000,
  "measurement_end_monotonic_ns": 5663897532200,
  "measurement_start_monotonic_ns": 5648397099900,
  "operations": 532575944704,
  "pid": 3008,
  "planned_measurement_end_monotonic_ns": 5663897100500,
  "planned_measurement_start_monotonic_ns": 5648396876800,
  "pressure_requested": 0.5,
  "resource": "memory_bandwidth",
  "schema_version": 1,
  "sleep_s": 7.385878000000957,
  "started_wall_time_ns": 1786899178594480800,
  "status": "completed",
  "warmup_active_s": 2.5970067999951425,
  "warmup_elapsed_s": 5.000223900000492,
  "warmup_operations": 172872433664,
  "warmup_sleep_s": 2.3933684000012363
}
