{
  "active_fraction": 0.2528153066058444,
  "active_s": 7.5846345003083115,
  "allocated_bytes": 0,
  "barrier_used": true,
  "barrier_wait_s": 0.731572500000766,
  "benchmark_environment": {
    "environment": {
      "BLIS_NUM_THREADS": "1",
      "MKL_NUM_THREADS": "1",
      "NUMEXPR_NUM_THREADS": "1",
      "OMP_NUM_THREADS": "1",
      "OPENBLAS_NUM_THREADS": "1",
      "VECLIB_MAXIMUM_THREADS": "1"
    },
    "native_thread_limit": 1,
    "protocol": "native_threads_1_warmup5_duration15_repeats5_cv10_v2"
  },
  "capacity_bytes": 0,
  "duty_cycle_s": 0.25,
  "elapsed_s": 30.000693399997544,
  "finished_wall_time_ns": 1786947496988051100,
  "measurement_end_monotonic_ns": 53961696258600,
  "measurement_start_monotonic_ns": 53931695547000,
  "operations": 2178940928,
  "pid": 17268,
  "planned_measurement_end_monotonic_ns": 53961695445900,
  "planned_measurement_start_monotonic_ns": 53931695445900,
  "pressure_requested": 0.25,
  "resource": "cpu_compute",
  "schema_version": 1,
  "sleep_s": 22.350770900055068,
  "started_wall_time_ns": 1786947456277628200,
  "status": "completed",
  "warmup_active_s": 2.528356399918266,
  "warmup_elapsed_s": 9.972252100000333,
  "warmup_operations": 728236032,
  "warmup_sleep_s": 7.427148100017803
}
