{
  "active_fraction": 0.2533059847197686,
  "active_s": 3.926395000053162,
  "allocated_bytes": 0,
  "barrier_used": false,
  "barrier_wait_s": 0.0,
  "benchmark_environment": {
    "environment": {
      "BLIS_NUM_THREADS": "1",
      "MKL_NUM_THREADS": "1",
      "NUMEXPR_NUM_THREADS": "1",
      "OMP_NUM_THREADS": "1",
      "OPENBLAS_NUM_THREADS": "1",
      "VECLIB_MAXIMUM_THREADS": "1"
    },
    "native_thread_limit": 1,
    "protocol": "native_threads_1_warmup5_duration15_repeats5_cv10_v2"
  },
  "capacity_bytes": 0,
  "duty_cycle_s": 0.25,
  "elapsed_s": 15.500600999999733,
  "finished_wall_time_ns": 1786930554867121600,
  "measurement_end_monotonic_ns": 37019574950500,
  "measurement_start_monotonic_ns": 37004074315600,
  "operations": 981467136,
  "pid": 4116,
  "planned_measurement_end_monotonic_ns": 37019574316500,
  "planned_measurement_start_monotonic_ns": 37004073957200,
  "pressure_requested": 0.25,
  "resource": "cpu_compute",
  "schema_version": 1,
  "sleep_s": 11.54691620003723,
  "started_wall_time_ns": 1786930534357940300,
  "status": "completed",
  "warmup_active_s": 1.26832420003484,
  "warmup_elapsed_s": 5.000358900004358,
  "warmup_operations": 333971456,
  "warmup_sleep_s": 3.722365899979195
}
