{
  "active_fraction": 0.505290265619485,
  "active_s": 3.284460599963495,
  "allocated_bytes": 536870912,
  "barrier_used": false,
  "barrier_wait_s": 0.0,
  "capacity_bytes": 1073741824,
  "duty_cycle_s": 0.25,
  "elapsed_s": 6.500146200000017,
  "finished_wall_time_ns": 1786891188543180300,
  "measurement_end_monotonic_ns": 44954295012400,
  "measurement_start_monotonic_ns": 44947794834700,
  "operations": 704374636544,
  "pid": 26732,
  "planned_measurement_end_monotonic_ns": 44954294835500,
  "planned_measurement_start_monotonic_ns": 44947794395300,
  "pressure_requested": 0.5,
  "resource": "gpu_memory",
  "schema_version": 1,
  "sleep_s": 3.205983399973775,
  "started_wall_time_ns": 1786891179433819500,
  "status": "completed",
  "warmup_active_s": 0.5040116999807651,
  "warmup_elapsed_s": 1.0004397000011522,
  "warmup_operations": 107374182400,
  "warmup_sleep_s": 0.4947972000009031
}
