{
  "active_fraction": 0.0,
  "active_s": 0.0,
  "allocated_bytes": 0,
  "barrier_used": true,
  "barrier_wait_s": 0.6913646000029985,
  "benchmark_environment": {
    "environment": {
      "BLIS_NUM_THREADS": "1",
      "MKL_NUM_THREADS": "1",
      "NUMEXPR_NUM_THREADS": "1",
      "OMP_NUM_THREADS": "1",
      "OPENBLAS_NUM_THREADS": "1",
      "VECLIB_MAXIMUM_THREADS": "1"
    },
    "native_thread_limit": 1,
    "protocol": "native_threads_1_warmup5_duration15_repeats5_cv10_v2"
  },
  "capacity_bytes": 0,
  "duty_cycle_s": 0.25,
  "elapsed_s": 29.999964600006933,
  "finished_wall_time_ns": 1786939776665652200,
  "measurement_end_monotonic_ns": 46241373581400,
  "measurement_start_monotonic_ns": 46211373593000,
  "operations": 0,
  "pid": 29176,
  "planned_measurement_end_monotonic_ns": 46241373061500,
  "planned_measurement_start_monotonic_ns": 46211373061500,
  "pressure_requested": 0.0,
  "resource": "gpu_memory",
  "schema_version": 1,
  "sleep_s": 29.943178299989086,
  "started_wall_time_ns": 1786939735991755300,
  "status": "completed",
  "warmup_active_s": 0.0,
  "warmup_elapsed_s": 9.977301199993235,
  "warmup_operations": 0,
  "warmup_sleep_s": 9.960042500017153
}
