{
  "active_fraction": 0.9999351318577292,
  "active_s": 29.992747799951758,
  "allocated_bytes": 1073741824,
  "barrier_used": true,
  "barrier_wait_s": 0.052741499996045604,
  "benchmark_environment": {
    "environment": {
      "BLIS_NUM_THREADS": "1",
      "MKL_NUM_THREADS": "1",
      "NUMEXPR_NUM_THREADS": "1",
      "OMP_NUM_THREADS": "1",
      "OPENBLAS_NUM_THREADS": "1",
      "VECLIB_MAXIMUM_THREADS": "1"
    },
    "native_thread_limit": 1,
    "protocol": "native_threads_1_warmup5_duration15_repeats5_cv10_v2"
  },
  "capacity_bytes": 1073741824,
  "duty_cycle_s": 0.25,
  "elapsed_s": 29.994693499997084,
  "finished_wall_time_ns": 1786944346735337700,
  "measurement_end_monotonic_ns": 50811443115100,
  "measurement_start_monotonic_ns": 50781448405800,
  "operations": 6451040878592,
  "pid": 15648,
  "planned_measurement_end_monotonic_ns": 50811442881800,
  "planned_measurement_start_monotonic_ns": 50781442881800,
  "pressure_requested": 1.0,
  "resource": "gpu_memory",
  "schema_version": 1,
  "sleep_s": 0.0,
  "started_wall_time_ns": 1786944305060143600,
  "status": "completed",
  "warmup_active_s": 9.977548300012131,
  "warmup_elapsed_s": 9.978297400004521,
  "warmup_operations": 2093796556800,
  "warmup_sleep_s": 0.0
}
