{
  "active_fraction": 0.26307026592083665,
  "active_s": 1.7100422000148683,
  "allocated_bytes": 0,
  "barrier_used": false,
  "barrier_wait_s": 0.0,
  "capacity_bytes": 0,
  "duty_cycle_s": 0.25,
  "elapsed_s": 6.500324900000123,
  "finished_wall_time_ns": 1786890779130436900,
  "measurement_end_monotonic_ns": 44544882279100,
  "measurement_start_monotonic_ns": 44538381926400,
  "operations": 117964800,
  "pid": 28124,
  "planned_measurement_end_monotonic_ns": 44544881926900,
  "planned_measurement_start_monotonic_ns": 44538381671000,
  "pressure_requested": 0.25,
  "resource": "cpu_compute",
  "schema_version": 1,
  "sleep_s": 4.7759826999899815,
  "started_wall_time_ns": 1786890771623537100,
  "status": "completed",
  "warmup_active_s": 0.26201890000811545,
  "warmup_elapsed_s": 1.0002555999963079,
  "warmup_operations": 20447232,
  "warmup_sleep_s": 0.7364818999994895
}
