{
  "active_fraction": 0.9999100887990916,
  "active_s": 29.992450200297753,
  "allocated_bytes": 536870912,
  "barrier_used": true,
  "barrier_wait_s": 0.6882569999870611,
  "benchmark_environment": {
    "environment": {
      "BLIS_NUM_THREADS": "1",
      "MKL_NUM_THREADS": "1",
      "NUMEXPR_NUM_THREADS": "1",
      "OMP_NUM_THREADS": "1",
      "OPENBLAS_NUM_THREADS": "1",
      "VECLIB_MAXIMUM_THREADS": "1"
    },
    "native_thread_limit": 1,
    "protocol": "native_threads_1_warmup5_duration15_repeats5_cv10_v2"
  },
  "capacity_bytes": 0,
  "duty_cycle_s": 0.25,
  "elapsed_s": 29.995147099994938,
  "finished_wall_time_ns": 1786959206128698600,
  "measurement_end_monotonic_ns": 65670836807300,
  "measurement_start_monotonic_ns": 65640841652300,
  "operations": 2065879269376,
  "pid": 28200,
  "planned_measurement_end_monotonic_ns": 65670826392600,
  "planned_measurement_start_monotonic_ns": 65640826392600,
  "pressure_requested": 1.0,
  "resource": "memory_bandwidth",
  "schema_version": 1,
  "sleep_s": 0.0,
  "started_wall_time_ns": 1786959165375927500,
  "status": "completed",
  "warmup_active_s": 9.978637600084767,
  "warmup_elapsed_s": 9.979592100004083,
  "warmup_operations": 688268509184,
  "warmup_sleep_s": 0.0
}
