{
  "active_fraction": 0.07850291761641746,
  "active_s": 2.3550563000317197,
  "allocated_bytes": 0,
  "barrier_used": true,
  "barrier_wait_s": 0.0958637000003364,
  "benchmark_environment": {
    "environment": {
      "BLIS_NUM_THREADS": "1",
      "MKL_NUM_THREADS": "1",
      "NUMEXPR_NUM_THREADS": "1",
      "OMP_NUM_THREADS": "1",
      "OPENBLAS_NUM_THREADS": "1",
      "VECLIB_MAXIMUM_THREADS": "1"
    },
    "native_thread_limit": 1,
    "protocol": "native_threads_1_warmup5_duration15_repeats5_cv10_v2"
  },
  "capacity_bytes": 0,
  "duty_cycle_s": 0.25,
  "elapsed_s": 29.999602199997753,
  "finished_wall_time_ns": 1786951240086129300,
  "measurement_end_monotonic_ns": 57704794223000,
  "measurement_start_monotonic_ns": 57674794573900,
  "operations": 449839104,
  "pid": 3928,
  "planned_measurement_end_monotonic_ns": 57704793790100,
  "planned_measurement_start_monotonic_ns": 57674793790100,
  "pressure_requested": 0.0625,
  "resource": "gpu_compute",
  "schema_version": 1,
  "sleep_s": 27.588481999991927,
  "started_wall_time_ns": 1786951198442600300,
  "status": "completed",
  "warmup_active_s": 0.657394299923908,
  "warmup_elapsed_s": 9.975020899997617,
  "warmup_operations": 1125122048,
  "warmup_sleep_s": 9.300706399990304
}
