{
  "active_fraction": 0.250368016323129,
  "active_s": 1.6274220000414061,
  "allocated_bytes": 0,
  "barrier_used": false,
  "barrier_wait_s": 0.0,
  "capacity_bytes": 0,
  "duty_cycle_s": 0.25,
  "elapsed_s": 6.500119399999676,
  "finished_wall_time_ns": 1786891095866371300,
  "measurement_end_monotonic_ns": 44861618227300,
  "measurement_start_monotonic_ns": 44855118082500,
  "operations": 4631560192,
  "pid": 30032,
  "planned_measurement_end_monotonic_ns": 44861618083100,
  "planned_measurement_start_monotonic_ns": 44855117700800,
  "pressure_requested": 0.25,
  "resource": "gpu_compute",
  "schema_version": 1,
  "sleep_s": 4.8609414000166,
  "started_wall_time_ns": 1786891086583276400,
  "status": "completed",
  "warmup_active_s": 0.25067179996403866,
  "warmup_elapsed_s": 1.0003820999991149,
  "warmup_operations": 691011584,
  "warmup_sleep_s": 0.7480451999945217
}
