{
  "active_fraction": 0.0,
  "active_s": 0.0,
  "allocated_bytes": 0,
  "barrier_used": false,
  "barrier_wait_s": 0.0,
  "benchmark_environment": {
    "environment": {
      "BLIS_NUM_THREADS": "1",
      "MKL_NUM_THREADS": "1",
      "NUMEXPR_NUM_THREADS": "1",
      "OMP_NUM_THREADS": "1",
      "OPENBLAS_NUM_THREADS": "1",
      "VECLIB_MAXIMUM_THREADS": "1"
    },
    "native_thread_limit": 1,
    "protocol": "native_threads_1_warmup5_duration15_repeats5_cv10_v2"
  },
  "capacity_bytes": 0,
  "duty_cycle_s": 0.25,
  "elapsed_s": 15.500636000004306,
  "finished_wall_time_ns": 1786930933714796100,
  "measurement_end_monotonic_ns": 37398422730200,
  "measurement_start_monotonic_ns": 37382922066700,
  "operations": 0,
  "pid": 28832,
  "planned_measurement_end_monotonic_ns": 37398422067300,
  "planned_measurement_start_monotonic_ns": 37382921632500,
  "pressure_requested": 0.0,
  "resource": "memory_bandwidth",
  "schema_version": 1,
  "sleep_s": 15.475474399965606,
  "started_wall_time_ns": 1786930913208130100,
  "status": "completed",
  "warmup_active_s": 0.0,
  "warmup_elapsed_s": 5.000434499997937,
  "warmup_operations": 0,
  "warmup_sleep_s": 4.991381900013948
}
