{
  "active_fraction": 0.7570549337068215,
  "active_s": 22.71158509993984,
  "allocated_bytes": 805306368,
  "barrier_used": true,
  "barrier_wait_s": 0.04543589999957476,
  "benchmark_environment": {
    "environment": {
      "BLIS_NUM_THREADS": "1",
      "MKL_NUM_THREADS": "1",
      "NUMEXPR_NUM_THREADS": "1",
      "OMP_NUM_THREADS": "1",
      "OPENBLAS_NUM_THREADS": "1",
      "VECLIB_MAXIMUM_THREADS": "1"
    },
    "native_thread_limit": 1,
    "protocol": "native_threads_1_warmup5_duration15_repeats5_cv10_v2"
  },
  "capacity_bytes": 1073741824,
  "duty_cycle_s": 0.25,
  "elapsed_s": 29.999916900000244,
  "finished_wall_time_ns": 1786941243016940100,
  "measurement_end_monotonic_ns": 47707724836200,
  "measurement_start_monotonic_ns": 47677724909600,
  "operations": 4865661075456,
  "pid": 17052,
  "planned_measurement_end_monotonic_ns": 47707724218300,
  "planned_measurement_start_monotonic_ns": 47677724218300,
  "pressure_requested": 0.75,
  "resource": "gpu_memory",
  "schema_version": 1,
  "sleep_s": 7.234332300016831,
  "started_wall_time_ns": 1786941201374772200,
  "status": "completed",
  "warmup_active_s": 7.6098158001332195,
  "warmup_elapsed_s": 9.990416100001312,
  "warmup_operations": 1597727834112,
  "warmup_sleep_s": 2.3636608999804594
}
