{
  "active_fraction": 0.9999379531019056,
  "active_s": 30.00124720016902,
  "allocated_bytes": 1073741824,
  "barrier_used": true,
  "barrier_wait_s": 0.09026830000220798,
  "benchmark_environment": {
    "environment": {
      "BLIS_NUM_THREADS": "1",
      "MKL_NUM_THREADS": "1",
      "NUMEXPR_NUM_THREADS": "1",
      "OMP_NUM_THREADS": "1",
      "OPENBLAS_NUM_THREADS": "1",
      "VECLIB_MAXIMUM_THREADS": "1"
    },
    "native_thread_limit": 1,
    "protocol": "native_threads_1_warmup5_duration15_repeats5_cv10_v2"
  },
  "capacity_bytes": 1073741824,
  "duty_cycle_s": 0.25,
  "elapsed_s": 30.003108800003247,
  "finished_wall_time_ns": 1786941295756749900,
  "measurement_end_monotonic_ns": 47760465218000,
  "measurement_start_monotonic_ns": 47730462100300,
  "operations": 6493990551552,
  "pid": 27088,
  "planned_measurement_end_monotonic_ns": 47760456945500,
  "planned_measurement_start_monotonic_ns": 47730456945500,
  "pressure_requested": 1.0,
  "resource": "gpu_memory",
  "schema_version": 1,
  "sleep_s": 0.0,
  "started_wall_time_ns": 1786941254063178000,
  "status": "completed",
  "warmup_active_s": 9.974047000141582,
  "warmup_elapsed_s": 9.974755399998685,
  "warmup_operations": 2115271393280,
  "warmup_sleep_s": 0.0
}
