{
  "active_fraction": 0.5195073338597435,
  "active_s": 3.8966338001409895,
  "allocated_bytes": 0,
  "barrier_used": false,
  "barrier_wait_s": 0.0,
  "capacity_bytes": 0,
  "duty_cycle_s": 0.25,
  "elapsed_s": 7.500632900002529,
  "finished_wall_time_ns": 1786889087013373300,
  "measurement_end_monotonic_ns": 42852765202800,
  "measurement_start_monotonic_ns": 42845264550800,
  "operations": 254803968,
  "pid": 7488,
  "planned_measurement_end_monotonic_ns": 42852764550900,
  "planned_measurement_start_monotonic_ns": 42845264548100,
  "pressure_requested": 0.5,
  "resource": "cpu_compute",
  "schema_version": 1,
  "sleep_s": 3.5812201999797253,
  "started_wall_time_ns": 1786889079506217400,
  "status": "completed",
  "warmup_active_s": 0.0,
  "warmup_elapsed_s": 3.0000010156072676e-06,
  "warmup_operations": 0,
  "warmup_sleep_s": 0.0
}
