{
  "active_fraction": 0.7539093283715366,
  "active_s": 4.900842699855275,
  "allocated_bytes": 0,
  "barrier_used": false,
  "barrier_wait_s": 0.0,
  "capacity_bytes": 0,
  "duty_cycle_s": 0.25,
  "elapsed_s": 6.5005731000055675,
  "finished_wall_time_ns": 1786890811199813200,
  "measurement_end_monotonic_ns": 44576951639500,
  "measurement_start_monotonic_ns": 44570451046400,
  "operations": 512753664,
  "pid": 30656,
  "planned_measurement_end_monotonic_ns": 44576951047300,
  "planned_measurement_start_monotonic_ns": 44570450771700,
  "pressure_requested": 0.75,
  "resource": "cpu_compute",
  "schema_version": 1,
  "sleep_s": 1.5868638999818359,
  "started_wall_time_ns": 1786890803693225500,
  "status": "completed",
  "warmup_active_s": 0.7558434000166017,
  "warmup_elapsed_s": 1.0002749999985099,
  "warmup_operations": 71827456,
  "warmup_sleep_s": 0.24337609999929555
}
