{
  "active_fraction": 0.0,
  "active_s": 0.0,
  "allocated_bytes": 0,
  "barrier_used": true,
  "barrier_wait_s": 0.7357970000011846,
  "benchmark_environment": {
    "environment": {
      "BLIS_NUM_THREADS": "1",
      "MKL_NUM_THREADS": "1",
      "NUMEXPR_NUM_THREADS": "1",
      "OMP_NUM_THREADS": "1",
      "OPENBLAS_NUM_THREADS": "1",
      "VECLIB_MAXIMUM_THREADS": "1"
    },
    "native_thread_limit": 1,
    "protocol": "native_threads_1_warmup5_duration15_repeats5_cv10_v2"
  },
  "capacity_bytes": 0,
  "duty_cycle_s": 0.25,
  "elapsed_s": 30.00000739999814,
  "finished_wall_time_ns": 1786936373548263100,
  "measurement_end_monotonic_ns": 42838256236500,
  "measurement_start_monotonic_ns": 42808256208300,
  "operations": 0,
  "pid": 2104,
  "planned_measurement_end_monotonic_ns": 42838255791900,
  "planned_measurement_start_monotonic_ns": 42808255791900,
  "pressure_requested": 0.0,
  "resource": "gpu_memory",
  "schema_version": 1,
  "sleep_s": 29.936332800003584,
  "started_wall_time_ns": 1786936332831967600,
  "status": "completed",
  "warmup_active_s": 0.0,
  "warmup_elapsed_s": 9.975775999999314,
  "warmup_operations": 0,
  "warmup_sleep_s": 9.956332400004612
}
