{
  "active_fraction": 0.51792279492743,
  "active_s": 15.537728699935542,
  "allocated_bytes": 536870912,
  "barrier_used": true,
  "barrier_wait_s": 0.605867300000682,
  "benchmark_environment": {
    "environment": {
      "BLIS_NUM_THREADS": "1",
      "MKL_NUM_THREADS": "1",
      "NUMEXPR_NUM_THREADS": "1",
      "OMP_NUM_THREADS": "1",
      "OPENBLAS_NUM_THREADS": "1",
      "VECLIB_MAXIMUM_THREADS": "1"
    },
    "native_thread_limit": 1,
    "protocol": "native_threads_1_warmup5_duration15_repeats5_cv10_v2"
  },
  "capacity_bytes": 0,
  "duty_cycle_s": 0.25,
  "elapsed_s": 30.000086599997303,
  "finished_wall_time_ns": 1786956302893531500,
  "measurement_end_monotonic_ns": 62767601444500,
  "measurement_start_monotonic_ns": 62737601337200,
  "operations": 1031865892864,
  "pid": 27652,
  "planned_measurement_end_monotonic_ns": 62767600745400,
  "planned_measurement_start_monotonic_ns": 62737600745400,
  "pressure_requested": 0.5,
  "resource": "memory_bandwidth",
  "schema_version": 1,
  "sleep_s": 14.403855700002168,
  "started_wall_time_ns": 1786956262217398900,
  "status": "completed",
  "warmup_active_s": 5.2904826999947545,
  "warmup_elapsed_s": 9.984078699999372,
  "warmup_operations": 347892350976,
  "warmup_sleep_s": 4.673699700004363
}
