{
  "active_fraction": 0.7716486580383237,
  "active_s": 5.787702300083765,
  "allocated_bytes": 805306368,
  "barrier_used": false,
  "barrier_wait_s": 0.0,
  "capacity_bytes": 1073741824,
  "duty_cycle_s": 0.25,
  "elapsed_s": 7.500437200003944,
  "finished_wall_time_ns": 1786889519724320000,
  "measurement_end_monotonic_ns": 43285476161100,
  "measurement_start_monotonic_ns": 43277975699600,
  "operations": 1245003644928,
  "pid": 16684,
  "planned_measurement_end_monotonic_ns": 43285475699700,
  "planned_measurement_start_monotonic_ns": 43277975695200,
  "pressure_requested": 0.75,
  "resource": "gpu_memory",
  "schema_version": 1,
  "sleep_s": 1.700916399990092,
  "started_wall_time_ns": 1786889510597765900,
  "status": "completed",
  "warmup_active_s": 0.0,
  "warmup_elapsed_s": 4.800000169780105e-06,
  "warmup_operations": 0,
  "warmup_sleep_s": 0.0
}
