{
  "active_fraction": 0.5440591813320692,
  "active_s": 3.5365004000486806,
  "allocated_bytes": 536870912,
  "barrier_used": false,
  "barrier_wait_s": 0.0,
  "capacity_bytes": 0,
  "duty_cycle_s": 0.25,
  "elapsed_s": 6.50021270000434,
  "finished_wall_time_ns": 1786890924341418200,
  "measurement_end_monotonic_ns": 44690093267700,
  "measurement_start_monotonic_ns": 44683593032200,
  "operations": 245886877696,
  "pid": 15044,
  "planned_measurement_end_monotonic_ns": 44690093032900,
  "planned_measurement_start_monotonic_ns": 44683592506900,
  "pressure_requested": 0.5,
  "resource": "memory_bandwidth",
  "schema_version": 1,
  "sleep_s": 2.9531149999966146,
  "started_wall_time_ns": 1786890916753822000,
  "status": "completed",
  "warmup_active_s": 0.5189144000105443,
  "warmup_elapsed_s": 1.0005257000011625,
  "warmup_operations": 35433480192,
  "warmup_sleep_s": 0.47986390000005485
}
