{
  "active_fraction": 0.7523923212232827,
  "active_s": 22.571655799743894,
  "allocated_bytes": 0,
  "barrier_used": true,
  "barrier_wait_s": 0.7387738000034005,
  "benchmark_environment": {
    "environment": {
      "BLIS_NUM_THREADS": "1",
      "MKL_NUM_THREADS": "1",
      "NUMEXPR_NUM_THREADS": "1",
      "OMP_NUM_THREADS": "1",
      "OPENBLAS_NUM_THREADS": "1",
      "VECLIB_MAXIMUM_THREADS": "1"
    },
    "native_thread_limit": 1,
    "protocol": "native_threads_1_warmup5_duration15_repeats5_cv10_v2"
  },
  "capacity_bytes": 0,
  "duty_cycle_s": 0.25,
  "elapsed_s": 29.999848700004804,
  "finished_wall_time_ns": 1786950184347698200,
  "measurement_end_monotonic_ns": 56649055541000,
  "measurement_start_monotonic_ns": 56619055683900,
  "operations": 7888437248,
  "pid": 10156,
  "planned_measurement_end_monotonic_ns": 56649055259600,
  "planned_measurement_start_monotonic_ns": 56619055259600,
  "pressure_requested": 0.75,
  "resource": "cpu_compute",
  "schema_version": 1,
  "sleep_s": 7.359467300004326,
  "started_wall_time_ns": 1786950143628951500,
  "status": "completed",
  "warmup_active_s": 7.52206739995745,
  "warmup_elapsed_s": 9.974364900001092,
  "warmup_operations": 2966945792,
  "warmup_sleep_s": 2.4333872999995947
}
