{
  "active_fraction": 0.06609292776989448,
  "active_s": 1.0244772999431007,
  "allocated_bytes": 0,
  "barrier_used": false,
  "barrier_wait_s": 0.0,
  "benchmark_environment": {
    "environment": {
      "BLIS_NUM_THREADS": "1",
      "MKL_NUM_THREADS": "1",
      "NUMEXPR_NUM_THREADS": "1",
      "OMP_NUM_THREADS": "1",
      "OPENBLAS_NUM_THREADS": "1",
      "VECLIB_MAXIMUM_THREADS": "1"
    },
    "native_thread_limit": 1,
    "protocol": "native_threads_1_warmup5_duration15_repeats5_cv10_v2"
  },
  "capacity_bytes": 0,
  "duty_cycle_s": 0.25,
  "elapsed_s": 15.500558600004297,
  "finished_wall_time_ns": 1786931614138505600,
  "measurement_end_monotonic_ns": 38078846328900,
  "measurement_start_monotonic_ns": 38063345743900,
  "operations": 590348288,
  "pid": 29680,
  "planned_measurement_end_monotonic_ns": 38078845744400,
  "planned_measurement_start_monotonic_ns": 38063345223000,
  "pressure_requested": 0.0625,
  "resource": "gpu_compute",
  "schema_version": 1,
  "sleep_s": 14.443093099980615,
  "started_wall_time_ns": 1786931592163710000,
  "status": "completed",
  "warmup_active_s": 0.3189914997856249,
  "warmup_elapsed_s": 5.000521599999047,
  "warmup_operations": 762314752,
  "warmup_sleep_s": 4.672738399989612
}
