{
  "active_fraction": 0.256311397039245,
  "active_s": 3.9728539000097953,
  "allocated_bytes": 268435456,
  "barrier_used": false,
  "barrier_wait_s": 0.0,
  "benchmark_environment": {
    "environment": {
      "BLIS_NUM_THREADS": "1",
      "MKL_NUM_THREADS": "1",
      "NUMEXPR_NUM_THREADS": "1",
      "OMP_NUM_THREADS": "1",
      "OPENBLAS_NUM_THREADS": "1",
      "VECLIB_MAXIMUM_THREADS": "1"
    },
    "native_thread_limit": 1,
    "protocol": "native_threads_1_warmup5_duration15_repeats5_v1"
  },
  "capacity_bytes": 1073741824,
  "duty_cycle_s": 0.25,
  "elapsed_s": 15.50010629999997,
  "finished_wall_time_ns": 1786900142459723900,
  "measurement_end_monotonic_ns": 6607167508300,
  "measurement_start_monotonic_ns": 6591667384200,
  "operations": 666256801792,
  "pid": 18276,
  "planned_measurement_end_monotonic_ns": 6607167384700,
  "planned_measurement_start_monotonic_ns": 6591666817000,
  "pressure_requested": 0.25,
  "resource": "gpu_memory",
  "schema_version": 1,
  "sleep_s": 11.501209100005326,
  "started_wall_time_ns": 1786900120438430500,
  "status": "completed",
  "warmup_active_s": 1.2734548000044015,
  "warmup_elapsed_s": 5.0005678999996235,
  "warmup_operations": 272193552384,
  "warmup_sleep_s": 3.718176299998049
}
