{
  "active_fraction": 0.2581207584521366,
  "active_s": 7.744383099881816,
  "allocated_bytes": 0,
  "barrier_used": true,
  "barrier_wait_s": 0.09388200000103097,
  "benchmark_environment": {
    "environment": {
      "BLIS_NUM_THREADS": "1",
      "MKL_NUM_THREADS": "1",
      "NUMEXPR_NUM_THREADS": "1",
      "OMP_NUM_THREADS": "1",
      "OPENBLAS_NUM_THREADS": "1",
      "VECLIB_MAXIMUM_THREADS": "1"
    },
    "native_thread_limit": 1,
    "protocol": "native_threads_1_warmup5_duration15_repeats5_cv10_v2"
  },
  "capacity_bytes": 0,
  "duty_cycle_s": 0.25,
  "elapsed_s": 30.002945699998236,
  "finished_wall_time_ns": 1786945713513097100,
  "measurement_end_monotonic_ns": 52178221142400,
  "measurement_start_monotonic_ns": 52148218159500,
  "operations": 3165650944,
  "pid": 2572,
  "planned_measurement_end_monotonic_ns": 52178217841400,
  "planned_measurement_start_monotonic_ns": 52148217841400,
  "pressure_requested": 0.25,
  "resource": "gpu_compute",
  "schema_version": 1,
  "sleep_s": 22.198447100025078,
  "started_wall_time_ns": 1786945671839504900,
  "status": "completed",
  "warmup_active_s": 2.5069924001654726,
  "warmup_elapsed_s": 9.974731900001643,
  "warmup_operations": 5838471168,
  "warmup_sleep_s": 7.448734100013098
}
