{
  "active_fraction": 0.0,
  "active_s": 0.0,
  "allocated_bytes": 0,
  "barrier_used": false,
  "barrier_wait_s": 0.0,
  "capacity_bytes": 0,
  "duty_cycle_s": 0.25,
  "elapsed_s": 7.500365700005204,
  "finished_wall_time_ns": 1786889167434945600,
  "measurement_end_monotonic_ns": 42933186794200,
  "measurement_start_monotonic_ns": 42925686401700,
  "operations": 0,
  "pid": 11716,
  "planned_measurement_end_monotonic_ns": 42933186401800,
  "planned_measurement_start_monotonic_ns": 42925686398700,
  "pressure_requested": 0.0,
  "resource": "memory_bandwidth",
  "schema_version": 1,
  "sleep_s": 7.486079899994365,
  "started_wall_time_ns": 1786889159929709400,
  "status": "completed",
  "warmup_active_s": 0.0,
  "warmup_elapsed_s": 3.4999975468963385e-06,
  "warmup_operations": 0,
  "warmup_sleep_s": 0.0
}
