{
  "active_fraction": 0.20530133499181052,
  "active_s": 6.1589994000896695,
  "allocated_bytes": 0,
  "barrier_used": true,
  "barrier_wait_s": 0.07248380000237375,
  "benchmark_environment": {
    "environment": {
      "BLIS_NUM_THREADS": "1",
      "MKL_NUM_THREADS": "1",
      "NUMEXPR_NUM_THREADS": "1",
      "OMP_NUM_THREADS": "1",
      "OPENBLAS_NUM_THREADS": "1",
      "VECLIB_MAXIMUM_THREADS": "1"
    },
    "native_thread_limit": 1,
    "protocol": "native_threads_1_warmup5_duration15_repeats5_cv10_v2"
  },
  "capacity_bytes": 0,
  "duty_cycle_s": 0.25,
  "elapsed_s": 29.999801999998454,
  "finished_wall_time_ns": 1786938938187223500,
  "measurement_end_monotonic_ns": 45402895332200,
  "measurement_start_monotonic_ns": 45372895480000,
  "operations": 1476395008,
  "pid": 12584,
  "planned_measurement_end_monotonic_ns": 45402894748000,
  "planned_measurement_start_monotonic_ns": 45372894748000,
  "pressure_requested": 0.1875,
  "resource": "gpu_compute",
  "schema_version": 1,
  "sleep_s": 23.78246759998001,
  "started_wall_time_ns": 1786938896549818400,
  "status": "completed",
  "warmup_active_s": 1.8827381998708006,
  "warmup_elapsed_s": 9.972861100002774,
  "warmup_operations": 4033871872,
  "warmup_sleep_s": 8.072615000033693
}
