{
  "active_fraction": 0.9998693231499982,
  "active_s": 59.9805978000295,
  "allocated_bytes": 536870912,
  "barrier_used": true,
  "barrier_wait_s": 0.8681525000001784,
  "capacity_bytes": 0,
  "duty_cycle_s": 0.25,
  "elapsed_s": 59.988436900000124,
  "finished_wall_time_ns": 1786853159430643300,
  "measurement_end_monotonic_ns": 6924140447600,
  "measurement_start_monotonic_ns": 6864152001300,
  "operations": 3419867709440,
  "pid": 21764,
  "planned_measurement_end_monotonic_ns": 6924134741500,
  "planned_measurement_start_monotonic_ns": 6864134741500,
  "pressure_requested": 1.0,
  "resource": "memory_bandwidth",
  "schema_version": 1,
  "sleep_s": 0.0,
  "started_wall_time_ns": 1786853078454158900,
  "status": "completed",
  "warmup_active_s": 19.998263499980567,
  "warmup_elapsed_s": 20.00090199999977,
  "warmup_operations": 1149977493504,
  "warmup_sleep_s": 0.0
}
