{
  "active_fraction": 0.7747381897059417,
  "active_s": 23.241979199941852,
  "allocated_bytes": 805306368,
  "barrier_used": true,
  "barrier_wait_s": 0.04589750000013737,
  "benchmark_environment": {
    "environment": {
      "BLIS_NUM_THREADS": "1",
      "MKL_NUM_THREADS": "1",
      "NUMEXPR_NUM_THREADS": "1",
      "OMP_NUM_THREADS": "1",
      "OPENBLAS_NUM_THREADS": "1",
      "VECLIB_MAXIMUM_THREADS": "1"
    },
    "native_thread_limit": 1,
    "protocol": "native_threads_1_warmup5_duration15_repeats5_cv10_v2"
  },
  "capacity_bytes": 1073741824,
  "duty_cycle_s": 0.25,
  "elapsed_s": 29.999785100000736,
  "finished_wall_time_ns": 1786942451409449200,
  "measurement_end_monotonic_ns": 48916117206800,
  "measurement_start_monotonic_ns": 48886117411200,
  "operations": 5009005608960,
  "pid": 29060,
  "planned_measurement_end_monotonic_ns": 48916116950300,
  "planned_measurement_start_monotonic_ns": 48886116950300,
  "pressure_requested": 0.75,
  "resource": "gpu_memory",
  "schema_version": 1,
  "sleep_s": 6.703278100016178,
  "started_wall_time_ns": 1786942409719755800,
  "status": "completed",
  "warmup_active_s": 7.685762300112401,
  "warmup_elapsed_s": 9.986023899997235,
  "warmup_operations": 1621887025152,
  "warmup_sleep_s": 2.2844285999890417
}
