{
  "active_fraction": 0.07821010550162553,
  "active_s": 2.346312299989222,
  "allocated_bytes": 0,
  "barrier_used": true,
  "barrier_wait_s": 0.05381660000421107,
  "benchmark_environment": {
    "environment": {
      "BLIS_NUM_THREADS": "1",
      "MKL_NUM_THREADS": "1",
      "NUMEXPR_NUM_THREADS": "1",
      "OMP_NUM_THREADS": "1",
      "OPENBLAS_NUM_THREADS": "1",
      "VECLIB_MAXIMUM_THREADS": "1"
    },
    "native_thread_limit": 1,
    "protocol": "native_threads_1_warmup5_duration15_repeats5_cv10_v2"
  },
  "capacity_bytes": 0,
  "duty_cycle_s": 0.25,
  "elapsed_s": 30.000116800001706,
  "finished_wall_time_ns": 1786944451096449300,
  "measurement_end_monotonic_ns": 50915804396700,
  "measurement_start_monotonic_ns": 50885804240500,
  "operations": 461373440,
  "pid": 16468,
  "planned_measurement_end_monotonic_ns": 50915803898100,
  "planned_measurement_start_monotonic_ns": 50885803898100,
  "pressure_requested": 0.0625,
  "resource": "gpu_compute",
  "schema_version": 1,
  "sleep_s": 27.59410780001781,
  "started_wall_time_ns": 1786944409512088000,
  "status": "completed",
  "warmup_active_s": 0.6528396999856341,
  "warmup_elapsed_s": 9.97650689999864,
  "warmup_operations": 1127219200,
  "warmup_sleep_s": 9.307091599977866
}
