{
  "active_fraction": 0.7708170526792121,
  "active_s": 23.123863400316623,
  "allocated_bytes": 536870912,
  "barrier_used": true,
  "barrier_wait_s": 0.6066432000006898,
  "benchmark_environment": {
    "environment": {
      "BLIS_NUM_THREADS": "1",
      "MKL_NUM_THREADS": "1",
      "NUMEXPR_NUM_THREADS": "1",
      "OMP_NUM_THREADS": "1",
      "OPENBLAS_NUM_THREADS": "1",
      "VECLIB_MAXIMUM_THREADS": "1"
    },
    "native_thread_limit": 1,
    "protocol": "native_threads_1_warmup5_duration15_repeats5_cv10_v2"
  },
  "capacity_bytes": 0,
  "duty_cycle_s": 0.25,
  "elapsed_s": 29.999159099999815,
  "finished_wall_time_ns": 1786948866502643900,
  "measurement_end_monotonic_ns": 55331210475300,
  "measurement_start_monotonic_ns": 55301211283800,
  "operations": 1567663063040,
  "pid": 8696,
  "planned_measurement_end_monotonic_ns": 55331209879000,
  "planned_measurement_start_monotonic_ns": 55301209879000,
  "pressure_requested": 0.75,
  "resource": "memory_bandwidth",
  "schema_version": 1,
  "sleep_s": 6.81636290003371,
  "started_wall_time_ns": 1786948825843286000,
  "status": "completed",
  "warmup_active_s": 7.729641800033278,
  "warmup_elapsed_s": 9.96665970000322,
  "warmup_operations": 521838526464,
  "warmup_sleep_s": 2.2211350000216044
}
