{
  "active_fraction": 0.5050011663828983,
  "active_s": 15.150020699955348,
  "allocated_bytes": 536870912,
  "barrier_used": true,
  "barrier_wait_s": 0.04648090000409866,
  "benchmark_environment": {
    "environment": {
      "BLIS_NUM_THREADS": "1",
      "MKL_NUM_THREADS": "1",
      "NUMEXPR_NUM_THREADS": "1",
      "OMP_NUM_THREADS": "1",
      "OPENBLAS_NUM_THREADS": "1",
      "VECLIB_MAXIMUM_THREADS": "1"
    },
    "native_thread_limit": 1,
    "protocol": "native_threads_1_warmup5_duration15_repeats5_cv10_v2"
  },
  "capacity_bytes": 1073741824,
  "duty_cycle_s": 0.25,
  "elapsed_s": 29.99997170000279,
  "finished_wall_time_ns": 1786935905694807000,
  "measurement_end_monotonic_ns": 42370402755600,
  "measurement_start_monotonic_ns": 42340402736500,
  "operations": 3233036632064,
  "pid": 21084,
  "planned_measurement_end_monotonic_ns": 42370402408000,
  "planned_measurement_start_monotonic_ns": 42340402408000,
  "pressure_requested": 0.5,
  "resource": "gpu_memory",
  "schema_version": 1,
  "sleep_s": 14.799947199979215,
  "started_wall_time_ns": 1786935864069867300,
  "status": "completed",
  "warmup_active_s": 5.068670600106998,
  "warmup_elapsed_s": 9.976418999998714,
  "warmup_operations": 1081258016768,
  "warmup_sleep_s": 4.892666600004304
}
