{
  "active_fraction": 0.5089288793796859,
  "active_s": 15.267648000008194,
  "allocated_bytes": 536870912,
  "barrier_used": true,
  "barrier_wait_s": 0.06562759999360424,
  "benchmark_environment": {
    "environment": {
      "BLIS_NUM_THREADS": "1",
      "MKL_NUM_THREADS": "1",
      "NUMEXPR_NUM_THREADS": "1",
      "OMP_NUM_THREADS": "1",
      "OPENBLAS_NUM_THREADS": "1",
      "VECLIB_MAXIMUM_THREADS": "1"
    },
    "native_thread_limit": 1,
    "protocol": "native_threads_1_warmup5_duration15_repeats5_cv10_v2"
  },
  "capacity_bytes": 1073741824,
  "duty_cycle_s": 0.25,
  "elapsed_s": 29.999570899999526,
  "finished_wall_time_ns": 1786938780955310200,
  "measurement_end_monotonic_ns": 45245663150000,
  "measurement_start_monotonic_ns": 45215663540800,
  "operations": 3279207530496,
  "pid": 27524,
  "planned_measurement_end_monotonic_ns": 45245662887300,
  "planned_measurement_start_monotonic_ns": 45215662887300,
  "pressure_requested": 0.5,
  "resource": "gpu_memory",
  "schema_version": 1,
  "sleep_s": 14.678921199993056,
  "started_wall_time_ns": 1786938739344121400,
  "status": "completed",
  "warmup_active_s": 5.1116410999093205,
  "warmup_elapsed_s": 9.98050360000343,
  "warmup_operations": 1075889307648,
  "warmup_sleep_s": 4.853957900049863
}
