{
  "active_fraction": 0.9994093134787208,
  "active_s": 29.981607601424912,
  "allocated_bytes": 0,
  "barrier_used": true,
  "barrier_wait_s": 0.6944293999986257,
  "benchmark_environment": {
    "environment": {
      "BLIS_NUM_THREADS": "1",
      "MKL_NUM_THREADS": "1",
      "NUMEXPR_NUM_THREADS": "1",
      "OMP_NUM_THREADS": "1",
      "OPENBLAS_NUM_THREADS": "1",
      "VECLIB_MAXIMUM_THREADS": "1"
    },
    "native_thread_limit": 1,
    "protocol": "native_threads_1_warmup5_duration15_repeats5_cv10_v2"
  },
  "capacity_bytes": 0,
  "duty_cycle_s": 0.25,
  "elapsed_s": 29.99932780000381,
  "finished_wall_time_ns": 1786960682642440200,
  "measurement_end_monotonic_ns": 67147350509600,
  "measurement_start_monotonic_ns": 67117351173799,
  "operations": 12648972288,
  "pid": 4120,
  "planned_measurement_end_monotonic_ns": 67147349662600,
  "planned_measurement_start_monotonic_ns": 67117349662600,
  "pressure_requested": 1.0,
  "resource": "cpu_compute",
  "schema_version": 1,
  "sleep_s": 0.0,
  "started_wall_time_ns": 1786960641972469700,
  "status": "completed",
  "warmup_active_s": 9.96228299982613,
  "warmup_elapsed_s": 9.968186199999764,
  "warmup_operations": 4290248704,
  "warmup_sleep_s": 0.0
}
