{
  "active_fraction": 0.2622137442331811,
  "active_s": 7.866245899931528,
  "allocated_bytes": 536870912,
  "barrier_used": true,
  "barrier_wait_s": 0.6209476999938488,
  "benchmark_environment": {
    "environment": {
      "BLIS_NUM_THREADS": "1",
      "MKL_NUM_THREADS": "1",
      "NUMEXPR_NUM_THREADS": "1",
      "OMP_NUM_THREADS": "1",
      "OPENBLAS_NUM_THREADS": "1",
      "VECLIB_MAXIMUM_THREADS": "1"
    },
    "native_thread_limit": 1,
    "protocol": "native_threads_1_warmup5_duration15_repeats5_cv10_v2"
  },
  "capacity_bytes": 0,
  "duty_cycle_s": 0.25,
  "elapsed_s": 29.999365299998317,
  "finished_wall_time_ns": 1786943240859072900,
  "measurement_end_monotonic_ns": 49705567195300,
  "measurement_start_monotonic_ns": 49675567804000,
  "operations": 518617300992,
  "pid": 17268,
  "planned_measurement_end_monotonic_ns": 49705566444200,
  "planned_measurement_start_monotonic_ns": 49675566444200,
  "pressure_requested": 0.25,
  "resource": "memory_bandwidth",
  "schema_version": 1,
  "sleep_s": 22.066929799992067,
  "started_wall_time_ns": 1786943200176589500,
  "status": "completed",
  "warmup_active_s": 2.614952700037975,
  "warmup_elapsed_s": 9.971295700001065,
  "warmup_operations": 171798691840,
  "warmup_sleep_s": 7.336008500002208
}
