{
  "active_fraction": 0.0,
  "active_s": 0.0,
  "allocated_bytes": 0,
  "barrier_used": true,
  "barrier_wait_s": 0.7093342000007397,
  "benchmark_environment": {
    "environment": {
      "BLIS_NUM_THREADS": "1",
      "MKL_NUM_THREADS": "1",
      "NUMEXPR_NUM_THREADS": "1",
      "OMP_NUM_THREADS": "1",
      "OPENBLAS_NUM_THREADS": "1",
      "VECLIB_MAXIMUM_THREADS": "1"
    },
    "native_thread_limit": 1,
    "protocol": "native_threads_1_warmup5_duration15_repeats5_cv10_v2"
  },
  "capacity_bytes": 0,
  "duty_cycle_s": 0.25,
  "elapsed_s": 30.00000899999577,
  "finished_wall_time_ns": 1786941928873220800,
  "measurement_end_monotonic_ns": 48393581351400,
  "measurement_start_monotonic_ns": 48363581269900,
  "operations": 0,
  "pid": 27288,
  "planned_measurement_end_monotonic_ns": 48393580824100,
  "planned_measurement_start_monotonic_ns": 48363580824100,
  "pressure_requested": 0.0,
  "resource": "gpu_compute",
  "schema_version": 1,
  "sleep_s": 29.940799700001662,
  "started_wall_time_ns": 1786941888192766400,
  "status": "completed",
  "warmup_active_s": 0.0,
  "warmup_elapsed_s": 9.966524800001935,
  "warmup_operations": 0,
  "warmup_sleep_s": 9.945775500003947
}
