{
  "active_fraction": 0.5124263188868695,
  "active_s": 3.843469899969932,
  "allocated_bytes": 536870912,
  "barrier_used": false,
  "barrier_wait_s": 0.0,
  "capacity_bytes": 1073741824,
  "duty_cycle_s": 0.25,
  "elapsed_s": 7.500531800003955,
  "finished_wall_time_ns": 1786889480412543600,
  "measurement_end_monotonic_ns": 43246164387300,
  "measurement_start_monotonic_ns": 43238663825300,
  "operations": 825707462656,
  "pid": 15540,
  "planned_measurement_end_monotonic_ns": 43246163825400,
  "planned_measurement_start_monotonic_ns": 43238663820300,
  "pressure_requested": 0.5,
  "resource": "gpu_memory",
  "schema_version": 1,
  "sleep_s": 3.644384200022614,
  "started_wall_time_ns": 1786889471342862100,
  "status": "completed",
  "warmup_active_s": 0.0,
  "warmup_elapsed_s": 5.599998985417187e-06,
  "warmup_operations": 0,
  "warmup_sleep_s": 0.0
}
