{
  "active_fraction": 0.25401292508727685,
  "active_s": 3.9372596000685007,
  "allocated_bytes": 0,
  "barrier_used": false,
  "barrier_wait_s": 0.0,
  "benchmark_environment": {
    "environment": {
      "BLIS_NUM_THREADS": "1",
      "MKL_NUM_THREADS": "1",
      "NUMEXPR_NUM_THREADS": "1",
      "OMP_NUM_THREADS": "1",
      "OPENBLAS_NUM_THREADS": "1",
      "VECLIB_MAXIMUM_THREADS": "1"
    },
    "native_thread_limit": 1,
    "protocol": "native_threads_1_warmup5_duration15_repeats5_cv10_v2"
  },
  "capacity_bytes": 0,
  "duty_cycle_s": 0.25,
  "elapsed_s": 15.500233300001128,
  "finished_wall_time_ns": 1786931977537330400,
  "measurement_end_monotonic_ns": 38442245179100,
  "measurement_start_monotonic_ns": 38426744911300,
  "operations": 3829399552,
  "pid": 12276,
  "planned_measurement_end_monotonic_ns": 38442244912100,
  "planned_measurement_start_monotonic_ns": 38426744525000,
  "pressure_requested": 0.25,
  "resource": "gpu_compute",
  "schema_version": 1,
  "sleep_s": 11.532618100005493,
  "started_wall_time_ns": 1786931955491117100,
  "status": "completed",
  "warmup_active_s": 1.2514160998325679,
  "warmup_elapsed_s": 5.000386699997762,
  "warmup_operations": 3428843520,
  "warmup_sleep_s": 3.7392259999978705
}
