{
  "active_fraction": 0.0,
  "active_s": 0.0,
  "allocated_bytes": 0,
  "barrier_used": true,
  "barrier_wait_s": 0.6994245999958366,
  "capacity_bytes": 0,
  "duty_cycle_s": 0.25,
  "elapsed_s": 59.999993600009475,
  "finished_wall_time_ns": 1786814130550467200,
  "measurement_end_monotonic_ns": 283723916115900,
  "measurement_start_monotonic_ns": 283663916113200,
  "operations": 0,
  "pid": 4836,
  "planned_measurement_end_monotonic_ns": 283723915569600,
  "planned_measurement_start_monotonic_ns": 283663915569600,
  "pressure_requested": 0.0,
  "resource": "gpu_memory",
  "schema_version": 1,
  "sleep_s": 59.90484070003731,
  "started_wall_time_ns": 1786814049887708200,
  "status": "completed",
  "warmup_active_s": 0.0,
  "warmup_elapsed_s": 19.958571100025438,
  "warmup_operations": 0,
  "warmup_sleep_s": 19.927225499937776
}
