{
  "active_fraction": 0.5093472746289727,
  "active_s": 15.280568700050935,
  "allocated_bytes": 536870912,
  "barrier_used": true,
  "barrier_wait_s": 0.0957711000010022,
  "benchmark_environment": {
    "environment": {
      "BLIS_NUM_THREADS": "1",
      "MKL_NUM_THREADS": "1",
      "NUMEXPR_NUM_THREADS": "1",
      "OMP_NUM_THREADS": "1",
      "OPENBLAS_NUM_THREADS": "1",
      "VECLIB_MAXIMUM_THREADS": "1"
    },
    "native_thread_limit": 1,
    "protocol": "native_threads_1_warmup5_duration15_repeats5_cv10_v2"
  },
  "capacity_bytes": 1073741824,
  "duty_cycle_s": 0.25,
  "elapsed_s": 30.000295399993774,
  "finished_wall_time_ns": 1786938103169955200,
  "measurement_end_monotonic_ns": 44567877888300,
  "measurement_start_monotonic_ns": 44537877552700,
  "operations": 3279207530496,
  "pid": 12856,
  "planned_measurement_end_monotonic_ns": 44567877180100,
  "planned_measurement_start_monotonic_ns": 44537877180100,
  "pressure_requested": 0.5,
  "resource": "gpu_memory",
  "schema_version": 1,
  "sleep_s": 14.665982899998198,
  "started_wall_time_ns": 1786938061474218000,
  "status": "completed",
  "warmup_active_s": 5.106623400009994,
  "warmup_elapsed_s": 9.969802400002663,
  "warmup_operations": 1075889307648,
  "warmup_sleep_s": 4.846278199998778
}
