{
  "active_fraction": 0.2572683467167862,
  "active_s": 3.9877239999186713,
  "allocated_bytes": 268435456,
  "barrier_used": false,
  "barrier_wait_s": 0.0,
  "benchmark_environment": {
    "environment": {
      "BLIS_NUM_THREADS": "1",
      "MKL_NUM_THREADS": "1",
      "NUMEXPR_NUM_THREADS": "1",
      "OMP_NUM_THREADS": "1",
      "OPENBLAS_NUM_THREADS": "1",
      "VECLIB_MAXIMUM_THREADS": "1"
    },
    "native_thread_limit": 1,
    "protocol": "native_threads_1_warmup5_duration15_repeats5_cv10_v2"
  },
  "capacity_bytes": 1073741824,
  "duty_cycle_s": 0.25,
  "elapsed_s": 15.500251199999184,
  "finished_wall_time_ns": 1786932128165356100,
  "measurement_end_monotonic_ns": 38592873161200,
  "measurement_start_monotonic_ns": 38577372878200,
  "operations": 667867414528,
  "pid": 17740,
  "planned_measurement_end_monotonic_ns": 38592872878900,
  "planned_measurement_start_monotonic_ns": 38577372637100,
  "pressure_requested": 0.25,
  "resource": "gpu_memory",
  "schema_version": 1,
  "sleep_s": 11.485667900007684,
  "started_wall_time_ns": 1786932106121830600,
  "status": "completed",
  "warmup_active_s": 1.2674212000638363,
  "warmup_elapsed_s": 5.000241700006882,
  "warmup_operations": 270582939648,
  "warmup_sleep_s": 3.723567999972147
}
