{
  "active_fraction": 0.9999086920456717,
  "active_s": 29.997933599930548,
  "allocated_bytes": 536870912,
  "barrier_used": true,
  "barrier_wait_s": 0.6645665999967605,
  "benchmark_environment": {
    "environment": {
      "BLIS_NUM_THREADS": "1",
      "MKL_NUM_THREADS": "1",
      "NUMEXPR_NUM_THREADS": "1",
      "OMP_NUM_THREADS": "1",
      "OPENBLAS_NUM_THREADS": "1",
      "VECLIB_MAXIMUM_THREADS": "1"
    },
    "native_thread_limit": 1,
    "protocol": "native_threads_1_warmup5_duration15_repeats5_cv10_v2"
  },
  "capacity_bytes": 0,
  "duty_cycle_s": 0.25,
  "elapsed_s": 30.00067290000152,
  "finished_wall_time_ns": 1786954516450150800,
  "measurement_end_monotonic_ns": 60981158230400,
  "measurement_start_monotonic_ns": 60951157538000,
  "operations": 2049773142016,
  "pid": 6752,
  "planned_measurement_end_monotonic_ns": 60981149518400,
  "planned_measurement_start_monotonic_ns": 60951149518400,
  "pressure_requested": 1.0,
  "resource": "memory_bandwidth",
  "schema_version": 1,
  "sleep_s": 0.0,
  "started_wall_time_ns": 1786954475715923100,
  "status": "completed",
  "warmup_active_s": 9.981222699978389,
  "warmup_elapsed_s": 9.982172800002445,
  "warmup_operations": 680752316416,
  "warmup_sleep_s": 0.0
}
