{
  "active_fraction": 0.5150418347823149,
  "active_s": 15.451630199939245,
  "allocated_bytes": 536870912,
  "barrier_used": true,
  "barrier_wait_s": 0.6524118000015733,
  "benchmark_environment": {
    "environment": {
      "BLIS_NUM_THREADS": "1",
      "MKL_NUM_THREADS": "1",
      "NUMEXPR_NUM_THREADS": "1",
      "OMP_NUM_THREADS": "1",
      "OPENBLAS_NUM_THREADS": "1",
      "VECLIB_MAXIMUM_THREADS": "1"
    },
    "native_thread_limit": 1,
    "protocol": "native_threads_1_warmup5_duration15_repeats5_cv10_v2"
  },
  "capacity_bytes": 0,
  "duty_cycle_s": 0.25,
  "elapsed_s": 30.00072839999484,
  "finished_wall_time_ns": 1786953026574063800,
  "measurement_end_monotonic_ns": 59491282012500,
  "measurement_start_monotonic_ns": 59461281258000,
  "operations": 1031865892864,
  "pid": 26200,
  "planned_measurement_end_monotonic_ns": 59491280811300,
  "planned_measurement_start_monotonic_ns": 59461280811300,
  "pressure_requested": 0.5,
  "resource": "memory_bandwidth",
  "schema_version": 1,
  "sleep_s": 14.483467300029588,
  "started_wall_time_ns": 1786952985862784500,
  "status": "completed",
  "warmup_active_s": 5.223328199987009,
  "warmup_elapsed_s": 9.971756600003573,
  "warmup_operations": 346818609152,
  "warmup_sleep_s": 4.730492499984393
}
