{
  "active_fraction": 0.9994195975875989,
  "active_s": 15.491283899921655,
  "allocated_bytes": 0,
  "barrier_used": false,
  "barrier_wait_s": 0.0,
  "benchmark_environment": {
    "environment": {
      "BLIS_NUM_THREADS": "1",
      "MKL_NUM_THREADS": "1",
      "NUMEXPR_NUM_THREADS": "1",
      "OMP_NUM_THREADS": "1",
      "OPENBLAS_NUM_THREADS": "1",
      "VECLIB_MAXIMUM_THREADS": "1"
    },
    "native_thread_limit": 1,
    "protocol": "native_threads_1_warmup5_duration15_repeats5_v1"
  },
  "capacity_bytes": 0,
  "duty_cycle_s": 0.25,
  "elapsed_s": 15.500280300000668,
  "finished_wall_time_ns": 1786898819412695400,
  "measurement_end_monotonic_ns": 5284120764500,
  "measurement_start_monotonic_ns": 5268620476900,
  "operations": 7105150976,
  "pid": 28108,
  "planned_measurement_end_monotonic_ns": 5284120477100,
  "planned_measurement_start_monotonic_ns": 5268619773000,
  "pressure_requested": 1.0,
  "resource": "cpu_compute",
  "schema_version": 1,
  "sleep_s": 0.0,
  "started_wall_time_ns": 1786898798904975800,
  "status": "completed",
  "warmup_active_s": 4.9982975000020815,
  "warmup_elapsed_s": 5.0007041999997455,
  "warmup_operations": 2341994496,
  "warmup_sleep_s": 0.0
}
