{
  "active_fraction": 0.9999107194781308,
  "active_s": 29.993785100108653,
  "allocated_bytes": 536870912,
  "barrier_used": true,
  "barrier_wait_s": 0.6276579999976093,
  "benchmark_environment": {
    "environment": {
      "BLIS_NUM_THREADS": "1",
      "MKL_NUM_THREADS": "1",
      "NUMEXPR_NUM_THREADS": "1",
      "OMP_NUM_THREADS": "1",
      "OPENBLAS_NUM_THREADS": "1",
      "VECLIB_MAXIMUM_THREADS": "1"
    },
    "native_thread_limit": 1,
    "protocol": "native_threads_1_warmup5_duration15_repeats5_cv10_v2"
  },
  "capacity_bytes": 0,
  "duty_cycle_s": 0.25,
  "elapsed_s": 29.99646319999738,
  "finished_wall_time_ns": 1786937367602261200,
  "measurement_end_monotonic_ns": 43832310055000,
  "measurement_start_monotonic_ns": 43802313582500,
  "operations": 2045478174720,
  "pid": 26524,
  "planned_measurement_end_monotonic_ns": 43832299675800,
  "planned_measurement_start_monotonic_ns": 43802299675800,
  "pressure_requested": 1.0,
  "resource": "memory_bandwidth",
  "schema_version": 1,
  "sleep_s": 0.0,
  "started_wall_time_ns": 1786937326896924900,
  "status": "completed",
  "warmup_active_s": 9.99337890001334,
  "warmup_elapsed_s": 9.994323099999747,
  "warmup_operations": 681826058240,
  "warmup_sleep_s": 0.0
}
