{
  "active_fraction": 0.999447528691242,
  "active_s": 29.984257800861087,
  "allocated_bytes": 0,
  "barrier_used": true,
  "barrier_wait_s": 0.7168439999950351,
  "benchmark_environment": {
    "environment": {
      "BLIS_NUM_THREADS": "1",
      "MKL_NUM_THREADS": "1",
      "NUMEXPR_NUM_THREADS": "1",
      "OMP_NUM_THREADS": "1",
      "OPENBLAS_NUM_THREADS": "1",
      "VECLIB_MAXIMUM_THREADS": "1"
    },
    "native_thread_limit": 1,
    "protocol": "native_threads_1_warmup5_duration15_repeats5_cv10_v2"
  },
  "capacity_bytes": 0,
  "duty_cycle_s": 0.25,
  "elapsed_s": 30.000832400000945,
  "finished_wall_time_ns": 1786936477958248800,
  "measurement_end_monotonic_ns": 42942666964400,
  "measurement_start_monotonic_ns": 42912666125700,
  "operations": 13111918592,
  "pid": 2968,
  "planned_measurement_end_monotonic_ns": 42942665675000,
  "planned_measurement_start_monotonic_ns": 42912665675000,
  "pressure_requested": 1.0,
  "resource": "cpu_compute",
  "schema_version": 1,
  "sleep_s": 0.0,
  "started_wall_time_ns": 1786936437265747600,
  "status": "completed",
  "warmup_active_s": 9.96418060024007,
  "warmup_elapsed_s": 9.969439400003466,
  "warmup_operations": 4692377600,
  "warmup_sleep_s": 0.0
}
