{
  "active_fraction": 0.2599318523313365,
  "active_s": 7.798008700010541,
  "allocated_bytes": 536870912,
  "barrier_used": true,
  "barrier_wait_s": 0.6051283999986481,
  "benchmark_environment": {
    "environment": {
      "BLIS_NUM_THREADS": "1",
      "MKL_NUM_THREADS": "1",
      "NUMEXPR_NUM_THREADS": "1",
      "OMP_NUM_THREADS": "1",
      "OPENBLAS_NUM_THREADS": "1",
      "VECLIB_MAXIMUM_THREADS": "1"
    },
    "native_thread_limit": 1,
    "protocol": "native_threads_1_warmup5_duration15_repeats5_cv10_v2"
  },
  "capacity_bytes": 0,
  "duty_cycle_s": 0.25,
  "elapsed_s": 30.000204399999348,
  "finished_wall_time_ns": 1786948918163508400,
  "measurement_end_monotonic_ns": 55382871517800,
  "measurement_start_monotonic_ns": 55352871305000,
  "operations": 516469817344,
  "pid": 14764,
  "planned_measurement_end_monotonic_ns": 55382871211100,
  "planned_measurement_start_monotonic_ns": 55352871211100,
  "pressure_requested": 0.25,
  "resource": "memory_bandwidth",
  "schema_version": 1,
  "sleep_s": 22.140857699989283,
  "started_wall_time_ns": 1786948877498037400,
  "status": "completed",
  "warmup_active_s": 2.605558000046585,
  "warmup_elapsed_s": 9.971068799997738,
  "warmup_operations": 171798691840,
  "warmup_sleep_s": 7.348959399969317
}
