{
  "active_fraction": 0.50286601691816,
  "active_s": 7.794684299980872,
  "allocated_bytes": 0,
  "barrier_used": false,
  "barrier_wait_s": 0.0,
  "benchmark_environment": {
    "environment": {
      "BLIS_NUM_THREADS": "1",
      "MKL_NUM_THREADS": "1",
      "NUMEXPR_NUM_THREADS": "1",
      "OMP_NUM_THREADS": "1",
      "OPENBLAS_NUM_THREADS": "1",
      "VECLIB_MAXIMUM_THREADS": "1"
    },
    "native_thread_limit": 1,
    "protocol": "native_threads_1_warmup5_duration15_repeats5_v1"
  },
  "capacity_bytes": 0,
  "duty_cycle_s": 0.25,
  "elapsed_s": 15.50051910000002,
  "finished_wall_time_ns": 1786898672226627600,
  "measurement_end_monotonic_ns": 5136934448000,
  "measurement_start_monotonic_ns": 5121433894000,
  "operations": 2314207232,
  "pid": 27924,
  "planned_measurement_end_monotonic_ns": 5136933894500,
  "planned_measurement_start_monotonic_ns": 5121433623500,
  "pressure_requested": 0.5,
  "resource": "cpu_compute",
  "schema_version": 1,
  "sleep_s": 7.676119499999913,
  "started_wall_time_ns": 1786898651719529700,
  "status": "completed",
  "warmup_active_s": 2.518393899998955,
  "warmup_elapsed_s": 5.00027080000018,
  "warmup_operations": 678952960,
  "warmup_sleep_s": 2.473529299997608
}
