{
  "active_fraction": 0.5049220502638958,
  "active_s": 15.14751710020937,
  "allocated_bytes": 536870912,
  "barrier_used": true,
  "barrier_wait_s": 0.04590040000039153,
  "benchmark_environment": {
    "environment": {
      "BLIS_NUM_THREADS": "1",
      "MKL_NUM_THREADS": "1",
      "NUMEXPR_NUM_THREADS": "1",
      "OMP_NUM_THREADS": "1",
      "OPENBLAS_NUM_THREADS": "1",
      "VECLIB_MAXIMUM_THREADS": "1"
    },
    "native_thread_limit": 1,
    "protocol": "native_threads_1_warmup5_duration15_repeats5_cv10_v2"
  },
  "capacity_bytes": 1073741824,
  "duty_cycle_s": 0.25,
  "elapsed_s": 29.999713999997766,
  "finished_wall_time_ns": 1786952453226868900,
  "measurement_end_monotonic_ns": 58917934727100,
  "measurement_start_monotonic_ns": 58887934982400,
  "operations": 3236257857536,
  "pid": 14996,
  "planned_measurement_end_monotonic_ns": 58917934359500,
  "planned_measurement_start_monotonic_ns": 58887934359500,
  "pressure_requested": 0.5,
  "resource": "gpu_memory",
  "schema_version": 1,
  "sleep_s": 14.800246499966306,
  "started_wall_time_ns": 1786952411571114000,
  "status": "completed",
  "warmup_active_s": 5.075689000012062,
  "warmup_elapsed_s": 9.984296200003882,
  "warmup_operations": 1061930663936,
  "warmup_sleep_s": 4.891320199996699
}
