{
  "active_fraction": 0.25291679667458106,
  "active_s": 7.587738000023819,
  "allocated_bytes": 0,
  "barrier_used": true,
  "barrier_wait_s": 0.6901666000048863,
  "benchmark_environment": {
    "environment": {
      "BLIS_NUM_THREADS": "1",
      "MKL_NUM_THREADS": "1",
      "NUMEXPR_NUM_THREADS": "1",
      "OMP_NUM_THREADS": "1",
      "OPENBLAS_NUM_THREADS": "1",
      "VECLIB_MAXIMUM_THREADS": "1"
    },
    "native_thread_limit": 1,
    "protocol": "native_threads_1_warmup5_duration15_repeats5_cv10_v2"
  },
  "capacity_bytes": 0,
  "duty_cycle_s": 0.25,
  "elapsed_s": 30.000925599997572,
  "finished_wall_time_ns": 1786943553522138800,
  "measurement_end_monotonic_ns": 50018230793100,
  "measurement_start_monotonic_ns": 49988229847600,
  "operations": 2077753344,
  "pid": 7356,
  "planned_measurement_end_monotonic_ns": 50018229628000,
  "planned_measurement_start_monotonic_ns": 49988229628000,
  "pressure_requested": 0.25,
  "resource": "cpu_compute",
  "schema_version": 1,
  "sleep_s": 22.33330399999977,
  "started_wall_time_ns": 1786943512843828400,
  "status": "completed",
  "warmup_active_s": 2.530728999940038,
  "warmup_elapsed_s": 9.98118329999852,
  "warmup_operations": 740294656,
  "warmup_sleep_s": 7.434418299999379
}
