{
  "active_fraction": 0.774875062692969,
  "active_s": 12.011178800028574,
  "allocated_bytes": 805306368,
  "barrier_used": false,
  "barrier_wait_s": 0.0,
  "benchmark_environment": {
    "environment": {
      "BLIS_NUM_THREADS": "1",
      "MKL_NUM_THREADS": "1",
      "NUMEXPR_NUM_THREADS": "1",
      "OMP_NUM_THREADS": "1",
      "OPENBLAS_NUM_THREADS": "1",
      "VECLIB_MAXIMUM_THREADS": "1"
    },
    "native_thread_limit": 1,
    "protocol": "native_threads_1_warmup5_duration15_repeats5_cv10_v2"
  },
  "capacity_bytes": 1073741824,
  "duty_cycle_s": 0.25,
  "elapsed_s": 15.500794100000348,
  "finished_wall_time_ns": 1786932377946828500,
  "measurement_end_monotonic_ns": 38842654724900,
  "measurement_start_monotonic_ns": 38827153912700,
  "operations": 2596307730432,
  "pid": 21540,
  "planned_measurement_end_monotonic_ns": 38842653913100,
  "planned_measurement_start_monotonic_ns": 38827153720000,
  "pressure_requested": 0.75,
  "resource": "gpu_memory",
  "schema_version": 1,
  "sleep_s": 3.4654189000066253,
  "started_wall_time_ns": 1786932355893226900,
  "status": "completed",
  "warmup_active_s": 3.872241399833001,
  "warmup_elapsed_s": 5.000193499996385,
  "warmup_operations": 835908009984,
  "warmup_sleep_s": 1.1211454000222147
}
