{
  "active_fraction": 0.26300034258856514,
  "active_s": 7.890069899833179,
  "allocated_bytes": 0,
  "barrier_used": true,
  "barrier_wait_s": 0.04834139999729814,
  "benchmark_environment": {
    "environment": {
      "BLIS_NUM_THREADS": "1",
      "MKL_NUM_THREADS": "1",
      "NUMEXPR_NUM_THREADS": "1",
      "OMP_NUM_THREADS": "1",
      "OPENBLAS_NUM_THREADS": "1",
      "VECLIB_MAXIMUM_THREADS": "1"
    },
    "native_thread_limit": 1,
    "protocol": "native_threads_1_warmup5_duration15_repeats5_cv10_v2"
  },
  "capacity_bytes": 0,
  "duty_cycle_s": 0.25,
  "elapsed_s": 30.000226699994528,
  "finished_wall_time_ns": 1786954291782661000,
  "measurement_end_monotonic_ns": 60756490482600,
  "measurement_start_monotonic_ns": 60726490231900,
  "operations": 2824863744,
  "pid": 11832,
  "planned_measurement_end_monotonic_ns": 60756490143800,
  "planned_measurement_start_monotonic_ns": 60726490143800,
  "pressure_requested": 0.25,
  "resource": "gpu_compute",
  "schema_version": 1,
  "sleep_s": 22.053398300005938,
  "started_wall_time_ns": 1786954250116426200,
  "status": "completed",
  "warmup_active_s": 2.50735770034953,
  "warmup_elapsed_s": 9.979688400002487,
  "warmup_operations": 5717884928,
  "warmup_sleep_s": 7.453838399982487
}
