{
  "active_fraction": 0.5041363772139148,
  "active_s": 15.124192899900663,
  "allocated_bytes": 536870912,
  "barrier_used": true,
  "barrier_wait_s": 0.047229899995727465,
  "benchmark_environment": {
    "environment": {
      "BLIS_NUM_THREADS": "1",
      "MKL_NUM_THREADS": "1",
      "NUMEXPR_NUM_THREADS": "1",
      "OMP_NUM_THREADS": "1",
      "OPENBLAS_NUM_THREADS": "1",
      "VECLIB_MAXIMUM_THREADS": "1"
    },
    "native_thread_limit": 1,
    "protocol": "native_threads_1_warmup5_duration15_repeats5_cv10_v2"
  },
  "capacity_bytes": 1073741824,
  "duty_cycle_s": 0.25,
  "elapsed_s": 30.00020150000637,
  "finished_wall_time_ns": 1786952348768335000,
  "measurement_end_monotonic_ns": 58813476255900,
  "measurement_start_monotonic_ns": 58783476018400,
  "operations": 3227667922944,
  "pid": 9368,
  "planned_measurement_end_monotonic_ns": 58813475892000,
  "planned_measurement_start_monotonic_ns": 58783475892000,
  "pressure_requested": 0.5,
  "resource": "gpu_memory",
  "schema_version": 1,
  "sleep_s": 14.823353100036911,
  "started_wall_time_ns": 1786952307176674700,
  "status": "completed",
  "warmup_active_s": 5.057536899941624,
  "warmup_elapsed_s": 9.98528449999867,
  "warmup_operations": 1049045762048,
  "warmup_sleep_s": 4.909013099982985
}
