{
  "active_fraction": 0.5212973615379243,
  "active_s": 8.080226500003846,
  "allocated_bytes": 536870912,
  "barrier_used": false,
  "barrier_wait_s": 0.0,
  "benchmark_environment": {
    "environment": {
      "BLIS_NUM_THREADS": "1",
      "MKL_NUM_THREADS": "1",
      "NUMEXPR_NUM_THREADS": "1",
      "OMP_NUM_THREADS": "1",
      "OPENBLAS_NUM_THREADS": "1",
      "VECLIB_MAXIMUM_THREADS": "1"
    },
    "native_thread_limit": 1,
    "protocol": "native_threads_1_warmup5_duration15_repeats5_v1"
  },
  "capacity_bytes": 0,
  "duty_cycle_s": 0.25,
  "elapsed_s": 15.500225200000386,
  "finished_wall_time_ns": 1786899178033086900,
  "measurement_end_monotonic_ns": 5642740925800,
  "measurement_start_monotonic_ns": 5627240674400,
  "operations": 532575944704,
  "pid": 5928,
  "planned_measurement_end_monotonic_ns": 5642740675700,
  "planned_measurement_start_monotonic_ns": 5627240418300,
  "pressure_requested": 0.5,
  "resource": "memory_bandwidth",
  "schema_version": 1,
  "sleep_s": 7.375158899993949,
  "started_wall_time_ns": 1786899157442235900,
  "status": "completed",
  "warmup_active_s": 2.5837994000057734,
  "warmup_elapsed_s": 5.000256500000432,
  "warmup_operations": 171798691840,
  "warmup_sleep_s": 2.40566360000048
}
