{
  "active_fraction": 0.2627208275413868,
  "active_s": 7.881552000028023,
  "allocated_bytes": 536870912,
  "barrier_used": true,
  "barrier_wait_s": 0.6346823999992921,
  "benchmark_environment": {
    "environment": {
      "BLIS_NUM_THREADS": "1",
      "MKL_NUM_THREADS": "1",
      "NUMEXPR_NUM_THREADS": "1",
      "OMP_NUM_THREADS": "1",
      "OPENBLAS_NUM_THREADS": "1",
      "VECLIB_MAXIMUM_THREADS": "1"
    },
    "native_thread_limit": 1,
    "protocol": "native_threads_1_warmup5_duration15_repeats5_cv10_v2"
  },
  "capacity_bytes": 0,
  "duty_cycle_s": 0.25,
  "elapsed_s": 29.99972279999929,
  "finished_wall_time_ns": 1786954620970930200,
  "measurement_end_monotonic_ns": 61085678812800,
  "measurement_start_monotonic_ns": 61055679062600,
  "operations": 520764784640,
  "pid": 29328,
  "planned_measurement_end_monotonic_ns": 61085678145000,
  "planned_measurement_start_monotonic_ns": 61055678145000,
  "pressure_requested": 0.25,
  "resource": "memory_bandwidth",
  "schema_version": 1,
  "sleep_s": 22.057881599983375,
  "started_wall_time_ns": 1786954580286800500,
  "status": "completed",
  "warmup_active_s": 2.6456631000110065,
  "warmup_elapsed_s": 9.962997800001176,
  "warmup_operations": 173946175488,
  "warmup_sleep_s": 7.29986239997379
}
