{
  "active_fraction": 0.9994110888432524,
  "active_s": 29.982613399872207,
  "allocated_bytes": 0,
  "barrier_used": true,
  "barrier_wait_s": 0.702223899999808,
  "benchmark_environment": {
    "environment": {
      "BLIS_NUM_THREADS": "1",
      "MKL_NUM_THREADS": "1",
      "NUMEXPR_NUM_THREADS": "1",
      "OMP_NUM_THREADS": "1",
      "OPENBLAS_NUM_THREADS": "1",
      "VECLIB_MAXIMUM_THREADS": "1"
    },
    "native_thread_limit": 1,
    "protocol": "native_threads_1_warmup5_duration15_repeats5_cv10_v2"
  },
  "capacity_bytes": 0,
  "duty_cycle_s": 0.25,
  "elapsed_s": 30.00028089999978,
  "finished_wall_time_ns": 1786957048680964300,
  "measurement_end_monotonic_ns": 63513389014500,
  "measurement_start_monotonic_ns": 63483388727400,
  "operations": 12407275520,
  "pid": 27812,
  "planned_measurement_end_monotonic_ns": 63513387665200,
  "planned_measurement_start_monotonic_ns": 63483387665200,
  "pressure_requested": 1.0,
  "resource": "cpu_compute",
  "schema_version": 1,
  "sleep_s": 0.0,
  "started_wall_time_ns": 1786957007997806900,
  "status": "completed",
  "warmup_active_s": 9.968798400157539,
  "warmup_elapsed_s": 9.974416400000337,
  "warmup_operations": 4410310656,
  "warmup_sleep_s": 0.0
}
