{
  "active_fraction": 0.0,
  "active_s": 0.0,
  "allocated_bytes": 0,
  "barrier_used": true,
  "barrier_wait_s": 0.7115635000009206,
  "benchmark_environment": {
    "environment": {
      "BLIS_NUM_THREADS": "1",
      "MKL_NUM_THREADS": "1",
      "NUMEXPR_NUM_THREADS": "1",
      "OMP_NUM_THREADS": "1",
      "OPENBLAS_NUM_THREADS": "1",
      "VECLIB_MAXIMUM_THREADS": "1"
    },
    "native_thread_limit": 1,
    "protocol": "native_threads_1_warmup5_duration15_repeats5_cv10_v2"
  },
  "capacity_bytes": 0,
  "duty_cycle_s": 0.25,
  "elapsed_s": 30.000464500000817,
  "finished_wall_time_ns": 1786957778481350300,
  "measurement_end_monotonic_ns": 64243189243400,
  "measurement_start_monotonic_ns": 64213188749500,
  "operations": 0,
  "pid": 18628,
  "planned_measurement_end_monotonic_ns": 64243188412800,
  "planned_measurement_start_monotonic_ns": 64213188412800,
  "pressure_requested": 0.0,
  "resource": "gpu_compute",
  "schema_version": 1,
  "sleep_s": 29.943018299956748,
  "started_wall_time_ns": 1786957737780929200,
  "status": "completed",
  "warmup_active_s": 0.0,
  "warmup_elapsed_s": 9.983366699998442,
  "warmup_operations": 0,
  "warmup_sleep_s": 9.966525899995759
}
