{
  "active_fraction": 0.0,
  "active_s": 0.0,
  "allocated_bytes": 0,
  "barrier_used": false,
  "barrier_wait_s": 0.0,
  "capacity_bytes": 0,
  "duty_cycle_s": 0.25,
  "elapsed_s": 6.500370699999621,
  "finished_wall_time_ns": 1786891123650958500,
  "measurement_end_monotonic_ns": 44889402905600,
  "measurement_start_monotonic_ns": 44882902512000,
  "operations": 0,
  "pid": 32488,
  "planned_measurement_end_monotonic_ns": 44889402512100,
  "planned_measurement_start_monotonic_ns": 44882902316300,
  "pressure_requested": 0.0,
  "resource": "gpu_memory",
  "schema_version": 1,
  "sleep_s": 6.4900913999954355,
  "started_wall_time_ns": 1786891116142821300,
  "status": "completed",
  "warmup_active_s": 0.0,
  "warmup_elapsed_s": 1.0001960000008694,
  "warmup_operations": 0,
  "warmup_sleep_s": 0.998921500002325
}
