{
  "active_fraction": 0.7882878023892586,
  "active_s": 12.218559000037203,
  "allocated_bytes": 536870912,
  "barrier_used": false,
  "barrier_wait_s": 0.0,
  "benchmark_environment": {
    "environment": {
      "BLIS_NUM_THREADS": "1",
      "MKL_NUM_THREADS": "1",
      "NUMEXPR_NUM_THREADS": "1",
      "OMP_NUM_THREADS": "1",
      "OPENBLAS_NUM_THREADS": "1",
      "VECLIB_MAXIMUM_THREADS": "1"
    },
    "native_thread_limit": 1,
    "protocol": "native_threads_1_warmup5_duration15_repeats5_cv10_v2"
  },
  "capacity_bytes": 0,
  "duty_cycle_s": 0.25,
  "elapsed_s": 15.500124400001368,
  "finished_wall_time_ns": 1786931271761551300,
  "measurement_end_monotonic_ns": 37736469336800,
  "measurement_start_monotonic_ns": 37720969183100,
  "operations": 858993459200,
  "pid": 4264,
  "planned_measurement_end_monotonic_ns": 37736469183800,
  "planned_measurement_start_monotonic_ns": 37720968934400,
  "pressure_requested": 0.75,
  "resource": "memory_bandwidth",
  "schema_version": 1,
  "sleep_s": 3.2495564999990165,
  "started_wall_time_ns": 1786931251169579600,
  "status": "completed",
  "warmup_active_s": 3.9369636999908835,
  "warmup_elapsed_s": 5.000249100005021,
  "warmup_operations": 277025390592,
  "warmup_sleep_s": 1.0542446999970707
}
