{
  "active_fraction": 0.12900206806269865,
  "active_s": 1.999560499927611,
  "allocated_bytes": 0,
  "barrier_used": false,
  "barrier_wait_s": 0.0,
  "benchmark_environment": {
    "environment": {
      "BLIS_NUM_THREADS": "1",
      "MKL_NUM_THREADS": "1",
      "NUMEXPR_NUM_THREADS": "1",
      "OMP_NUM_THREADS": "1",
      "OPENBLAS_NUM_THREADS": "1",
      "VECLIB_MAXIMUM_THREADS": "1"
    },
    "native_thread_limit": 1,
    "protocol": "native_threads_1_warmup5_duration15_repeats5_cv10_v2"
  },
  "capacity_bytes": 0,
  "duty_cycle_s": 0.25,
  "elapsed_s": 15.50022049999825,
  "finished_wall_time_ns": 1786931750402591500,
  "measurement_end_monotonic_ns": 38215110428800,
  "measurement_start_monotonic_ns": 38199610182700,
  "operations": 1328545792,
  "pid": 3408,
  "planned_measurement_end_monotonic_ns": 38215110183200,
  "planned_measurement_start_monotonic_ns": 38199610090800,
  "pressure_requested": 0.125,
  "resource": "gpu_compute",
  "schema_version": 1,
  "sleep_s": 13.474651999982598,
  "started_wall_time_ns": 1786931728373611500,
  "status": "completed",
  "warmup_active_s": 0.6285878001945093,
  "warmup_elapsed_s": 5.000092200003564,
  "warmup_operations": 1708130304,
  "warmup_sleep_s": 4.362333099983516
}
