{
  "active_fraction": 0.7740916180091101,
  "active_s": 11.998653699991337,
  "allocated_bytes": 536870912,
  "barrier_used": false,
  "barrier_wait_s": 0.0,
  "benchmark_environment": {
    "environment": {
      "BLIS_NUM_THREADS": "1",
      "MKL_NUM_THREADS": "1",
      "NUMEXPR_NUM_THREADS": "1",
      "OMP_NUM_THREADS": "1",
      "OPENBLAS_NUM_THREADS": "1",
      "VECLIB_MAXIMUM_THREADS": "1"
    },
    "native_thread_limit": 1,
    "protocol": "native_threads_1_warmup5_duration15_repeats5_v1"
  },
  "capacity_bytes": 0,
  "duty_cycle_s": 0.25,
  "elapsed_s": 15.500301799999761,
  "finished_wall_time_ns": 1786899220322744400,
  "measurement_end_monotonic_ns": 5685030562700,
  "measurement_start_monotonic_ns": 5669530242600,
  "operations": 809601335296,
  "pid": 11232,
  "planned_measurement_end_monotonic_ns": 5685030243800,
  "planned_measurement_start_monotonic_ns": 5669530049900,
  "pressure_requested": 0.75,
  "resource": "memory_bandwidth",
  "schema_version": 1,
  "sleep_s": 3.477605000006406,
  "started_wall_time_ns": 1786899199733381600,
  "status": "completed",
  "warmup_active_s": 3.8769947000018874,
  "warmup_elapsed_s": 5.000192999999854,
  "warmup_operations": 263066746880,
  "warmup_sleep_s": 1.1145647999974244
}
