{
  "active_fraction": 0.08051877433859271,
  "active_s": 2.4155629000306362,
  "allocated_bytes": 0,
  "barrier_used": true,
  "barrier_wait_s": 0.0534272000004421,
  "benchmark_environment": {
    "environment": {
      "BLIS_NUM_THREADS": "1",
      "MKL_NUM_THREADS": "1",
      "NUMEXPR_NUM_THREADS": "1",
      "OMP_NUM_THREADS": "1",
      "OPENBLAS_NUM_THREADS": "1",
      "VECLIB_MAXIMUM_THREADS": "1"
    },
    "native_thread_limit": 1,
    "protocol": "native_threads_1_warmup5_duration15_repeats5_cv10_v2"
  },
  "capacity_bytes": 0,
  "duty_cycle_s": 0.25,
  "elapsed_s": 29.999995899997884,
  "finished_wall_time_ns": 1786938990791637700,
  "measurement_end_monotonic_ns": 45455499546800,
  "measurement_start_monotonic_ns": 45425499535800,
  "operations": 464519168,
  "pid": 19800,
  "planned_measurement_end_monotonic_ns": 45455499125400,
  "planned_measurement_start_monotonic_ns": 45425499125400,
  "pressure_requested": 0.0625,
  "resource": "gpu_compute",
  "schema_version": 1,
  "sleep_s": 27.526505400019232,
  "started_wall_time_ns": 1786938949196500300,
  "status": "completed",
  "warmup_active_s": 0.6519514999963576,
  "warmup_elapsed_s": 9.970070100003795,
  "warmup_operations": 1037041664,
  "warmup_sleep_s": 9.299487799973576
}
