{
  "active_fraction": 0.0,
  "active_s": 0.0,
  "allocated_bytes": 0,
  "barrier_used": true,
  "barrier_wait_s": 0.7200692000042181,
  "benchmark_environment": {
    "environment": {
      "BLIS_NUM_THREADS": "1",
      "MKL_NUM_THREADS": "1",
      "NUMEXPR_NUM_THREADS": "1",
      "OMP_NUM_THREADS": "1",
      "OPENBLAS_NUM_THREADS": "1",
      "VECLIB_MAXIMUM_THREADS": "1"
    },
    "native_thread_limit": 1,
    "protocol": "native_threads_1_warmup5_duration15_repeats5_cv10_v2"
  },
  "capacity_bytes": 0,
  "duty_cycle_s": 0.25,
  "elapsed_s": 30.000957099997322,
  "finished_wall_time_ns": 1786941034214943900,
  "measurement_end_monotonic_ns": 47498922856500,
  "measurement_start_monotonic_ns": 47468921878800,
  "operations": 0,
  "pid": 27004,
  "planned_measurement_end_monotonic_ns": 47498921693400,
  "planned_measurement_start_monotonic_ns": 47468921693400,
  "pressure_requested": 0.0,
  "resource": "gpu_memory",
  "schema_version": 1,
  "sleep_s": 29.93558599998505,
  "started_wall_time_ns": 1786940993510115200,
  "status": "completed",
  "warmup_active_s": 0.0,
  "warmup_elapsed_s": 9.97855569999956,
  "warmup_operations": 0,
  "warmup_sleep_s": 9.958503899979405
}
