{
  "active_fraction": 0.7739513391236658,
  "active_s": 11.996333599898207,
  "allocated_bytes": 805306368,
  "barrier_used": false,
  "barrier_wait_s": 0.0,
  "benchmark_environment": {
    "environment": {
      "BLIS_NUM_THREADS": "1",
      "MKL_NUM_THREADS": "1",
      "NUMEXPR_NUM_THREADS": "1",
      "OMP_NUM_THREADS": "1",
      "OPENBLAS_NUM_THREADS": "1",
      "VECLIB_MAXIMUM_THREADS": "1"
    },
    "native_thread_limit": 1,
    "protocol": "native_threads_1_warmup5_duration15_repeats5_cv10_v2"
  },
  "capacity_bytes": 1073741824,
  "duty_cycle_s": 0.25,
  "elapsed_s": 15.500113500005682,
  "finished_wall_time_ns": 1786932423511455700,
  "measurement_end_monotonic_ns": 38888219253200,
  "measurement_start_monotonic_ns": 38872719124100,
  "operations": 2596307730432,
  "pid": 22720,
  "planned_measurement_end_monotonic_ns": 38888219124700,
  "planned_measurement_start_monotonic_ns": 38872718954600,
  "pressure_requested": 0.75,
  "resource": "gpu_memory",
  "schema_version": 1,
  "sleep_s": 3.475592900023912,
  "started_wall_time_ns": 1786932401486835700,
  "status": "completed",
  "warmup_active_s": 3.864029799893615,
  "warmup_elapsed_s": 5.00017019999359,
  "warmup_operations": 835908009984,
  "warmup_sleep_s": 1.1278129999991506
}
