{
  "active_fraction": 0.2517687386978369,
  "active_s": 15.105932599981315,
  "allocated_bytes": 0,
  "barrier_used": true,
  "barrier_wait_s": 0.08796809997875243,
  "capacity_bytes": 0,
  "duty_cycle_s": 0.25,
  "elapsed_s": 59.99923850002233,
  "finished_wall_time_ns": 1786812772372936900,
  "measurement_end_monotonic_ns": 282365738724800,
  "measurement_start_monotonic_ns": 282305739465200,
  "operations": 21267218432,
  "pid": 11004,
  "planned_measurement_end_monotonic_ns": 282365738526300,
  "planned_measurement_start_monotonic_ns": 282305738526300,
  "pressure_requested": 0.25,
  "resource": "gpu_compute",
  "schema_version": 1,
  "sleep_s": 44.787683500384446,
  "started_wall_time_ns": 1786812679768085600,
  "status": "completed",
  "warmup_active_s": 5.0218580978689715,
  "warmup_elapsed_s": 19.991000399983022,
  "warmup_operations": 9718202368,
  "warmup_sleep_s": 14.933166800066829
}
