{
  "active_fraction": 0.7730681008940785,
  "active_s": 23.191775699873688,
  "allocated_bytes": 536870912,
  "barrier_used": true,
  "barrier_wait_s": 0.6188786999991862,
  "benchmark_environment": {
    "environment": {
      "BLIS_NUM_THREADS": "1",
      "MKL_NUM_THREADS": "1",
      "NUMEXPR_NUM_THREADS": "1",
      "OMP_NUM_THREADS": "1",
      "OPENBLAS_NUM_THREADS": "1",
      "VECLIB_MAXIMUM_THREADS": "1"
    },
    "native_thread_limit": 1,
    "protocol": "native_threads_1_warmup5_duration15_repeats5_cv10_v2"
  },
  "capacity_bytes": 0,
  "duty_cycle_s": 0.25,
  "elapsed_s": 29.999654200000805,
  "finished_wall_time_ns": 1786944293988465900,
  "measurement_end_monotonic_ns": 50758696346600,
  "measurement_start_monotonic_ns": 50728696658400,
  "operations": 1579474223104,
  "pid": 6904,
  "planned_measurement_end_monotonic_ns": 50758696092800,
  "planned_measurement_start_monotonic_ns": 50728696092800,
  "pressure_requested": 0.75,
  "resource": "memory_bandwidth",
  "schema_version": 1,
  "sleep_s": 6.753692399972351,
  "started_wall_time_ns": 1786944253308137100,
  "status": "completed",
  "warmup_active_s": 7.714014199998928,
  "warmup_elapsed_s": 9.97296909999568,
  "warmup_operations": 517543559168,
  "warmup_sleep_s": 2.2433964000010747
}
