{
  "active_fraction": 0.0,
  "active_s": 0.0,
  "allocated_bytes": 0,
  "barrier_used": false,
  "barrier_wait_s": 0.0,
  "benchmark_environment": {
    "environment": {
      "BLIS_NUM_THREADS": "1",
      "MKL_NUM_THREADS": "1",
      "NUMEXPR_NUM_THREADS": "1",
      "OMP_NUM_THREADS": "1",
      "OPENBLAS_NUM_THREADS": "1",
      "VECLIB_MAXIMUM_THREADS": "1"
    },
    "native_thread_limit": 1,
    "protocol": "native_threads_1_warmup5_duration15_repeats5_cv10_v2"
  },
  "capacity_bytes": 0,
  "duty_cycle_s": 0.25,
  "elapsed_s": 15.50055479999719,
  "finished_wall_time_ns": 1786931546287477300,
  "measurement_end_monotonic_ns": 38010995310400,
  "measurement_start_monotonic_ns": 37995494729200,
  "operations": 0,
  "pid": 12824,
  "planned_measurement_end_monotonic_ns": 38010994729800,
  "planned_measurement_start_monotonic_ns": 37995494447600,
  "pressure_requested": 0.0,
  "resource": "gpu_compute",
  "schema_version": 1,
  "sleep_s": 15.442750599999272,
  "started_wall_time_ns": 1786931525780995700,
  "status": "completed",
  "warmup_active_s": 0.0,
  "warmup_elapsed_s": 5.000281900000118,
  "warmup_operations": 0,
  "warmup_sleep_s": 4.9913220000235015
}
