{
  "active_fraction": 0.0,
  "active_s": 0.0,
  "allocated_bytes": 0,
  "barrier_used": true,
  "barrier_wait_s": 0.6969967999975779,
  "benchmark_environment": {
    "environment": {
      "BLIS_NUM_THREADS": "1",
      "MKL_NUM_THREADS": "1",
      "NUMEXPR_NUM_THREADS": "1",
      "OMP_NUM_THREADS": "1",
      "OPENBLAS_NUM_THREADS": "1",
      "VECLIB_MAXIMUM_THREADS": "1"
    },
    "native_thread_limit": 1,
    "protocol": "native_threads_1_warmup5_duration15_repeats5_cv10_v2"
  },
  "capacity_bytes": 0,
  "duty_cycle_s": 0.25,
  "elapsed_s": 30.000244199996814,
  "finished_wall_time_ns": 1786958895699429600,
  "measurement_end_monotonic_ns": 65360407328200,
  "measurement_start_monotonic_ns": 65330407057500,
  "operations": 0,
  "pid": 28080,
  "planned_measurement_end_monotonic_ns": 65360406653700,
  "planned_measurement_start_monotonic_ns": 65330406653700,
  "pressure_requested": 0.0,
  "resource": "gpu_compute",
  "schema_version": 1,
  "sleep_s": 29.93669399999635,
  "started_wall_time_ns": 1786958855033056800,
  "status": "completed",
  "warmup_active_s": 0.0,
  "warmup_elapsed_s": 9.96357700000226,
  "warmup_operations": 0,
  "warmup_sleep_s": 9.94322330000432
}
