{
  "active_fraction": 0.7522615315428548,
  "active_s": 11.660157400554453,
  "allocated_bytes": 0,
  "barrier_used": false,
  "barrier_wait_s": 0.0,
  "benchmark_environment": {
    "environment": {
      "BLIS_NUM_THREADS": "1",
      "MKL_NUM_THREADS": "1",
      "NUMEXPR_NUM_THREADS": "1",
      "OMP_NUM_THREADS": "1",
      "OPENBLAS_NUM_THREADS": "1",
      "VECLIB_MAXIMUM_THREADS": "1"
    },
    "native_thread_limit": 1,
    "protocol": "native_threads_1_warmup5_duration15_repeats5_cv10_v2"
  },
  "capacity_bytes": 0,
  "duty_cycle_s": 0.25,
  "elapsed_s": 15.50013780000154,
  "finished_wall_time_ns": 1786930744239534800,
  "measurement_end_monotonic_ns": 37208947322800,
  "measurement_start_monotonic_ns": 37193447155900,
  "operations": 3992453120,
  "pid": 16468,
  "planned_measurement_end_monotonic_ns": 37208947156800,
  "planned_measurement_start_monotonic_ns": 37193447031800,
  "pressure_requested": 0.75,
  "resource": "cpu_compute",
  "schema_version": 1,
  "sleep_s": 3.8114237999834586,
  "started_wall_time_ns": 1786930723732837600,
  "status": "completed",
  "warmup_active_s": 3.759506300004432,
  "warmup_elapsed_s": 5.0001244000013685,
  "warmup_operations": 1316487168,
  "warmup_sleep_s": 1.2319842999859247
}
