{
  "active_fraction": 0.25049511128155644,
  "active_s": 1.8788983002013993,
  "allocated_bytes": 0,
  "barrier_used": false,
  "barrier_wait_s": 0.0,
  "capacity_bytes": 0,
  "duty_cycle_s": 0.25,
  "elapsed_s": 7.500738399998227,
  "finished_wall_time_ns": 1786889397615721100,
  "measurement_end_monotonic_ns": 43163367876900,
  "measurement_start_monotonic_ns": 43155867106300,
  "operations": 5004853248,
  "pid": 34292,
  "planned_measurement_end_monotonic_ns": 43163367106400,
  "planned_measurement_start_monotonic_ns": 43155867101900,
  "pressure_requested": 0.25,
  "resource": "gpu_compute",
  "schema_version": 1,
  "sleep_s": 5.610286099996301,
  "started_wall_time_ns": 1786889388493298800,
  "status": "completed",
  "warmup_active_s": 0.0,
  "warmup_elapsed_s": 5.200003215577453e-06,
  "warmup_operations": 0,
  "warmup_sleep_s": 0.0
}
