{
  "active_fraction": 0.9991555262910871,
  "active_s": 59.94942339985573,
  "allocated_bytes": 0,
  "barrier_used": true,
  "barrier_wait_s": 0.047851400002400624,
  "capacity_bytes": 0,
  "duty_cycle_s": 0.25,
  "elapsed_s": 60.00009189999764,
  "finished_wall_time_ns": 1786865710653952800,
  "measurement_end_monotonic_ns": 19475363781500,
  "measurement_start_monotonic_ns": 19415363680300,
  "operations": 187792621568,
  "pid": 2784,
  "planned_measurement_end_monotonic_ns": 19475363466000,
  "planned_measurement_start_monotonic_ns": 19415363466000,
  "pressure_requested": 1.0,
  "resource": "gpu_compute",
  "schema_version": 1,
  "sleep_s": 0.0,
  "started_wall_time_ns": 1786865628956041600,
  "status": "completed",
  "warmup_active_s": 19.965770100465306,
  "warmup_elapsed_s": 19.983233000002656,
  "warmup_operations": 62845353984,
  "warmup_sleep_s": 0.0
}
