{
  "active_fraction": 0.9995740565914221,
  "active_s": 59.97255549996407,
  "allocated_bytes": 0,
  "barrier_used": true,
  "barrier_wait_s": 0.7193517000014253,
  "capacity_bytes": 0,
  "duty_cycle_s": 0.25,
  "elapsed_s": 59.99811129999944,
  "finished_wall_time_ns": 1786867162894689800,
  "measurement_end_monotonic_ns": 20927604660800,
  "measurement_start_monotonic_ns": 20867606537700,
  "operations": 11907629056,
  "pid": 22136,
  "planned_measurement_end_monotonic_ns": 20927604230100,
  "planned_measurement_start_monotonic_ns": 20867604230100,
  "pressure_requested": 1.0,
  "resource": "cpu_compute",
  "schema_version": 1,
  "sleep_s": 0.0,
  "started_wall_time_ns": 1786867082179457100,
  "status": "completed",
  "warmup_active_s": 19.98391449976407,
  "warmup_elapsed_s": 19.992084100002103,
  "warmup_operations": 4563402752,
  "warmup_sleep_s": 0.0
}
