{
  "active_fraction": 0.758212853007522,
  "active_s": 45.49398470012238,
  "allocated_bytes": 805306368,
  "barrier_used": true,
  "barrier_wait_s": 0.08766789999936009,
  "capacity_bytes": 1073741824,
  "duty_cycle_s": 0.25,
  "elapsed_s": 60.00160049999977,
  "finished_wall_time_ns": 1786867879371231300,
  "measurement_end_monotonic_ns": 21644081324500,
  "measurement_start_monotonic_ns": 21584079716100,
  "operations": 9750649503744,
  "pid": 13592,
  "planned_measurement_end_monotonic_ns": 21644079169700,
  "planned_measurement_start_monotonic_ns": 21584079169700,
  "pressure_requested": 0.75,
  "resource": "gpu_memory",
  "schema_version": 1,
  "sleep_s": 14.407352399997762,
  "started_wall_time_ns": 1786867797618224600,
  "status": "completed",
  "warmup_active_s": 15.19415569998091,
  "warmup_elapsed_s": 19.984064500000386,
  "warmup_operations": 3255048339456,
  "warmup_sleep_s": 4.756472200009739
}
