{
  "active_fraction": 0.0,
  "active_s": 0.0,
  "allocated_bytes": 0,
  "barrier_used": true,
  "barrier_wait_s": 0.6905291000002762,
  "benchmark_environment": {
    "environment": {
      "BLIS_NUM_THREADS": "1",
      "MKL_NUM_THREADS": "1",
      "NUMEXPR_NUM_THREADS": "1",
      "OMP_NUM_THREADS": "1",
      "OPENBLAS_NUM_THREADS": "1",
      "VECLIB_MAXIMUM_THREADS": "1"
    },
    "native_thread_limit": 1,
    "protocol": "native_threads_1_warmup5_duration15_repeats5_cv10_v2"
  },
  "capacity_bytes": 0,
  "duty_cycle_s": 0.25,
  "elapsed_s": 29.99996049999754,
  "finished_wall_time_ns": 1786956198403402700,
  "measurement_end_monotonic_ns": 62663111257700,
  "measurement_start_monotonic_ns": 62633111271900,
  "operations": 0,
  "pid": 16492,
  "planned_measurement_end_monotonic_ns": 62663110582700,
  "planned_measurement_start_monotonic_ns": 62633110582700,
  "pressure_requested": 0.0,
  "resource": "gpu_memory",
  "schema_version": 1,
  "sleep_s": 29.924379500000214,
  "started_wall_time_ns": 1786956157727742600,
  "status": "completed",
  "warmup_active_s": 0.0,
  "warmup_elapsed_s": 9.979411000000255,
  "warmup_operations": 0,
  "warmup_sleep_s": 9.961055400024634
}
