{
  "active_fraction": 0.503933697213075,
  "active_s": 15.117951200249081,
  "allocated_bytes": 536870912,
  "barrier_used": true,
  "barrier_wait_s": 0.07724709999456536,
  "benchmark_environment": {
    "environment": {
      "BLIS_NUM_THREADS": "1",
      "MKL_NUM_THREADS": "1",
      "NUMEXPR_NUM_THREADS": "1",
      "OMP_NUM_THREADS": "1",
      "OPENBLAS_NUM_THREADS": "1",
      "VECLIB_MAXIMUM_THREADS": "1"
    },
    "native_thread_limit": 1,
    "protocol": "native_threads_1_warmup5_duration15_repeats5_cv10_v2"
  },
  "capacity_bytes": 1073741824,
  "duty_cycle_s": 0.25,
  "elapsed_s": 29.9998814999999,
  "finished_wall_time_ns": 1786958040109706300,
  "measurement_end_monotonic_ns": 64504817512700,
  "measurement_start_monotonic_ns": 64474817601800,
  "operations": 3224446697472,
  "pid": 12076,
  "planned_measurement_end_monotonic_ns": 64504817306900,
  "planned_measurement_start_monotonic_ns": 64474817306900,
  "pressure_requested": 0.5,
  "resource": "gpu_memory",
  "schema_version": 1,
  "sleep_s": 14.824377700038895,
  "started_wall_time_ns": 1786957998475219500,
  "status": "completed",
  "warmup_active_s": 5.075317400027416,
  "warmup_elapsed_s": 9.961748499998066,
  "warmup_operations": 1060856922112,
  "warmup_sleep_s": 4.867203800000425
}
