{
  "active_fraction": 0.0,
  "active_s": 0.0,
  "allocated_bytes": 0,
  "barrier_used": false,
  "barrier_wait_s": 0.0,
  "capacity_bytes": 0,
  "duty_cycle_s": 0.25,
  "elapsed_s": 7.500465699995402,
  "finished_wall_time_ns": 1786889273126536300,
  "measurement_end_monotonic_ns": 43038878609100,
  "measurement_start_monotonic_ns": 43031378113400,
  "operations": 0,
  "pid": 20756,
  "planned_measurement_end_monotonic_ns": 43038878113600,
  "planned_measurement_start_monotonic_ns": 43031378110500,
  "pressure_requested": 0.0,
  "resource": "gpu_compute",
  "schema_version": 1,
  "sleep_s": 7.486180800013244,
  "started_wall_time_ns": 1786889265619779000,
  "status": "completed",
  "warmup_active_s": 0.0,
  "warmup_elapsed_s": 3.3000032999552786e-06,
  "warmup_operations": 0,
  "warmup_sleep_s": 0.0
}
