{
  "active_fraction": 0.0,
  "active_s": 0.0,
  "allocated_bytes": 0,
  "barrier_used": true,
  "barrier_wait_s": 0.7449202999996487,
  "benchmark_environment": {
    "environment": {
      "BLIS_NUM_THREADS": "1",
      "MKL_NUM_THREADS": "1",
      "NUMEXPR_NUM_THREADS": "1",
      "OMP_NUM_THREADS": "1",
      "OPENBLAS_NUM_THREADS": "1",
      "VECLIB_MAXIMUM_THREADS": "1"
    },
    "native_thread_limit": 1,
    "protocol": "native_threads_1_warmup5_duration15_repeats5_cv10_v2"
  },
  "capacity_bytes": 0,
  "duty_cycle_s": 0.25,
  "elapsed_s": 29.99968600000284,
  "finished_wall_time_ns": 1786943709833002900,
  "measurement_end_monotonic_ns": 50174540822400,
  "measurement_start_monotonic_ns": 50144541112900,
  "operations": 0,
  "pid": 17288,
  "planned_measurement_end_monotonic_ns": 50174540605300,
  "planned_measurement_start_monotonic_ns": 50144540605300,
  "pressure_requested": 0.0,
  "resource": "cpu_compute",
  "schema_version": 1,
  "sleep_s": 29.93549100000382,
  "started_wall_time_ns": 1786943669107854900,
  "status": "completed",
  "warmup_active_s": 0.0,
  "warmup_elapsed_s": 9.975292499999341,
  "warmup_operations": 0,
  "warmup_sleep_s": 9.957491800014395
}
