{
  "active_fraction": 0.9999114970506777,
  "active_s": 29.99408649992256,
  "allocated_bytes": 536870912,
  "barrier_used": true,
  "barrier_wait_s": 0.651684500000556,
  "benchmark_environment": {
    "environment": {
      "BLIS_NUM_THREADS": "1",
      "MKL_NUM_THREADS": "1",
      "NUMEXPR_NUM_THREADS": "1",
      "OMP_NUM_THREADS": "1",
      "OPENBLAS_NUM_THREADS": "1",
      "VECLIB_MAXIMUM_THREADS": "1"
    },
    "native_thread_limit": 1,
    "protocol": "native_threads_1_warmup5_duration15_repeats5_cv10_v2"
  },
  "capacity_bytes": 0,
  "duty_cycle_s": 0.25,
  "elapsed_s": 29.996741299997666,
  "finished_wall_time_ns": 1786951815306540700,
  "measurement_end_monotonic_ns": 58280014475900,
  "measurement_start_monotonic_ns": 58250017725500,
  "operations": 2042256949248,
  "pid": 13564,
  "planned_measurement_end_monotonic_ns": 58280004970300,
  "planned_measurement_start_monotonic_ns": 58250004970300,
  "pressure_requested": 1.0,
  "resource": "memory_bandwidth",
  "schema_version": 1,
  "sleep_s": 0.0,
  "started_wall_time_ns": 1786951774595143500,
  "status": "completed",
  "warmup_active_s": 9.97540940001636,
  "warmup_elapsed_s": 9.976339100001496,
  "warmup_operations": 675383607296,
  "warmup_sleep_s": 0.0
}
