{
  "active_fraction": 0.262151616096158,
  "active_s": 7.864445300008811,
  "allocated_bytes": 536870912,
  "barrier_used": true,
  "barrier_wait_s": 0.6039482999985921,
  "benchmark_environment": {
    "environment": {
      "BLIS_NUM_THREADS": "1",
      "MKL_NUM_THREADS": "1",
      "NUMEXPR_NUM_THREADS": "1",
      "OMP_NUM_THREADS": "1",
      "OPENBLAS_NUM_THREADS": "1",
      "VECLIB_MAXIMUM_THREADS": "1"
    },
    "native_thread_limit": 1,
    "protocol": "native_threads_1_warmup5_duration15_repeats5_cv10_v2"
  },
  "capacity_bytes": 0,
  "duty_cycle_s": 0.25,
  "elapsed_s": 29.99960640000063,
  "finished_wall_time_ns": 1786942294113305600,
  "measurement_end_monotonic_ns": 48758821192300,
  "measurement_start_monotonic_ns": 48728821559100,
  "operations": 516469817344,
  "pid": 12384,
  "planned_measurement_end_monotonic_ns": 48758820888000,
  "planned_measurement_start_monotonic_ns": 48728820888000,
  "pressure_requested": 0.25,
  "resource": "memory_bandwidth",
  "schema_version": 1,
  "sleep_s": 22.076155200003996,
  "started_wall_time_ns": 1786942253436904600,
  "status": "completed",
  "warmup_active_s": 2.590915799999493,
  "warmup_elapsed_s": 9.98564179999812,
  "warmup_operations": 171798691840,
  "warmup_sleep_s": 7.375470100014354
}
