{
  "active_fraction": 0.0,
  "active_s": 0.0,
  "allocated_bytes": 0,
  "barrier_used": true,
  "barrier_wait_s": 0.7811269000003449,
  "capacity_bytes": 0,
  "duty_cycle_s": 0.25,
  "elapsed_s": 60.00027620000037,
  "finished_wall_time_ns": 1786852853587612800,
  "measurement_end_monotonic_ns": 6618297296900,
  "measurement_start_monotonic_ns": 6558297006000,
  "operations": 0,
  "pid": 4604,
  "planned_measurement_end_monotonic_ns": 6618296742400,
  "planned_measurement_start_monotonic_ns": 6558296742400,
  "pressure_requested": 0.0,
  "resource": "gpu_memory",
  "schema_version": 1,
  "sleep_s": 59.91669689999435,
  "started_wall_time_ns": 1786852772815811300,
  "status": "completed",
  "warmup_active_s": 0.0,
  "warmup_elapsed_s": 19.984725700000126,
  "warmup_operations": 0,
  "warmup_sleep_s": 19.96054279999953
}
