{
  "active_fraction": 0.25280270707250674,
  "active_s": 7.584032800456043,
  "allocated_bytes": 0,
  "barrier_used": true,
  "barrier_wait_s": 0.6827531999952043,
  "benchmark_environment": {
    "environment": {
      "BLIS_NUM_THREADS": "1",
      "MKL_NUM_THREADS": "1",
      "NUMEXPR_NUM_THREADS": "1",
      "OMP_NUM_THREADS": "1",
      "OPENBLAS_NUM_THREADS": "1",
      "VECLIB_MAXIMUM_THREADS": "1"
    },
    "native_thread_limit": 1,
    "protocol": "native_threads_1_warmup5_duration15_repeats5_cv10_v2"
  },
  "capacity_bytes": 0,
  "duty_cycle_s": 0.25,
  "elapsed_s": 29.999808499997016,
  "finished_wall_time_ns": 1786942868637087900,
  "measurement_end_monotonic_ns": 49333345144400,
  "measurement_start_monotonic_ns": 49303345307600,
  "operations": 2211446784,
  "pid": 16472,
  "planned_measurement_end_monotonic_ns": 49333344527400,
  "planned_measurement_start_monotonic_ns": 49303344527400,
  "pressure_requested": 0.25,
  "resource": "cpu_compute",
  "schema_version": 1,
  "sleep_s": 22.358321500032616,
  "started_wall_time_ns": 1786942827975678900,
  "status": "completed",
  "warmup_active_s": 2.5259476998180617,
  "warmup_elapsed_s": 9.973173500002304,
  "warmup_operations": 744488960,
  "warmup_sleep_s": 7.4290806999924826
}
