{
  "active_fraction": 0.13598738675838268,
  "active_s": 4.079409000070882,
  "allocated_bytes": 0,
  "barrier_used": true,
  "barrier_wait_s": 0.0731104999940726,
  "benchmark_environment": {
    "environment": {
      "BLIS_NUM_THREADS": "1",
      "MKL_NUM_THREADS": "1",
      "NUMEXPR_NUM_THREADS": "1",
      "OMP_NUM_THREADS": "1",
      "OPENBLAS_NUM_THREADS": "1",
      "VECLIB_MAXIMUM_THREADS": "1"
    },
    "native_thread_limit": 1,
    "protocol": "native_threads_1_warmup5_duration15_repeats5_cv10_v2"
  },
  "capacity_bytes": 0,
  "duty_cycle_s": 0.25,
  "elapsed_s": 29.998436599998968,
  "finished_wall_time_ns": 1786937785553687200,
  "measurement_end_monotonic_ns": 44250261565800,
  "measurement_start_monotonic_ns": 44220263084200,
  "operations": 1160773632,
  "pid": 10592,
  "planned_measurement_end_monotonic_ns": 44250261076800,
  "planned_measurement_start_monotonic_ns": 44220261076800,
  "pressure_requested": 0.125,
  "resource": "gpu_compute",
  "schema_version": 1,
  "sleep_s": 25.862082400017243,
  "started_wall_time_ns": 1786937743907300100,
  "status": "completed",
  "warmup_active_s": 1.2645149999152636,
  "warmup_elapsed_s": 9.9727533999976,
  "warmup_operations": 2388656128,
  "warmup_sleep_s": 8.688005899974087
}
