{
  "active_fraction": 0.06361336185904753,
  "active_s": 0.47714870004710974,
  "allocated_bytes": 0,
  "barrier_used": false,
  "barrier_wait_s": 0.0,
  "capacity_bytes": 0,
  "duty_cycle_s": 0.25,
  "elapsed_s": 7.500762199997553,
  "finished_wall_time_ns": 1786889298940727400,
  "measurement_end_monotonic_ns": 43064692589000,
  "measurement_start_monotonic_ns": 43057191798100,
  "operations": 1124073472,
  "pid": 26644,
  "planned_measurement_end_monotonic_ns": 43064691798200,
  "planned_measurement_start_monotonic_ns": 43057191794500,
  "pressure_requested": 0.0625,
  "resource": "gpu_compute",
  "schema_version": 1,
  "sleep_s": 7.009559000012814,
  "started_wall_time_ns": 1786889289716506400,
  "status": "completed",
  "warmup_active_s": 0.0,
  "warmup_elapsed_s": 4.2000028770416975e-06,
  "warmup_operations": 0,
  "warmup_sleep_s": 0.0
}
