{
  "active_fraction": 0.2573825287133458,
  "active_s": 7.721535599885101,
  "allocated_bytes": 268435456,
  "barrier_used": true,
  "barrier_wait_s": 0.06720179999683751,
  "capacity_bytes": 1073741824,
  "duty_cycle_s": 0.25,
  "elapsed_s": 30.000232099999266,
  "finished_wall_time_ns": 1786881115535038600,
  "measurement_end_monotonic_ns": 34881286974800,
  "measurement_start_monotonic_ns": 34851286728799,
  "operations": 1047435149312,
  "pid": 9820,
  "planned_measurement_end_monotonic_ns": 34881286312300,
  "planned_measurement_start_monotonic_ns": 34851286312300,
  "pressure_requested": 0.25,
  "resource": "gpu_memory",
  "schema_version": 1,
  "sleep_s": 22.2275024000337,
  "started_wall_time_ns": 1786881073836053700,
  "status": "completed",
  "warmup_active_s": 2.5469003999969573,
  "warmup_elapsed_s": 9.98286029999872,
  "warmup_operations": 518617300992,
  "warmup_sleep_s": 7.418733799975598
}
