{
  "active_fraction": 0.2505142581177204,
  "active_s": 1.8789126001502154,
  "allocated_bytes": 0,
  "barrier_used": false,
  "barrier_wait_s": 0.0,
  "capacity_bytes": 0,
  "duty_cycle_s": 0.25,
  "elapsed_s": 7.500222199996642,
  "finished_wall_time_ns": 1786889387801989100,
  "measurement_end_monotonic_ns": 43153553822900,
  "measurement_start_monotonic_ns": 43146053573400,
  "operations": 4862246912,
  "pid": 15528,
  "planned_measurement_end_monotonic_ns": 43153553573500,
  "planned_measurement_start_monotonic_ns": 43146053568500,
  "pressure_requested": 0.25,
  "resource": "gpu_compute",
  "schema_version": 1,
  "sleep_s": 5.608170900013647,
  "started_wall_time_ns": 1786889378528785200,
  "status": "completed",
  "warmup_active_s": 0.0,
  "warmup_elapsed_s": 5.49999822396785e-06,
  "warmup_operations": 0,
  "warmup_sleep_s": 0.0
}
