{
  "active_fraction": 0.12768063566753748,
  "active_s": 1.9790776999934678,
  "allocated_bytes": 0,
  "barrier_used": false,
  "barrier_wait_s": 0.0,
  "benchmark_environment": {
    "environment": {
      "BLIS_NUM_THREADS": "1",
      "MKL_NUM_THREADS": "1",
      "NUMEXPR_NUM_THREADS": "1",
      "OMP_NUM_THREADS": "1",
      "OPENBLAS_NUM_THREADS": "1",
      "VECLIB_MAXIMUM_THREADS": "1"
    },
    "native_thread_limit": 1,
    "protocol": "native_threads_1_warmup5_duration15_repeats5_v1"
  },
  "capacity_bytes": 0,
  "duty_cycle_s": 0.25,
  "elapsed_s": 15.500218099999984,
  "finished_wall_time_ns": 1786899651698272300,
  "measurement_end_monotonic_ns": 6116406110300,
  "measurement_start_monotonic_ns": 6100905865400,
  "operations": 1222639616,
  "pid": 23284,
  "planned_measurement_end_monotonic_ns": 6116405866400,
  "planned_measurement_start_monotonic_ns": 6100905631000,
  "pressure_requested": 0.125,
  "resource": "gpu_compute",
  "schema_version": 1,
  "sleep_s": 13.49589880000076,
  "started_wall_time_ns": 1786899629756551300,
  "status": "completed",
  "warmup_active_s": 0.6270549999844661,
  "warmup_elapsed_s": 5.0002347999998165,
  "warmup_operations": 1695547392,
  "warmup_sleep_s": 4.364431999998487
}
