{
  "active_fraction": 0.2676680374172888,
  "active_s": 16.060087999900134,
  "allocated_bytes": 0,
  "barrier_used": true,
  "barrier_wait_s": 0.7189871999980824,
  "capacity_bytes": 0,
  "duty_cycle_s": 0.25,
  "elapsed_s": 60.0000215,
  "finished_wall_time_ns": 1786866551771089500,
  "measurement_end_monotonic_ns": 20316480787700,
  "measurement_start_monotonic_ns": 20256480730800,
  "operations": 1087897600,
  "pid": 11720,
  "planned_measurement_end_monotonic_ns": 20316480347700,
  "planned_measurement_start_monotonic_ns": 20256480347700,
  "pressure_requested": 0.25,
  "resource": "cpu_compute",
  "schema_version": 1,
  "sleep_s": 43.82128950000697,
  "started_wall_time_ns": 1786866471063958200,
  "status": "completed",
  "warmup_active_s": 5.314269800008333,
  "warmup_elapsed_s": 19.98072830000092,
  "warmup_operations": 364904448,
  "warmup_sleep_s": 14.629505299999437
}
