{
  "active_fraction": 0.7740818863759275,
  "active_s": 5.03189189988916,
  "allocated_bytes": 805306368,
  "barrier_used": false,
  "barrier_wait_s": 0.0,
  "capacity_bytes": 1073741824,
  "duty_cycle_s": 0.25,
  "elapsed_s": 6.500464600001578,
  "finished_wall_time_ns": 1786891208303517400,
  "measurement_end_monotonic_ns": 44974055333900,
  "measurement_start_monotonic_ns": 44967554843100,
  "operations": 1085552984064,
  "pid": 13096,
  "planned_measurement_end_monotonic_ns": 44974054843400,
  "planned_measurement_start_monotonic_ns": 44967554525600,
  "pressure_requested": 0.75,
  "resource": "gpu_memory",
  "schema_version": 1,
  "sleep_s": 1.4560283999962849,
  "started_wall_time_ns": 1786891199035264000,
  "status": "completed",
  "warmup_active_s": 0.7727441999813891,
  "warmup_elapsed_s": 1.0003178999977536,
  "warmup_operations": 159450660864,
  "warmup_sleep_s": 0.22662409999611555
}
