{
  "active_fraction": 0.19303790480072197,
  "active_s": 2.9921553000194763,
  "allocated_bytes": 0,
  "barrier_used": false,
  "barrier_wait_s": 0.0,
  "benchmark_environment": {
    "environment": {
      "BLIS_NUM_THREADS": "1",
      "MKL_NUM_THREADS": "1",
      "NUMEXPR_NUM_THREADS": "1",
      "OMP_NUM_THREADS": "1",
      "OPENBLAS_NUM_THREADS": "1",
      "VECLIB_MAXIMUM_THREADS": "1"
    },
    "native_thread_limit": 1,
    "protocol": "native_threads_1_warmup5_duration15_repeats5_v1"
  },
  "capacity_bytes": 0,
  "duty_cycle_s": 0.25,
  "elapsed_s": 15.500351099999534,
  "finished_wall_time_ns": 1786899787751730800,
  "measurement_end_monotonic_ns": 6252459548900,
  "measurement_start_monotonic_ns": 6236959170500,
  "operations": 2277507072,
  "pid": 21888,
  "planned_measurement_end_monotonic_ns": 6252459171300,
  "planned_measurement_start_monotonic_ns": 6236958958700,
  "pressure_requested": 0.1875,
  "resource": "gpu_compute",
  "schema_version": 1,
  "sleep_s": 12.482196199995997,
  "started_wall_time_ns": 1786899765726872700,
  "status": "completed",
  "warmup_active_s": 0.9397550999719897,
  "warmup_elapsed_s": 5.000212400000237,
  "warmup_operations": 2660237312,
  "warmup_sleep_s": 4.051236200000858
}
