{
  "active_fraction": 0.5440554683380013,
  "active_s": 3.5366570000187494,
  "allocated_bytes": 536870912,
  "barrier_used": false,
  "barrier_wait_s": 0.0,
  "capacity_bytes": 0,
  "duty_cycle_s": 0.25,
  "elapsed_s": 6.500544899994566,
  "finished_wall_time_ns": 1786890908096655600,
  "measurement_end_monotonic_ns": 44673848500000,
  "measurement_start_monotonic_ns": 44667347929800,
  "operations": 244813135872,
  "pid": 2028,
  "planned_measurement_end_monotonic_ns": 44673847930000,
  "planned_measurement_start_monotonic_ns": 44667347735400,
  "pressure_requested": 0.5,
  "resource": "memory_bandwidth",
  "schema_version": 1,
  "sleep_s": 2.952075799992599,
  "started_wall_time_ns": 1786890900505903000,
  "status": "completed",
  "warmup_active_s": 0.5398561999754747,
  "warmup_elapsed_s": 1.000194799999008,
  "warmup_operations": 37580963840,
  "warmup_sleep_s": 0.4591825000024983
}
