{
  "active_fraction": 0.7525700872167993,
  "active_s": 11.664953000225069,
  "allocated_bytes": 0,
  "barrier_used": false,
  "barrier_wait_s": 0.0,
  "benchmark_environment": {
    "environment": {
      "BLIS_NUM_THREADS": "1",
      "MKL_NUM_THREADS": "1",
      "NUMEXPR_NUM_THREADS": "1",
      "OMP_NUM_THREADS": "1",
      "OPENBLAS_NUM_THREADS": "1",
      "VECLIB_MAXIMUM_THREADS": "1"
    },
    "native_thread_limit": 1,
    "protocol": "native_threads_1_warmup5_duration15_repeats5_cv10_v2"
  },
  "capacity_bytes": 0,
  "duty_cycle_s": 0.25,
  "elapsed_s": 15.500155000001541,
  "finished_wall_time_ns": 1786930765290101100,
  "measurement_end_monotonic_ns": 37229997904600,
  "measurement_start_monotonic_ns": 37214497716300,
  "operations": 3797942272,
  "pid": 25764,
  "planned_measurement_end_monotonic_ns": 37229997716700,
  "planned_measurement_start_monotonic_ns": 37214497407400,
  "pressure_requested": 0.75,
  "resource": "cpu_compute",
  "schema_version": 1,
  "sleep_s": 3.806390099991404,
  "started_wall_time_ns": 1786930744781695300,
  "status": "completed",
  "warmup_active_s": 3.757929399900604,
  "warmup_elapsed_s": 5.000309199996991,
  "warmup_operations": 1302331392,
  "warmup_sleep_s": 1.234018199997081
}
