{
  "active_fraction": 0.0,
  "active_s": 0.0,
  "allocated_bytes": 0,
  "barrier_used": true,
  "barrier_wait_s": 0.6928120000011404,
  "benchmark_environment": {
    "environment": {
      "BLIS_NUM_THREADS": "1",
      "MKL_NUM_THREADS": "1",
      "NUMEXPR_NUM_THREADS": "1",
      "OMP_NUM_THREADS": "1",
      "OPENBLAS_NUM_THREADS": "1",
      "VECLIB_MAXIMUM_THREADS": "1"
    },
    "native_thread_limit": 1,
    "protocol": "native_threads_1_warmup5_duration15_repeats5_cv10_v2"
  },
  "capacity_bytes": 0,
  "duty_cycle_s": 0.25,
  "elapsed_s": 30.000019999999495,
  "finished_wall_time_ns": 1786947445163413000,
  "measurement_end_monotonic_ns": 53909871444300,
  "measurement_start_monotonic_ns": 53879871398000,
  "operations": 0,
  "pid": 9840,
  "planned_measurement_end_monotonic_ns": 53909870782600,
  "planned_measurement_start_monotonic_ns": 53879870782600,
  "pressure_requested": 0.0,
  "resource": "cpu_compute",
  "schema_version": 1,
  "sleep_s": 29.941365400023642,
  "started_wall_time_ns": 1786947404495889500,
  "status": "completed",
  "warmup_active_s": 0.0,
  "warmup_elapsed_s": 9.969903500001237,
  "warmup_operations": 0,
  "warmup_sleep_s": 9.952402000017173
}
