{
  "active_fraction": 0.0,
  "active_s": 0.0,
  "allocated_bytes": 0,
  "barrier_used": true,
  "barrier_wait_s": 0.7164215000011609,
  "benchmark_environment": {
    "environment": {
      "BLIS_NUM_THREADS": "1",
      "MKL_NUM_THREADS": "1",
      "NUMEXPR_NUM_THREADS": "1",
      "OMP_NUM_THREADS": "1",
      "OPENBLAS_NUM_THREADS": "1",
      "VECLIB_MAXIMUM_THREADS": "1"
    },
    "native_thread_limit": 1,
    "protocol": "native_threads_1_warmup5_duration15_repeats5_cv10_v2"
  },
  "capacity_bytes": 0,
  "duty_cycle_s": 0.25,
  "elapsed_s": 29.999857099996007,
  "finished_wall_time_ns": 1786954725501132300,
  "measurement_end_monotonic_ns": 61190209085800,
  "measurement_start_monotonic_ns": 61160209196800,
  "operations": 0,
  "pid": 17888,
  "planned_measurement_end_monotonic_ns": 61190208705700,
  "planned_measurement_start_monotonic_ns": 61160208705700,
  "pressure_requested": 0.0,
  "resource": "gpu_compute",
  "schema_version": 1,
  "sleep_s": 29.93853380005021,
  "started_wall_time_ns": 1786954684813756200,
  "status": "completed",
  "warmup_active_s": 0.0,
  "warmup_elapsed_s": 9.96615020000172,
  "warmup_operations": 0,
  "warmup_sleep_s": 9.945492600018042
}
