{
  "active_fraction": 0.2578348123613742,
  "active_s": 7.734996800318186,
  "allocated_bytes": 0,
  "barrier_used": true,
  "barrier_wait_s": 0.046111200004816055,
  "benchmark_environment": {
    "environment": {
      "BLIS_NUM_THREADS": "1",
      "MKL_NUM_THREADS": "1",
      "NUMEXPR_NUM_THREADS": "1",
      "OMP_NUM_THREADS": "1",
      "OPENBLAS_NUM_THREADS": "1",
      "VECLIB_MAXIMUM_THREADS": "1"
    },
    "native_thread_limit": 1,
    "protocol": "native_threads_1_warmup5_duration15_repeats5_cv10_v2"
  },
  "capacity_bytes": 0,
  "duty_cycle_s": 0.25,
  "elapsed_s": 29.999815499999386,
  "finished_wall_time_ns": 1786949610006142700,
  "measurement_end_monotonic_ns": 56074714370500,
  "measurement_start_monotonic_ns": 56044714530900,
  "operations": 3058696192,
  "pid": 11520,
  "planned_measurement_end_monotonic_ns": 56074713415200,
  "planned_measurement_start_monotonic_ns": 56044713415200,
  "pressure_requested": 0.25,
  "resource": "gpu_compute",
  "schema_version": 1,
  "sleep_s": 22.211363700007496,
  "started_wall_time_ns": 1786949568409206000,
  "status": "completed",
  "warmup_active_s": 2.5065608002914814,
  "warmup_elapsed_s": 9.985205599994515,
  "warmup_operations": 5830082560,
  "warmup_sleep_s": 7.461809800006449
}
