{
  "active_fraction": 0.2529025224906885,
  "active_s": 7.587167200144904,
  "allocated_bytes": 0,
  "barrier_used": true,
  "barrier_wait_s": 0.6819293000007747,
  "benchmark_environment": {
    "environment": {
      "BLIS_NUM_THREADS": "1",
      "MKL_NUM_THREADS": "1",
      "NUMEXPR_NUM_THREADS": "1",
      "OMP_NUM_THREADS": "1",
      "OPENBLAS_NUM_THREADS": "1",
      "VECLIB_MAXIMUM_THREADS": "1"
    },
    "native_thread_limit": 1,
    "protocol": "native_threads_1_warmup5_duration15_repeats5_cv10_v2"
  },
  "capacity_bytes": 0,
  "duty_cycle_s": 0.25,
  "elapsed_s": 30.000361900005373,
  "finished_wall_time_ns": 1786948238602733200,
  "measurement_end_monotonic_ns": 54703310620600,
  "measurement_start_monotonic_ns": 54673310239900,
  "operations": 2222981120,
  "pid": 2372,
  "planned_measurement_end_monotonic_ns": 54703310005200,
  "planned_measurement_start_monotonic_ns": 54673310005200,
  "pressure_requested": 0.25,
  "resource": "cpu_compute",
  "schema_version": 1,
  "sleep_s": 22.352713900028903,
  "started_wall_time_ns": 1786948197937493600,
  "status": "completed",
  "warmup_active_s": 2.5308667000717833,
  "warmup_elapsed_s": 9.977156599998125,
  "warmup_operations": 738721792,
  "warmup_sleep_s": 7.428231599988067
}
