{
  "active_fraction": 0.7524031510699422,
  "active_s": 22.57209219964716,
  "allocated_bytes": 0,
  "barrier_used": true,
  "barrier_wait_s": 0.71187629999622,
  "benchmark_environment": {
    "environment": {
      "BLIS_NUM_THREADS": "1",
      "MKL_NUM_THREADS": "1",
      "NUMEXPR_NUM_THREADS": "1",
      "OMP_NUM_THREADS": "1",
      "OPENBLAS_NUM_THREADS": "1",
      "VECLIB_MAXIMUM_THREADS": "1"
    },
    "native_thread_limit": 1,
    "protocol": "native_threads_1_warmup5_duration15_repeats5_cv10_v2"
  },
  "capacity_bytes": 0,
  "duty_cycle_s": 0.25,
  "elapsed_s": 29.999996899998223,
  "finished_wall_time_ns": 1786955557713194800,
  "measurement_end_monotonic_ns": 62022420952200,
  "measurement_start_monotonic_ns": 61992420940500,
  "operations": 8125415424,
  "pid": 27336,
  "planned_measurement_end_monotonic_ns": 62022420769400,
  "planned_measurement_start_monotonic_ns": 61992420769400,
  "pressure_requested": 0.75,
  "resource": "cpu_compute",
  "schema_version": 1,
  "sleep_s": 7.372319599991897,
  "started_wall_time_ns": 1786955517016361200,
  "status": "completed",
  "warmup_active_s": 7.522696099855239,
  "warmup_elapsed_s": 9.979007100002491,
  "warmup_operations": 2787115008,
  "warmup_sleep_s": 2.438751100016816
}
