{
  "active_fraction": 0.5399089565907463,
  "active_s": 4.049699699928169,
  "allocated_bytes": 536870912,
  "barrier_used": false,
  "barrier_wait_s": 0.0,
  "capacity_bytes": 0,
  "duty_cycle_s": 0.25,
  "elapsed_s": 7.500708500003384,
  "finished_wall_time_ns": 1786889208090372900,
  "measurement_end_monotonic_ns": 42973842684700,
  "measurement_start_monotonic_ns": 42966341944600,
  "operations": 281320357888,
  "pid": 30788,
  "planned_measurement_end_monotonic_ns": 42973841944700,
  "planned_measurement_start_monotonic_ns": 42966341941500,
  "pressure_requested": 0.5,
  "resource": "memory_bandwidth",
  "schema_version": 1,
  "sleep_s": 3.435558199962543,
  "started_wall_time_ns": 1786889200500812800,
  "status": "completed",
  "warmup_active_s": 0.0,
  "warmup_elapsed_s": 3.3999967854470015e-06,
  "warmup_operations": 0,
  "warmup_sleep_s": 0.0
}
