{
  "active_fraction": 0.2611904981152183,
  "active_s": 7.835782200010726,
  "allocated_bytes": 0,
  "barrier_used": true,
  "barrier_wait_s": 0.0912462999986019,
  "benchmark_environment": {
    "environment": {
      "BLIS_NUM_THREADS": "1",
      "MKL_NUM_THREADS": "1",
      "NUMEXPR_NUM_THREADS": "1",
      "OMP_NUM_THREADS": "1",
      "OPENBLAS_NUM_THREADS": "1",
      "VECLIB_MAXIMUM_THREADS": "1"
    },
    "native_thread_limit": 1,
    "protocol": "native_threads_1_warmup5_duration15_repeats5_cv10_v2"
  },
  "capacity_bytes": 0,
  "duty_cycle_s": 0.25,
  "elapsed_s": 30.0002575000035,
  "finished_wall_time_ns": 1786944233271041700,
  "measurement_end_monotonic_ns": 50697978916000,
  "measurement_start_monotonic_ns": 50667978640700,
  "operations": 3143630848,
  "pid": 19124,
  "planned_measurement_end_monotonic_ns": 50697978444900,
  "planned_measurement_start_monotonic_ns": 50667978444900,
  "pressure_requested": 0.25,
  "resource": "gpu_compute",
  "schema_version": 1,
  "sleep_s": 22.107013099979667,
  "started_wall_time_ns": 1786944191540858000,
  "status": "completed",
  "warmup_active_s": 2.5075158996187383,
  "warmup_elapsed_s": 9.980001800002356,
  "warmup_operations": 5837422592,
  "warmup_sleep_s": 7.4549278000122285
}
