{
  "active_fraction": 0.1880790245666326,
  "active_s": 1.41072149957472,
  "allocated_bytes": 0,
  "barrier_used": false,
  "barrier_wait_s": 0.0,
  "capacity_bytes": 0,
  "duty_cycle_s": 0.25,
  "elapsed_s": 7.500684900005581,
  "finished_wall_time_ns": 1786889358089147900,
  "measurement_end_monotonic_ns": 43123841120700,
  "measurement_start_monotonic_ns": 43116340404300,
  "operations": 3699376128,
  "pid": 34364,
  "planned_measurement_end_monotonic_ns": 43123840404400,
  "planned_measurement_start_monotonic_ns": 43116340400400,
  "pressure_requested": 0.1875,
  "resource": "gpu_compute",
  "schema_version": 1,
  "sleep_s": 6.0764439000195125,
  "started_wall_time_ns": 1786889348861291200,
  "status": "completed",
  "warmup_active_s": 0.0,
  "warmup_elapsed_s": 4.29999636253342e-06,
  "warmup_operations": 0,
  "warmup_sleep_s": 0.0
}
