{
  "active_fraction": 0.26617957052091124,
  "active_s": 7.985453900080756,
  "allocated_bytes": 536870912,
  "barrier_used": true,
  "barrier_wait_s": 0.6163917000012589,
  "benchmark_environment": {
    "environment": {
      "BLIS_NUM_THREADS": "1",
      "MKL_NUM_THREADS": "1",
      "NUMEXPR_NUM_THREADS": "1",
      "OMP_NUM_THREADS": "1",
      "OPENBLAS_NUM_THREADS": "1",
      "VECLIB_MAXIMUM_THREADS": "1"
    },
    "native_thread_limit": 1,
    "protocol": "native_threads_1_warmup5_duration15_repeats5_cv10_v2"
  },
  "capacity_bytes": 0,
  "duty_cycle_s": 0.25,
  "elapsed_s": 30.0002508999969,
  "finished_wall_time_ns": 1786952921912966300,
  "measurement_end_monotonic_ns": 59386620876700,
  "measurement_start_monotonic_ns": 59356620603700,
  "operations": 527207235584,
  "pid": 7404,
  "planned_measurement_end_monotonic_ns": 59386620252200,
  "planned_measurement_start_monotonic_ns": 59356620252200,
  "pressure_requested": 0.25,
  "resource": "memory_bandwidth",
  "schema_version": 1,
  "sleep_s": 21.930417900002794,
  "started_wall_time_ns": 1786952881244871100,
  "status": "completed",
  "warmup_active_s": 2.609887799990247,
  "warmup_elapsed_s": 9.96496930000285,
  "warmup_operations": 173946175488,
  "warmup_sleep_s": 7.311840300077165
}
