{
  "active_fraction": 0.7525487705682169,
  "active_s": 11.66498020004201,
  "allocated_bytes": 0,
  "barrier_used": false,
  "barrier_wait_s": 0.0,
  "benchmark_environment": {
    "environment": {
      "BLIS_NUM_THREADS": "1",
      "MKL_NUM_THREADS": "1",
      "NUMEXPR_NUM_THREADS": "1",
      "OMP_NUM_THREADS": "1",
      "OPENBLAS_NUM_THREADS": "1",
      "VECLIB_MAXIMUM_THREADS": "1"
    },
    "native_thread_limit": 1,
    "protocol": "native_threads_1_warmup5_duration15_repeats5_v1"
  },
  "capacity_bytes": 0,
  "duty_cycle_s": 0.25,
  "elapsed_s": 15.50063019999925,
  "finished_wall_time_ns": 1786898735284703700,
  "measurement_end_monotonic_ns": 5199992545400,
  "measurement_start_monotonic_ns": 5184491888100,
  "operations": 4280811520,
  "pid": 26396,
  "planned_measurement_end_monotonic_ns": 5199991888600,
  "planned_measurement_start_monotonic_ns": 5184491474500,
  "pressure_requested": 0.75,
  "resource": "cpu_compute",
  "schema_version": 1,
  "sleep_s": 3.8037730000005467,
  "started_wall_time_ns": 1786898714775309000,
  "status": "completed",
  "warmup_active_s": 3.761138100037897,
  "warmup_elapsed_s": 5.00041390000024,
  "warmup_operations": 1385168896,
  "warmup_sleep_s": 1.2295859000005294
}
