{
  "active_fraction": 0.26359209265713823,
  "active_s": 7.907723899879784,
  "allocated_bytes": 0,
  "barrier_used": true,
  "barrier_wait_s": 0.06784569999581436,
  "benchmark_environment": {
    "environment": {
      "BLIS_NUM_THREADS": "1",
      "MKL_NUM_THREADS": "1",
      "NUMEXPR_NUM_THREADS": "1",
      "OMP_NUM_THREADS": "1",
      "OPENBLAS_NUM_THREADS": "1",
      "VECLIB_MAXIMUM_THREADS": "1"
    },
    "native_thread_limit": 1,
    "protocol": "native_threads_1_warmup5_duration15_repeats5_cv10_v2"
  },
  "capacity_bytes": 0,
  "duty_cycle_s": 0.25,
  "elapsed_s": 29.99985249999736,
  "finished_wall_time_ns": 1786935593504655300,
  "measurement_end_monotonic_ns": 42058212564300,
  "measurement_start_monotonic_ns": 42028212678400,
  "operations": 2723151872,
  "pid": 21508,
  "planned_measurement_end_monotonic_ns": 42058212349900,
  "planned_measurement_start_monotonic_ns": 42028212349900,
  "pressure_requested": 0.25,
  "resource": "gpu_compute",
  "schema_version": 1,
  "sleep_s": 22.033245600090595,
  "started_wall_time_ns": 1786935551837487900,
  "status": "completed",
  "warmup_active_s": 2.5120230001120945,
  "warmup_elapsed_s": 9.989334400001098,
  "warmup_operations": 5715787776,
  "warmup_sleep_s": 7.457628300006036
}
