{
  "active_fraction": 0.752680262337677,
  "active_s": 11.666609699954279,
  "allocated_bytes": 0,
  "barrier_used": false,
  "barrier_wait_s": 0.0,
  "benchmark_environment": {
    "environment": {
      "BLIS_NUM_THREADS": "1",
      "MKL_NUM_THREADS": "1",
      "NUMEXPR_NUM_THREADS": "1",
      "OMP_NUM_THREADS": "1",
      "OPENBLAS_NUM_THREADS": "1",
      "VECLIB_MAXIMUM_THREADS": "1"
    },
    "native_thread_limit": 1,
    "protocol": "native_threads_1_warmup5_duration15_repeats5_cv10_v2"
  },
  "capacity_bytes": 0,
  "duty_cycle_s": 0.25,
  "elapsed_s": 15.500087200001872,
  "finished_wall_time_ns": 1786930723196549200,
  "measurement_end_monotonic_ns": 37187904377000,
  "measurement_start_monotonic_ns": 37172404256800,
  "operations": 3959947264,
  "pid": 25760,
  "planned_measurement_end_monotonic_ns": 37187904257500,
  "planned_measurement_start_monotonic_ns": 37172403927000,
  "pressure_requested": 0.75,
  "resource": "cpu_compute",
  "schema_version": 1,
  "sleep_s": 3.8045544999695267,
  "started_wall_time_ns": 1786930702689522900,
  "status": "completed",
  "warmup_active_s": 3.761744399824238,
  "warmup_elapsed_s": 5.000330000002577,
  "warmup_operations": 1336934400,
  "warmup_sleep_s": 1.2266875000132131
}
