{
  "active_fraction": 0.0,
  "active_s": 0.0,
  "allocated_bytes": 0,
  "barrier_used": false,
  "barrier_wait_s": 0.0,
  "benchmark_environment": {
    "environment": {
      "BLIS_NUM_THREADS": "1",
      "MKL_NUM_THREADS": "1",
      "NUMEXPR_NUM_THREADS": "1",
      "OMP_NUM_THREADS": "1",
      "OPENBLAS_NUM_THREADS": "1",
      "VECLIB_MAXIMUM_THREADS": "1"
    },
    "native_thread_limit": 1,
    "protocol": "native_threads_1_warmup5_duration15_repeats5_v1"
  },
  "capacity_bytes": 0,
  "duty_cycle_s": 0.25,
  "elapsed_s": 15.500219699999434,
  "finished_wall_time_ns": 1786898419966801400,
  "measurement_end_monotonic_ns": 4884674635200,
  "measurement_start_monotonic_ns": 4869174389200,
  "operations": 0,
  "pid": 26876,
  "planned_measurement_end_monotonic_ns": 4884674390300,
  "planned_measurement_start_monotonic_ns": 4869174025100,
  "pressure_requested": 0.0,
  "resource": "cpu_compute",
  "schema_version": 1,
  "sleep_s": 15.455255600000783,
  "started_wall_time_ns": 1786898399460887000,
  "status": "completed",
  "warmup_active_s": 0.0,
  "warmup_elapsed_s": 5.0003644000007625,
  "warmup_operations": 0,
  "warmup_sleep_s": 4.992522299999109
}
