{
  "active_fraction": 0.5025525518293318,
  "active_s": 15.076703600163455,
  "allocated_bytes": 0,
  "barrier_used": true,
  "barrier_wait_s": 0.6845647999944049,
  "benchmark_environment": {
    "environment": {
      "BLIS_NUM_THREADS": "1",
      "MKL_NUM_THREADS": "1",
      "NUMEXPR_NUM_THREADS": "1",
      "OMP_NUM_THREADS": "1",
      "OPENBLAS_NUM_THREADS": "1",
      "VECLIB_MAXIMUM_THREADS": "1"
    },
    "native_thread_limit": 1,
    "protocol": "native_threads_1_warmup5_duration15_repeats5_cv10_v2"
  },
  "capacity_bytes": 0,
  "duty_cycle_s": 0.25,
  "elapsed_s": 30.000252799996815,
  "finished_wall_time_ns": 1786945921482675300,
  "measurement_end_monotonic_ns": 52386190680300,
  "measurement_start_monotonic_ns": 52356190404100,
  "operations": 4880596992,
  "pid": 10628,
  "planned_measurement_end_monotonic_ns": 52386189904000,
  "planned_measurement_start_monotonic_ns": 52356189904000,
  "pressure_requested": 0.5,
  "resource": "cpu_compute",
  "schema_version": 1,
  "sleep_s": 14.863501700056077,
  "started_wall_time_ns": 1786945880820857300,
  "status": "completed",
  "warmup_active_s": 5.020964400158846,
  "warmup_elapsed_s": 9.970502000003762,
  "warmup_operations": 1767374848,
  "warmup_sleep_s": 4.928735400011647
}
