{
  "active_fraction": 0.2626864705958591,
  "active_s": 7.880577699972491,
  "allocated_bytes": 536870912,
  "barrier_used": true,
  "barrier_wait_s": 0.6090258999975049,
  "benchmark_environment": {
    "environment": {
      "BLIS_NUM_THREADS": "1",
      "MKL_NUM_THREADS": "1",
      "NUMEXPR_NUM_THREADS": "1",
      "OMP_NUM_THREADS": "1",
      "OPENBLAS_NUM_THREADS": "1",
      "VECLIB_MAXIMUM_THREADS": "1"
    },
    "native_thread_limit": 1,
    "protocol": "native_threads_1_warmup5_duration15_repeats5_cv10_v2"
  },
  "capacity_bytes": 0,
  "duty_cycle_s": 0.25,
  "elapsed_s": 29.999937500004307,
  "finished_wall_time_ns": 1786942972046220000,
  "measurement_end_monotonic_ns": 49436754116600,
  "measurement_start_monotonic_ns": 49406754161000,
  "operations": 518617300992,
  "pid": 6628,
  "planned_measurement_end_monotonic_ns": 49436753410600,
  "planned_measurement_start_monotonic_ns": 49406753410600,
  "pressure_requested": 0.25,
  "resource": "memory_bandwidth",
  "schema_version": 1,
  "sleep_s": 22.060520299964992,
  "started_wall_time_ns": 1786942931369311900,
  "status": "completed",
  "warmup_active_s": 2.6153499000211013,
  "warmup_elapsed_s": 9.980160599996452,
  "warmup_operations": 171798691840,
  "warmup_sleep_s": 7.345929100003559
}
