{
  "active_fraction": 0.25274982356422765,
  "active_s": 7.582454999930633,
  "allocated_bytes": 0,
  "barrier_used": true,
  "barrier_wait_s": 0.7402273999978206,
  "benchmark_environment": {
    "environment": {
      "BLIS_NUM_THREADS": "1",
      "MKL_NUM_THREADS": "1",
      "NUMEXPR_NUM_THREADS": "1",
      "OMP_NUM_THREADS": "1",
      "OPENBLAS_NUM_THREADS": "1",
      "VECLIB_MAXIMUM_THREADS": "1"
    },
    "native_thread_limit": 1,
    "protocol": "native_threads_1_warmup5_duration15_repeats5_cv10_v2"
  },
  "capacity_bytes": 0,
  "duty_cycle_s": 0.25,
  "elapsed_s": 29.999842900004296,
  "finished_wall_time_ns": 1786949451748156100,
  "measurement_end_monotonic_ns": 55916456085200,
  "measurement_start_monotonic_ns": 55886456218900,
  "operations": 2165833728,
  "pid": 21792,
  "planned_measurement_end_monotonic_ns": 55916455739800,
  "planned_measurement_start_monotonic_ns": 55886455739800,
  "pressure_requested": 0.25,
  "resource": "cpu_compute",
  "schema_version": 1,
  "sleep_s": 22.35168359993986,
  "started_wall_time_ns": 1786949411034313100,
  "status": "completed",
  "warmup_active_s": 2.532050699883257,
  "warmup_elapsed_s": 9.966908800000965,
  "warmup_operations": 734527488,
  "warmup_sleep_s": 7.410375600018597
}
