{
  "active_fraction": 0.1255623094180773,
  "active_s": 0.8161859999954686,
  "allocated_bytes": 0,
  "barrier_used": false,
  "barrier_wait_s": 0.0,
  "capacity_bytes": 0,
  "duty_cycle_s": 0.25,
  "elapsed_s": 6.5002468000000135,
  "finished_wall_time_ns": 1786894659091059100,
  "measurement_end_monotonic_ns": 1123798886800,
  "measurement_start_monotonic_ns": 1117298608600,
  "operations": 2179989504,
  "pid": 7104,
  "planned_measurement_end_monotonic_ns": 1123798609300,
  "planned_measurement_start_monotonic_ns": 1117297912000,
  "pressure_requested": 0.125,
  "resource": "gpu_compute",
  "schema_version": 1,
  "sleep_s": 5.672547200000281,
  "started_wall_time_ns": 1786894649875766700,
  "status": "completed",
  "warmup_active_s": 0.12553099999900041,
  "warmup_elapsed_s": 1.0006973000001835,
  "warmup_operations": 309329920,
  "warmup_sleep_s": 0.8732401000002028
}
