{
  "active_fraction": 0.26216165289045307,
  "active_s": 7.864904299851332,
  "allocated_bytes": 0,
  "barrier_used": true,
  "barrier_wait_s": 0.10962060000019846,
  "benchmark_environment": {
    "environment": {
      "BLIS_NUM_THREADS": "1",
      "MKL_NUM_THREADS": "1",
      "NUMEXPR_NUM_THREADS": "1",
      "OMP_NUM_THREADS": "1",
      "OPENBLAS_NUM_THREADS": "1",
      "VECLIB_MAXIMUM_THREADS": "1"
    },
    "native_thread_limit": 1,
    "protocol": "native_threads_1_warmup5_duration15_repeats5_cv10_v2"
  },
  "capacity_bytes": 0,
  "duty_cycle_s": 0.25,
  "elapsed_s": 30.000208700002986,
  "finished_wall_time_ns": 1786949767219716000,
  "measurement_end_monotonic_ns": 56231927543800,
  "measurement_start_monotonic_ns": 56201927309000,
  "operations": 2889875456,
  "pid": 14384,
  "planned_measurement_end_monotonic_ns": 56231927206300,
  "planned_measurement_start_monotonic_ns": 56201927206300,
  "pressure_requested": 0.25,
  "resource": "gpu_compute",
  "schema_version": 1,
  "sleep_s": 22.0742473999926,
  "started_wall_time_ns": 1786949725572914700,
  "status": "completed",
  "warmup_active_s": 2.5076861003326485,
  "warmup_elapsed_s": 9.971901799995976,
  "warmup_operations": 5667553280,
  "warmup_sleep_s": 7.446993799996562
}
