{
  "active_fraction": 0.14427102636385003,
  "active_s": 4.328211900086899,
  "allocated_bytes": 0,
  "barrier_used": true,
  "barrier_wait_s": 0.08603540000331122,
  "benchmark_environment": {
    "environment": {
      "BLIS_NUM_THREADS": "1",
      "MKL_NUM_THREADS": "1",
      "NUMEXPR_NUM_THREADS": "1",
      "OMP_NUM_THREADS": "1",
      "OPENBLAS_NUM_THREADS": "1",
      "VECLIB_MAXIMUM_THREADS": "1"
    },
    "native_thread_limit": 1,
    "protocol": "native_threads_1_warmup5_duration15_repeats5_cv10_v2"
  },
  "capacity_bytes": 0,
  "duty_cycle_s": 0.25,
  "elapsed_s": 30.000562200002605,
  "finished_wall_time_ns": 1786949075333989600,
  "measurement_end_monotonic_ns": 55540042472200,
  "measurement_start_monotonic_ns": 55510041875700,
  "operations": 927989760,
  "pid": 29584,
  "planned_measurement_end_monotonic_ns": 55540041542600,
  "planned_measurement_start_monotonic_ns": 55510041542600,
  "pressure_requested": 0.125,
  "resource": "gpu_compute",
  "schema_version": 1,
  "sleep_s": 25.618789300009666,
  "started_wall_time_ns": 1786949033707845400,
  "status": "completed",
  "warmup_active_s": 1.2618304003117373,
  "warmup_elapsed_s": 9.971787399997993,
  "warmup_operations": 2465202176,
  "warmup_sleep_s": 8.690613999999186
}
