{
  "active_fraction": 0.2598908028188786,
  "active_s": 7.79676389983797,
  "allocated_bytes": 268435456,
  "barrier_used": true,
  "barrier_wait_s": 0.0475700999959372,
  "benchmark_environment": {
    "environment": {
      "BLIS_NUM_THREADS": "1",
      "MKL_NUM_THREADS": "1",
      "NUMEXPR_NUM_THREADS": "1",
      "OMP_NUM_THREADS": "1",
      "OPENBLAS_NUM_THREADS": "1",
      "VECLIB_MAXIMUM_THREADS": "1"
    },
    "native_thread_limit": 1,
    "protocol": "native_threads_1_warmup5_duration15_repeats5_cv10_v2"
  },
  "capacity_bytes": 1073741824,
  "duty_cycle_s": 0.25,
  "elapsed_s": 30.000153200002387,
  "finished_wall_time_ns": 1786936795186228000,
  "measurement_end_monotonic_ns": 43259894156000,
  "measurement_start_monotonic_ns": 43229893962300,
  "operations": 1036697731072,
  "pid": 27808,
  "planned_measurement_end_monotonic_ns": 43259893843700,
  "planned_measurement_start_monotonic_ns": 43229893843700,
  "pressure_requested": 0.25,
  "resource": "gpu_memory",
  "schema_version": 1,
  "sleep_s": 22.14941030004411,
  "started_wall_time_ns": 1786936753552993900,
  "status": "completed",
  "warmup_active_s": 2.5591990000393707,
  "warmup_elapsed_s": 9.979013299998769,
  "warmup_operations": 514859204608,
  "warmup_sleep_s": 7.401519599996391
}
