{
  "active_fraction": 0.06605892782158511,
  "active_s": 1.0239280000751023,
  "allocated_bytes": 0,
  "barrier_used": false,
  "barrier_wait_s": 0.0,
  "benchmark_environment": {
    "environment": {
      "BLIS_NUM_THREADS": "1",
      "MKL_NUM_THREADS": "1",
      "NUMEXPR_NUM_THREADS": "1",
      "OMP_NUM_THREADS": "1",
      "OPENBLAS_NUM_THREADS": "1",
      "VECLIB_MAXIMUM_THREADS": "1"
    },
    "native_thread_limit": 1,
    "protocol": "native_threads_1_warmup5_duration15_repeats5_cv10_v2"
  },
  "capacity_bytes": 0,
  "duty_cycle_s": 0.25,
  "elapsed_s": 15.500221299997065,
  "finished_wall_time_ns": 1786931591477522400,
  "measurement_end_monotonic_ns": 38056185392400,
  "measurement_start_monotonic_ns": 38040685147700,
  "operations": 530579456,
  "pid": 24440,
  "planned_measurement_end_monotonic_ns": 38056185148400,
  "planned_measurement_start_monotonic_ns": 38040684598200,
  "pressure_requested": 0.0625,
  "resource": "gpu_compute",
  "schema_version": 1,
  "sleep_s": 14.444678400010162,
  "started_wall_time_ns": 1786931569460356700,
  "status": "completed",
  "warmup_active_s": 0.31758880005509127,
  "warmup_elapsed_s": 5.000550100005057,
  "warmup_operations": 812646400,
  "warmup_sleep_s": 4.673790700006066
}
