{
  "active_fraction": 0.26182314301108367,
  "active_s": 7.854587099936907,
  "allocated_bytes": 536870912,
  "barrier_used": true,
  "barrier_wait_s": 0.6067112000018824,
  "benchmark_environment": {
    "environment": {
      "BLIS_NUM_THREADS": "1",
      "MKL_NUM_THREADS": "1",
      "NUMEXPR_NUM_THREADS": "1",
      "OMP_NUM_THREADS": "1",
      "OPENBLAS_NUM_THREADS": "1",
      "VECLIB_MAXIMUM_THREADS": "1"
    },
    "native_thread_limit": 1,
    "protocol": "native_threads_1_warmup5_duration15_repeats5_cv10_v2"
  },
  "capacity_bytes": 0,
  "duty_cycle_s": 0.25,
  "elapsed_s": 29.999590599996736,
  "finished_wall_time_ns": 1786955832182386600,
  "measurement_end_monotonic_ns": 62296890235400,
  "measurement_start_monotonic_ns": 62266890619300,
  "operations": 520764784640,
  "pid": 11136,
  "planned_measurement_end_monotonic_ns": 62296889972300,
  "planned_measurement_start_monotonic_ns": 62266889972300,
  "pressure_requested": 0.25,
  "resource": "memory_bandwidth",
  "schema_version": 1,
  "sleep_s": 22.083790299962857,
  "started_wall_time_ns": 1786955791518168400,
  "status": "completed",
  "warmup_active_s": 2.5766378000407713,
  "warmup_elapsed_s": 9.968108599998232,
  "warmup_operations": 171798691840,
  "warmup_sleep_s": 7.372093099991616
}
