{
  "active_fraction": 0.5023266183818567,
  "active_s": 15.069755100201291,
  "allocated_bytes": 0,
  "barrier_used": true,
  "barrier_wait_s": 0.7150636000005761,
  "benchmark_environment": {
    "environment": {
      "BLIS_NUM_THREADS": "1",
      "MKL_NUM_THREADS": "1",
      "NUMEXPR_NUM_THREADS": "1",
      "OMP_NUM_THREADS": "1",
      "OPENBLAS_NUM_THREADS": "1",
      "VECLIB_MAXIMUM_THREADS": "1"
    },
    "native_thread_limit": 1,
    "protocol": "native_threads_1_warmup5_duration15_repeats5_cv10_v2"
  },
  "capacity_bytes": 0,
  "duty_cycle_s": 0.25,
  "elapsed_s": 29.999913499996183,
  "finished_wall_time_ns": 1786949819078919300,
  "measurement_end_monotonic_ns": 56283786809600,
  "measurement_start_monotonic_ns": 56253786877300,
  "operations": 5043126272,
  "pid": 23608,
  "planned_measurement_end_monotonic_ns": 56283786337600,
  "planned_measurement_start_monotonic_ns": 56253786337600,
  "pressure_requested": 0.5,
  "resource": "cpu_compute",
  "schema_version": 1,
  "sleep_s": 14.86766320004972,
  "started_wall_time_ns": 1786949778378322100,
  "status": "completed",
  "warmup_active_s": 5.021631800067553,
  "warmup_elapsed_s": 9.979265900001337,
  "warmup_operations": 1718616064,
  "warmup_sleep_s": 4.939657900009479
}
