{
  "active_fraction": 0.9997517155442316,
  "active_s": 29.992013299983228,
  "allocated_bytes": 0,
  "barrier_used": true,
  "barrier_wait_s": 1.341398799995659,
  "benchmark_environment": {
    "environment": {
      "BLIS_NUM_THREADS": "1",
      "MKL_NUM_THREADS": "1",
      "NUMEXPR_NUM_THREADS": "1",
      "OMP_NUM_THREADS": "1",
      "OPENBLAS_NUM_THREADS": "1",
      "VECLIB_MAXIMUM_THREADS": "1"
    },
    "native_thread_limit": 1,
    "protocol": "native_threads_1_warmup5_duration15_repeats5_cv10_v2"
  },
  "capacity_bytes": 0,
  "cpu_workers": 64,
  "duty_cycle_s": 0.25,
  "elapsed_s": 29.99946170000476,
  "finished_wall_time_ns": 1787048834151987300,
  "gpu_matrix_size": 1024,
  "gpu_memory_max_mib": 1024,
  "measurement_end_monotonic_ns": 155301154747500,
  "measurement_start_monotonic_ns": 155271155274800,
  "memory_buffer_mib": 64,
  "operations": 19616759808,
  "pid": 4964,
  "planned_measurement_end_monotonic_ns": 155301152437900,
  "planned_measurement_start_monotonic_ns": 155271152437900,
  "pressure_requested": 1.0,
  "resource": "cpu_compute",
  "schema_version": 1,
  "sleep_s": 0.0,
  "started_wall_time_ns": 1787048792822120600,
  "status": "completed",
  "warmup_active_s": 9.972302600421244,
  "warmup_elapsed_s": 9.974762500001816,
  "warmup_operations": 7834959872,
  "warmup_sleep_s": 0.0
}
