{
  "active_fraction": 0.5025328784295454,
  "active_s": 7.789603800425539,
  "allocated_bytes": 0,
  "barrier_used": false,
  "barrier_wait_s": 0.0,
  "benchmark_environment": {
    "environment": {
      "BLIS_NUM_THREADS": "1",
      "MKL_NUM_THREADS": "1",
      "NUMEXPR_NUM_THREADS": "1",
      "OMP_NUM_THREADS": "1",
      "OPENBLAS_NUM_THREADS": "1",
      "VECLIB_MAXIMUM_THREADS": "1"
    },
    "native_thread_limit": 1,
    "protocol": "native_threads_1_warmup5_duration15_repeats5_cv10_v2"
  },
  "capacity_bytes": 0,
  "duty_cycle_s": 0.25,
  "elapsed_s": 15.500684899998305,
  "finished_wall_time_ns": 1786930618008931400,
  "measurement_end_monotonic_ns": 37082716745500,
  "measurement_start_monotonic_ns": 37067216026000,
  "operations": 2376597504,
  "pid": 23456,
  "planned_measurement_end_monotonic_ns": 37082716026700,
  "planned_measurement_start_monotonic_ns": 37067215741100,
  "pressure_requested": 0.5,
  "resource": "cpu_compute",
  "schema_version": 1,
  "sleep_s": 7.679209900001297,
  "started_wall_time_ns": 1786930597495056100,
  "status": "completed",
  "warmup_active_s": 2.5114789001454483,
  "warmup_elapsed_s": 5.00028530000418,
  "warmup_operations": 769130496,
  "warmup_sleep_s": 2.4794937999977265
}
