{
  "active_fraction": 0.9999577783709177,
  "active_s": 15.500879499981238,
  "allocated_bytes": 1073741824,
  "barrier_used": false,
  "barrier_wait_s": 0.0,
  "benchmark_environment": {
    "environment": {
      "BLIS_NUM_THREADS": "1",
      "MKL_NUM_THREADS": "1",
      "NUMEXPR_NUM_THREADS": "1",
      "OMP_NUM_THREADS": "1",
      "OPENBLAS_NUM_THREADS": "1",
      "VECLIB_MAXIMUM_THREADS": "1"
    },
    "native_thread_limit": 1,
    "protocol": "native_threads_1_warmup5_duration15_repeats5_v1"
  },
  "capacity_bytes": 1073741824,
  "duty_cycle_s": 0.25,
  "elapsed_s": 15.501533999999992,
  "finished_wall_time_ns": 1786900483249450400,
  "measurement_end_monotonic_ns": 6947957923900,
  "measurement_start_monotonic_ns": 6932456379800,
  "operations": 3367254360064,
  "pid": 25828,
  "planned_measurement_end_monotonic_ns": 6947956380000,
  "planned_measurement_start_monotonic_ns": 6932455696600,
  "pressure_requested": 1.0,
  "resource": "gpu_memory",
  "schema_version": 1,
  "sleep_s": 0.0,
  "started_wall_time_ns": 1786900461129671600,
  "status": "completed",
  "warmup_active_s": 5.000464700013254,
  "warmup_elapsed_s": 5.000683499999468,
  "warmup_operations": 1084479242240,
  "warmup_sleep_s": 0.0
}
