{
  "active_fraction": 0.2032414720215596,
  "active_s": 6.097241599803965,
  "allocated_bytes": 0,
  "barrier_used": true,
  "barrier_wait_s": 0.06434730000182753,
  "benchmark_environment": {
    "environment": {
      "BLIS_NUM_THREADS": "1",
      "MKL_NUM_THREADS": "1",
      "NUMEXPR_NUM_THREADS": "1",
      "OMP_NUM_THREADS": "1",
      "OPENBLAS_NUM_THREADS": "1",
      "VECLIB_MAXIMUM_THREADS": "1"
    },
    "native_thread_limit": 1,
    "protocol": "native_threads_1_warmup5_duration15_repeats5_cv10_v2"
  },
  "capacity_bytes": 0,
  "duty_cycle_s": 0.25,
  "elapsed_s": 29.999987399998645,
  "finished_wall_time_ns": 1786944868862885400,
  "measurement_end_monotonic_ns": 51333570746700,
  "measurement_start_monotonic_ns": 51303570724200,
  "operations": 1571815424,
  "pid": 24400,
  "planned_measurement_end_monotonic_ns": 51333570477600,
  "planned_measurement_start_monotonic_ns": 51303570477600,
  "pressure_requested": 0.1875,
  "resource": "gpu_compute",
  "schema_version": 1,
  "sleep_s": 23.839784499992675,
  "started_wall_time_ns": 1786944827231245500,
  "status": "completed",
  "warmup_active_s": 1.8826153998525115,
  "warmup_elapsed_s": 9.977178000001004,
  "warmup_operations": 4092592128,
  "warmup_sleep_s": 8.074142099998426
}
