{
  "active_fraction": 0.26229874264165415,
  "active_s": 4.065788100029749,
  "allocated_bytes": 536870912,
  "barrier_used": false,
  "barrier_wait_s": 0.0,
  "benchmark_environment": {
    "environment": {
      "BLIS_NUM_THREADS": "1",
      "MKL_NUM_THREADS": "1",
      "NUMEXPR_NUM_THREADS": "1",
      "OMP_NUM_THREADS": "1",
      "OPENBLAS_NUM_THREADS": "1",
      "VECLIB_MAXIMUM_THREADS": "1"
    },
    "native_thread_limit": 1,
    "protocol": "native_threads_1_warmup5_duration15_repeats5_cv10_v2"
  },
  "capacity_bytes": 0,
  "duty_cycle_s": 0.25,
  "elapsed_s": 15.50060079999821,
  "finished_wall_time_ns": 1786931123616959700,
  "measurement_end_monotonic_ns": 37588324771800,
  "measurement_start_monotonic_ns": 37572824150000,
  "operations": 266287972352,
  "pid": 11152,
  "planned_measurement_end_monotonic_ns": 37588324151500,
  "planned_measurement_start_monotonic_ns": 37572823919700,
  "pressure_requested": 0.25,
  "resource": "memory_bandwidth",
  "schema_version": 1,
  "sleep_s": 11.406392200035043,
  "started_wall_time_ns": 1786931103026203500,
  "status": "completed",
  "warmup_active_s": 1.3236681999987923,
  "warmup_elapsed_s": 5.000230999998166,
  "warmup_operations": 86973087744,
  "warmup_sleep_s": 3.6677353999839397
}
