{
  "active_fraction": 0.0,
  "active_s": 0.0,
  "allocated_bytes": 0,
  "barrier_used": false,
  "barrier_wait_s": 0.0,
  "capacity_bytes": 0,
  "duty_cycle_s": 0.25,
  "elapsed_s": 7.500359600002412,
  "finished_wall_time_ns": 1786889415593093200,
  "measurement_end_monotonic_ns": 43181345036900,
  "measurement_start_monotonic_ns": 43173844650200,
  "operations": 0,
  "pid": 33900,
  "planned_measurement_end_monotonic_ns": 43181344650300,
  "planned_measurement_start_monotonic_ns": 43173844647300,
  "pressure_requested": 0.0,
  "resource": "gpu_memory",
  "schema_version": 1,
  "sleep_s": 7.48877540002286,
  "started_wall_time_ns": 1786889408087637500,
  "status": "completed",
  "warmup_active_s": 0.0,
  "warmup_elapsed_s": 3.3000032999552786e-06,
  "warmup_operations": 0,
  "warmup_sleep_s": 0.0
}
