{
  "active_fraction": 0.266814462695973,
  "active_s": 16.00891280003998,
  "allocated_bytes": 0,
  "barrier_used": true,
  "barrier_wait_s": 0.701380300000892,
  "capacity_bytes": 0,
  "duty_cycle_s": 0.25,
  "elapsed_s": 60.00016880000112,
  "finished_wall_time_ns": 1786864156912114000,
  "measurement_end_monotonic_ns": 17921621927200,
  "measurement_start_monotonic_ns": 17861621737700,
  "operations": 1084227584,
  "pid": 22112,
  "planned_measurement_end_monotonic_ns": 17921621351600,
  "planned_measurement_start_monotonic_ns": 17861621351600,
  "pressure_requested": 0.25,
  "resource": "cpu_compute",
  "schema_version": 1,
  "sleep_s": 43.87217470000542,
  "started_wall_time_ns": 1786864076232393700,
  "status": "completed",
  "warmup_active_s": 5.323985200000607,
  "warmup_elapsed_s": 19.971913199999108,
  "warmup_operations": 359137280,
  "warmup_sleep_s": 14.607909899983497
}
