{
  "active_fraction": 0.9994210423008342,
  "active_s": 29.982405899580044,
  "allocated_bytes": 0,
  "barrier_used": true,
  "barrier_wait_s": 0.6962472999948659,
  "benchmark_environment": {
    "environment": {
      "BLIS_NUM_THREADS": "1",
      "MKL_NUM_THREADS": "1",
      "NUMEXPR_NUM_THREADS": "1",
      "OMP_NUM_THREADS": "1",
      "OPENBLAS_NUM_THREADS": "1",
      "VECLIB_MAXIMUM_THREADS": "1"
    },
    "native_thread_limit": 1,
    "protocol": "native_threads_1_warmup5_duration15_repeats5_cv10_v2"
  },
  "capacity_bytes": 0,
  "duty_cycle_s": 0.25,
  "elapsed_s": 29.999774500000058,
  "finished_wall_time_ns": 1786954030890806000,
  "measurement_end_monotonic_ns": 60495599191500,
  "measurement_start_monotonic_ns": 60465599409900,
  "operations": 12926320640,
  "pid": 21540,
  "planned_measurement_end_monotonic_ns": 60495598422600,
  "planned_measurement_start_monotonic_ns": 60465598422600,
  "pressure_requested": 1.0,
  "resource": "cpu_compute",
  "schema_version": 1,
  "sleep_s": 0.0,
  "started_wall_time_ns": 1786953990214650600,
  "status": "completed",
  "warmup_active_s": 9.969370799532044,
  "warmup_elapsed_s": 9.974761000004946,
  "warmup_operations": 4575985664,
  "warmup_sleep_s": 0.0
}
