{
  "active_fraction": 0.25345672545544184,
  "active_s": 3.928643799987185,
  "allocated_bytes": 0,
  "barrier_used": false,
  "barrier_wait_s": 0.0,
  "benchmark_environment": {
    "environment": {
      "BLIS_NUM_THREADS": "1",
      "MKL_NUM_THREADS": "1",
      "NUMEXPR_NUM_THREADS": "1",
      "OMP_NUM_THREADS": "1",
      "OPENBLAS_NUM_THREADS": "1",
      "VECLIB_MAXIMUM_THREADS": "1"
    },
    "native_thread_limit": 1,
    "protocol": "native_threads_1_warmup5_duration15_repeats5_v1"
  },
  "capacity_bytes": 0,
  "duty_cycle_s": 0.25,
  "elapsed_s": 15.50025469999946,
  "finished_wall_time_ns": 1786899878450577300,
  "measurement_end_monotonic_ns": 6343158479400,
  "measurement_start_monotonic_ns": 6327658211900,
  "operations": 4068474880,
  "pid": 28496,
  "planned_measurement_end_monotonic_ns": 6343158212400,
  "planned_measurement_start_monotonic_ns": 6327657742100,
  "pressure_requested": 0.25,
  "resource": "gpu_compute",
  "schema_version": 1,
  "sleep_s": 11.546415199999501,
  "started_wall_time_ns": 1786899856459192900,
  "status": "completed",
  "warmup_active_s": 1.2522060000010242,
  "warmup_elapsed_s": 5.000470300000416,
  "warmup_operations": 3408920576,
  "warmup_sleep_s": 3.739201600001252
}
