{
  "active_fraction": 0.18802685211889683,
  "active_s": 1.4103096003454993,
  "allocated_bytes": 0,
  "barrier_used": false,
  "barrier_wait_s": 0.0,
  "capacity_bytes": 0,
  "duty_cycle_s": 0.25,
  "elapsed_s": 7.5005755000020145,
  "finished_wall_time_ns": 1786889367967771400,
  "measurement_end_monotonic_ns": 43133719611200,
  "measurement_start_monotonic_ns": 43126219007100,
  "operations": 3787456512,
  "pid": 9160,
  "planned_measurement_end_monotonic_ns": 43133719007200,
  "planned_measurement_start_monotonic_ns": 43126219003500,
  "pressure_requested": 0.1875,
  "resource": "gpu_compute",
  "schema_version": 1,
  "sleep_s": 6.075432100013131,
  "started_wall_time_ns": 1786889358794774800,
  "status": "completed",
  "warmup_active_s": 0.0,
  "warmup_elapsed_s": 4.2000028770416975e-06,
  "warmup_operations": 0,
  "warmup_sleep_s": 0.0
}
