{
  "active_fraction": 0.5024535469312268,
  "active_s": 15.073717399922316,
  "allocated_bytes": 0,
  "barrier_used": true,
  "barrier_wait_s": 0.7439484999995329,
  "benchmark_environment": {
    "environment": {
      "BLIS_NUM_THREADS": "1",
      "MKL_NUM_THREADS": "1",
      "NUMEXPR_NUM_THREADS": "1",
      "OMP_NUM_THREADS": "1",
      "OPENBLAS_NUM_THREADS": "1",
      "VECLIB_MAXIMUM_THREADS": "1"
    },
    "native_thread_limit": 1,
    "protocol": "native_threads_1_warmup5_duration15_repeats5_cv10_v2"
  },
  "capacity_bytes": 0,
  "duty_cycle_s": 0.25,
  "elapsed_s": 30.00022089999402,
  "finished_wall_time_ns": 1786953927332488000,
  "measurement_end_monotonic_ns": 60392040410400,
  "measurement_start_monotonic_ns": 60362040169400,
  "operations": 5084545024,
  "pid": 680,
  "planned_measurement_end_monotonic_ns": 60392039915800,
  "planned_measurement_start_monotonic_ns": 60362039915800,
  "pressure_requested": 0.5,
  "resource": "cpu_compute",
  "schema_version": 1,
  "sleep_s": 14.85942539996904,
  "started_wall_time_ns": 1786953886609783500,
  "status": "completed",
  "warmup_active_s": 5.0235574001053465,
  "warmup_elapsed_s": 9.97216440000193,
  "warmup_operations": 1804599296,
  "warmup_sleep_s": 4.92722219996358
}
