{
  "active_fraction": 0.5142419336909033,
  "active_s": 15.427384000002348,
  "allocated_bytes": 536870912,
  "barrier_used": true,
  "barrier_wait_s": 0.6692651999983354,
  "benchmark_environment": {
    "environment": {
      "BLIS_NUM_THREADS": "1",
      "MKL_NUM_THREADS": "1",
      "NUMEXPR_NUM_THREADS": "1",
      "OMP_NUM_THREADS": "1",
      "OPENBLAS_NUM_THREADS": "1",
      "VECLIB_MAXIMUM_THREADS": "1"
    },
    "native_thread_limit": 1,
    "protocol": "native_threads_1_warmup5_duration15_repeats5_cv10_v2"
  },
  "capacity_bytes": 0,
  "duty_cycle_s": 0.25,
  "elapsed_s": 30.000245000002906,
  "finished_wall_time_ns": 1786936529813023500,
  "measurement_end_monotonic_ns": 42994520822900,
  "measurement_start_monotonic_ns": 42964520553300,
  "operations": 1035087118336,
  "pid": 14016,
  "planned_measurement_end_monotonic_ns": 42994520321300,
  "planned_measurement_start_monotonic_ns": 42964520321300,
  "pressure_requested": 0.5,
  "resource": "memory_bandwidth",
  "schema_version": 1,
  "sleep_s": 14.508851100021275,
  "started_wall_time_ns": 1786936489088033300,
  "status": "completed",
  "warmup_active_s": 5.207095000070694,
  "warmup_elapsed_s": 9.967923500000325,
  "warmup_operations": 345744867328,
  "warmup_sleep_s": 4.74376740000298
}
