{
  "active_fraction": 0.9993378950719676,
  "active_s": 15.48984849998942,
  "allocated_bytes": 0,
  "barrier_used": false,
  "barrier_wait_s": 0.0,
  "benchmark_environment": {
    "environment": {
      "BLIS_NUM_THREADS": "1",
      "MKL_NUM_THREADS": "1",
      "NUMEXPR_NUM_THREADS": "1",
      "OMP_NUM_THREADS": "1",
      "OPENBLAS_NUM_THREADS": "1",
      "VECLIB_MAXIMUM_THREADS": "1"
    },
    "native_thread_limit": 1,
    "protocol": "native_threads_1_warmup5_duration15_repeats5_v1"
  },
  "capacity_bytes": 0,
  "duty_cycle_s": 0.25,
  "elapsed_s": 15.500111199999992,
  "finished_wall_time_ns": 1786898798353321000,
  "measurement_end_monotonic_ns": 5263061921600,
  "measurement_start_monotonic_ns": 5247561802500,
  "operations": 6515326976,
  "pid": 15612,
  "planned_measurement_end_monotonic_ns": 5263061802900,
  "planned_measurement_start_monotonic_ns": 5247560995700,
  "pressure_requested": 1.0,
  "resource": "cpu_compute",
  "schema_version": 1,
  "sleep_s": 0.0,
  "started_wall_time_ns": 1786898777846473600,
  "status": "completed",
  "warmup_active_s": 4.998525000026348,
  "warmup_elapsed_s": 5.000807200000054,
  "warmup_operations": 2164260864,
  "warmup_sleep_s": 0.0
}
