{
  "active_fraction": 0.5221784554701158,
  "active_s": 8.093922400017618,
  "allocated_bytes": 536870912,
  "barrier_used": false,
  "barrier_wait_s": 0.0,
  "benchmark_environment": {
    "environment": {
      "BLIS_NUM_THREADS": "1",
      "MKL_NUM_THREADS": "1",
      "NUMEXPR_NUM_THREADS": "1",
      "OMP_NUM_THREADS": "1",
      "OPENBLAS_NUM_THREADS": "1",
      "VECLIB_MAXIMUM_THREADS": "1"
    },
    "native_thread_limit": 1,
    "protocol": "native_threads_1_warmup5_duration15_repeats5_cv10_v2"
  },
  "capacity_bytes": 0,
  "duty_cycle_s": 0.25,
  "elapsed_s": 15.500299400002405,
  "finished_wall_time_ns": 1786931165934618200,
  "measurement_end_monotonic_ns": 37630642435100,
  "measurement_start_monotonic_ns": 37615142115200,
  "operations": 552977039360,
  "pid": 24684,
  "planned_measurement_end_monotonic_ns": 37630642115800,
  "planned_measurement_start_monotonic_ns": 37615141394200,
  "pressure_requested": 0.5,
  "resource": "memory_bandwidth",
  "schema_version": 1,
  "sleep_s": 7.37221220000356,
  "started_wall_time_ns": 1786931145334932300,
  "status": "completed",
  "warmup_active_s": 2.6505754999961937,
  "warmup_elapsed_s": 5.000721499993233,
  "warmup_operations": 182536110080,
  "warmup_sleep_s": 2.331486599992786
}
