{
  "active_fraction": 0.2616736688860525,
  "active_s": 7.850250599833089,
  "allocated_bytes": 0,
  "barrier_used": true,
  "barrier_wait_s": 0.04678039999998873,
  "benchmark_environment": {
    "environment": {
      "BLIS_NUM_THREADS": "1",
      "MKL_NUM_THREADS": "1",
      "NUMEXPR_NUM_THREADS": "1",
      "OMP_NUM_THREADS": "1",
      "OPENBLAS_NUM_THREADS": "1",
      "VECLIB_MAXIMUM_THREADS": "1"
    },
    "native_thread_limit": 1,
    "protocol": "native_threads_1_warmup5_duration15_repeats5_cv10_v2"
  },
  "capacity_bytes": 0,
  "duty_cycle_s": 0.25,
  "elapsed_s": 30.00015490000078,
  "finished_wall_time_ns": 1786946077709473100,
  "measurement_end_monotonic_ns": 52542417391300,
  "measurement_start_monotonic_ns": 52512417202500,
  "operations": 2856321024,
  "pid": 25728,
  "planned_measurement_end_monotonic_ns": 52542416832500,
  "planned_measurement_start_monotonic_ns": 52512416832500,
  "pressure_requested": 0.25,
  "resource": "gpu_compute",
  "schema_version": 1,
  "sleep_s": 22.0849711000119,
  "started_wall_time_ns": 1786946036073020000,
  "status": "completed",
  "warmup_active_s": 2.5118811998108868,
  "warmup_elapsed_s": 9.986949700003606,
  "warmup_operations": 5768216576,
  "warmup_sleep_s": 7.456995400003507
}
