{
  "active_fraction": 0.253008742800059,
  "active_s": 7.590143800007354,
  "allocated_bytes": 0,
  "barrier_used": true,
  "barrier_wait_s": 0.6919675000026473,
  "benchmark_environment": {
    "environment": {
      "BLIS_NUM_THREADS": "1",
      "MKL_NUM_THREADS": "1",
      "NUMEXPR_NUM_THREADS": "1",
      "OMP_NUM_THREADS": "1",
      "OPENBLAS_NUM_THREADS": "1",
      "VECLIB_MAXIMUM_THREADS": "1"
    },
    "native_thread_limit": 1,
    "protocol": "native_threads_1_warmup5_duration15_repeats5_cv10_v2"
  },
  "capacity_bytes": 0,
  "duty_cycle_s": 0.25,
  "elapsed_s": 29.999531699999352,
  "finished_wall_time_ns": 1786946337370386400,
  "measurement_end_monotonic_ns": 52802078251600,
  "measurement_start_monotonic_ns": 52772078697600,
  "operations": 2185756672,
  "pid": 29432,
  "planned_measurement_end_monotonic_ns": 52802078085000,
  "planned_measurement_start_monotonic_ns": 52772078085000,
  "pressure_requested": 0.25,
  "resource": "cpu_compute",
  "schema_version": 1,
  "sleep_s": 22.349708499968983,
  "started_wall_time_ns": 1786946296702421200,
  "status": "completed",
  "warmup_active_s": 2.531614000130503,
  "warmup_elapsed_s": 9.970750600004976,
  "warmup_operations": 719847424,
  "warmup_sleep_s": 7.41932739999902
}
