{
  "active_fraction": 0.5163004129173158,
  "active_s": 8.002927199784608,
  "allocated_bytes": 536870912,
  "barrier_used": false,
  "barrier_wait_s": 0.0,
  "benchmark_environment": {
    "environment": {
      "BLIS_NUM_THREADS": "1",
      "MKL_NUM_THREADS": "1",
      "NUMEXPR_NUM_THREADS": "1",
      "OMP_NUM_THREADS": "1",
      "OPENBLAS_NUM_THREADS": "1",
      "VECLIB_MAXIMUM_THREADS": "1"
    },
    "native_thread_limit": 1,
    "protocol": "native_threads_1_warmup5_duration15_repeats5_cv10_v2"
  },
  "capacity_bytes": 1073741824,
  "duty_cycle_s": 0.25,
  "elapsed_s": 15.500524499999301,
  "finished_wall_time_ns": 1786932332490757800,
  "measurement_end_monotonic_ns": 38797198580700,
  "measurement_start_monotonic_ns": 38781698036500,
  "operations": 1725503111168,
  "pid": 28904,
  "planned_measurement_end_monotonic_ns": 38797198037000,
  "planned_measurement_start_monotonic_ns": 38781697687500,
  "pressure_requested": 0.5,
  "resource": "gpu_memory",
  "schema_version": 1,
  "sleep_s": 7.473376499961887,
  "started_wall_time_ns": 1786932310431230700,
  "status": "completed",
  "warmup_active_s": 2.5708592999653774,
  "warmup_elapsed_s": 5.0003493999975035,
  "warmup_operations": 552977039360,
  "warmup_sleep_s": 2.421092399985355
}
