{
  "active_fraction": 0.5026450813921955,
  "active_s": 15.079173500118486,
  "allocated_bytes": 0,
  "barrier_used": true,
  "barrier_wait_s": 0.70893430000433,
  "benchmark_environment": {
    "environment": {
      "BLIS_NUM_THREADS": "1",
      "MKL_NUM_THREADS": "1",
      "NUMEXPR_NUM_THREADS": "1",
      "OMP_NUM_THREADS": "1",
      "OPENBLAS_NUM_THREADS": "1",
      "VECLIB_MAXIMUM_THREADS": "1"
    },
    "native_thread_limit": 1,
    "protocol": "native_threads_1_warmup5_duration15_repeats5_cv10_v2"
  },
  "capacity_bytes": 0,
  "duty_cycle_s": 0.25,
  "elapsed_s": 29.999644000003173,
  "finished_wall_time_ns": 1786941980649913700,
  "measurement_end_monotonic_ns": 48445357772600,
  "measurement_start_monotonic_ns": 48415358060900,
  "operations": 4883218432,
  "pid": 27536,
  "planned_measurement_end_monotonic_ns": 48445357214600,
  "planned_measurement_start_monotonic_ns": 48415357214600,
  "pressure_requested": 0.5,
  "resource": "cpu_compute",
  "schema_version": 1,
  "sleep_s": 14.855713300021307,
  "started_wall_time_ns": 1786941939965480800,
  "status": "completed",
  "warmup_active_s": 5.025004700124555,
  "warmup_elapsed_s": 9.96991039999557,
  "warmup_operations": 1761083392,
  "warmup_sleep_s": 4.924116300033347
}
