{
  "active_fraction": 0.0,
  "active_s": 0.0,
  "allocated_bytes": 0,
  "barrier_used": false,
  "barrier_wait_s": 0.0,
  "capacity_bytes": 0,
  "duty_cycle_s": 0.25,
  "elapsed_s": 6.500483199997689,
  "finished_wall_time_ns": 1786890739022000900,
  "measurement_end_monotonic_ns": 44504773838700,
  "measurement_start_monotonic_ns": 44498273331400,
  "operations": 0,
  "pid": 27520,
  "planned_measurement_end_monotonic_ns": 44504773331600,
  "planned_measurement_start_monotonic_ns": 44498272868500,
  "pressure_requested": 0.0,
  "resource": "cpu_compute",
  "schema_version": 1,
  "sleep_s": 6.4872639999957755,
  "started_wall_time_ns": 1786890731513454400,
  "status": "completed",
  "warmup_active_s": 0.0,
  "warmup_elapsed_s": 1.0004631999981939,
  "warmup_operations": 0,
  "warmup_sleep_s": 0.9987349999937578
}
