{
  "active_fraction": 0.5045198640262097,
  "active_s": 15.135788899635372,
  "allocated_bytes": 536870912,
  "barrier_used": true,
  "barrier_wait_s": 0.0567877000066801,
  "benchmark_environment": {
    "environment": {
      "BLIS_NUM_THREADS": "1",
      "MKL_NUM_THREADS": "1",
      "NUMEXPR_NUM_THREADS": "1",
      "OMP_NUM_THREADS": "1",
      "OPENBLAS_NUM_THREADS": "1",
      "VECLIB_MAXIMUM_THREADS": "1"
    },
    "native_thread_limit": 1,
    "protocol": "native_threads_1_warmup5_duration15_repeats5_cv10_v2"
  },
  "capacity_bytes": 1073741824,
  "duty_cycle_s": 0.25,
  "elapsed_s": 30.00038250000216,
  "finished_wall_time_ns": 1786948343934951500,
  "measurement_end_monotonic_ns": 54808642812000,
  "measurement_start_monotonic_ns": 54778642406200,
  "operations": 3227667922944,
  "pid": 25588,
  "planned_measurement_end_monotonic_ns": 54808642218200,
  "planned_measurement_start_monotonic_ns": 54778642218200,
  "pressure_requested": 0.5,
  "resource": "gpu_memory",
  "schema_version": 1,
  "sleep_s": 14.814634200025466,
  "started_wall_time_ns": 1786948302315019400,
  "status": "completed",
  "warmup_active_s": 5.078716500058363,
  "warmup_elapsed_s": 9.969490600000427,
  "warmup_operations": 1060856922112,
  "warmup_sleep_s": 4.873706500024127
}
