{
  "active_fraction": 0.7525824384128519,
  "active_s": 11.665247699987958,
  "allocated_bytes": 0,
  "barrier_used": false,
  "barrier_wait_s": 0.0,
  "benchmark_environment": {
    "environment": {
      "BLIS_NUM_THREADS": "1",
      "MKL_NUM_THREADS": "1",
      "NUMEXPR_NUM_THREADS": "1",
      "OMP_NUM_THREADS": "1",
      "OPENBLAS_NUM_THREADS": "1",
      "VECLIB_MAXIMUM_THREADS": "1"
    },
    "native_thread_limit": 1,
    "protocol": "native_threads_1_warmup5_duration15_repeats5_v1"
  },
  "capacity_bytes": 0,
  "duty_cycle_s": 0.25,
  "elapsed_s": 15.500292200000331,
  "finished_wall_time_ns": 1786898756307201100,
  "measurement_end_monotonic_ns": 5221015120700,
  "measurement_start_monotonic_ns": 5205514809300,
  "operations": 4265082880,
  "pid": 23020,
  "planned_measurement_end_monotonic_ns": 5221014810500,
  "planned_measurement_start_monotonic_ns": 5205514607700,
  "pressure_requested": 0.75,
  "resource": "cpu_compute",
  "schema_version": 1,
  "sleep_s": 3.805974499999138,
  "started_wall_time_ns": 1786898735800862300,
  "status": "completed",
  "warmup_active_s": 3.7628347999770995,
  "warmup_elapsed_s": 5.000201799999559,
  "warmup_operations": 1372585984,
  "warmup_sleep_s": 1.228315599999405
}
