{
  "active_fraction": 0.7731324587968006,
  "active_s": 23.194224800012307,
  "allocated_bytes": 536870912,
  "barrier_used": true,
  "barrier_wait_s": 0.6213712000026135,
  "benchmark_environment": {
    "environment": {
      "BLIS_NUM_THREADS": "1",
      "MKL_NUM_THREADS": "1",
      "NUMEXPR_NUM_THREADS": "1",
      "OMP_NUM_THREADS": "1",
      "OPENBLAS_NUM_THREADS": "1",
      "VECLIB_MAXIMUM_THREADS": "1"
    },
    "native_thread_limit": 1,
    "protocol": "native_threads_1_warmup5_duration15_repeats5_cv10_v2"
  },
  "capacity_bytes": 0,
  "duty_cycle_s": 0.25,
  "elapsed_s": 30.0003246999986,
  "finished_wall_time_ns": 1786952504982070900,
  "measurement_end_monotonic_ns": 58969689902600,
  "measurement_start_monotonic_ns": 58939689546700,
  "operations": 1565515579392,
  "pid": 25628,
  "planned_measurement_end_monotonic_ns": 58969689425200,
  "planned_measurement_start_monotonic_ns": 58939689425200,
  "pressure_requested": 0.75,
  "resource": "memory_bandwidth",
  "schema_version": 1,
  "sleep_s": 6.75380390000646,
  "started_wall_time_ns": 1786952464302013800,
  "status": "completed",
  "warmup_active_s": 7.763775000086753,
  "warmup_elapsed_s": 9.97058339999785,
  "warmup_operations": 522912268288,
  "warmup_sleep_s": 2.1921620999928564
}
