{
  "active_fraction": 0.9997480349030354,
  "active_s": 29.986676799861016,
  "allocated_bytes": 0,
  "barrier_used": true,
  "barrier_wait_s": 1.2097394999873359,
  "benchmark_environment": {
    "environment": {
      "BLIS_NUM_THREADS": "1",
      "MKL_NUM_THREADS": "1",
      "NUMEXPR_NUM_THREADS": "1",
      "OMP_NUM_THREADS": "1",
      "OPENBLAS_NUM_THREADS": "1",
      "VECLIB_MAXIMUM_THREADS": "1"
    },
    "native_thread_limit": 1,
    "protocol": "native_threads_1_warmup5_duration15_repeats5_cv10_v2"
  },
  "capacity_bytes": 0,
  "cpu_workers": 64,
  "duty_cycle_s": 0.25,
  "elapsed_s": 29.994234300014796,
  "finished_wall_time_ns": 1787048507075289300,
  "gpu_matrix_size": 1024,
  "gpu_memory_max_mib": 1024,
  "measurement_end_monotonic_ns": 154974077636200,
  "measurement_start_monotonic_ns": 154944083387400,
  "memory_buffer_mib": 64,
  "operations": 20124270592,
  "pid": 36944,
  "planned_measurement_end_monotonic_ns": 154974077217000,
  "planned_measurement_start_monotonic_ns": 154944077217000,
  "pressure_requested": 1.0,
  "resource": "cpu_compute",
  "schema_version": 1,
  "sleep_s": 0.0,
  "started_wall_time_ns": 1787048465876724100,
  "status": "completed",
  "warmup_active_s": 9.978020300506614,
  "warmup_elapsed_s": 9.980479099991499,
  "warmup_operations": 7872708608,
  "warmup_sleep_s": 0.0
}
