{
  "active_fraction": 0.0,
  "active_s": 0.0,
  "allocated_bytes": 0,
  "barrier_used": true,
  "barrier_wait_s": 0.6960273000004236,
  "capacity_bytes": 0,
  "duty_cycle_s": 0.25,
  "elapsed_s": 59.99990210000033,
  "finished_wall_time_ns": 1786862525650793300,
  "measurement_end_monotonic_ns": 16290360509200,
  "measurement_start_monotonic_ns": 16230360576800,
  "operations": 0,
  "pid": 26020,
  "planned_measurement_end_monotonic_ns": 16290359871600,
  "planned_measurement_start_monotonic_ns": 16230359871600,
  "pressure_requested": 0.0,
  "resource": "gpu_memory",
  "schema_version": 1,
  "sleep_s": 59.884685200015156,
  "started_wall_time_ns": 1786862444981130000,
  "status": "completed",
  "warmup_active_s": 0.0,
  "warmup_elapsed_s": 19.96868369999902,
  "warmup_operations": 0,
  "warmup_sleep_s": 19.932529900004738
}
