{
  "active_fraction": 0.5025962776237255,
  "active_s": 15.077234199656232,
  "allocated_bytes": 0,
  "barrier_used": true,
  "barrier_wait_s": 0.6959901000009268,
  "benchmark_environment": {
    "environment": {
      "BLIS_NUM_THREADS": "1",
      "MKL_NUM_THREADS": "1",
      "NUMEXPR_NUM_THREADS": "1",
      "OMP_NUM_THREADS": "1",
      "OPENBLAS_NUM_THREADS": "1",
      "VECLIB_MAXIMUM_THREADS": "1"
    },
    "native_thread_limit": 1,
    "protocol": "native_threads_1_warmup5_duration15_repeats5_cv10_v2"
  },
  "capacity_bytes": 0,
  "duty_cycle_s": 0.25,
  "elapsed_s": 29.99869849999959,
  "finished_wall_time_ns": 1786943189110508800,
  "measurement_end_monotonic_ns": 49653818319800,
  "measurement_start_monotonic_ns": 49623819600300,
  "operations": 4930928640,
  "pid": 15816,
  "planned_measurement_end_monotonic_ns": 49653817720700,
  "planned_measurement_start_monotonic_ns": 49623817720700,
  "pressure_requested": 0.5,
  "resource": "cpu_compute",
  "schema_version": 1,
  "sleep_s": 14.845485700025165,
  "started_wall_time_ns": 1786943148435720800,
  "status": "completed",
  "warmup_active_s": 5.021800899892696,
  "warmup_elapsed_s": 9.973777299994254,
  "warmup_operations": 1727528960,
  "warmup_sleep_s": 4.933577599978889
}
