{
  "active_fraction": 0.7584558021546998,
  "active_s": 22.753686199932417,
  "allocated_bytes": 805306368,
  "barrier_used": true,
  "barrier_wait_s": 0.07467239999823505,
  "benchmark_environment": {
    "environment": {
      "BLIS_NUM_THREADS": "1",
      "MKL_NUM_THREADS": "1",
      "NUMEXPR_NUM_THREADS": "1",
      "OMP_NUM_THREADS": "1",
      "OPENBLAS_NUM_THREADS": "1",
      "VECLIB_MAXIMUM_THREADS": "1"
    },
    "native_thread_limit": 1,
    "protocol": "native_threads_1_warmup5_duration15_repeats5_cv10_v2"
  },
  "capacity_bytes": 1073741824,
  "duty_cycle_s": 0.25,
  "elapsed_s": 30.00001599999814,
  "finished_wall_time_ns": 1786952663180538600,
  "measurement_end_monotonic_ns": 59127888579100,
  "measurement_start_monotonic_ns": 59097888529500,
  "operations": 4875324751872,
  "pid": 2924,
  "planned_measurement_end_monotonic_ns": 59127888201900,
  "planned_measurement_start_monotonic_ns": 59097888201900,
  "pressure_requested": 0.75,
  "resource": "gpu_memory",
  "schema_version": 1,
  "sleep_s": 7.189684499971918,
  "started_wall_time_ns": 1786952621550681800,
  "status": "completed",
  "warmup_active_s": 7.6292776999544,
  "warmup_elapsed_s": 9.965777999997954,
  "warmup_operations": 1591285383168,
  "warmup_sleep_s": 2.3202142999798525
}
