{
  "active_fraction": 0.9995836230537885,
  "active_s": 59.97545210219687,
  "allocated_bytes": 0,
  "barrier_used": true,
  "barrier_wait_s": 0.7368731999886222,
  "capacity_bytes": 0,
  "duty_cycle_s": 0.25,
  "elapsed_s": 60.000434900051914,
  "finished_wall_time_ns": 1786813723689996600,
  "measurement_end_monotonic_ns": 283317056399700,
  "measurement_start_monotonic_ns": 283257055952900,
  "operations": 9708240896,
  "pid": 40084,
  "planned_measurement_end_monotonic_ns": 283317055188300,
  "planned_measurement_start_monotonic_ns": 283257055188300,
  "pressure_requested": 1.0,
  "resource": "cpu_compute",
  "schema_version": 1,
  "sleep_s": 0.0,
  "started_wall_time_ns": 1786813642979748700,
  "status": "completed",
  "warmup_active_s": 19.958764102950227,
  "warmup_elapsed_s": 19.9674322999781,
  "warmup_operations": 4224188416,
  "warmup_sleep_s": 0.0
}
