{
  "active_fraction": 0.7759394444045158,
  "active_s": 5.819939699897077,
  "allocated_bytes": 805306368,
  "barrier_used": false,
  "barrier_wait_s": 0.0,
  "capacity_bytes": 1073741824,
  "duty_cycle_s": 0.25,
  "elapsed_s": 7.500507600001583,
  "finished_wall_time_ns": 1786889509927549200,
  "measurement_end_monotonic_ns": 43275679476000,
  "measurement_start_monotonic_ns": 43268178949000,
  "operations": 1253056708608,
  "pid": 30832,
  "planned_measurement_end_monotonic_ns": 43275678949100,
  "planned_measurement_start_monotonic_ns": 43268178945400,
  "pressure_requested": 0.75,
  "resource": "gpu_memory",
  "schema_version": 1,
  "sleep_s": 1.6672581999810063,
  "started_wall_time_ns": 1786889500786563300,
  "status": "completed",
  "warmup_active_s": 0.0,
  "warmup_elapsed_s": 4.2000028770416975e-06,
  "warmup_operations": 0,
  "warmup_sleep_s": 0.0
}
