{
  "active_fraction": 0.0,
  "active_s": 0.0,
  "allocated_bytes": 0,
  "barrier_used": true,
  "barrier_wait_s": 0.7582370999953127,
  "benchmark_environment": {
    "environment": {
      "BLIS_NUM_THREADS": "1",
      "MKL_NUM_THREADS": "1",
      "NUMEXPR_NUM_THREADS": "1",
      "OMP_NUM_THREADS": "1",
      "OPENBLAS_NUM_THREADS": "1",
      "VECLIB_MAXIMUM_THREADS": "1"
    },
    "native_thread_limit": 1,
    "protocol": "native_threads_1_warmup5_duration15_repeats5_cv10_v2"
  },
  "capacity_bytes": 0,
  "duty_cycle_s": 0.25,
  "elapsed_s": 29.99991289999889,
  "finished_wall_time_ns": 1786936687061989500,
  "measurement_end_monotonic_ns": 43151769931400,
  "measurement_start_monotonic_ns": 43121769985100,
  "operations": 0,
  "pid": 9816,
  "planned_measurement_end_monotonic_ns": 43151769145900,
  "planned_measurement_start_monotonic_ns": 43121769145900,
  "pressure_requested": 0.0,
  "resource": "gpu_compute",
  "schema_version": 1,
  "sleep_s": 29.944360100023914,
  "started_wall_time_ns": 1786936646328779000,
  "status": "completed",
  "warmup_active_s": 0.0,
  "warmup_elapsed_s": 9.970152200003213,
  "warmup_operations": 0,
  "warmup_sleep_s": 9.94680519997928
}
