{
  "active_fraction": 0.7649337966626361,
  "active_s": 45.897807800676674,
  "allocated_bytes": 805306368,
  "barrier_used": true,
  "barrier_wait_s": 0.06413590000011027,
  "capacity_bytes": 1073741824,
  "duty_cycle_s": 0.25,
  "elapsed_s": 60.00232699996559,
  "finished_wall_time_ns": 1786814948240617100,
  "measurement_end_monotonic_ns": 284541606811900,
  "measurement_start_monotonic_ns": 284481604478400,
  "operations": 8668317745152,
  "pid": 47308,
  "planned_measurement_end_monotonic_ns": 284541604092700,
  "planned_measurement_start_monotonic_ns": 284481604092700,
  "pressure_requested": 0.75,
  "resource": "gpu_memory",
  "schema_version": 1,
  "sleep_s": 14.006503200624138,
  "started_wall_time_ns": 1786814866511689100,
  "status": "completed",
  "warmup_active_s": 15.313920100219548,
  "warmup_elapsed_s": 19.980532100016717,
  "warmup_operations": 2895881699328,
  "warmup_sleep_s": 4.633411799673922
}
