{
  "active_fraction": 0.0,
  "active_s": 0.0,
  "allocated_bytes": 0,
  "barrier_used": false,
  "barrier_wait_s": 0.0,
  "capacity_bytes": 0,
  "duty_cycle_s": 0.25,
  "elapsed_s": 7.500381999998353,
  "finished_wall_time_ns": 1786889289180435200,
  "measurement_end_monotonic_ns": 43054932418900,
  "measurement_start_monotonic_ns": 43047432010600,
  "operations": 0,
  "pid": 30484,
  "planned_measurement_end_monotonic_ns": 43054932010800,
  "planned_measurement_start_monotonic_ns": 43047432007800,
  "pressure_requested": 0.0,
  "resource": "gpu_compute",
  "schema_version": 1,
  "sleep_s": 7.484982800022408,
  "started_wall_time_ns": 1786889281674491900,
  "status": "completed",
  "warmup_active_s": 0.0,
  "warmup_elapsed_s": 3.1000017770566046e-06,
  "warmup_operations": 0,
  "warmup_sleep_s": 0.0
}
