{
  "active_fraction": 0.0,
  "active_s": 0.0,
  "allocated_bytes": 0,
  "barrier_used": true,
  "barrier_wait_s": 1.0726004000025569,
  "capacity_bytes": 0,
  "duty_cycle_s": 0.25,
  "elapsed_s": 30.000121500001114,
  "finished_wall_time_ns": 1786880619657055800,
  "measurement_end_monotonic_ns": 34385408887700,
  "measurement_start_monotonic_ns": 34355408748700,
  "operations": 0,
  "pid": 31032,
  "planned_measurement_end_monotonic_ns": 34385408514200,
  "planned_measurement_start_monotonic_ns": 34355408514200,
  "pressure_requested": 0.0,
  "resource": "cpu_compute",
  "schema_version": 1,
  "sleep_s": 29.959346200019354,
  "started_wall_time_ns": 1786880578607303000,
  "status": "completed",
  "warmup_active_s": 0.0,
  "warmup_elapsed_s": 9.971001300000353,
  "warmup_operations": 0,
  "warmup_sleep_s": 9.958933200017782
}
