{
  "active_fraction": 0.9999085685874785,
  "active_s": 59.98921419987164,
  "allocated_bytes": 536870912,
  "barrier_used": true,
  "barrier_wait_s": 0.6491209000014351,
  "capacity_bytes": 0,
  "duty_cycle_s": 0.25,
  "elapsed_s": 59.994699599999876,
  "finished_wall_time_ns": 1786867776571966600,
  "measurement_end_monotonic_ns": 21541281803000,
  "measurement_start_monotonic_ns": 21481287094100,
  "operations": 3929895075840,
  "pid": 28640,
  "planned_measurement_end_monotonic_ns": 21541281337300,
  "planned_measurement_start_monotonic_ns": 21481281337300,
  "pressure_requested": 1.0,
  "resource": "memory_bandwidth",
  "schema_version": 1,
  "sleep_s": 0.0,
  "started_wall_time_ns": 1786867695854283600,
  "status": "completed",
  "warmup_active_s": 19.983599800016236,
  "warmup_elapsed_s": 19.985353700001724,
  "warmup_operations": 1312112508928,
  "warmup_sleep_s": 0.0
}
