{
  "active_fraction": 0.2529998272714927,
  "active_s": 7.589974299859023,
  "allocated_bytes": 0,
  "barrier_used": true,
  "barrier_wait_s": 0.7230605000004289,
  "benchmark_environment": {
    "environment": {
      "BLIS_NUM_THREADS": "1",
      "MKL_NUM_THREADS": "1",
      "NUMEXPR_NUM_THREADS": "1",
      "OMP_NUM_THREADS": "1",
      "OPENBLAS_NUM_THREADS": "1",
      "VECLIB_MAXIMUM_THREADS": "1"
    },
    "native_thread_limit": 1,
    "protocol": "native_threads_1_warmup5_duration15_repeats5_cv10_v2"
  },
  "capacity_bytes": 0,
  "duty_cycle_s": 0.25,
  "elapsed_s": 29.99991890000092,
  "finished_wall_time_ns": 1786946651077093400,
  "measurement_end_monotonic_ns": 53115784925600,
  "measurement_start_monotonic_ns": 53085784981500,
  "operations": 2150629376,
  "pid": 28192,
  "planned_measurement_end_monotonic_ns": 53115784524900,
  "planned_measurement_start_monotonic_ns": 53085784524900,
  "pressure_requested": 0.25,
  "resource": "cpu_compute",
  "schema_version": 1,
  "sleep_s": 22.349383000029775,
  "started_wall_time_ns": 1786946610376603900,
  "status": "completed",
  "warmup_active_s": 2.5284128001367208,
  "warmup_elapsed_s": 9.970536200002243,
  "warmup_operations": 709885952,
  "warmup_sleep_s": 7.407801900000777
}
