{
  "active_fraction": 0.5154198124699605,
  "active_s": 7.989229600017097,
  "allocated_bytes": 536870912,
  "barrier_used": false,
  "barrier_wait_s": 0.0,
  "benchmark_environment": {
    "environment": {
      "BLIS_NUM_THREADS": "1",
      "MKL_NUM_THREADS": "1",
      "NUMEXPR_NUM_THREADS": "1",
      "OMP_NUM_THREADS": "1",
      "OPENBLAS_NUM_THREADS": "1",
      "VECLIB_MAXIMUM_THREADS": "1"
    },
    "native_thread_limit": 1,
    "protocol": "native_threads_1_warmup5_duration15_repeats5_v1"
  },
  "capacity_bytes": 1073741824,
  "duty_cycle_s": 0.25,
  "elapsed_s": 15.500431699999353,
  "finished_wall_time_ns": 1786900301303194600,
  "measurement_end_monotonic_ns": 6766011242900,
  "measurement_start_monotonic_ns": 6750510780100,
  "operations": 1722281885696,
  "pid": 15644,
  "planned_measurement_end_monotonic_ns": 6766010780800,
  "planned_measurement_start_monotonic_ns": 6750510240700,
  "pressure_requested": 0.5,
  "resource": "gpu_memory",
  "schema_version": 1,
  "sleep_s": 7.484021900001608,
  "started_wall_time_ns": 1786900279264407400,
  "status": "completed",
  "warmup_active_s": 2.584326000017427,
  "warmup_elapsed_s": 5.000540000000001,
  "warmup_operations": 556198264832,
  "warmup_sleep_s": 2.408835400001408
}
