{
  "active_fraction": 0.0,
  "active_s": 0.0,
  "allocated_bytes": 0,
  "barrier_used": false,
  "barrier_wait_s": 0.0,
  "benchmark_environment": {
    "environment": {
      "BLIS_NUM_THREADS": "1",
      "MKL_NUM_THREADS": "1",
      "NUMEXPR_NUM_THREADS": "1",
      "OMP_NUM_THREADS": "1",
      "OPENBLAS_NUM_THREADS": "1",
      "VECLIB_MAXIMUM_THREADS": "1"
    },
    "native_thread_limit": 1,
    "protocol": "native_threads_1_warmup5_duration15_repeats5_v1"
  },
  "capacity_bytes": 0,
  "duty_cycle_s": 0.25,
  "elapsed_s": 15.500227200000154,
  "finished_wall_time_ns": 1786899473791976600,
  "measurement_end_monotonic_ns": 5938499809600,
  "measurement_start_monotonic_ns": 5922999557100,
  "operations": 0,
  "pid": 23720,
  "planned_measurement_end_monotonic_ns": 5938499558000,
  "planned_measurement_start_monotonic_ns": 5922999375900,
  "pressure_requested": 0.0,
  "resource": "gpu_compute",
  "schema_version": 1,
  "sleep_s": 15.475624300001982,
  "started_wall_time_ns": 1786899453284468200,
  "status": "completed",
  "warmup_active_s": 0.0,
  "warmup_elapsed_s": 5.000181499999599,
  "warmup_operations": 0,
  "warmup_sleep_s": 4.991567999999461
}
