{
  "active_fraction": 0.25840816412315704,
  "active_s": 1.9381156000017654,
  "allocated_bytes": 536870912,
  "barrier_used": false,
  "barrier_wait_s": 0.0,
  "capacity_bytes": 0,
  "duty_cycle_s": 0.25,
  "elapsed_s": 7.500210400001379,
  "finished_wall_time_ns": 1786889175537470100,
  "measurement_end_monotonic_ns": 42941289312300,
  "measurement_start_monotonic_ns": 42933789081900,
  "operations": 129922760704,
  "pid": 20272,
  "planned_measurement_end_monotonic_ns": 42941289082000,
  "planned_measurement_start_monotonic_ns": 42933789078500,
  "pressure_requested": 0.25,
  "resource": "memory_bandwidth",
  "schema_version": 1,
  "sleep_s": 5.54773290000594,
  "started_wall_time_ns": 1786889167949135100,
  "status": "completed",
  "warmup_active_s": 0.0,
  "warmup_elapsed_s": 3.7999998312443495e-06,
  "warmup_operations": 0,
  "warmup_sleep_s": 0.0
}
