{
  "active_fraction": 0.7781907184826505,
  "active_s": 12.062201500014453,
  "allocated_bytes": 536870912,
  "barrier_used": false,
  "barrier_wait_s": 0.0,
  "benchmark_environment": {
    "environment": {
      "BLIS_NUM_THREADS": "1",
      "MKL_NUM_THREADS": "1",
      "NUMEXPR_NUM_THREADS": "1",
      "OMP_NUM_THREADS": "1",
      "OPENBLAS_NUM_THREADS": "1",
      "VECLIB_MAXIMUM_THREADS": "1"
    },
    "native_thread_limit": 1,
    "protocol": "native_threads_1_warmup5_duration15_repeats5_v1"
  },
  "capacity_bytes": 0,
  "duty_cycle_s": 0.25,
  "elapsed_s": 15.500315299999784,
  "finished_wall_time_ns": 1786899262619958300,
  "measurement_end_monotonic_ns": 5727327764200,
  "measurement_start_monotonic_ns": 5711827419700,
  "operations": 822486237184,
  "pid": 28580,
  "planned_measurement_end_monotonic_ns": 5727327420400,
  "planned_measurement_start_monotonic_ns": 5711826992100,
  "pressure_requested": 0.75,
  "resource": "memory_bandwidth",
  "schema_version": 1,
  "sleep_s": 3.3952884999935122,
  "started_wall_time_ns": 1786899242030462000,
  "status": "completed",
  "warmup_active_s": 3.8882964999966134,
  "warmup_elapsed_s": 5.000427900000432,
  "warmup_operations": 266287972352,
  "warmup_sleep_s": 1.1049293999994916
}
