{
  "active_fraction": 0.5001406441338496,
  "active_s": 30.00826890029566,
  "allocated_bytes": 0,
  "barrier_used": true,
  "barrier_wait_s": 0.06213519999801065,
  "capacity_bytes": 0,
  "duty_cycle_s": 0.25,
  "elapsed_s": 59.999660599998606,
  "finished_wall_time_ns": 1786868388992929900,
  "measurement_end_monotonic_ns": 22153702658300,
  "measurement_start_monotonic_ns": 22093702987100,
  "operations": 102372474880,
  "pid": 7300,
  "planned_measurement_end_monotonic_ns": 22153702206800,
  "planned_measurement_start_monotonic_ns": 22093702206800,
  "pressure_requested": 0.5,
  "resource": "gpu_compute",
  "schema_version": 1,
  "sleep_s": 29.863475599973754,
  "started_wall_time_ns": 1786868307349574400,
  "status": "completed",
  "warmup_active_s": 10.002440699787257,
  "warmup_elapsed_s": 19.978987000002235,
  "warmup_operations": 34678505472,
  "warmup_sleep_s": 9.933861699963018
}
