{
  "active_fraction": 0.25826889312855716,
  "active_s": 7.748233299811545,
  "allocated_bytes": 0,
  "barrier_used": true,
  "barrier_wait_s": 0.06927330000326037,
  "benchmark_environment": {
    "environment": {
      "BLIS_NUM_THREADS": "1",
      "MKL_NUM_THREADS": "1",
      "NUMEXPR_NUM_THREADS": "1",
      "OMP_NUM_THREADS": "1",
      "OPENBLAS_NUM_THREADS": "1",
      "VECLIB_MAXIMUM_THREADS": "1"
    },
    "native_thread_limit": 1,
    "protocol": "native_threads_1_warmup5_duration15_repeats5_cv10_v2"
  },
  "capacity_bytes": 0,
  "duty_cycle_s": 0.25,
  "elapsed_s": 30.000644699997792,
  "finished_wall_time_ns": 1786935958400583600,
  "measurement_end_monotonic_ns": 42423108694900,
  "measurement_start_monotonic_ns": 42393107995400,
  "operations": 2788163584,
  "pid": 26388,
  "planned_measurement_end_monotonic_ns": 42423107828600,
  "planned_measurement_start_monotonic_ns": 42393107828600,
  "pressure_requested": 0.25,
  "resource": "gpu_compute",
  "schema_version": 1,
  "sleep_s": 22.196874500041304,
  "started_wall_time_ns": 1786935916706513800,
  "status": "completed",
  "warmup_active_s": 2.50660829996923,
  "warmup_elapsed_s": 9.984472700001788,
  "warmup_operations": 5803868160,
  "warmup_sleep_s": 7.460449599988351
}
