{
  "active_fraction": 0.0,
  "active_s": 0.0,
  "allocated_bytes": 0,
  "barrier_used": false,
  "barrier_wait_s": 0.0,
  "capacity_bytes": 0,
  "duty_cycle_s": 0.25,
  "elapsed_s": 6.500272099998256,
  "finished_wall_time_ns": 1786890989471834000,
  "measurement_end_monotonic_ns": 44755223844900,
  "measurement_start_monotonic_ns": 44748723547700,
  "operations": 0,
  "pid": 9192,
  "planned_measurement_end_monotonic_ns": 44755223547900,
  "planned_measurement_start_monotonic_ns": 44748723089500,
  "pressure_requested": 0.0,
  "resource": "gpu_compute",
  "schema_version": 1,
  "sleep_s": 6.487738699994225,
  "started_wall_time_ns": 1786890981966466300,
  "status": "completed",
  "warmup_active_s": 0.0,
  "warmup_elapsed_s": 1.000458599999547,
  "warmup_operations": 0,
  "warmup_sleep_s": 0.99860460000491
}
