{
  "active_fraction": 0.5108862079309225,
  "active_s": 30.653077399932954,
  "allocated_bytes": 0,
  "barrier_used": true,
  "barrier_wait_s": 0.7332041000008758,
  "capacity_bytes": 0,
  "duty_cycle_s": 0.25,
  "elapsed_s": 59.999813900001755,
  "finished_wall_time_ns": 1786863444569757000,
  "measurement_end_monotonic_ns": 17209279464900,
  "measurement_start_monotonic_ns": 17149279618300,
  "operations": 2116026368,
  "pid": 15948,
  "planned_measurement_end_monotonic_ns": 17209279029800,
  "planned_measurement_start_monotonic_ns": 17149279029800,
  "pressure_requested": 0.5,
  "resource": "cpu_compute",
  "schema_version": 1,
  "sleep_s": 29.2310232000018,
  "started_wall_time_ns": 1786863363854528900,
  "status": "completed",
  "warmup_active_s": 10.240973900021345,
  "warmup_elapsed_s": 19.975939100000687,
  "warmup_operations": 679477248,
  "warmup_sleep_s": 9.695949900022242
}
