{
  "active_fraction": 0.9997026845626816,
  "active_s": 6.499580099785817,
  "allocated_bytes": 0,
  "barrier_used": false,
  "barrier_wait_s": 0.0,
  "capacity_bytes": 0,
  "duty_cycle_s": 0.25,
  "elapsed_s": 6.501513099996373,
  "finished_wall_time_ns": 1786890843352956200,
  "measurement_end_monotonic_ns": 44609105070200,
  "measurement_start_monotonic_ns": 44602603549400,
  "operations": 1515716608,
  "pid": 2116,
  "planned_measurement_end_monotonic_ns": 44609103549700,
  "planned_measurement_start_monotonic_ns": 44602602275700,
  "pressure_requested": 1.0,
  "resource": "cpu_compute",
  "schema_version": 1,
  "sleep_s": 0.0,
  "started_wall_time_ns": 1786890835842939200,
  "status": "completed",
  "warmup_active_s": 1.0009725999916554,
  "warmup_elapsed_s": 1.0012744000050589,
  "warmup_operations": 207093760,
  "warmup_sleep_s": 0.0
}
