{
  "active_fraction": 0.5190932308323536,
  "active_s": 15.572724200006633,
  "allocated_bytes": 536870912,
  "barrier_used": true,
  "barrier_wait_s": 0.6157823000030476,
  "benchmark_environment": {
    "environment": {
      "BLIS_NUM_THREADS": "1",
      "MKL_NUM_THREADS": "1",
      "NUMEXPR_NUM_THREADS": "1",
      "OMP_NUM_THREADS": "1",
      "OPENBLAS_NUM_THREADS": "1",
      "VECLIB_MAXIMUM_THREADS": "1"
    },
    "native_thread_limit": 1,
    "protocol": "native_threads_1_warmup5_duration15_repeats5_cv10_v2"
  },
  "capacity_bytes": 0,
  "duty_cycle_s": 0.25,
  "elapsed_s": 29.9998598999955,
  "finished_wall_time_ns": 1786942920363469900,
  "measurement_end_monotonic_ns": 49385071294500,
  "measurement_start_monotonic_ns": 49355071423100,
  "operations": 1031865892864,
  "pid": 27944,
  "planned_measurement_end_monotonic_ns": 49385070742000,
  "planned_measurement_start_monotonic_ns": 49355070742000,
  "pressure_requested": 0.5,
  "resource": "memory_bandwidth",
  "schema_version": 1,
  "sleep_s": 14.361669100013387,
  "started_wall_time_ns": 1786942879688861200,
  "status": "completed",
  "warmup_active_s": 5.237033600002178,
  "warmup_elapsed_s": 9.972849300000235,
  "warmup_operations": 344671125504,
  "warmup_sleep_s": 4.717858400021214
}
