{
  "active_fraction": 0.7730293628548921,
  "active_s": 11.982149000017671,
  "allocated_bytes": 805306368,
  "barrier_used": false,
  "barrier_wait_s": 0.0,
  "benchmark_environment": {
    "environment": {
      "BLIS_NUM_THREADS": "1",
      "MKL_NUM_THREADS": "1",
      "NUMEXPR_NUM_THREADS": "1",
      "OMP_NUM_THREADS": "1",
      "OPENBLAS_NUM_THREADS": "1",
      "VECLIB_MAXIMUM_THREADS": "1"
    },
    "native_thread_limit": 1,
    "protocol": "native_threads_1_warmup5_duration15_repeats5_cv10_v2"
  },
  "capacity_bytes": 1073741824,
  "duty_cycle_s": 0.25,
  "elapsed_s": 15.500250800003414,
  "finished_wall_time_ns": 1786932400788580900,
  "measurement_end_monotonic_ns": 38865496386600,
  "measurement_start_monotonic_ns": 38849996120400,
  "operations": 2593086504960,
  "pid": 14876,
  "planned_measurement_end_monotonic_ns": 38865496120900,
  "planned_measurement_start_monotonic_ns": 38849995806100,
  "pressure_requested": 0.75,
  "resource": "gpu_memory",
  "schema_version": 1,
  "sleep_s": 3.4922427000201424,
  "started_wall_time_ns": 1786932378657428600,
  "status": "completed",
  "warmup_active_s": 3.872193100032746,
  "warmup_elapsed_s": 5.000314999997499,
  "warmup_operations": 835908009984,
  "warmup_sleep_s": 1.1198454000113998
}
