{
  "active_fraction": 0.5037501049419169,
  "active_s": 15.112382500105014,
  "allocated_bytes": 536870912,
  "barrier_used": true,
  "barrier_wait_s": 0.06167569999524858,
  "benchmark_environment": {
    "environment": {
      "BLIS_NUM_THREADS": "1",
      "MKL_NUM_THREADS": "1",
      "NUMEXPR_NUM_THREADS": "1",
      "OMP_NUM_THREADS": "1",
      "OPENBLAS_NUM_THREADS": "1",
      "VECLIB_MAXIMUM_THREADS": "1"
    },
    "native_thread_limit": 1,
    "protocol": "native_threads_1_warmup5_duration15_repeats5_cv10_v2"
  },
  "capacity_bytes": 1073741824,
  "duty_cycle_s": 0.25,
  "elapsed_s": 29.99976049999532,
  "finished_wall_time_ns": 1786935749642120000,
  "measurement_end_monotonic_ns": 42214349965500,
  "measurement_start_monotonic_ns": 42184350156200,
  "operations": 3223372955648,
  "pid": 24768,
  "planned_measurement_end_monotonic_ns": 42214349674800,
  "planned_measurement_start_monotonic_ns": 42184349674800,
  "pressure_requested": 0.5,
  "resource": "gpu_memory",
  "schema_version": 1,
  "sleep_s": 14.828729300046689,
  "started_wall_time_ns": 1786935708013018300,
  "status": "completed",
  "warmup_active_s": 5.033352900180034,
  "warmup_elapsed_s": 9.984270600005402,
  "warmup_operations": 1072668082176,
  "warmup_sleep_s": 4.932452600020042
}
