{
  "active_fraction": 0.5040540374274655,
  "active_s": 15.121667999846977,
  "allocated_bytes": 536870912,
  "barrier_used": true,
  "barrier_wait_s": 0.0475423999960185,
  "benchmark_environment": {
    "environment": {
      "BLIS_NUM_THREADS": "1",
      "MKL_NUM_THREADS": "1",
      "NUMEXPR_NUM_THREADS": "1",
      "OMP_NUM_THREADS": "1",
      "OPENBLAS_NUM_THREADS": "1",
      "VECLIB_MAXIMUM_THREADS": "1"
    },
    "native_thread_limit": 1,
    "protocol": "native_threads_1_warmup5_duration15_repeats5_cv10_v2"
  },
  "capacity_bytes": 1073741824,
  "duty_cycle_s": 0.25,
  "elapsed_s": 30.000092999995104,
  "finished_wall_time_ns": 1786946233926214700,
  "measurement_end_monotonic_ns": 52698634040400,
  "measurement_start_monotonic_ns": 52668633914500,
  "operations": 3226594181120,
  "pid": 13120,
  "planned_measurement_end_monotonic_ns": 52698633472400,
  "planned_measurement_start_monotonic_ns": 52668633472400,
  "pressure_requested": 0.5,
  "resource": "gpu_memory",
  "schema_version": 1,
  "sleep_s": 14.824417100040591,
  "started_wall_time_ns": 1786946192258460100,
  "status": "completed",
  "warmup_active_s": 5.0618886999218375,
  "warmup_elapsed_s": 9.981545200003893,
  "warmup_operations": 1047972020224,
  "warmup_sleep_s": 4.902455600000394
}
