{
  "active_fraction": 0.2565266062097358,
  "active_s": 3.9762214999809657,
  "allocated_bytes": 268435456,
  "barrier_used": false,
  "barrier_wait_s": 0.0,
  "benchmark_environment": {
    "environment": {
      "BLIS_NUM_THREADS": "1",
      "MKL_NUM_THREADS": "1",
      "NUMEXPR_NUM_THREADS": "1",
      "OMP_NUM_THREADS": "1",
      "OPENBLAS_NUM_THREADS": "1",
      "VECLIB_MAXIMUM_THREADS": "1"
    },
    "native_thread_limit": 1,
    "protocol": "native_threads_1_warmup5_duration15_repeats5_v1"
  },
  "capacity_bytes": 1073741824,
  "duty_cycle_s": 0.25,
  "elapsed_s": 15.500230399999964,
  "finished_wall_time_ns": 1786900119750301800,
  "measurement_end_monotonic_ns": 6584458150900,
  "measurement_start_monotonic_ns": 6568957892100,
  "operations": 657129996288,
  "pid": 27028,
  "planned_measurement_end_monotonic_ns": 6584457892900,
  "planned_measurement_start_monotonic_ns": 6568957665200,
  "pressure_requested": 0.25,
  "resource": "gpu_memory",
  "schema_version": 1,
  "sleep_s": 11.497315099993102,
  "started_wall_time_ns": 1786900097769227800,
  "status": "completed",
  "warmup_active_s": 1.2660649999961606,
  "warmup_elapsed_s": 5.000227500000619,
  "warmup_operations": 268435456000,
  "warmup_sleep_s": 3.7265606000019034
}
