{
  "active_fraction": 0.5190948366033042,
  "active_s": 15.572896799945738,
  "allocated_bytes": 536870912,
  "barrier_used": true,
  "barrier_wait_s": 0.6638735000015004,
  "benchmark_environment": {
    "environment": {
      "BLIS_NUM_THREADS": "1",
      "MKL_NUM_THREADS": "1",
      "NUMEXPR_NUM_THREADS": "1",
      "OMP_NUM_THREADS": "1",
      "OPENBLAS_NUM_THREADS": "1",
      "VECLIB_MAXIMUM_THREADS": "1"
    },
    "native_thread_limit": 1,
    "protocol": "native_threads_1_warmup5_duration15_repeats5_cv10_v2"
  },
  "capacity_bytes": 0,
  "duty_cycle_s": 0.25,
  "elapsed_s": 30.000099600001704,
  "finished_wall_time_ns": 1786951984438095500,
  "measurement_end_monotonic_ns": 58449145948900,
  "measurement_start_monotonic_ns": 58419145830400,
  "operations": 1050119503872,
  "pid": 13384,
  "planned_measurement_end_monotonic_ns": 58449145351900,
  "planned_measurement_start_monotonic_ns": 58419145351900,
  "pressure_requested": 0.5,
  "resource": "memory_bandwidth",
  "schema_version": 1,
  "sleep_s": 14.362745599995833,
  "started_wall_time_ns": 1786951943711105300,
  "status": "completed",
  "warmup_active_s": 5.217760499996075,
  "warmup_elapsed_s": 9.975590499998361,
  "warmup_operations": 350039834624,
  "warmup_sleep_s": 4.740555099968333
}
