{
  "active_fraction": 0.5254893483979207,
  "active_s": 8.145232299932104,
  "allocated_bytes": 536870912,
  "barrier_used": false,
  "barrier_wait_s": 0.0,
  "benchmark_environment": {
    "environment": {
      "BLIS_NUM_THREADS": "1",
      "MKL_NUM_THREADS": "1",
      "NUMEXPR_NUM_THREADS": "1",
      "OMP_NUM_THREADS": "1",
      "OPENBLAS_NUM_THREADS": "1",
      "VECLIB_MAXIMUM_THREADS": "1"
    },
    "native_thread_limit": 1,
    "protocol": "native_threads_1_warmup5_duration15_repeats5_cv10_v2"
  },
  "capacity_bytes": 0,
  "duty_cycle_s": 0.25,
  "elapsed_s": 15.50028050000401,
  "finished_wall_time_ns": 1786931208256609700,
  "measurement_end_monotonic_ns": 37672964549900,
  "measurement_start_monotonic_ns": 37657464241500,
  "operations": 560493232128,
  "pid": 18116,
  "planned_measurement_end_monotonic_ns": 37672964242200,
  "planned_measurement_start_monotonic_ns": 37657463744400,
  "pressure_requested": 0.5,
  "resource": "memory_bandwidth",
  "schema_version": 1,
  "sleep_s": 7.308947100013029,
  "started_wall_time_ns": 1786931187667033300,
  "status": "completed",
  "warmup_active_s": 2.6243251999476342,
  "warmup_elapsed_s": 5.0004974999974365,
  "warmup_operations": 180388626432,
  "warmup_sleep_s": 2.3581580000027316
}
