{
  "active_fraction": 0.2580384664143203,
  "active_s": 7.741174300055718,
  "allocated_bytes": 268435456,
  "barrier_used": true,
  "barrier_wait_s": 0.06848989999707555,
  "benchmark_environment": {
    "environment": {
      "BLIS_NUM_THREADS": "1",
      "MKL_NUM_THREADS": "1",
      "NUMEXPR_NUM_THREADS": "1",
      "OMP_NUM_THREADS": "1",
      "OPENBLAS_NUM_THREADS": "1",
      "VECLIB_MAXIMUM_THREADS": "1"
    },
    "native_thread_limit": 1,
    "protocol": "native_threads_1_warmup5_duration15_repeats5_cv10_v2"
  },
  "capacity_bytes": 1073741824,
  "duty_cycle_s": 0.25,
  "elapsed_s": 30.000078699995356,
  "finished_wall_time_ns": 1786937420361859900,
  "measurement_end_monotonic_ns": 43885069686800,
  "measurement_start_monotonic_ns": 43855069579800,
  "operations": 1002874863616,
  "pid": 27724,
  "planned_measurement_end_monotonic_ns": 43885069300900,
  "planned_measurement_start_monotonic_ns": 43855069300900,
  "pressure_requested": 0.25,
  "resource": "gpu_memory",
  "schema_version": 1,
  "sleep_s": 22.20707700002822,
  "started_wall_time_ns": 1786937378639081800,
  "status": "completed",
  "warmup_active_s": 2.5626645001830184,
  "warmup_elapsed_s": 9.985813400002371,
  "warmup_operations": 508953624576,
  "warmup_sleep_s": 7.403533200013044
}
