{
  "active_fraction": 0.0,
  "active_s": 0.0,
  "allocated_bytes": 0,
  "barrier_used": true,
  "barrier_wait_s": 0.7122815000038827,
  "benchmark_environment": {
    "environment": {
      "BLIS_NUM_THREADS": "1",
      "MKL_NUM_THREADS": "1",
      "NUMEXPR_NUM_THREADS": "1",
      "OMP_NUM_THREADS": "1",
      "OPENBLAS_NUM_THREADS": "1",
      "VECLIB_MAXIMUM_THREADS": "1"
    },
    "native_thread_limit": 1,
    "protocol": "native_threads_1_warmup5_duration15_repeats5_cv10_v2"
  },
  "capacity_bytes": 0,
  "duty_cycle_s": 0.25,
  "elapsed_s": 29.99873959999968,
  "finished_wall_time_ns": 1786950612917028500,
  "measurement_end_monotonic_ns": 57077625142800,
  "measurement_start_monotonic_ns": 57047626372400,
  "operations": 0,
  "pid": 7228,
  "planned_measurement_end_monotonic_ns": 57077624615200,
  "planned_measurement_start_monotonic_ns": 57047624615200,
  "pressure_requested": 0.0,
  "resource": "gpu_compute",
  "schema_version": 1,
  "sleep_s": 29.91579030003777,
  "started_wall_time_ns": 1786950572233648600,
  "status": "completed",
  "warmup_active_s": 0.0,
  "warmup_elapsed_s": 9.967321500000253,
  "warmup_operations": 0,
  "warmup_sleep_s": 9.93861810000817
}
