{
  "active_fraction": 0.0,
  "active_s": 0.0,
  "allocated_bytes": 0,
  "barrier_used": true,
  "barrier_wait_s": 0.7439397999987705,
  "capacity_bytes": 0,
  "duty_cycle_s": 0.25,
  "elapsed_s": 29.99992189999466,
  "finished_wall_time_ns": 1786881480892224700,
  "measurement_end_monotonic_ns": 35246644210000,
  "measurement_start_monotonic_ns": 35216644261100,
  "operations": 0,
  "pid": 12668,
  "planned_measurement_end_monotonic_ns": 35246643443200,
  "planned_measurement_start_monotonic_ns": 35216643443200,
  "pressure_requested": 0.0,
  "resource": "gpu_compute",
  "schema_version": 1,
  "sleep_s": 29.943835400001262,
  "started_wall_time_ns": 1786881440171656000,
  "status": "completed",
  "warmup_active_s": 0.0,
  "warmup_elapsed_s": 9.972214900000836,
  "warmup_operations": 0,
  "warmup_sleep_s": 9.944691100005002
}
