{
  "active_fraction": 0.20439297670191825,
  "active_s": 6.131717600001139,
  "allocated_bytes": 0,
  "barrier_used": true,
  "barrier_wait_s": 0.09815610000077868,
  "benchmark_environment": {
    "environment": {
      "BLIS_NUM_THREADS": "1",
      "MKL_NUM_THREADS": "1",
      "NUMEXPR_NUM_THREADS": "1",
      "OMP_NUM_THREADS": "1",
      "OPENBLAS_NUM_THREADS": "1",
      "VECLIB_MAXIMUM_THREADS": "1"
    },
    "native_thread_limit": 1,
    "protocol": "native_threads_1_warmup5_duration15_repeats5_cv10_v2"
  },
  "capacity_bytes": 0,
  "duty_cycle_s": 0.25,
  "elapsed_s": 29.999649199999112,
  "finished_wall_time_ns": 1786937629352037700,
  "measurement_end_monotonic_ns": 44094060015700,
  "measurement_start_monotonic_ns": 44064060329400,
  "operations": 1577058304,
  "pid": 10008,
  "planned_measurement_end_monotonic_ns": 44094059572000,
  "planned_measurement_start_monotonic_ns": 44064059572000,
  "pressure_requested": 0.1875,
  "resource": "gpu_compute",
  "schema_version": 1,
  "sleep_s": 23.809216400026344,
  "started_wall_time_ns": 1786937587665329600,
  "status": "completed",
  "warmup_active_s": 1.8825734998536063,
  "warmup_elapsed_s": 9.969642100004421,
  "warmup_operations": 3874488320,
  "warmup_sleep_s": 8.069584999968356
}
