{
  "active_fraction": 0.2618239157417509,
  "active_s": 7.854774000035832,
  "allocated_bytes": 536870912,
  "barrier_used": true,
  "barrier_wait_s": 0.6492943999983254,
  "benchmark_environment": {
    "environment": {
      "BLIS_NUM_THREADS": "1",
      "MKL_NUM_THREADS": "1",
      "NUMEXPR_NUM_THREADS": "1",
      "OMP_NUM_THREADS": "1",
      "OPENBLAS_NUM_THREADS": "1",
      "VECLIB_MAXIMUM_THREADS": "1"
    },
    "native_thread_limit": 1,
    "protocol": "native_threads_1_warmup5_duration15_repeats5_cv10_v2"
  },
  "capacity_bytes": 0,
  "duty_cycle_s": 0.25,
  "elapsed_s": 30.000215899999603,
  "finished_wall_time_ns": 1786946816915777000,
  "measurement_end_monotonic_ns": 53281623714600,
  "measurement_start_monotonic_ns": 53251623474600,
  "operations": 519691042816,
  "pid": 26524,
  "planned_measurement_end_monotonic_ns": 53281623140300,
  "planned_measurement_start_monotonic_ns": 53251623140300,
  "pressure_requested": 0.25,
  "resource": "memory_bandwidth",
  "schema_version": 1,
  "sleep_s": 22.089355699994485,
  "started_wall_time_ns": 1786946776203264100,
  "status": "completed",
  "warmup_active_s": 2.595000000015716,
  "warmup_elapsed_s": 9.97007389999635,
  "warmup_operations": 171798691840,
  "warmup_sleep_s": 7.358533300001
}
