{
  "active_fraction": 0.0,
  "active_s": 0.0,
  "allocated_bytes": 0,
  "barrier_used": true,
  "barrier_wait_s": 0.740721800000756,
  "benchmark_environment": {
    "environment": {
      "BLIS_NUM_THREADS": "1",
      "MKL_NUM_THREADS": "1",
      "NUMEXPR_NUM_THREADS": "1",
      "OMP_NUM_THREADS": "1",
      "OPENBLAS_NUM_THREADS": "1",
      "VECLIB_MAXIMUM_THREADS": "1"
    },
    "native_thread_limit": 1,
    "protocol": "native_threads_1_warmup5_duration15_repeats5_cv10_v2"
  },
  "capacity_bytes": 0,
  "duty_cycle_s": 0.25,
  "elapsed_s": 30.00000700000237,
  "finished_wall_time_ns": 1786949923609406700,
  "measurement_end_monotonic_ns": 56388317232000,
  "measurement_start_monotonic_ns": 56358317204900,
  "operations": 0,
  "pid": 26432,
  "planned_measurement_end_monotonic_ns": 56388316661300,
  "planned_measurement_start_monotonic_ns": 56358316661300,
  "pressure_requested": 0.0,
  "resource": "gpu_memory",
  "schema_version": 1,
  "sleep_s": 29.939049800028442,
  "started_wall_time_ns": 1786949882893927100,
  "status": "completed",
  "warmup_active_s": 0.0,
  "warmup_elapsed_s": 9.96996450000006,
  "warmup_operations": 0,
  "warmup_sleep_s": 9.947191499995824
}
