{
  "active_fraction": 0.25291520992717664,
  "active_s": 7.587482499831822,
  "allocated_bytes": 0,
  "barrier_used": true,
  "barrier_wait_s": 0.7283970999997109,
  "benchmark_environment": {
    "environment": {
      "BLIS_NUM_THREADS": "1",
      "MKL_NUM_THREADS": "1",
      "NUMEXPR_NUM_THREADS": "1",
      "OMP_NUM_THREADS": "1",
      "OPENBLAS_NUM_THREADS": "1",
      "VECLIB_MAXIMUM_THREADS": "1"
    },
    "native_thread_limit": 1,
    "protocol": "native_threads_1_warmup5_duration15_repeats5_cv10_v2"
  },
  "capacity_bytes": 0,
  "duty_cycle_s": 0.25,
  "elapsed_s": 30.000103600003058,
  "finished_wall_time_ns": 1786937523808478300,
  "measurement_end_monotonic_ns": 43988516615000,
  "measurement_start_monotonic_ns": 43958516487900,
  "operations": 2048917504,
  "pid": 14812,
  "planned_measurement_end_monotonic_ns": 43988515242900,
  "planned_measurement_start_monotonic_ns": 43958515242900,
  "pressure_requested": 0.25,
  "resource": "cpu_compute",
  "schema_version": 1,
  "sleep_s": 22.336327599979995,
  "started_wall_time_ns": 1786937483093050600,
  "status": "completed",
  "warmup_active_s": 2.5283624000221607,
  "warmup_elapsed_s": 9.977094900001248,
  "warmup_operations": 721944576,
  "warmup_sleep_s": 7.425203499980853
}
