{
  "active_fraction": 0.20343415277711674,
  "active_s": 6.103046900039772,
  "allocated_bytes": 0,
  "barrier_used": true,
  "barrier_wait_s": 0.08758210000087274,
  "benchmark_environment": {
    "environment": {
      "BLIS_NUM_THREADS": "1",
      "MKL_NUM_THREADS": "1",
      "NUMEXPR_NUM_THREADS": "1",
      "OMP_NUM_THREADS": "1",
      "OPENBLAS_NUM_THREADS": "1",
      "VECLIB_MAXIMUM_THREADS": "1"
    },
    "native_thread_limit": 1,
    "protocol": "native_threads_1_warmup5_duration15_repeats5_cv10_v2"
  },
  "capacity_bytes": 0,
  "duty_cycle_s": 0.25,
  "elapsed_s": 30.000109699998575,
  "finished_wall_time_ns": 1786950496739368100,
  "measurement_end_monotonic_ns": 56961447275200,
  "measurement_start_monotonic_ns": 56931447138700,
  "operations": 1528823808,
  "pid": 12572,
  "planned_measurement_end_monotonic_ns": 56961446792900,
  "planned_measurement_start_monotonic_ns": 56931446792900,
  "pressure_requested": 0.1875,
  "resource": "gpu_compute",
  "schema_version": 1,
  "sleep_s": 23.832113799995568,
  "started_wall_time_ns": 1786950455098702900,
  "status": "completed",
  "warmup_active_s": 1.8831951998290606,
  "warmup_elapsed_s": 9.977229700001772,
  "warmup_operations": 4065329152,
  "warmup_sleep_s": 8.072372699985863
}
