{
  "active_fraction": 0.26666182980383607,
  "active_s": 4.1333662000033655,
  "allocated_bytes": 536870912,
  "barrier_used": false,
  "barrier_wait_s": 0.0,
  "benchmark_environment": {
    "environment": {
      "BLIS_NUM_THREADS": "1",
      "MKL_NUM_THREADS": "1",
      "NUMEXPR_NUM_THREADS": "1",
      "OMP_NUM_THREADS": "1",
      "OPENBLAS_NUM_THREADS": "1",
      "VECLIB_MAXIMUM_THREADS": "1"
    },
    "native_thread_limit": 1,
    "protocol": "native_threads_1_warmup5_duration15_repeats5_v1"
  },
  "capacity_bytes": 0,
  "duty_cycle_s": 0.25,
  "elapsed_s": 15.500404399999752,
  "finished_wall_time_ns": 1786899030043283400,
  "measurement_end_monotonic_ns": 5494751103300,
  "measurement_start_monotonic_ns": 5479250673100,
  "operations": 266287972352,
  "pid": 24916,
  "planned_measurement_end_monotonic_ns": 5494750674000,
  "planned_measurement_start_monotonic_ns": 5479250432000,
  "pressure_requested": 0.25,
  "resource": "memory_bandwidth",
  "schema_version": 1,
  "sleep_s": 11.338166300000921,
  "started_wall_time_ns": 1786899009454392300,
  "status": "completed",
  "warmup_active_s": 1.3271948999990855,
  "warmup_elapsed_s": 5.000241499999902,
  "warmup_operations": 85899345920,
  "warmup_sleep_s": 3.665631800004121
}
