{
  "active_fraction": 0.14048138510825497,
  "active_s": 4.2144632997660665,
  "allocated_bytes": 0,
  "barrier_used": true,
  "barrier_wait_s": 0.06778249999479158,
  "benchmark_environment": {
    "environment": {
      "BLIS_NUM_THREADS": "1",
      "MKL_NUM_THREADS": "1",
      "NUMEXPR_NUM_THREADS": "1",
      "OMP_NUM_THREADS": "1",
      "OPENBLAS_NUM_THREADS": "1",
      "VECLIB_MAXIMUM_THREADS": "1"
    },
    "native_thread_limit": 1,
    "protocol": "native_threads_1_warmup5_duration15_repeats5_cv10_v2"
  },
  "capacity_bytes": 0,
  "duty_cycle_s": 0.25,
  "elapsed_s": 30.00015480000002,
  "finished_wall_time_ns": 1786945495949112000,
  "measurement_end_monotonic_ns": 51960657193400,
  "measurement_start_monotonic_ns": 51930657002700,
  "operations": 1095761920,
  "pid": 11180,
  "planned_measurement_end_monotonic_ns": 51960656557200,
  "planned_measurement_start_monotonic_ns": 51930656557200,
  "pressure_requested": 0.125,
  "resource": "gpu_compute",
  "schema_version": 1,
  "sleep_s": 25.72939129995939,
  "started_wall_time_ns": 1786945454286994600,
  "status": "completed",
  "warmup_active_s": 1.260290899888787,
  "warmup_elapsed_s": 9.970535199994629,
  "warmup_operations": 2615148544,
  "warmup_sleep_s": 8.692398300001514
}
