{
  "active_fraction": 0.5042871581310582,
  "active_s": 15.128697800028021,
  "allocated_bytes": 536870912,
  "barrier_used": true,
  "barrier_wait_s": 0.047781200002646074,
  "benchmark_environment": {
    "environment": {
      "BLIS_NUM_THREADS": "1",
      "MKL_NUM_THREADS": "1",
      "NUMEXPR_NUM_THREADS": "1",
      "OMP_NUM_THREADS": "1",
      "OPENBLAS_NUM_THREADS": "1",
      "VECLIB_MAXIMUM_THREADS": "1"
    },
    "native_thread_limit": 1,
    "protocol": "native_threads_1_warmup5_duration15_repeats5_cv10_v2"
  },
  "capacity_bytes": 1073741824,
  "duty_cycle_s": 0.25,
  "elapsed_s": 30.000164700002642,
  "finished_wall_time_ns": 1786947236272653300,
  "measurement_end_monotonic_ns": 53700980767300,
  "measurement_start_monotonic_ns": 53670980560300,
  "operations": 3228741664768,
  "pid": 9488,
  "planned_measurement_end_monotonic_ns": 53700980022300,
  "planned_measurement_start_monotonic_ns": 53670980022300,
  "pressure_requested": 0.5,
  "resource": "gpu_memory",
  "schema_version": 1,
  "sleep_s": 14.815019399946323,
  "started_wall_time_ns": 1786947194606187400,
  "status": "completed",
  "warmup_active_s": 5.066353800022625,
  "warmup_elapsed_s": 9.983697899995605,
  "warmup_operations": 1061930663936,
  "warmup_sleep_s": 4.900937299971702
}
