{
  "active_fraction": 0.14377008662392946,
  "active_s": 4.3132063000812195,
  "allocated_bytes": 0,
  "barrier_used": true,
  "barrier_wait_s": 0.0827346999940346,
  "benchmark_environment": {
    "environment": {
      "BLIS_NUM_THREADS": "1",
      "MKL_NUM_THREADS": "1",
      "NUMEXPR_NUM_THREADS": "1",
      "OMP_NUM_THREADS": "1",
      "OPENBLAS_NUM_THREADS": "1",
      "VECLIB_MAXIMUM_THREADS": "1"
    },
    "native_thread_limit": 1,
    "protocol": "native_threads_1_warmup5_duration15_repeats5_cv10_v2"
  },
  "capacity_bytes": 0,
  "duty_cycle_s": 0.25,
  "elapsed_s": 30.000721299998986,
  "finished_wall_time_ns": 1786941504728198700,
  "measurement_end_monotonic_ns": 47969436496200,
  "measurement_start_monotonic_ns": 47939435733300,
  "operations": 874512384,
  "pid": 688,
  "planned_measurement_end_monotonic_ns": 47969435501500,
  "planned_measurement_start_monotonic_ns": 47939435501500,
  "pressure_requested": 0.125,
  "resource": "gpu_compute",
  "schema_version": 1,
  "sleep_s": 25.62578690002556,
  "started_wall_time_ns": 1786941463090299300,
  "status": "completed",
  "warmup_active_s": 1.2677779998193728,
  "warmup_elapsed_s": 9.975845400003891,
  "warmup_operations": 2300575744,
  "warmup_sleep_s": 8.690782599995146
}
