{
  "active_fraction": 0.25934207473683235,
  "active_s": 7.780245799818658,
  "allocated_bytes": 268435456,
  "barrier_used": true,
  "barrier_wait_s": 0.0696451000039815,
  "benchmark_environment": {
    "environment": {
      "BLIS_NUM_THREADS": "1",
      "MKL_NUM_THREADS": "1",
      "NUMEXPR_NUM_THREADS": "1",
      "OMP_NUM_THREADS": "1",
      "OPENBLAS_NUM_THREADS": "1",
      "VECLIB_MAXIMUM_THREADS": "1"
    },
    "native_thread_limit": 1,
    "protocol": "native_threads_1_warmup5_duration15_repeats5_cv10_v2"
  },
  "capacity_bytes": 1073741824,
  "duty_cycle_s": 0.25,
  "elapsed_s": 29.99993660000473,
  "finished_wall_time_ns": 1786949022613297700,
  "measurement_end_monotonic_ns": 55487321123100,
  "measurement_start_monotonic_ns": 55457321150300,
  "operations": 1037234601984,
  "pid": 18108,
  "planned_measurement_end_monotonic_ns": 55487320710200,
  "planned_measurement_start_monotonic_ns": 55457320710200,
  "pressure_requested": 0.25,
  "resource": "gpu_memory",
  "schema_version": 1,
  "sleep_s": 22.165448500032653,
  "started_wall_time_ns": 1786948980973849100,
  "status": "completed",
  "warmup_active_s": 2.561658500104386,
  "warmup_elapsed_s": 9.966630999995687,
  "warmup_operations": 517543559168,
  "warmup_sleep_s": 7.387226600010763
}
