{
  "active_fraction": 0.5023853983693503,
  "active_s": 15.071551200031536,
  "allocated_bytes": 0,
  "barrier_used": true,
  "barrier_wait_s": 0.7466462000011234,
  "benchmark_environment": {
    "environment": {
      "BLIS_NUM_THREADS": "1",
      "MKL_NUM_THREADS": "1",
      "NUMEXPR_NUM_THREADS": "1",
      "OMP_NUM_THREADS": "1",
      "OPENBLAS_NUM_THREADS": "1",
      "VECLIB_MAXIMUM_THREADS": "1"
    },
    "native_thread_limit": 1,
    "protocol": "native_threads_1_warmup5_duration15_repeats5_cv10_v2"
  },
  "capacity_bytes": 0,
  "duty_cycle_s": 0.25,
  "elapsed_s": 29.99997859999712,
  "finished_wall_time_ns": 1786940722451994900,
  "measurement_end_monotonic_ns": 47187159810100,
  "measurement_start_monotonic_ns": 47157159807800,
  "operations": 4912578560,
  "pid": 11116,
  "planned_measurement_end_monotonic_ns": 47187159458100,
  "planned_measurement_start_monotonic_ns": 47157159458100,
  "pressure_requested": 0.5,
  "resource": "cpu_compute",
  "schema_version": 1,
  "sleep_s": 14.867776899925957,
  "started_wall_time_ns": 1786940681727823100,
  "status": "completed",
  "warmup_active_s": 5.028933299967321,
  "warmup_elapsed_s": 9.971787000002223,
  "warmup_operations": 1715470336,
  "warmup_sleep_s": 4.925615099979041
}
