{
  "active_fraction": 0.7523111233069208,
  "active_s": 22.569805699204153,
  "allocated_bytes": 0,
  "barrier_used": true,
  "barrier_wait_s": 0.6789247999986401,
  "benchmark_environment": {
    "environment": {
      "BLIS_NUM_THREADS": "1",
      "MKL_NUM_THREADS": "1",
      "NUMEXPR_NUM_THREADS": "1",
      "OMP_NUM_THREADS": "1",
      "OPENBLAS_NUM_THREADS": "1",
      "VECLIB_MAXIMUM_THREADS": "1"
    },
    "native_thread_limit": 1,
    "protocol": "native_threads_1_warmup5_duration15_repeats5_cv10_v2"
  },
  "capacity_bytes": 0,
  "duty_cycle_s": 0.25,
  "elapsed_s": 30.00062739999703,
  "finished_wall_time_ns": 1786952766564254000,
  "measurement_end_monotonic_ns": 59231272963100,
  "measurement_start_monotonic_ns": 59201272329000,
  "operations": 7807696896,
  "pid": 24944,
  "planned_measurement_end_monotonic_ns": 59231271939200,
  "planned_measurement_start_monotonic_ns": 59201271939200,
  "pressure_requested": 0.75,
  "resource": "cpu_compute",
  "schema_version": 1,
  "sleep_s": 7.357318199952715,
  "started_wall_time_ns": 1786952725905116800,
  "status": "completed",
  "warmup_active_s": 7.520591199994669,
  "warmup_elapsed_s": 9.974444100000255,
  "warmup_operations": 2839019520,
  "warmup_sleep_s": 2.433422600013728
}
