{
  "active_fraction": 0.12877325267914386,
  "active_s": 1.9960176999811665,
  "allocated_bytes": 0,
  "barrier_used": false,
  "barrier_wait_s": 0.0,
  "benchmark_environment": {
    "environment": {
      "BLIS_NUM_THREADS": "1",
      "MKL_NUM_THREADS": "1",
      "NUMEXPR_NUM_THREADS": "1",
      "OMP_NUM_THREADS": "1",
      "OPENBLAS_NUM_THREADS": "1",
      "VECLIB_MAXIMUM_THREADS": "1"
    },
    "native_thread_limit": 1,
    "protocol": "native_threads_1_warmup5_duration15_repeats5_v1"
  },
  "capacity_bytes": 0,
  "duty_cycle_s": 0.25,
  "elapsed_s": 15.500250699999924,
  "finished_wall_time_ns": 1786899742381397100,
  "measurement_end_monotonic_ns": 6207089259700,
  "measurement_start_monotonic_ns": 6191588975400,
  "operations": 1288699904,
  "pid": 24116,
  "planned_measurement_end_monotonic_ns": 6207088976100,
  "planned_measurement_start_monotonic_ns": 6191588746800,
  "pressure_requested": 0.125,
  "resource": "gpu_compute",
  "schema_version": 1,
  "sleep_s": 13.48015910000231,
  "started_wall_time_ns": 1786899720366707800,
  "status": "completed",
  "warmup_active_s": 0.6275415999989491,
  "warmup_elapsed_s": 5.000229000000218,
  "warmup_operations": 1605369856,
  "warmup_sleep_s": 4.363793799999257
}
