{
  "active_fraction": 0.5160590370025684,
  "active_s": 15.481774000007135,
  "allocated_bytes": 536870912,
  "barrier_used": true,
  "barrier_wait_s": 0.6134206999995513,
  "benchmark_environment": {
    "environment": {
      "BLIS_NUM_THREADS": "1",
      "MKL_NUM_THREADS": "1",
      "NUMEXPR_NUM_THREADS": "1",
      "OMP_NUM_THREADS": "1",
      "OPENBLAS_NUM_THREADS": "1",
      "VECLIB_MAXIMUM_THREADS": "1"
    },
    "native_thread_limit": 1,
    "protocol": "native_threads_1_warmup5_duration15_repeats5_cv10_v2"
  },
  "capacity_bytes": 0,
  "duty_cycle_s": 0.25,
  "elapsed_s": 30.000005599998985,
  "finished_wall_time_ns": 1786940566138057800,
  "measurement_end_monotonic_ns": 47030845902500,
  "measurement_start_monotonic_ns": 47000845877100,
  "operations": 1030792151040,
  "pid": 4276,
  "planned_measurement_end_monotonic_ns": 47030845271800,
  "planned_measurement_start_monotonic_ns": 47000845271800,
  "pressure_requested": 0.5,
  "resource": "memory_bandwidth",
  "schema_version": 1,
  "sleep_s": 14.464095099974656,
  "started_wall_time_ns": 1786940525461402200,
  "status": "completed",
  "warmup_active_s": 5.209009599995625,
  "warmup_elapsed_s": 9.974645299997064,
  "warmup_operations": 344671125504,
  "warmup_sleep_s": 4.746635700001207
}
