{
  "active_fraction": 0.9999310924738911,
  "active_s": 7.500841299959575,
  "allocated_bytes": 536870912,
  "barrier_used": false,
  "barrier_wait_s": 0.0,
  "capacity_bytes": 0,
  "duty_cycle_s": 0.25,
  "elapsed_s": 7.501358199995593,
  "finished_wall_time_ns": 1786889265057559300,
  "measurement_end_monotonic_ns": 43030809634000,
  "measurement_start_monotonic_ns": 43023308268100,
  "operations": 535797170176,
  "pid": 26640,
  "planned_measurement_end_monotonic_ns": 43030808268300,
  "planned_measurement_start_monotonic_ns": 43023308264100,
  "pressure_requested": 1.0,
  "resource": "memory_bandwidth",
  "schema_version": 1,
  "sleep_s": 0.0,
  "started_wall_time_ns": 1786889257463451300,
  "status": "completed",
  "warmup_active_s": 0.0,
  "warmup_elapsed_s": 4.3000036384910345e-06,
  "warmup_operations": 0,
  "warmup_sleep_s": 0.0
}
