{
  "active_fraction": 0.13473570462066067,
  "active_s": 4.042105199805519,
  "allocated_bytes": 0,
  "barrier_used": true,
  "barrier_wait_s": 0.07063580000249203,
  "benchmark_environment": {
    "environment": {
      "BLIS_NUM_THREADS": "1",
      "MKL_NUM_THREADS": "1",
      "NUMEXPR_NUM_THREADS": "1",
      "OMP_NUM_THREADS": "1",
      "OPENBLAS_NUM_THREADS": "1",
      "VECLIB_MAXIMUM_THREADS": "1"
    },
    "native_thread_limit": 1,
    "protocol": "native_threads_1_warmup5_duration15_repeats5_cv10_v2"
  },
  "capacity_bytes": 0,
  "duty_cycle_s": 0.25,
  "elapsed_s": 30.000252799996815,
  "finished_wall_time_ns": 1786956772000958700,
  "measurement_end_monotonic_ns": 63236708843400,
  "measurement_start_monotonic_ns": 63206708538600,
  "operations": 1173356544,
  "pid": 20260,
  "planned_measurement_end_monotonic_ns": 63236708235000,
  "planned_measurement_start_monotonic_ns": 63206708235000,
  "pressure_requested": 0.125,
  "resource": "gpu_compute",
  "schema_version": 1,
  "sleep_s": 25.89062470002682,
  "started_wall_time_ns": 1786956730368851400,
  "status": "completed",
  "warmup_active_s": 1.2604852997974376,
  "warmup_elapsed_s": 9.972130200003448,
  "warmup_operations": 2558525440,
  "warmup_sleep_s": 8.693465200012724
}
