{
  "active_fraction": 0.0,
  "active_s": 0.0,
  "allocated_bytes": 0,
  "barrier_used": true,
  "barrier_wait_s": 0.7134188999989419,
  "benchmark_environment": {
    "environment": {
      "BLIS_NUM_THREADS": "1",
      "MKL_NUM_THREADS": "1",
      "NUMEXPR_NUM_THREADS": "1",
      "OMP_NUM_THREADS": "1",
      "OPENBLAS_NUM_THREADS": "1",
      "VECLIB_MAXIMUM_THREADS": "1"
    },
    "native_thread_limit": 1,
    "protocol": "native_threads_1_warmup5_duration15_repeats5_cv10_v2"
  },
  "capacity_bytes": 0,
  "duty_cycle_s": 0.25,
  "elapsed_s": 30.000503199997183,
  "finished_wall_time_ns": 1786945443211984700,
  "measurement_end_monotonic_ns": 51907920190500,
  "measurement_start_monotonic_ns": 51877919665200,
  "operations": 0,
  "pid": 29240,
  "planned_measurement_end_monotonic_ns": 51907918882900,
  "planned_measurement_start_monotonic_ns": 51877918882900,
  "pressure_requested": 0.0,
  "resource": "memory_bandwidth",
  "schema_version": 1,
  "sleep_s": 29.93823359999078,
  "started_wall_time_ns": 1786945402525038500,
  "status": "completed",
  "warmup_active_s": 0.0,
  "warmup_elapsed_s": 9.968388900000718,
  "warmup_operations": 0,
  "warmup_sleep_s": 9.947345100001257
}
