{
  "active_fraction": 0.25303669110880855,
  "active_s": 3.922128099897236,
  "allocated_bytes": 0,
  "barrier_used": false,
  "barrier_wait_s": 0.0,
  "benchmark_environment": {
    "environment": {
      "BLIS_NUM_THREADS": "1",
      "MKL_NUM_THREADS": "1",
      "NUMEXPR_NUM_THREADS": "1",
      "OMP_NUM_THREADS": "1",
      "OPENBLAS_NUM_THREADS": "1",
      "VECLIB_MAXIMUM_THREADS": "1"
    },
    "native_thread_limit": 1,
    "protocol": "native_threads_1_warmup5_duration15_repeats5_cv10_v2"
  },
  "capacity_bytes": 0,
  "duty_cycle_s": 0.25,
  "elapsed_s": 15.500234699997236,
  "finished_wall_time_ns": 1786932000235285400,
  "measurement_end_monotonic_ns": 38464943128600,
  "measurement_start_monotonic_ns": 38449442855700,
  "operations": 4219469824,
  "pid": 5784,
  "planned_measurement_end_monotonic_ns": 38464942856200,
  "planned_measurement_start_monotonic_ns": 38449442640100,
  "pressure_requested": 0.25,
  "resource": "gpu_compute",
  "schema_version": 1,
  "sleep_s": 11.549160600014147,
  "started_wall_time_ns": 1786931978262007300,
  "status": "completed",
  "warmup_active_s": 1.2520319002869655,
  "warmup_elapsed_s": 5.000216100001126,
  "warmup_operations": 3598712832,
  "warmup_sleep_s": 3.7393276000148035
}
