{
  "active_fraction": 0.0,
  "active_s": 0.0,
  "allocated_bytes": 0,
  "barrier_used": true,
  "barrier_wait_s": 0.6364788999781013,
  "capacity_bytes": 0,
  "duty_cycle_s": 0.25,
  "elapsed_s": 60.00041339994641,
  "finished_wall_time_ns": 1786814232199515000,
  "measurement_end_monotonic_ns": 283825565448400,
  "measurement_start_monotonic_ns": 283765565010600,
  "operations": 0,
  "pid": 46804,
  "planned_measurement_end_monotonic_ns": 283825564642000,
  "planned_measurement_start_monotonic_ns": 283765564642000,
  "pressure_requested": 0.0,
  "resource": "gpu_compute",
  "schema_version": 1,
  "sleep_s": 59.895940600079484,
  "started_wall_time_ns": 1786814151580758800,
  "status": "completed",
  "warmup_active_s": 0.0,
  "warmup_elapsed_s": 19.976434500014875,
  "warmup_operations": 0,
  "warmup_sleep_s": 19.94352460000664
}
