{
  "active_fraction": 0.25311791477756973,
  "active_s": 3.9234348997997586,
  "allocated_bytes": 0,
  "barrier_used": false,
  "barrier_wait_s": 0.0,
  "benchmark_environment": {
    "environment": {
      "BLIS_NUM_THREADS": "1",
      "MKL_NUM_THREADS": "1",
      "NUMEXPR_NUM_THREADS": "1",
      "OMP_NUM_THREADS": "1",
      "OPENBLAS_NUM_THREADS": "1",
      "VECLIB_MAXIMUM_THREADS": "1"
    },
    "native_thread_limit": 1,
    "protocol": "native_threads_1_warmup5_duration15_repeats5_cv10_v2"
  },
  "capacity_bytes": 0,
  "duty_cycle_s": 0.25,
  "elapsed_s": 15.500423599994974,
  "finished_wall_time_ns": 1786930596954540400,
  "measurement_end_monotonic_ns": 37061662370500,
  "measurement_start_monotonic_ns": 37046161910100,
  "operations": 980942848,
  "pid": 29500,
  "planned_measurement_end_monotonic_ns": 37061661910900,
  "planned_measurement_start_monotonic_ns": 37046161388700,
  "pressure_requested": 0.25,
  "resource": "cpu_compute",
  "schema_version": 1,
  "sleep_s": 11.546320099972945,
  "started_wall_time_ns": 1786930576447151900,
  "status": "completed",
  "warmup_active_s": 1.263989799976116,
  "warmup_elapsed_s": 5.00052180000057,
  "warmup_operations": 305659904,
  "warmup_sleep_s": 3.7273289000368095
}
