{
  "active_fraction": 0.19531222669453313,
  "active_s": 5.8593435000875616,
  "allocated_bytes": 0,
  "barrier_used": true,
  "barrier_wait_s": 0.08764170000358718,
  "benchmark_environment": {
    "environment": {
      "BLIS_NUM_THREADS": "1",
      "MKL_NUM_THREADS": "1",
      "NUMEXPR_NUM_THREADS": "1",
      "OMP_NUM_THREADS": "1",
      "OPENBLAS_NUM_THREADS": "1",
      "VECLIB_MAXIMUM_THREADS": "1"
    },
    "native_thread_limit": 1,
    "protocol": "native_threads_1_warmup5_duration15_repeats5_cv10_v2"
  },
  "capacity_bytes": 0,
  "duty_cycle_s": 0.25,
  "elapsed_s": 29.999880700001086,
  "finished_wall_time_ns": 1786943762486124900,
  "measurement_end_monotonic_ns": 50227194006000,
  "measurement_start_monotonic_ns": 50197194086300,
  "operations": 1912602624,
  "pid": 26260,
  "planned_measurement_end_monotonic_ns": 50227193668600,
  "planned_measurement_start_monotonic_ns": 50197193668600,
  "pressure_requested": 0.1875,
  "resource": "gpu_compute",
  "schema_version": 1,
  "sleep_s": 24.077888200037705,
  "started_wall_time_ns": 1786943720843562700,
  "status": "completed",
  "warmup_active_s": 1.8842788997571915,
  "warmup_elapsed_s": 9.98335699999734,
  "warmup_operations": 4145020928,
  "warmup_sleep_s": 8.07873330001894
}
