{
  "active_fraction": 0.2601506250293189,
  "active_s": 7.804530899913516,
  "allocated_bytes": 0,
  "barrier_used": true,
  "barrier_wait_s": 0.04682969999703346,
  "benchmark_environment": {
    "environment": {
      "BLIS_NUM_THREADS": "1",
      "MKL_NUM_THREADS": "1",
      "NUMEXPR_NUM_THREADS": "1",
      "OMP_NUM_THREADS": "1",
      "OPENBLAS_NUM_THREADS": "1",
      "VECLIB_MAXIMUM_THREADS": "1"
    },
    "native_thread_limit": 1,
    "protocol": "native_threads_1_warmup5_duration15_repeats5_cv10_v2"
  },
  "capacity_bytes": 0,
  "duty_cycle_s": 0.25,
  "elapsed_s": 30.000046699999075,
  "finished_wall_time_ns": 1786940456157412000,
  "measurement_end_monotonic_ns": 46920865454900,
  "measurement_start_monotonic_ns": 46890865369300,
  "operations": 3201302528,
  "pid": 15548,
  "planned_measurement_end_monotonic_ns": 46920864998800,
  "planned_measurement_start_monotonic_ns": 46890864998800,
  "pressure_requested": 0.25,
  "resource": "gpu_compute",
  "schema_version": 1,
  "sleep_s": 22.138180299982196,
  "started_wall_time_ns": 1786940414535385600,
  "status": "completed",
  "warmup_active_s": 2.5066282002444495,
  "warmup_elapsed_s": 9.983673599999747,
  "warmup_operations": 5744099328,
  "warmup_sleep_s": 7.458098000010068
}
