{
  "active_fraction": 0.9996902632002422,
  "active_s": 7.497915400126658,
  "allocated_bytes": 0,
  "barrier_used": false,
  "barrier_wait_s": 0.0,
  "capacity_bytes": 0,
  "duty_cycle_s": 0.25,
  "elapsed_s": 7.500238499997067,
  "finished_wall_time_ns": 1786889135246602900,
  "measurement_end_monotonic_ns": 42900998428600,
  "measurement_start_monotonic_ns": 42893498178100,
  "operations": 1739063296,
  "pid": 17872,
  "planned_measurement_end_monotonic_ns": 42900998178200,
  "planned_measurement_start_monotonic_ns": 42893498174600,
  "pressure_requested": 1.0,
  "resource": "cpu_compute",
  "schema_version": 1,
  "sleep_s": 0.0,
  "started_wall_time_ns": 1786889127738596500,
  "status": "completed",
  "warmup_active_s": 0.0,
  "warmup_elapsed_s": 3.9000005926936865e-06,
  "warmup_operations": 0,
  "warmup_sleep_s": 0.0
}
