{
  "active_fraction": 0.25283814718691017,
  "active_s": 7.585169699421385,
  "allocated_bytes": 0,
  "barrier_used": true,
  "barrier_wait_s": 0.6980655000006664,
  "benchmark_environment": {
    "environment": {
      "BLIS_NUM_THREADS": "1",
      "MKL_NUM_THREADS": "1",
      "NUMEXPR_NUM_THREADS": "1",
      "OMP_NUM_THREADS": "1",
      "OPENBLAS_NUM_THREADS": "1",
      "VECLIB_MAXIMUM_THREADS": "1"
    },
    "native_thread_limit": 1,
    "protocol": "native_threads_1_warmup5_duration15_repeats5_cv10_v2"
  },
  "capacity_bytes": 0,
  "duty_cycle_s": 0.25,
  "elapsed_s": 30.000099999997474,
  "finished_wall_time_ns": 1786947914803924900,
  "measurement_end_monotonic_ns": 54379511740500,
  "measurement_start_monotonic_ns": 54349511621500,
  "operations": 2170028032,
  "pid": 10712,
  "planned_measurement_end_monotonic_ns": 54379511503500,
  "planned_measurement_start_monotonic_ns": 54349511503500,
  "pressure_requested": 0.25,
  "resource": "cpu_compute",
  "schema_version": 1,
  "sleep_s": 22.35280979998788,
  "started_wall_time_ns": 1786947874134007300,
  "status": "completed",
  "warmup_active_s": 2.529710100076045,
  "warmup_elapsed_s": 9.965818700002274,
  "warmup_operations": 738197504,
  "warmup_sleep_s": 7.421624900016468
}
