{
  "active_fraction": 0.9998939185415706,
  "active_s": 15.502478499998688,
  "allocated_bytes": 536870912,
  "barrier_used": false,
  "barrier_wait_s": 0.0,
  "benchmark_environment": {
    "environment": {
      "BLIS_NUM_THREADS": "1",
      "MKL_NUM_THREADS": "1",
      "NUMEXPR_NUM_THREADS": "1",
      "OMP_NUM_THREADS": "1",
      "OPENBLAS_NUM_THREADS": "1",
      "VECLIB_MAXIMUM_THREADS": "1"
    },
    "native_thread_limit": 1,
    "protocol": "native_threads_1_warmup5_duration15_repeats5_v1"
  },
  "capacity_bytes": 0,
  "duty_cycle_s": 0.25,
  "elapsed_s": 15.504123199999412,
  "finished_wall_time_ns": 1786899368314714400,
  "measurement_end_monotonic_ns": 5833022444100,
  "measurement_start_monotonic_ns": 5817518312600,
  "operations": 1072668082176,
  "pid": 25944,
  "planned_measurement_end_monotonic_ns": 5833018313000,
  "planned_measurement_start_monotonic_ns": 5817512729200,
  "pressure_requested": 1.0,
  "resource": "memory_bandwidth",
  "schema_version": 1,
  "sleep_s": 0.0,
  "started_wall_time_ns": 1786899347715326500,
  "status": "completed",
  "warmup_active_s": 5.005160999998225,
  "warmup_elapsed_s": 5.00558379999984,
  "warmup_operations": 356482285568,
  "warmup_sleep_s": 0.0
}
