{
  "active_fraction": 0.758698182876384,
  "active_s": 22.761214900019695,
  "allocated_bytes": 805306368,
  "barrier_used": true,
  "barrier_wait_s": 0.06842309999774443,
  "benchmark_environment": {
    "environment": {
      "BLIS_NUM_THREADS": "1",
      "MKL_NUM_THREADS": "1",
      "NUMEXPR_NUM_THREADS": "1",
      "OMP_NUM_THREADS": "1",
      "OPENBLAS_NUM_THREADS": "1",
      "VECLIB_MAXIMUM_THREADS": "1"
    },
    "native_thread_limit": 1,
    "protocol": "native_threads_1_warmup5_duration15_repeats5_cv10_v2"
  },
  "capacity_bytes": 1073741824,
  "duty_cycle_s": 0.25,
  "elapsed_s": 30.000355100004526,
  "finished_wall_time_ns": 1786936635270681500,
  "measurement_end_monotonic_ns": 43099978678400,
  "measurement_start_monotonic_ns": 43069978305000,
  "operations": 4876935364608,
  "pid": 29268,
  "planned_measurement_end_monotonic_ns": 43099977919300,
  "planned_measurement_start_monotonic_ns": 43069977919300,
  "pressure_requested": 0.75,
  "resource": "gpu_memory",
  "schema_version": 1,
  "sleep_s": 7.186692499963101,
  "started_wall_time_ns": 1786936593619707300,
  "status": "completed",
  "warmup_active_s": 7.604040200014424,
  "warmup_elapsed_s": 9.986211399998865,
  "warmup_operations": 1578400481280,
  "warmup_sleep_s": 2.3661224999523256
}
