{
  "active_fraction": 0.20290890661138494,
  "active_s": 6.0871556998972665,
  "allocated_bytes": 0,
  "barrier_used": true,
  "barrier_wait_s": 0.10689249999995809,
  "benchmark_environment": {
    "environment": {
      "BLIS_NUM_THREADS": "1",
      "MKL_NUM_THREADS": "1",
      "NUMEXPR_NUM_THREADS": "1",
      "OMP_NUM_THREADS": "1",
      "OPENBLAS_NUM_THREADS": "1",
      "VECLIB_MAXIMUM_THREADS": "1"
    },
    "native_thread_limit": 1,
    "protocol": "native_threads_1_warmup5_duration15_repeats5_cv10_v2"
  },
  "capacity_bytes": 0,
  "duty_cycle_s": 0.25,
  "elapsed_s": 29.99945049999951,
  "finished_wall_time_ns": 1786937160383438900,
  "measurement_end_monotonic_ns": 43625091254400,
  "measurement_start_monotonic_ns": 43595091779500,
  "operations": 1468006400,
  "pid": 22788,
  "planned_measurement_end_monotonic_ns": 43625091012800,
  "planned_measurement_start_monotonic_ns": 43595091012800,
  "pressure_requested": 0.1875,
  "resource": "gpu_compute",
  "schema_version": 1,
  "sleep_s": 23.84707679998246,
  "started_wall_time_ns": 1786937118730889000,
  "status": "completed",
  "warmup_active_s": 1.8902161001315108,
  "warmup_elapsed_s": 9.972557199995208,
  "warmup_operations": 3729784832,
  "warmup_sleep_s": 8.064790999989782
}
