{
  "active_fraction": 0.9999328474188103,
  "active_s": 7.500324999986333,
  "allocated_bytes": 536870912,
  "barrier_used": false,
  "barrier_wait_s": 0.0,
  "capacity_bytes": 0,
  "duty_cycle_s": 0.25,
  "elapsed_s": 7.5008286999945994,
  "finished_wall_time_ns": 1786889256906185200,
  "measurement_end_monotonic_ns": 43022658151200,
  "measurement_start_monotonic_ns": 43015157315800,
  "operations": 542239621120,
  "pid": 23196,
  "planned_measurement_end_monotonic_ns": 43022657315900,
  "planned_measurement_start_monotonic_ns": 43015157312200,
  "pressure_requested": 1.0,
  "resource": "memory_bandwidth",
  "schema_version": 1,
  "sleep_s": 0.0,
  "started_wall_time_ns": 1786889249315856200,
  "status": "completed",
  "warmup_active_s": 0.0,
  "warmup_elapsed_s": 4.0000013541430235e-06,
  "warmup_operations": 0,
  "warmup_sleep_s": 0.0
}
