{
  "active_fraction": 0.772303629256822,
  "active_s": 23.16901010007132,
  "allocated_bytes": 536870912,
  "barrier_used": true,
  "barrier_wait_s": 0.6503550999987056,
  "benchmark_environment": {
    "environment": {
      "BLIS_NUM_THREADS": "1",
      "MKL_NUM_THREADS": "1",
      "NUMEXPR_NUM_THREADS": "1",
      "OMP_NUM_THREADS": "1",
      "OPENBLAS_NUM_THREADS": "1",
      "VECLIB_MAXIMUM_THREADS": "1"
    },
    "native_thread_limit": 1,
    "protocol": "native_threads_1_warmup5_duration15_repeats5_cv10_v2"
  },
  "capacity_bytes": 0,
  "duty_cycle_s": 0.25,
  "elapsed_s": 29.999872100001085,
  "finished_wall_time_ns": 1786958373209135800,
  "measurement_end_monotonic_ns": 64837916871600,
  "measurement_start_monotonic_ns": 64807916992100,
  "operations": 1557999386624,
  "pid": 27556,
  "planned_measurement_end_monotonic_ns": 64837916489400,
  "planned_measurement_start_monotonic_ns": 64807916489400,
  "pressure_requested": 0.75,
  "resource": "memory_bandwidth",
  "schema_version": 1,
  "sleep_s": 6.777298299988615,
  "started_wall_time_ns": 1786958332493873100,
  "status": "completed",
  "warmup_active_s": 7.712706100035575,
  "warmup_elapsed_s": 9.97762800000055,
  "warmup_operations": 517543559168,
  "warmup_sleep_s": 2.247956499988504
}
