{
  "active_fraction": 0.0,
  "active_s": 0.0,
  "allocated_bytes": 0,
  "barrier_used": false,
  "barrier_wait_s": 0.0,
  "benchmark_environment": {
    "environment": {
      "BLIS_NUM_THREADS": "1",
      "MKL_NUM_THREADS": "1",
      "NUMEXPR_NUM_THREADS": "1",
      "OMP_NUM_THREADS": "1",
      "OPENBLAS_NUM_THREADS": "1",
      "VECLIB_MAXIMUM_THREADS": "1"
    },
    "native_thread_limit": 1,
    "protocol": "native_threads_1_warmup5_duration15_repeats5_cv10_v2"
  },
  "capacity_bytes": 0,
  "duty_cycle_s": 0.25,
  "elapsed_s": 15.500245600000198,
  "finished_wall_time_ns": 1786931017901108900,
  "measurement_end_monotonic_ns": 37482608972600,
  "measurement_start_monotonic_ns": 37467108698400,
  "operations": 0,
  "pid": 16196,
  "planned_measurement_end_monotonic_ns": 37482608699100,
  "planned_measurement_start_monotonic_ns": 37467108414700,
  "pressure_requested": 0.0,
  "resource": "memory_bandwidth",
  "schema_version": 1,
  "sleep_s": 15.455122400024266,
  "started_wall_time_ns": 1786930997395041500,
  "status": "completed",
  "warmup_active_s": 0.0,
  "warmup_elapsed_s": 5.000284100002318,
  "warmup_operations": 0,
  "warmup_sleep_s": 4.991168399988965
}
