{
  "active_fraction": 0.263328584779481,
  "active_s": 7.89965270007815,
  "allocated_bytes": 536870912,
  "barrier_used": true,
  "barrier_wait_s": 0.600015700001677,
  "benchmark_environment": {
    "environment": {
      "BLIS_NUM_THREADS": "1",
      "MKL_NUM_THREADS": "1",
      "NUMEXPR_NUM_THREADS": "1",
      "OMP_NUM_THREADS": "1",
      "OPENBLAS_NUM_THREADS": "1",
      "VECLIB_MAXIMUM_THREADS": "1"
    },
    "native_thread_limit": 1,
    "protocol": "native_threads_1_warmup5_duration15_repeats5_cv10_v2"
  },
  "capacity_bytes": 0,
  "duty_cycle_s": 0.25,
  "elapsed_s": 29.999222099999315,
  "finished_wall_time_ns": 1786937889002795200,
  "measurement_end_monotonic_ns": 44353710637900,
  "measurement_start_monotonic_ns": 44323711397200,
  "operations": 518617300992,
  "pid": 26676,
  "planned_measurement_end_monotonic_ns": 44353710372400,
  "planned_measurement_start_monotonic_ns": 44323710372400,
  "pressure_requested": 0.25,
  "resource": "memory_bandwidth",
  "schema_version": 1,
  "sleep_s": 22.039340399976936,
  "started_wall_time_ns": 1786937848338172100,
  "status": "completed",
  "warmup_active_s": 2.613950200015097,
  "warmup_elapsed_s": 9.97760500000004,
  "warmup_operations": 171798691840,
  "warmup_sleep_s": 7.345824799987895
}
