{
  "active_fraction": 0.1256038050139487,
  "active_s": 0.8164674002036918,
  "allocated_bytes": 0,
  "barrier_used": false,
  "barrier_wait_s": 0.0,
  "capacity_bytes": 0,
  "duty_cycle_s": 0.25,
  "elapsed_s": 6.5003397000036784,
  "finished_wall_time_ns": 1786891036695711500,
  "measurement_end_monotonic_ns": 44802447640200,
  "measurement_start_monotonic_ns": 44795947268100,
  "operations": 2213543936,
  "pid": 33592,
  "planned_measurement_end_monotonic_ns": 44802447269100,
  "planned_measurement_start_monotonic_ns": 44795946593200,
  "pressure_requested": 0.125,
  "resource": "gpu_compute",
  "schema_version": 1,
  "sleep_s": 5.672403699987626,
  "started_wall_time_ns": 1786891027496383800,
  "status": "completed",
  "warmup_active_s": 0.12560349999694154,
  "warmup_elapsed_s": 1.0006752999979653,
  "warmup_operations": 279969792,
  "warmup_sleep_s": 0.8734051999999792
}
