{
  "active_fraction": 0.19229708497862016,
  "active_s": 2.9807066000157647,
  "allocated_bytes": 0,
  "barrier_used": false,
  "barrier_wait_s": 0.0,
  "benchmark_environment": {
    "environment": {
      "BLIS_NUM_THREADS": "1",
      "MKL_NUM_THREADS": "1",
      "NUMEXPR_NUM_THREADS": "1",
      "OMP_NUM_THREADS": "1",
      "OPENBLAS_NUM_THREADS": "1",
      "VECLIB_MAXIMUM_THREADS": "1"
    },
    "native_thread_limit": 1,
    "protocol": "native_threads_1_warmup5_duration15_repeats5_v1"
  },
  "capacity_bytes": 0,
  "duty_cycle_s": 0.25,
  "elapsed_s": 15.50052930000038,
  "finished_wall_time_ns": 1786899765028032100,
  "measurement_end_monotonic_ns": 6229735841200,
  "measurement_start_monotonic_ns": 6214235291100,
  "operations": 2584739840,
  "pid": 7084,
  "planned_measurement_end_monotonic_ns": 6229735291700,
  "planned_measurement_start_monotonic_ns": 6214234864800,
  "pressure_requested": 0.1875,
  "resource": "gpu_compute",
  "schema_version": 1,
  "sleep_s": 12.49158620000344,
  "started_wall_time_ns": 1786899743073402800,
  "status": "completed",
  "warmup_active_s": 0.9399241999853984,
  "warmup_elapsed_s": 5.000427899999522,
  "warmup_operations": 2585788416,
  "warmup_sleep_s": 4.051344399998925
}
