{
  "active_fraction": 0.5172422823041647,
  "active_s": 15.517239400105609,
  "allocated_bytes": 536870912,
  "barrier_used": true,
  "barrier_wait_s": 0.6171036999949138,
  "benchmark_environment": {
    "environment": {
      "BLIS_NUM_THREADS": "1",
      "MKL_NUM_THREADS": "1",
      "NUMEXPR_NUM_THREADS": "1",
      "OMP_NUM_THREADS": "1",
      "OPENBLAS_NUM_THREADS": "1",
      "VECLIB_MAXIMUM_THREADS": "1"
    },
    "native_thread_limit": 1,
    "protocol": "native_threads_1_warmup5_duration15_repeats5_cv10_v2"
  },
  "capacity_bytes": 0,
  "duty_cycle_s": 0.25,
  "elapsed_s": 29.99994379999407,
  "finished_wall_time_ns": 1786937681148839200,
  "measurement_end_monotonic_ns": 44145856654200,
  "measurement_start_monotonic_ns": 44115856686500,
  "operations": 1030792151040,
  "pid": 24008,
  "planned_measurement_end_monotonic_ns": 44145856247600,
  "planned_measurement_start_monotonic_ns": 44115856247600,
  "pressure_requested": 0.5,
  "resource": "memory_bandwidth",
  "schema_version": 1,
  "sleep_s": 14.42359210007271,
  "started_wall_time_ns": 1786937640476002100,
  "status": "completed",
  "warmup_active_s": 5.228794400012703,
  "warmup_elapsed_s": 9.968410300003598,
  "warmup_operations": 347892350976,
  "warmup_sleep_s": 4.718944600004761
}
