{
  "active_fraction": 0.2571359612735239,
  "active_s": 7.714111700181093,
  "allocated_bytes": 268435456,
  "barrier_used": true,
  "barrier_wait_s": 0.04249110000091605,
  "benchmark_environment": {
    "environment": {
      "BLIS_NUM_THREADS": "1",
      "MKL_NUM_THREADS": "1",
      "NUMEXPR_NUM_THREADS": "1",
      "OMP_NUM_THREADS": "1",
      "OPENBLAS_NUM_THREADS": "1",
      "VECLIB_MAXIMUM_THREADS": "1"
    },
    "native_thread_limit": 1,
    "protocol": "native_threads_1_warmup5_duration15_repeats5_cv10_v2"
  },
  "capacity_bytes": 1073741824,
  "duty_cycle_s": 0.25,
  "elapsed_s": 30.000127799998154,
  "finished_wall_time_ns": 1786936321779372700,
  "measurement_end_monotonic_ns": 42786487321400,
  "measurement_start_monotonic_ns": 42756487152200,
  "operations": 1037771472896,
  "pid": 25456,
  "planned_measurement_end_monotonic_ns": 42786486649900,
  "planned_measurement_start_monotonic_ns": 42756486649900,
  "pressure_requested": 0.25,
  "resource": "gpu_memory",
  "schema_version": 1,
  "sleep_s": 22.231060800004343,
  "started_wall_time_ns": 1786936280060192600,
  "status": "completed",
  "warmup_active_s": 2.547434799875191,
  "warmup_elapsed_s": 9.988825700005691,
  "warmup_operations": 519154171904,
  "warmup_sleep_s": 7.422900500030664
}
