{
  "active_fraction": 0.0,
  "active_s": 0.0,
  "allocated_bytes": 0,
  "barrier_used": true,
  "barrier_wait_s": 0.6770999999998821,
  "capacity_bytes": 0,
  "duty_cycle_s": 0.25,
  "elapsed_s": 59.99934200000007,
  "finished_wall_time_ns": 1786853921676210800,
  "measurement_end_monotonic_ns": 7686386099500,
  "measurement_start_monotonic_ns": 7626386730600,
  "operations": 0,
  "pid": 10160,
  "planned_measurement_end_monotonic_ns": 7686385653900,
  "planned_measurement_start_monotonic_ns": 7626385653900,
  "pressure_requested": 0.0,
  "resource": "gpu_memory",
  "schema_version": 1,
  "sleep_s": 59.883366200007,
  "started_wall_time_ns": 1786853841020240900,
  "status": "completed",
  "warmup_active_s": 0.0,
  "warmup_elapsed_s": 19.974877700000434,
  "warmup_operations": 0,
  "warmup_sleep_s": 19.939291599999706
}
