{
  "active_fraction": 0.25876136462190674,
  "active_s": 7.7628590001986595,
  "allocated_bytes": 268435456,
  "barrier_used": true,
  "barrier_wait_s": 0.0968291000026511,
  "benchmark_environment": {
    "environment": {
      "BLIS_NUM_THREADS": "1",
      "MKL_NUM_THREADS": "1",
      "NUMEXPR_NUM_THREADS": "1",
      "OMP_NUM_THREADS": "1",
      "OPENBLAS_NUM_THREADS": "1",
      "VECLIB_MAXIMUM_THREADS": "1"
    },
    "native_thread_limit": 1,
    "protocol": "native_threads_1_warmup5_duration15_repeats5_cv10_v2"
  },
  "capacity_bytes": 1073741824,
  "duty_cycle_s": 0.25,
  "elapsed_s": 30.00006979999307,
  "finished_wall_time_ns": 1786944712740821400,
  "measurement_end_monotonic_ns": 51177448612300,
  "measurement_start_monotonic_ns": 51147448518800,
  "operations": 1006632960000,
  "pid": 25752,
  "planned_measurement_end_monotonic_ns": 51177447942400,
  "planned_measurement_start_monotonic_ns": 51147447942400,
  "pressure_requested": 0.25,
  "resource": "gpu_memory",
  "schema_version": 1,
  "sleep_s": 22.179141400018125,
  "started_wall_time_ns": 1786944671019873000,
  "status": "completed",
  "warmup_active_s": 2.5591382001075544,
  "warmup_elapsed_s": 9.964822100002493,
  "warmup_operations": 512174850048,
  "warmup_sleep_s": 7.388031300033617
}
