{
  "active_fraction": 0.5195014056847261,
  "active_s": 3.3769059999981437,
  "allocated_bytes": 0,
  "barrier_used": false,
  "barrier_wait_s": 0.0,
  "capacity_bytes": 0,
  "duty_cycle_s": 0.25,
  "elapsed_s": 6.500282700000071,
  "finished_wall_time_ns": 1786894631252639200,
  "measurement_end_monotonic_ns": 1095960551300,
  "measurement_start_monotonic_ns": 1089460245000,
  "operations": 206045184,
  "pid": 12680,
  "planned_measurement_end_monotonic_ns": 1095960245200,
  "planned_measurement_start_monotonic_ns": 1089460045300,
  "pressure_requested": 0.5,
  "resource": "cpu_compute",
  "schema_version": 1,
  "sleep_s": 3.111484000000246,
  "started_wall_time_ns": 1786894623746079200,
  "status": "completed",
  "warmup_active_s": 0.5182102999995095,
  "warmup_elapsed_s": 1.0001999000000978,
  "warmup_operations": 30408704,
  "warmup_sleep_s": 0.48012199999993754
}
