{
  "active_fraction": 0.2527389709540524,
  "active_s": 7.582138799945824,
  "allocated_bytes": 0,
  "barrier_used": true,
  "barrier_wait_s": 0.699549200006004,
  "benchmark_environment": {
    "environment": {
      "BLIS_NUM_THREADS": "1",
      "MKL_NUM_THREADS": "1",
      "NUMEXPR_NUM_THREADS": "1",
      "OMP_NUM_THREADS": "1",
      "OPENBLAS_NUM_THREADS": "1",
      "VECLIB_MAXIMUM_THREADS": "1"
    },
    "native_thread_limit": 1,
    "protocol": "native_threads_1_warmup5_duration15_repeats5_cv10_v2"
  },
  "capacity_bytes": 0,
  "duty_cycle_s": 0.25,
  "elapsed_s": 29.99988000000303,
  "finished_wall_time_ns": 1786946754648935200,
  "measurement_end_monotonic_ns": 53219356834000,
  "measurement_start_monotonic_ns": 53189356936400,
  "operations": 2248671232,
  "pid": 15600,
  "planned_measurement_end_monotonic_ns": 53219356505500,
  "planned_measurement_start_monotonic_ns": 53189356505500,
  "pressure_requested": 0.25,
  "resource": "cpu_compute",
  "schema_version": 1,
  "sleep_s": 22.35347790002561,
  "started_wall_time_ns": 1786946713965522500,
  "status": "completed",
  "warmup_active_s": 2.529681499938306,
  "warmup_elapsed_s": 9.977241499997035,
  "warmup_operations": 764411904,
  "warmup_sleep_s": 7.426298499987752
}
