{
  "active_fraction": 0.7660217170728285,
  "active_s": 4.979403600016667,
  "allocated_bytes": 805306368,
  "barrier_used": false,
  "barrier_wait_s": 0.0,
  "capacity_bytes": 1073741824,
  "duty_cycle_s": 0.25,
  "elapsed_s": 6.500342600003933,
  "finished_wall_time_ns": 1786891228378289300,
  "measurement_end_monotonic_ns": 44994130274400,
  "measurement_start_monotonic_ns": 44987629909100,
  "operations": 1071057469440,
  "pid": 30592,
  "planned_measurement_end_monotonic_ns": 44994129909300,
  "planned_measurement_start_monotonic_ns": 44987629471200,
  "pressure_requested": 0.75,
  "resource": "gpu_memory",
  "schema_version": 1,
  "sleep_s": 1.5103327999822795,
  "started_wall_time_ns": 1786891218875336000,
  "status": "completed",
  "warmup_active_s": 0.7701771999709308,
  "warmup_elapsed_s": 1.0004384999992908,
  "warmup_operations": 159450660864,
  "warmup_sleep_s": 0.22884350000094855
}
