{
  "active_fraction": 0.7883514458041739,
  "active_s": 12.21973910000088,
  "allocated_bytes": 536870912,
  "barrier_used": false,
  "barrier_wait_s": 0.0,
  "benchmark_environment": {
    "environment": {
      "BLIS_NUM_THREADS": "1",
      "MKL_NUM_THREADS": "1",
      "NUMEXPR_NUM_THREADS": "1",
      "OMP_NUM_THREADS": "1",
      "OPENBLAS_NUM_THREADS": "1",
      "VECLIB_MAXIMUM_THREADS": "1"
    },
    "native_thread_limit": 1,
    "protocol": "native_threads_1_warmup5_duration15_repeats5_cv10_v2"
  },
  "capacity_bytes": 0,
  "duty_cycle_s": 0.25,
  "elapsed_s": 15.500370000001567,
  "finished_wall_time_ns": 1786931250581325200,
  "measurement_end_monotonic_ns": 37715289195900,
  "measurement_start_monotonic_ns": 37699788799500,
  "operations": 865435910144,
  "pid": 21776,
  "planned_measurement_end_monotonic_ns": 37715288800200,
  "planned_measurement_start_monotonic_ns": 37699788611800,
  "pressure_requested": 0.75,
  "resource": "memory_bandwidth",
  "schema_version": 1,
  "sleep_s": 3.2541177999737556,
  "started_wall_time_ns": 1786931229991452900,
  "status": "completed",
  "warmup_active_s": 3.929338599984476,
  "warmup_elapsed_s": 5.0001880999989226,
  "warmup_operations": 278099132416,
  "warmup_sleep_s": 1.0623953000176698
}
