{
  "active_fraction": 0.0,
  "active_s": 0.0,
  "allocated_bytes": 0,
  "barrier_used": true,
  "barrier_wait_s": 0.65926010000112,
  "benchmark_environment": {
    "environment": {
      "BLIS_NUM_THREADS": "1",
      "MKL_NUM_THREADS": "1",
      "NUMEXPR_NUM_THREADS": "1",
      "OMP_NUM_THREADS": "1",
      "OPENBLAS_NUM_THREADS": "1",
      "VECLIB_MAXIMUM_THREADS": "1"
    },
    "native_thread_limit": 1,
    "protocol": "native_threads_1_warmup5_duration15_repeats5_cv10_v2"
  },
  "capacity_bytes": 0,
  "duty_cycle_s": 0.25,
  "elapsed_s": 29.9985891000033,
  "finished_wall_time_ns": 1786937212118680200,
  "measurement_end_monotonic_ns": 43676826492800,
  "measurement_start_monotonic_ns": 43646827881000,
  "operations": 0,
  "pid": 3364,
  "planned_measurement_end_monotonic_ns": 43676826155500,
  "planned_measurement_start_monotonic_ns": 43646826155500,
  "pressure_requested": 0.0,
  "resource": "gpu_memory",
  "schema_version": 1,
  "sleep_s": 29.933510799979558,
  "started_wall_time_ns": 1786937171478872700,
  "status": "completed",
  "warmup_active_s": 0.0,
  "warmup_elapsed_s": 9.975049599997874,
  "warmup_operations": 0,
  "warmup_sleep_s": 9.9563719999569
}
