{
  "active_fraction": 0.07842180821646265,
  "active_s": 2.352665100072045,
  "allocated_bytes": 0,
  "barrier_used": true,
  "barrier_wait_s": 0.06369650000124238,
  "benchmark_environment": {
    "environment": {
      "BLIS_NUM_THREADS": "1",
      "MKL_NUM_THREADS": "1",
      "NUMEXPR_NUM_THREADS": "1",
      "OMP_NUM_THREADS": "1",
      "OPENBLAS_NUM_THREADS": "1",
      "VECLIB_MAXIMUM_THREADS": "1"
    },
    "native_thread_limit": 1,
    "protocol": "native_threads_1_warmup5_duration15_repeats5_cv10_v2"
  },
  "capacity_bytes": 0,
  "duty_cycle_s": 0.25,
  "elapsed_s": 30.000138399998832,
  "finished_wall_time_ns": 1786941772730421900,
  "measurement_end_monotonic_ns": 48237438364600,
  "measurement_start_monotonic_ns": 48207438189900,
  "operations": 464519168,
  "pid": 7980,
  "planned_measurement_end_monotonic_ns": 48237437558100,
  "planned_measurement_start_monotonic_ns": 48207437558100,
  "pressure_requested": 0.0625,
  "resource": "gpu_compute",
  "schema_version": 1,
  "sleep_s": 27.589354399948206,
  "started_wall_time_ns": 1786941731086378700,
  "status": "completed",
  "warmup_active_s": 0.6615057999733835,
  "warmup_elapsed_s": 9.967768499998783,
  "warmup_operations": 1045430272,
  "warmup_sleep_s": 9.287639099973603
}
