{
  "active_fraction": 0.7751633050076722,
  "active_s": 12.015339200000199,
  "allocated_bytes": 536870912,
  "barrier_used": false,
  "barrier_wait_s": 0.0,
  "benchmark_environment": {
    "environment": {
      "BLIS_NUM_THREADS": "1",
      "MKL_NUM_THREADS": "1",
      "NUMEXPR_NUM_THREADS": "1",
      "OMP_NUM_THREADS": "1",
      "OPENBLAS_NUM_THREADS": "1",
      "VECLIB_MAXIMUM_THREADS": "1"
    },
    "native_thread_limit": 1,
    "protocol": "native_threads_1_warmup5_duration15_repeats5_v1"
  },
  "capacity_bytes": 0,
  "duty_cycle_s": 0.25,
  "elapsed_s": 15.500397300000259,
  "finished_wall_time_ns": 1786899241479724100,
  "measurement_end_monotonic_ns": 5706187465000,
  "measurement_start_monotonic_ns": 5690687058800,
  "operations": 808527593472,
  "pid": 23736,
  "planned_measurement_end_monotonic_ns": 5706187059700,
  "planned_measurement_start_monotonic_ns": 5690686426500,
  "pressure_requested": 0.75,
  "resource": "memory_bandwidth",
  "schema_version": 1,
  "sleep_s": 3.45984199999657,
  "started_wall_time_ns": 1786899220889010200,
  "status": "completed",
  "warmup_active_s": 3.925153400000454,
  "warmup_elapsed_s": 5.000632600000245,
  "warmup_operations": 268435456000,
  "warmup_sleep_s": 1.067549899998994
}
