{
  "active_fraction": 0.0,
  "active_s": 0.0,
  "allocated_bytes": 0,
  "barrier_used": true,
  "barrier_wait_s": 0.6971065000034287,
  "capacity_bytes": 0,
  "duty_cycle_s": 0.25,
  "elapsed_s": 30.000336199998856,
  "finished_wall_time_ns": 1786881167240369500,
  "measurement_end_monotonic_ns": 34932992321900,
  "measurement_start_monotonic_ns": 34902991975200,
  "operations": 0,
  "pid": 7660,
  "planned_measurement_end_monotonic_ns": 34932991612500,
  "planned_measurement_start_monotonic_ns": 34902991612500,
  "pressure_requested": 0.0,
  "resource": "gpu_memory",
  "schema_version": 1,
  "sleep_s": 29.946508900007757,
  "started_wall_time_ns": 1786881126552407700,
  "status": "completed",
  "warmup_active_s": 0.0,
  "warmup_elapsed_s": 9.985684699997364,
  "warmup_operations": 0,
  "warmup_sleep_s": 9.964918300000136
}
