{
  "active_fraction": 0.1938342923672694,
  "active_s": 5.81492160003836,
  "allocated_bytes": 0,
  "barrier_used": true,
  "barrier_wait_s": 0.04541640000388725,
  "benchmark_environment": {
    "environment": {
      "BLIS_NUM_THREADS": "1",
      "MKL_NUM_THREADS": "1",
      "NUMEXPR_NUM_THREADS": "1",
      "OMP_NUM_THREADS": "1",
      "OPENBLAS_NUM_THREADS": "1",
      "VECLIB_MAXIMUM_THREADS": "1"
    },
    "native_thread_limit": 1,
    "protocol": "native_threads_1_warmup5_duration15_repeats5_cv10_v2"
  },
  "capacity_bytes": 0,
  "duty_cycle_s": 0.25,
  "elapsed_s": 29.999447100002726,
  "finished_wall_time_ns": 1786947549647493600,
  "measurement_end_monotonic_ns": 54014355562600,
  "measurement_start_monotonic_ns": 53984356075100,
  "operations": 1897922560,
  "pid": 18732,
  "planned_measurement_end_monotonic_ns": 54014355145400,
  "planned_measurement_start_monotonic_ns": 53984355145400,
  "pressure_requested": 0.1875,
  "resource": "gpu_compute",
  "schema_version": 1,
  "sleep_s": 24.125311399991915,
  "started_wall_time_ns": 1786947508075996500,
  "status": "completed",
  "warmup_active_s": 1.890591299852531,
  "warmup_elapsed_s": 9.976753199996892,
  "warmup_operations": 4033871872,
  "warmup_sleep_s": 8.069173200019577
}
