{
  "active_fraction": 0.19344703713448191,
  "active_s": 2.998493300001428,
  "allocated_bytes": 0,
  "barrier_used": false,
  "barrier_wait_s": 0.0,
  "benchmark_environment": {
    "environment": {
      "BLIS_NUM_THREADS": "1",
      "MKL_NUM_THREADS": "1",
      "NUMEXPR_NUM_THREADS": "1",
      "OMP_NUM_THREADS": "1",
      "OPENBLAS_NUM_THREADS": "1",
      "VECLIB_MAXIMUM_THREADS": "1"
    },
    "native_thread_limit": 1,
    "protocol": "native_threads_1_warmup5_duration15_repeats5_cv10_v2"
  },
  "capacity_bytes": 0,
  "duty_cycle_s": 0.25,
  "elapsed_s": 15.500332000003255,
  "finished_wall_time_ns": 1786931841198893100,
  "measurement_end_monotonic_ns": 38305906847700,
  "measurement_start_monotonic_ns": 38290406480000,
  "operations": 2464153600,
  "pid": 15900,
  "planned_measurement_end_monotonic_ns": 38305906480900,
  "planned_measurement_start_monotonic_ns": 38290405791700,
  "pressure_requested": 0.1875,
  "resource": "gpu_compute",
  "schema_version": 1,
  "sleep_s": 12.475157200009562,
  "started_wall_time_ns": 1786931819225775000,
  "status": "completed",
  "warmup_active_s": 0.940209800057346,
  "warmup_elapsed_s": 5.000688899999659,
  "warmup_operations": 2553282560,
  "warmup_sleep_s": 4.050637399974221
}
