{
  "active_fraction": 0.0,
  "active_s": 0.0,
  "allocated_bytes": 0,
  "barrier_used": false,
  "barrier_wait_s": 0.0,
  "capacity_bytes": 0,
  "duty_cycle_s": 0.25,
  "elapsed_s": 6.5001634000000195,
  "finished_wall_time_ns": 1786890747031372400,
  "measurement_end_monotonic_ns": 44512783218400,
  "measurement_start_monotonic_ns": 44506283032000,
  "operations": 0,
  "pid": 13896,
  "planned_measurement_end_monotonic_ns": 44512783033400,
  "planned_measurement_start_monotonic_ns": 44506282535800,
  "pressure_requested": 0.0,
  "resource": "cpu_compute",
  "schema_version": 1,
  "sleep_s": 6.485543499991763,
  "started_wall_time_ns": 1786890739526158400,
  "status": "completed",
  "warmup_active_s": 0.0,
  "warmup_elapsed_s": 1.000496499997098,
  "warmup_operations": 0,
  "warmup_sleep_s": 0.9980086999930791
}
