{
  "active_fraction": 0.7527703718051031,
  "active_s": 11.66814099990006,
  "allocated_bytes": 0,
  "barrier_used": false,
  "barrier_wait_s": 0.0,
  "benchmark_environment": {
    "environment": {
      "BLIS_NUM_THREADS": "1",
      "MKL_NUM_THREADS": "1",
      "NUMEXPR_NUM_THREADS": "1",
      "OMP_NUM_THREADS": "1",
      "OPENBLAS_NUM_THREADS": "1",
      "VECLIB_MAXIMUM_THREADS": "1"
    },
    "native_thread_limit": 1,
    "protocol": "native_threads_1_warmup5_duration15_repeats5_cv10_v2"
  },
  "capacity_bytes": 0,
  "duty_cycle_s": 0.25,
  "elapsed_s": 15.500266000002739,
  "finished_wall_time_ns": 1786930786331935500,
  "measurement_end_monotonic_ns": 37251039816300,
  "measurement_start_monotonic_ns": 37235539523900,
  "operations": 3840409600,
  "pid": 17644,
  "planned_measurement_end_monotonic_ns": 37251039524800,
  "planned_measurement_start_monotonic_ns": 37235539151100,
  "pressure_requested": 0.75,
  "resource": "cpu_compute",
  "schema_version": 1,
  "sleep_s": 3.803850899981626,
  "started_wall_time_ns": 1786930765825582800,
  "status": "completed",
  "warmup_active_s": 3.761053399721277,
  "warmup_elapsed_s": 5.000373099996068,
  "warmup_operations": 1293418496,
  "warmup_sleep_s": 1.2302975000056904
}
