{
  "active_fraction": 0.0,
  "active_s": 0.0,
  "allocated_bytes": 0,
  "barrier_used": true,
  "barrier_wait_s": 0.7007557999968412,
  "benchmark_environment": {
    "environment": {
      "BLIS_NUM_THREADS": "1",
      "MKL_NUM_THREADS": "1",
      "NUMEXPR_NUM_THREADS": "1",
      "OMP_NUM_THREADS": "1",
      "OPENBLAS_NUM_THREADS": "1",
      "VECLIB_MAXIMUM_THREADS": "1"
    },
    "native_thread_limit": 1,
    "protocol": "native_threads_1_warmup5_duration15_repeats5_cv10_v2"
  },
  "capacity_bytes": 0,
  "duty_cycle_s": 0.25,
  "elapsed_s": 29.99971430000005,
  "finished_wall_time_ns": 1786937732838503300,
  "measurement_end_monotonic_ns": 44197546361100,
  "measurement_start_monotonic_ns": 44167546623100,
  "operations": 0,
  "pid": 16920,
  "planned_measurement_end_monotonic_ns": 44197546038300,
  "planned_measurement_start_monotonic_ns": 44167546038300,
  "pressure_requested": 0.0,
  "resource": "cpu_compute",
  "schema_version": 1,
  "sleep_s": 29.937884499959182,
  "started_wall_time_ns": 1786937692153011400,
  "status": "completed",
  "warmup_active_s": 0.0,
  "warmup_elapsed_s": 9.980343200004427,
  "warmup_operations": 0,
  "warmup_sleep_s": 9.9607053000218
}
