{
  "active_fraction": 0.2669658100910513,
  "active_s": 4.138098200000059,
  "allocated_bytes": 536870912,
  "barrier_used": false,
  "barrier_wait_s": 0.0,
  "benchmark_environment": {
    "environment": {
      "BLIS_NUM_THREADS": "1",
      "MKL_NUM_THREADS": "1",
      "NUMEXPR_NUM_THREADS": "1",
      "OMP_NUM_THREADS": "1",
      "OPENBLAS_NUM_THREADS": "1",
      "VECLIB_MAXIMUM_THREADS": "1"
    },
    "native_thread_limit": 1,
    "protocol": "native_threads_1_warmup5_duration15_repeats5_v1"
  },
  "capacity_bytes": 0,
  "duty_cycle_s": 0.25,
  "elapsed_s": 15.500479999999698,
  "finished_wall_time_ns": 1786899008908951400,
  "measurement_end_monotonic_ns": 5473616891700,
  "measurement_start_monotonic_ns": 5458116386900,
  "operations": 266287972352,
  "pid": 17032,
  "planned_measurement_end_monotonic_ns": 5473616387700,
  "planned_measurement_start_monotonic_ns": 5458115705200,
  "pressure_requested": 0.25,
  "resource": "memory_bandwidth",
  "schema_version": 1,
  "sleep_s": 11.314125599998988,
  "started_wall_time_ns": 1786898988320642300,
  "status": "completed",
  "warmup_active_s": 1.3447037999967506,
  "warmup_elapsed_s": 5.000682200000483,
  "warmup_operations": 86973087744,
  "warmup_sleep_s": 3.6438567000004696
}
