{
  "active_fraction": 0.14575624972925486,
  "active_s": 4.372687899995071,
  "allocated_bytes": 0,
  "barrier_used": true,
  "barrier_wait_s": 0.045823799999197945,
  "benchmark_environment": {
    "environment": {
      "BLIS_NUM_THREADS": "1",
      "MKL_NUM_THREADS": "1",
      "NUMEXPR_NUM_THREADS": "1",
      "OMP_NUM_THREADS": "1",
      "OPENBLAS_NUM_THREADS": "1",
      "VECLIB_MAXIMUM_THREADS": "1"
    },
    "native_thread_limit": 1,
    "protocol": "native_threads_1_warmup5_duration15_repeats5_cv10_v2"
  },
  "capacity_bytes": 0,
  "duty_cycle_s": 0.25,
  "elapsed_s": 30.000002799999493,
  "finished_wall_time_ns": 1786949662813386800,
  "measurement_end_monotonic_ns": 56127521321600,
  "measurement_start_monotonic_ns": 56097521284800,
  "operations": 864026624,
  "pid": 26004,
  "planned_measurement_end_monotonic_ns": 56127520978800,
  "planned_measurement_start_monotonic_ns": 56097520978800,
  "pressure_requested": 0.125,
  "resource": "gpu_compute",
  "schema_version": 1,
  "sleep_s": 25.568917599979613,
  "started_wall_time_ns": 1786949621108214200,
  "status": "completed",
  "warmup_active_s": 1.265059699959238,
  "warmup_elapsed_s": 9.986589899999672,
  "warmup_operations": 2408579072,
  "warmup_sleep_s": 8.703702600010729
}
