{
  "active_fraction": 0.0,
  "active_s": 0.0,
  "allocated_bytes": 0,
  "barrier_used": false,
  "barrier_wait_s": 0.0,
  "capacity_bytes": 0,
  "duty_cycle_s": 0.25,
  "elapsed_s": 6.50033760000224,
  "finished_wall_time_ns": 1786890997474191000,
  "measurement_end_monotonic_ns": 44763226037600,
  "measurement_start_monotonic_ns": 44756725676600,
  "operations": 0,
  "pid": 31368,
  "planned_measurement_end_monotonic_ns": 44763225676900,
  "planned_measurement_start_monotonic_ns": 44756725345500,
  "pressure_requested": 0.0,
  "resource": "gpu_compute",
  "schema_version": 1,
  "sleep_s": 6.485818300003302,
  "started_wall_time_ns": 1786890989968158600,
  "status": "completed",
  "warmup_active_s": 0.0,
  "warmup_elapsed_s": 1.0003313999986858,
  "warmup_operations": 0,
  "warmup_sleep_s": 0.9984028000108083
}
