{
  "active_fraction": 0.2600695503951546,
  "active_s": 7.802071999976761,
  "allocated_bytes": 536870912,
  "barrier_used": true,
  "barrier_wait_s": 0.6171113000018522,
  "benchmark_environment": {
    "environment": {
      "BLIS_NUM_THREADS": "1",
      "MKL_NUM_THREADS": "1",
      "NUMEXPR_NUM_THREADS": "1",
      "OMP_NUM_THREADS": "1",
      "OPENBLAS_NUM_THREADS": "1",
      "VECLIB_MAXIMUM_THREADS": "1"
    },
    "native_thread_limit": 1,
    "protocol": "native_threads_1_warmup5_duration15_repeats5_cv10_v2"
  },
  "capacity_bytes": 0,
  "duty_cycle_s": 0.25,
  "elapsed_s": 29.99994420001167,
  "finished_wall_time_ns": 1786960422791779400,
  "measurement_end_monotonic_ns": 66887499791500,
  "measurement_start_monotonic_ns": 66857499819599,
  "operations": 517543559168,
  "pid": 26336,
  "planned_measurement_end_monotonic_ns": 66887499017900,
  "planned_measurement_start_monotonic_ns": 66857499017900,
  "pressure_requested": 0.25,
  "resource": "memory_bandwidth",
  "schema_version": 1,
  "sleep_s": 22.142447000049287,
  "started_wall_time_ns": 1786960382109044800,
  "status": "completed",
  "warmup_active_s": 2.643095799954608,
  "warmup_elapsed_s": 9.973223499997403,
  "warmup_operations": 175019917312,
  "warmup_sleep_s": 7.313409599955776
}
