{
  "active_fraction": 0.252867193968715,
  "active_s": 1.8966689000371844,
  "allocated_bytes": 268435456,
  "barrier_used": false,
  "barrier_wait_s": 0.0,
  "capacity_bytes": 1073741824,
  "duty_cycle_s": 0.25,
  "elapsed_s": 7.500652300004731,
  "finished_wall_time_ns": 1786889451002440100,
  "measurement_end_monotonic_ns": 43216754265800,
  "measurement_start_monotonic_ns": 43209253588600,
  "operations": 402116313088,
  "pid": 30308,
  "planned_measurement_end_monotonic_ns": 43216753588700,
  "planned_measurement_start_monotonic_ns": 43209253584600,
  "pressure_requested": 0.25,
  "resource": "gpu_memory",
  "schema_version": 1,
  "sleep_s": 5.591938800011121,
  "started_wall_time_ns": 1786889441906279200,
  "status": "completed",
  "warmup_active_s": 0.0,
  "warmup_elapsed_s": 4.499997885432094e-06,
  "warmup_operations": 0,
  "warmup_sleep_s": 0.0
}
