{
  "active_fraction": 0.7572613781245136,
  "active_s": 22.71742750039266,
  "allocated_bytes": 805306368,
  "barrier_used": true,
  "barrier_wait_s": 0.08653989999584155,
  "benchmark_environment": {
    "environment": {
      "BLIS_NUM_THREADS": "1",
      "MKL_NUM_THREADS": "1",
      "NUMEXPR_NUM_THREADS": "1",
      "OMP_NUM_THREADS": "1",
      "OPENBLAS_NUM_THREADS": "1",
      "VECLIB_MAXIMUM_THREADS": "1"
    },
    "native_thread_limit": 1,
    "protocol": "native_threads_1_warmup5_duration15_repeats5_cv10_v2"
  },
  "capacity_bytes": 1073741824,
  "duty_cycle_s": 0.25,
  "elapsed_s": 29.999453500000527,
  "finished_wall_time_ns": 1786956042242413300,
  "measurement_end_monotonic_ns": 62506950156600,
  "measurement_start_monotonic_ns": 62476950693100,
  "operations": 4864050462720,
  "pid": 28316,
  "planned_measurement_end_monotonic_ns": 62506950032500,
  "planned_measurement_start_monotonic_ns": 62476950032500,
  "pressure_requested": 0.75,
  "resource": "gpu_memory",
  "schema_version": 1,
  "sleep_s": 7.226477699965471,
  "started_wall_time_ns": 1786956000598199200,
  "status": "completed",
  "warmup_active_s": 7.632697599990934,
  "warmup_elapsed_s": 9.972913700003119,
  "warmup_operations": 1604170285056,
  "warmup_sleep_s": 2.3243594999803463
}
