{
  "active_fraction": 0.7551827410755871,
  "active_s": 22.655677900111186,
  "allocated_bytes": 805306368,
  "barrier_used": true,
  "barrier_wait_s": 0.06772490000003017,
  "benchmark_environment": {
    "environment": {
      "BLIS_NUM_THREADS": "1",
      "MKL_NUM_THREADS": "1",
      "NUMEXPR_NUM_THREADS": "1",
      "OMP_NUM_THREADS": "1",
      "OPENBLAS_NUM_THREADS": "1",
      "VECLIB_MAXIMUM_THREADS": "1"
    },
    "native_thread_limit": 1,
    "protocol": "native_threads_1_warmup5_duration15_repeats5_cv10_v2"
  },
  "capacity_bytes": 1073741824,
  "duty_cycle_s": 0.25,
  "elapsed_s": 30.000259099993855,
  "finished_wall_time_ns": 1786947811336973300,
  "measurement_end_monotonic_ns": 54276044828900,
  "measurement_start_monotonic_ns": 54246044511400,
  "operations": 4849554948096,
  "pid": 14704,
  "planned_measurement_end_monotonic_ns": 54276044238900,
  "planned_measurement_start_monotonic_ns": 54246044238900,
  "pressure_requested": 0.75,
  "resource": "gpu_memory",
  "schema_version": 1,
  "sleep_s": 7.290494000000763,
  "started_wall_time_ns": 1786947769632885600,
  "status": "completed",
  "warmup_active_s": 7.604304700173088,
  "warmup_elapsed_s": 9.981252200006566,
  "warmup_operations": 1584842932224,
  "warmup_sleep_s": 2.359636600005615
}
