{
  "active_fraction": 0.5026879007846489,
  "active_s": 15.079818999518466,
  "allocated_bytes": 0,
  "barrier_used": true,
  "barrier_wait_s": 0.6900208000006387,
  "benchmark_environment": {
    "environment": {
      "BLIS_NUM_THREADS": "1",
      "MKL_NUM_THREADS": "1",
      "NUMEXPR_NUM_THREADS": "1",
      "OMP_NUM_THREADS": "1",
      "OPENBLAS_NUM_THREADS": "1",
      "VECLIB_MAXIMUM_THREADS": "1"
    },
    "native_thread_limit": 1,
    "protocol": "native_threads_1_warmup5_duration15_repeats5_cv10_v2"
  },
  "capacity_bytes": 0,
  "duty_cycle_s": 0.25,
  "elapsed_s": 29.99837269999989,
  "finished_wall_time_ns": 1786951343651679700,
  "measurement_end_monotonic_ns": 57808359588100,
  "measurement_start_monotonic_ns": 57778361056800,
  "operations": 4982833152,
  "pid": 9464,
  "planned_measurement_end_monotonic_ns": 57808359192600,
  "planned_measurement_start_monotonic_ns": 57778359192600,
  "pressure_requested": 0.5,
  "resource": "cpu_compute",
  "schema_version": 1,
  "sleep_s": 14.85489050004253,
  "started_wall_time_ns": 1786951302982033800,
  "status": "completed",
  "warmup_active_s": 5.02055019956606,
  "warmup_elapsed_s": 9.97522829999798,
  "warmup_operations": 1754791936,
  "warmup_sleep_s": 4.934658600017428
}
