{
  "active_fraction": 0.0,
  "active_s": 0.0,
  "allocated_bytes": 0,
  "barrier_used": true,
  "barrier_wait_s": 0.7729127999919001,
  "benchmark_environment": {
    "environment": {
      "BLIS_NUM_THREADS": "1",
      "MKL_NUM_THREADS": "1",
      "NUMEXPR_NUM_THREADS": "1",
      "OMP_NUM_THREADS": "1",
      "OPENBLAS_NUM_THREADS": "1",
      "VECLIB_MAXIMUM_THREADS": "1"
    },
    "native_thread_limit": 1,
    "protocol": "native_threads_1_warmup5_duration15_repeats5_cv10_v2"
  },
  "capacity_bytes": 0,
  "duty_cycle_s": 0.25,
  "elapsed_s": 30.000254699989455,
  "finished_wall_time_ns": 1786960267488397900,
  "measurement_end_monotonic_ns": 66732196232400,
  "measurement_start_monotonic_ns": 66702195953600,
  "operations": 0,
  "pid": 27052,
  "planned_measurement_end_monotonic_ns": 66732195800800,
  "planned_measurement_start_monotonic_ns": 66702195800800,
  "pressure_requested": 0.0,
  "resource": "gpu_compute",
  "schema_version": 1,
  "sleep_s": 29.935858200056828,
  "started_wall_time_ns": 1786960226740513100,
  "status": "completed",
  "warmup_active_s": 0.0,
  "warmup_elapsed_s": 9.969908300001407,
  "warmup_operations": 0,
  "warmup_sleep_s": 9.951238600027864
}
