{
  "active_fraction": 0.26450581737795104,
  "active_s": 15.87040159998287,
  "allocated_bytes": 0,
  "barrier_used": true,
  "barrier_wait_s": 0.06594659999973373,
  "capacity_bytes": 0,
  "duty_cycle_s": 0.25,
  "elapsed_s": 60.0001986999996,
  "finished_wall_time_ns": 1786862832787910000,
  "measurement_end_monotonic_ns": 16597498136900,
  "measurement_start_monotonic_ns": 16537497911600,
  "operations": 4319084544,
  "pid": 9752,
  "planned_measurement_end_monotonic_ns": 16597497229100,
  "planned_measurement_start_monotonic_ns": 16537497229100,
  "pressure_requested": 0.25,
  "resource": "gpu_compute",
  "schema_version": 1,
  "sleep_s": 44.01927339998292,
  "started_wall_time_ns": 1786862751064083700,
  "status": "completed",
  "warmup_active_s": 5.095867199848726,
  "warmup_elapsed_s": 19.973521600000822,
  "warmup_operations": 6944718848,
  "warmup_sleep_s": 14.840701699977217
}
