{
  "active_fraction": 0.5041247460404543,
  "active_s": 15.123707999904582,
  "allocated_bytes": 536870912,
  "barrier_used": true,
  "barrier_wait_s": 0.08717169999727048,
  "benchmark_environment": {
    "environment": {
      "BLIS_NUM_THREADS": "1",
      "MKL_NUM_THREADS": "1",
      "NUMEXPR_NUM_THREADS": "1",
      "OMP_NUM_THREADS": "1",
      "OPENBLAS_NUM_THREADS": "1",
      "VECLIB_MAXIMUM_THREADS": "1"
    },
    "native_thread_limit": 1,
    "protocol": "native_threads_1_warmup5_duration15_repeats5_cv10_v2"
  },
  "capacity_bytes": 1073741824,
  "duty_cycle_s": 0.25,
  "elapsed_s": 29.999931799997285,
  "finished_wall_time_ns": 1786944555575532900,
  "measurement_end_monotonic_ns": 51020283505400,
  "measurement_start_monotonic_ns": 50990283535100,
  "operations": 3222299213824,
  "pid": 28748,
  "planned_measurement_end_monotonic_ns": 51020282489200,
  "planned_measurement_start_monotonic_ns": 50990282489200,
  "pressure_requested": 0.5,
  "resource": "gpu_memory",
  "schema_version": 1,
  "sleep_s": 14.820375999974203,
  "started_wall_time_ns": 1786944513935580500,
  "status": "completed",
  "warmup_active_s": 5.069152499883785,
  "warmup_elapsed_s": 9.987611900003685,
  "warmup_operations": 1047972020224,
  "warmup_sleep_s": 4.899999099987326
}
