{
  "active_fraction": 0.13933110160366535,
  "active_s": 4.179956400002993,
  "allocated_bytes": 0,
  "barrier_used": true,
  "barrier_wait_s": 0.0683220999999321,
  "benchmark_environment": {
    "environment": {
      "BLIS_NUM_THREADS": "1",
      "MKL_NUM_THREADS": "1",
      "NUMEXPR_NUM_THREADS": "1",
      "OMP_NUM_THREADS": "1",
      "OPENBLAS_NUM_THREADS": "1",
      "VECLIB_MAXIMUM_THREADS": "1"
    },
    "native_thread_limit": 1,
    "protocol": "native_threads_1_warmup5_duration15_repeats5_cv10_v2"
  },
  "capacity_bytes": 0,
  "duty_cycle_s": 0.25,
  "elapsed_s": 30.000167600002897,
  "finished_wall_time_ns": 1786942816865334200,
  "measurement_end_monotonic_ns": 49281573229800,
  "measurement_start_monotonic_ns": 49251573027200,
  "operations": 904921088,
  "pid": 27516,
  "planned_measurement_end_monotonic_ns": 49281572554100,
  "planned_measurement_start_monotonic_ns": 49251572554100,
  "pressure_requested": 0.125,
  "resource": "gpu_compute",
  "schema_version": 1,
  "sleep_s": 25.760569600002782,
  "started_wall_time_ns": 1786942775224436800,
  "status": "completed",
  "warmup_active_s": 1.262569800041092,
  "warmup_elapsed_s": 9.97404749999987,
  "warmup_operations": 2365587456,
  "warmup_sleep_s": 8.692505399943911
}
