{
  "active_fraction": 0.06326535923332864,
  "active_s": 0.41125809994264273,
  "allocated_bytes": 0,
  "barrier_used": false,
  "barrier_wait_s": 0.0,
  "capacity_bytes": 0,
  "duty_cycle_s": 0.25,
  "elapsed_s": 6.500525800001924,
  "finished_wall_time_ns": 1786891016971259300,
  "measurement_end_monotonic_ns": 44782723072000,
  "measurement_start_monotonic_ns": 44776222524600,
  "operations": 956301312,
  "pid": 11740,
  "planned_measurement_end_monotonic_ns": 44782722525500,
  "planned_measurement_start_monotonic_ns": 44776222114000,
  "pressure_requested": 0.0625,
  "resource": "gpu_compute",
  "schema_version": 1,
  "sleep_s": 6.076995300012641,
  "started_wall_time_ns": 1786891007868238400,
  "status": "completed",
  "warmup_active_s": 0.0649929000355769,
  "warmup_elapsed_s": 1.0004114000039408,
  "warmup_operations": 121634816,
  "warmup_sleep_s": 0.9339346999913687
}
