{
  "active_fraction": 0.9999090624549286,
  "active_s": 29.996983799843292,
  "allocated_bytes": 536870912,
  "barrier_used": true,
  "barrier_wait_s": 0.6644739999974263,
  "benchmark_environment": {
    "environment": {
      "BLIS_NUM_THREADS": "1",
      "MKL_NUM_THREADS": "1",
      "NUMEXPR_NUM_THREADS": "1",
      "OMP_NUM_THREADS": "1",
      "OPENBLAS_NUM_THREADS": "1",
      "VECLIB_MAXIMUM_THREADS": "1"
    },
    "native_thread_limit": 1,
    "protocol": "native_threads_1_warmup5_duration15_repeats5_cv10_v2"
  },
  "capacity_bytes": 0,
  "duty_cycle_s": 0.25,
  "elapsed_s": 29.999711899996328,
  "finished_wall_time_ns": 1786953770078780700,
  "measurement_end_monotonic_ns": 60234786822200,
  "measurement_start_monotonic_ns": 60204787102100,
  "operations": 2045478174720,
  "pid": 26312,
  "planned_measurement_end_monotonic_ns": 60234778739600,
  "planned_measurement_start_monotonic_ns": 60204778739600,
  "pressure_requested": 1.0,
  "resource": "memory_bandwidth",
  "schema_version": 1,
  "sleep_s": 0.0,
  "started_wall_time_ns": 1786953729346230800,
  "status": "completed",
  "warmup_active_s": 9.980542299919762,
  "warmup_elapsed_s": 9.98144680000405,
  "warmup_operations": 679678574592,
  "warmup_sleep_s": 0.0
}
