{
  "active_fraction": 0.2613873452831255,
  "active_s": 7.841527200042037,
  "allocated_bytes": 536870912,
  "barrier_used": true,
  "barrier_wait_s": 0.6521781000046758,
  "benchmark_environment": {
    "environment": {
      "BLIS_NUM_THREADS": "1",
      "MKL_NUM_THREADS": "1",
      "NUMEXPR_NUM_THREADS": "1",
      "OMP_NUM_THREADS": "1",
      "OPENBLAS_NUM_THREADS": "1",
      "VECLIB_MAXIMUM_THREADS": "1"
    },
    "native_thread_limit": 1,
    "protocol": "native_threads_1_warmup5_duration15_repeats5_cv10_v2"
  },
  "capacity_bytes": 0,
  "duty_cycle_s": 0.25,
  "elapsed_s": 29.99964359999285,
  "finished_wall_time_ns": 1786960005782219200,
  "measurement_end_monotonic_ns": 66470490049300,
  "measurement_start_monotonic_ns": 66440490378000,
  "operations": 517543559168,
  "pid": 25752,
  "planned_measurement_end_monotonic_ns": 66470489681200,
  "planned_measurement_start_monotonic_ns": 66440489681200,
  "pressure_requested": 0.25,
  "resource": "memory_bandwidth",
  "schema_version": 1,
  "sleep_s": 22.099824899894884,
  "started_wall_time_ns": 1786959965075633900,
  "status": "completed",
  "warmup_active_s": 2.598889300090377,
  "warmup_elapsed_s": 9.966858800005866,
  "warmup_operations": 171798691840,
  "warmup_sleep_s": 7.342829299916048
}
