{
  "active_fraction": 0.08044580569932402,
  "active_s": 2.413352699993993,
  "allocated_bytes": 0,
  "barrier_used": true,
  "barrier_wait_s": 0.04591430000436958,
  "benchmark_environment": {
    "environment": {
      "BLIS_NUM_THREADS": "1",
      "MKL_NUM_THREADS": "1",
      "NUMEXPR_NUM_THREADS": "1",
      "OMP_NUM_THREADS": "1",
      "OPENBLAS_NUM_THREADS": "1",
      "VECLIB_MAXIMUM_THREADS": "1"
    },
    "native_thread_limit": 1,
    "protocol": "native_threads_1_warmup5_duration15_repeats5_cv10_v2"
  },
  "capacity_bytes": 0,
  "duty_cycle_s": 0.25,
  "elapsed_s": 29.999733099997684,
  "finished_wall_time_ns": 1786940670584765600,
  "measurement_end_monotonic_ns": 47135292696500,
  "measurement_start_monotonic_ns": 47105292920300,
  "operations": 473956352,
  "pid": 26644,
  "planned_measurement_end_monotonic_ns": 47135292081600,
  "planned_measurement_start_monotonic_ns": 47105292081600,
  "pressure_requested": 0.0625,
  "resource": "gpu_compute",
  "schema_version": 1,
  "sleep_s": 27.529064899987134,
  "started_wall_time_ns": 1786940628955330500,
  "status": "completed",
  "warmup_active_s": 0.6508888000462321,
  "warmup_elapsed_s": 9.983041999999841,
  "warmup_operations": 1153433600,
  "warmup_sleep_s": 9.31346250000206
}
