{
  "active_fraction": 0.9999401488151717,
  "active_s": 6.507417400047416,
  "allocated_bytes": 1073741824,
  "barrier_used": false,
  "barrier_wait_s": 0.0,
  "capacity_bytes": 1073741824,
  "duty_cycle_s": 0.25,
  "elapsed_s": 6.507806900001015,
  "finished_wall_time_ns": 1786891258482715000,
  "measurement_end_monotonic_ns": 45024234925700,
  "measurement_start_monotonic_ns": 45017727111300,
  "operations": 1406601789440,
  "pid": 23136,
  "planned_measurement_end_monotonic_ns": 45024227111500,
  "planned_measurement_start_monotonic_ns": 45017719220300,
  "pressure_requested": 1.0,
  "resource": "gpu_memory",
  "schema_version": 1,
  "sleep_s": 0.0,
  "started_wall_time_ns": 1786891249257514200,
  "status": "completed",
  "warmup_active_s": 1.0078278000146383,
  "warmup_elapsed_s": 1.0078917999999248,
  "warmup_operations": 216895848448,
  "warmup_sleep_s": 0.0
}
