{
  "active_fraction": 0.9999336091854516,
  "active_s": 6.512516600007075,
  "allocated_bytes": 536870912,
  "barrier_used": false,
  "barrier_wait_s": 0.0,
  "capacity_bytes": 0,
  "duty_cycle_s": 0.25,
  "elapsed_s": 6.512948999996297,
  "finished_wall_time_ns": 1786890965147093800,
  "measurement_end_monotonic_ns": 44730899724100,
  "measurement_start_monotonic_ns": 44724386767500,
  "operations": 471372660736,
  "pid": 16700,
  "planned_measurement_end_monotonic_ns": 44730886767600,
  "planned_measurement_start_monotonic_ns": 44724383238300,
  "pressure_requested": 1.0,
  "resource": "memory_bandwidth",
  "schema_version": 1,
  "sleep_s": 0.0,
  "started_wall_time_ns": 1786890957539459600,
  "status": "completed",
  "warmup_active_s": 1.0034452000109013,
  "warmup_elapsed_s": 1.0035295999987284,
  "warmup_operations": 70866960384,
  "warmup_sleep_s": 0.0
}
