{
  "active_fraction": 0.9994085150409708,
  "active_s": 29.983017600163294,
  "allocated_bytes": 0,
  "barrier_used": true,
  "barrier_wait_s": 0.7331736999985878,
  "benchmark_environment": {
    "environment": {
      "BLIS_NUM_THREADS": "1",
      "MKL_NUM_THREADS": "1",
      "NUMEXPR_NUM_THREADS": "1",
      "OMP_NUM_THREADS": "1",
      "OPENBLAS_NUM_THREADS": "1",
      "VECLIB_MAXIMUM_THREADS": "1"
    },
    "native_thread_limit": 1,
    "protocol": "native_threads_1_warmup5_duration15_repeats5_cv10_v2"
  },
  "capacity_bytes": 0,
  "duty_cycle_s": 0.25,
  "elapsed_s": 30.0007626000006,
  "finished_wall_time_ns": 1786936061964635200,
  "measurement_end_monotonic_ns": 42526672401300,
  "measurement_start_monotonic_ns": 42496671631900,
  "operations": 12113674240,
  "pid": 23568,
  "planned_measurement_end_monotonic_ns": 42526670838700,
  "planned_measurement_start_monotonic_ns": 42496670838700,
  "pressure_requested": 1.0,
  "resource": "cpu_compute",
  "schema_version": 1,
  "sleep_s": 0.0,
  "started_wall_time_ns": 1786936021245601000,
  "status": "completed",
  "warmup_active_s": 9.973449900506239,
  "warmup_elapsed_s": 9.97898489999352,
  "warmup_operations": 4259315712,
  "warmup_sleep_s": 0.0
}
