{
  "active_fraction": 0.2556684399753474,
  "active_s": 7.6700803001149325,
  "allocated_bytes": 268435456,
  "barrier_used": true,
  "barrier_wait_s": 0.07315029999881517,
  "benchmark_environment": {
    "environment": {
      "BLIS_NUM_THREADS": "1",
      "MKL_NUM_THREADS": "1",
      "NUMEXPR_NUM_THREADS": "1",
      "OMP_NUM_THREADS": "1",
      "OPENBLAS_NUM_THREADS": "1",
      "VECLIB_MAXIMUM_THREADS": "1"
    },
    "native_thread_limit": 1,
    "protocol": "native_threads_1_warmup5_duration15_repeats5_cv10_v2"
  },
  "capacity_bytes": 1073741824,
  "duty_cycle_s": 0.25,
  "elapsed_s": 30.000105999999505,
  "finished_wall_time_ns": 1786947967466828400,
  "measurement_end_monotonic_ns": 54432174878500,
  "measurement_start_monotonic_ns": 54402174733900,
  "operations": 1066762502144,
  "pid": 9192,
  "planned_measurement_end_monotonic_ns": 54432174269900,
  "planned_measurement_start_monotonic_ns": 54402174269900,
  "pressure_requested": 0.25,
  "resource": "gpu_memory",
  "schema_version": 1,
  "sleep_s": 22.2768216000768,
  "started_wall_time_ns": 1786947925841741500,
  "status": "completed",
  "warmup_active_s": 2.5457920000699232,
  "warmup_elapsed_s": 9.969325099998969,
  "warmup_operations": 511101108224,
  "warmup_sleep_s": 7.406444199987163
}
