{
  "active_fraction": 0.25867701946532196,
  "active_s": 7.76022459971864,
  "allocated_bytes": 268435456,
  "barrier_used": true,
  "barrier_wait_s": 0.06729990000167163,
  "benchmark_environment": {
    "environment": {
      "BLIS_NUM_THREADS": "1",
      "MKL_NUM_THREADS": "1",
      "NUMEXPR_NUM_THREADS": "1",
      "OMP_NUM_THREADS": "1",
      "OPENBLAS_NUM_THREADS": "1",
      "VECLIB_MAXIMUM_THREADS": "1"
    },
    "native_thread_limit": 1,
    "protocol": "native_threads_1_warmup5_duration15_repeats5_cv10_v2"
  },
  "capacity_bytes": 1073741824,
  "duty_cycle_s": 0.25,
  "elapsed_s": 29.999667600000976,
  "finished_wall_time_ns": 1786936426257921000,
  "measurement_end_monotonic_ns": 42890966099500,
  "measurement_start_monotonic_ns": 42860966384900,
  "operations": 1057635696640,
  "pid": 29272,
  "planned_measurement_end_monotonic_ns": 42890965397300,
  "planned_measurement_start_monotonic_ns": 42860965397300,
  "pressure_requested": 0.25,
  "resource": "gpu_memory",
  "schema_version": 1,
  "sleep_s": 22.183720400025777,
  "started_wall_time_ns": 1786936384621481400,
  "status": "completed",
  "warmup_active_s": 2.545745000235911,
  "warmup_elapsed_s": 9.97239940000145,
  "warmup_operations": 519154171904,
  "warmup_sleep_s": 7.406715700031782
}
