{
  "active_fraction": 0.5083147255191772,
  "active_s": 3.3041608999919845,
  "allocated_bytes": 536870912,
  "barrier_used": false,
  "barrier_wait_s": 0.0,
  "capacity_bytes": 1073741824,
  "duty_cycle_s": 0.25,
  "elapsed_s": 6.500226600001042,
  "finished_wall_time_ns": 1786891178771227500,
  "measurement_end_monotonic_ns": 44944523011000,
  "measurement_start_monotonic_ns": 44938022768600,
  "operations": 709743345664,
  "pid": 29064,
  "planned_measurement_end_monotonic_ns": 44944522769200,
  "planned_measurement_start_monotonic_ns": 44938022116500,
  "pressure_requested": 0.5,
  "resource": "gpu_memory",
  "schema_version": 1,
  "sleep_s": 3.1858577000020887,
  "started_wall_time_ns": 1786891169598911700,
  "status": "completed",
  "warmup_active_s": 0.5154799000229104,
  "warmup_elapsed_s": 1.0006525999997393,
  "warmup_operations": 109521666048,
  "warmup_sleep_s": 0.4831698999987566
}
