{
  "active_fraction": 0.2530164635026547,
  "active_s": 3.921836200162943,
  "allocated_bytes": 0,
  "barrier_used": false,
  "barrier_wait_s": 0.0,
  "benchmark_environment": {
    "environment": {
      "BLIS_NUM_THREADS": "1",
      "MKL_NUM_THREADS": "1",
      "NUMEXPR_NUM_THREADS": "1",
      "OMP_NUM_THREADS": "1",
      "OPENBLAS_NUM_THREADS": "1",
      "VECLIB_MAXIMUM_THREADS": "1"
    },
    "native_thread_limit": 1,
    "protocol": "native_threads_1_warmup5_duration15_repeats5_cv10_v2"
  },
  "capacity_bytes": 0,
  "duty_cycle_s": 0.25,
  "elapsed_s": 15.500320200000715,
  "finished_wall_time_ns": 1786930575911031600,
  "measurement_end_monotonic_ns": 37040618974700,
  "measurement_start_monotonic_ns": 37025118625200,
  "operations": 922222592,
  "pid": 2576,
  "planned_measurement_end_monotonic_ns": 37040618626000,
  "planned_measurement_start_monotonic_ns": 37025118490900,
  "pressure_requested": 0.25,
  "resource": "cpu_compute",
  "schema_version": 1,
  "sleep_s": 11.54831220003689,
  "started_wall_time_ns": 1786930555404178200,
  "status": "completed",
  "warmup_active_s": 1.2668077001071651,
  "warmup_elapsed_s": 5.000134599999001,
  "warmup_operations": 325582848,
  "warmup_sleep_s": 3.7228725000022678
}
