{
  "active_fraction": 0.0,
  "active_s": 0.0,
  "allocated_bytes": 0,
  "barrier_used": true,
  "barrier_wait_s": 0.6922696999972686,
  "benchmark_environment": {
    "environment": {
      "BLIS_NUM_THREADS": "1",
      "MKL_NUM_THREADS": "1",
      "NUMEXPR_NUM_THREADS": "1",
      "OMP_NUM_THREADS": "1",
      "OPENBLAS_NUM_THREADS": "1",
      "VECLIB_MAXIMUM_THREADS": "1"
    },
    "native_thread_limit": 1,
    "protocol": "native_threads_1_warmup5_duration15_repeats5_cv10_v2"
  },
  "capacity_bytes": 0,
  "duty_cycle_s": 0.25,
  "elapsed_s": 30.001138999999966,
  "finished_wall_time_ns": 1786948019218743100,
  "measurement_end_monotonic_ns": 54483926684800,
  "measurement_start_monotonic_ns": 54453925517400,
  "operations": 0,
  "pid": 25608,
  "planned_measurement_end_monotonic_ns": 54483925151200,
  "planned_measurement_start_monotonic_ns": 54453925151200,
  "pressure_requested": 0.0,
  "resource": "memory_bandwidth",
  "schema_version": 1,
  "sleep_s": 29.934672699971998,
  "started_wall_time_ns": 1786947978550266700,
  "status": "completed",
  "warmup_active_s": 0.0,
  "warmup_elapsed_s": 9.970449200001894,
  "warmup_operations": 0,
  "warmup_sleep_s": 9.951175799986231
}
