{
  "active_fraction": 0.9999366114525058,
  "active_s": 29.990901199817017,
  "allocated_bytes": 1073741824,
  "barrier_used": true,
  "barrier_wait_s": 0.07199719999334775,
  "benchmark_environment": {
    "environment": {
      "BLIS_NUM_THREADS": "1",
      "MKL_NUM_THREADS": "1",
      "NUMEXPR_NUM_THREADS": "1",
      "OMP_NUM_THREADS": "1",
      "OPENBLAS_NUM_THREADS": "1",
      "VECLIB_MAXIMUM_THREADS": "1"
    },
    "native_thread_limit": 1,
    "protocol": "native_threads_1_warmup5_duration15_repeats5_cv10_v2"
  },
  "capacity_bytes": 1073741824,
  "duty_cycle_s": 0.25,
  "elapsed_s": 29.992802399996435,
  "finished_wall_time_ns": 1786939308952743300,
  "measurement_end_monotonic_ns": 45773661012600,
  "measurement_start_monotonic_ns": 45743668198100,
  "operations": 6453188362240,
  "pid": 9420,
  "planned_measurement_end_monotonic_ns": 45773659165200,
  "planned_measurement_start_monotonic_ns": 45743659165200,
  "pressure_requested": 1.0,
  "resource": "gpu_memory",
  "schema_version": 1,
  "sleep_s": 0.0,
  "started_wall_time_ns": 1786939267280959000,
  "status": "completed",
  "warmup_active_s": 9.973134100117022,
  "warmup_elapsed_s": 9.973866300002555,
  "warmup_operations": 2104533975040,
  "warmup_sleep_s": 0.0
}
