{
  "active_fraction": 0.14252815536447327,
  "active_s": 4.275778200055356,
  "allocated_bytes": 0,
  "barrier_used": true,
  "barrier_wait_s": 0.08874899999500485,
  "benchmark_environment": {
    "environment": {
      "BLIS_NUM_THREADS": "1",
      "MKL_NUM_THREADS": "1",
      "NUMEXPR_NUM_THREADS": "1",
      "OMP_NUM_THREADS": "1",
      "OPENBLAS_NUM_THREADS": "1",
      "VECLIB_MAXIMUM_THREADS": "1"
    },
    "native_thread_limit": 1,
    "protocol": "native_threads_1_warmup5_duration15_repeats5_cv10_v2"
  },
  "capacity_bytes": 0,
  "duty_cycle_s": 0.25,
  "elapsed_s": 29.99953370000003,
  "finished_wall_time_ns": 1786944921626756000,
  "measurement_end_monotonic_ns": 51386334825900,
  "measurement_start_monotonic_ns": 51356335253800,
  "operations": 934281216,
  "pid": 26176,
  "planned_measurement_end_monotonic_ns": 51386334341400,
  "planned_measurement_start_monotonic_ns": 51356334341400,
  "pressure_requested": 0.125,
  "resource": "gpu_compute",
  "schema_version": 1,
  "sleep_s": 25.661776500004635,
  "started_wall_time_ns": 1786944879987426400,
  "status": "completed",
  "warmup_active_s": 1.267182799987495,
  "warmup_elapsed_s": 9.982711100004963,
  "warmup_operations": 2429550592,
  "warmup_sleep_s": 8.698745300040173
}
