{
  "active_fraction": 0.5197397158699945,
  "active_s": 15.592199999831792,
  "allocated_bytes": 536870912,
  "barrier_used": true,
  "barrier_wait_s": 0.6361216000004788,
  "benchmark_environment": {
    "environment": {
      "BLIS_NUM_THREADS": "1",
      "MKL_NUM_THREADS": "1",
      "NUMEXPR_NUM_THREADS": "1",
      "OMP_NUM_THREADS": "1",
      "OPENBLAS_NUM_THREADS": "1",
      "VECLIB_MAXIMUM_THREADS": "1"
    },
    "native_thread_limit": 1,
    "protocol": "native_threads_1_warmup5_duration15_repeats5_cv10_v2"
  },
  "capacity_bytes": 0,
  "duty_cycle_s": 0.25,
  "elapsed_s": 30.000016400001186,
  "finished_wall_time_ns": 1786951448111299300,
  "measurement_end_monotonic_ns": 57912819171400,
  "measurement_start_monotonic_ns": 57882819126400,
  "operations": 1037234601984,
  "pid": 16444,
  "planned_measurement_end_monotonic_ns": 57912818687400,
  "planned_measurement_start_monotonic_ns": 57882818687400,
  "pressure_requested": 0.5,
  "resource": "memory_bandwidth",
  "schema_version": 1,
  "sleep_s": 14.33789970001817,
  "started_wall_time_ns": 1786951407409656600,
  "status": "completed",
  "warmup_active_s": 5.221248000001651,
  "warmup_elapsed_s": 9.977127699996345,
  "warmup_operations": 347892350976,
  "warmup_sleep_s": 4.739458000003651
}
