{
  "active_fraction": 0.2523618095924963,
  "active_s": 7.570858300328837,
  "allocated_bytes": 0,
  "barrier_used": true,
  "barrier_wait_s": 0.7488561999925878,
  "benchmark_environment": {
    "environment": {
      "BLIS_NUM_THREADS": "1",
      "MKL_NUM_THREADS": "1",
      "NUMEXPR_NUM_THREADS": "1",
      "OMP_NUM_THREADS": "1",
      "OPENBLAS_NUM_THREADS": "1",
      "VECLIB_MAXIMUM_THREADS": "1"
    },
    "native_thread_limit": 1,
    "protocol": "native_threads_1_warmup5_duration15_repeats5_cv10_v2"
  },
  "capacity_bytes": 0,
  "duty_cycle_s": 0.25,
  "elapsed_s": 30.000015900004655,
  "finished_wall_time_ns": 1786959154185715700,
  "measurement_end_monotonic_ns": 65618893621200,
  "measurement_start_monotonic_ns": 65588893579100,
  "operations": 2060976128,
  "pid": 6060,
  "planned_measurement_end_monotonic_ns": 65618893177600,
  "planned_measurement_start_monotonic_ns": 65588893177600,
  "pressure_requested": 0.25,
  "resource": "cpu_compute",
  "schema_version": 1,
  "sleep_s": 22.348310699904687,
  "started_wall_time_ns": 1786959113455675000,
  "status": "completed",
  "warmup_active_s": 2.527253899970674,
  "warmup_elapsed_s": 9.974740699995891,
  "warmup_operations": 732430336,
  "warmup_sleep_s": 7.426567699978477
}
