{
  "active_fraction": 0.19185988511854626,
  "active_s": 2.9738711000218245,
  "allocated_bytes": 0,
  "barrier_used": false,
  "barrier_wait_s": 0.0,
  "benchmark_environment": {
    "environment": {
      "BLIS_NUM_THREADS": "1",
      "MKL_NUM_THREADS": "1",
      "NUMEXPR_NUM_THREADS": "1",
      "OMP_NUM_THREADS": "1",
      "OPENBLAS_NUM_THREADS": "1",
      "VECLIB_MAXIMUM_THREADS": "1"
    },
    "native_thread_limit": 1,
    "protocol": "native_threads_1_warmup5_duration15_repeats5_v1"
  },
  "capacity_bytes": 0,
  "duty_cycle_s": 0.25,
  "elapsed_s": 15.500223500000175,
  "finished_wall_time_ns": 1786899833114317400,
  "measurement_end_monotonic_ns": 6297822151300,
  "measurement_start_monotonic_ns": 6282321906300,
  "operations": 2523922432,
  "pid": 14432,
  "planned_measurement_end_monotonic_ns": 6297821907200,
  "planned_measurement_start_monotonic_ns": 6282321610200,
  "pressure_requested": 0.1875,
  "resource": "gpu_compute",
  "schema_version": 1,
  "sleep_s": 12.49792950000301,
  "started_wall_time_ns": 1786899811098163900,
  "status": "completed",
  "warmup_active_s": 0.9398577000001751,
  "warmup_elapsed_s": 5.000296499999422,
  "warmup_operations": 2566914048,
  "warmup_sleep_s": 4.052398600000743
}
