{
  "active_fraction": 0.7597706574204401,
  "active_s": 22.793182099783735,
  "allocated_bytes": 805306368,
  "barrier_used": true,
  "barrier_wait_s": 0.09610090000205673,
  "benchmark_environment": {
    "environment": {
      "BLIS_NUM_THREADS": "1",
      "MKL_NUM_THREADS": "1",
      "NUMEXPR_NUM_THREADS": "1",
      "OMP_NUM_THREADS": "1",
      "OPENBLAS_NUM_THREADS": "1",
      "VECLIB_MAXIMUM_THREADS": "1"
    },
    "native_thread_limit": 1,
    "protocol": "native_threads_1_warmup5_duration15_repeats5_cv10_v2"
  },
  "capacity_bytes": 1073741824,
  "duty_cycle_s": 0.25,
  "elapsed_s": 30.000082099999418,
  "finished_wall_time_ns": 1786940930665964900,
  "measurement_end_monotonic_ns": 47395373753000,
  "measurement_start_monotonic_ns": 47365373663100,
  "operations": 4884988428288,
  "pid": 27420,
  "planned_measurement_end_monotonic_ns": 47395373351600,
  "planned_measurement_start_monotonic_ns": 47365373351600,
  "pressure_requested": 0.75,
  "resource": "gpu_memory",
  "schema_version": 1,
  "sleep_s": 7.154476199990313,
  "started_wall_time_ns": 1786940888994226700,
  "status": "completed",
  "warmup_active_s": 7.627989899963723,
  "warmup_elapsed_s": 9.974252200001501,
  "warmup_operations": 1604170285056,
  "warmup_sleep_s": 2.3288130999499117
}
