{
  "active_fraction": 0.7562056551678495,
  "active_s": 45.37243859987575,
  "allocated_bytes": 805306368,
  "barrier_used": true,
  "barrier_wait_s": 0.08206169999903068,
  "capacity_bytes": 1073741824,
  "duty_cycle_s": 0.25,
  "elapsed_s": 60.00013130000298,
  "finished_wall_time_ns": 1786863139193438900,
  "measurement_end_monotonic_ns": 16903903580200,
  "measurement_start_monotonic_ns": 16843903439999,
  "operations": 9718437249024,
  "pid": 700,
  "planned_measurement_end_monotonic_ns": 16903903255800,
  "planned_measurement_start_monotonic_ns": 16843903255800,
  "pressure_requested": 0.75,
  "resource": "gpu_memory",
  "schema_version": 1,
  "sleep_s": 14.521018300012656,
  "started_wall_time_ns": 1786863057453453900,
  "status": "completed",
  "warmup_active_s": 15.163652999970509,
  "warmup_elapsed_s": 19.980906499997218,
  "warmup_operations": 3246995275776,
  "warmup_sleep_s": 4.779333500002394
}
