{
  "active_fraction": 0.19495160412116708,
  "active_s": 5.848502699911478,
  "allocated_bytes": 0,
  "barrier_used": true,
  "barrier_wait_s": 0.09168370000406867,
  "benchmark_environment": {
    "environment": {
      "BLIS_NUM_THREADS": "1",
      "MKL_NUM_THREADS": "1",
      "NUMEXPR_NUM_THREADS": "1",
      "OMP_NUM_THREADS": "1",
      "OPENBLAS_NUM_THREADS": "1",
      "VECLIB_MAXIMUM_THREADS": "1"
    },
    "native_thread_limit": 1,
    "protocol": "native_threads_1_warmup5_duration15_repeats5_cv10_v2"
  },
  "capacity_bytes": 0,
  "duty_cycle_s": 0.25,
  "elapsed_s": 29.999767000001157,
  "finished_wall_time_ns": 1786950770277518500,
  "measurement_end_monotonic_ns": 57234985474900,
  "measurement_start_monotonic_ns": 57204985655600,
  "operations": 1904214016,
  "pid": 16904,
  "planned_measurement_end_monotonic_ns": 57234984900800,
  "planned_measurement_start_monotonic_ns": 57204984900800,
  "pressure_requested": 0.1875,
  "resource": "gpu_compute",
  "schema_version": 1,
  "sleep_s": 24.0932006000221,
  "started_wall_time_ns": 1786950728562317800,
  "status": "completed",
  "warmup_active_s": 1.883480499862344,
  "warmup_elapsed_s": 9.974137400000473,
  "warmup_operations": 3957325824,
  "warmup_sleep_s": 8.072976799994649
}
