{
  "active_fraction": 0.2532028842190077,
  "active_s": 3.9247095000127956,
  "allocated_bytes": 0,
  "barrier_used": false,
  "barrier_wait_s": 0.0,
  "benchmark_environment": {
    "environment": {
      "BLIS_NUM_THREADS": "1",
      "MKL_NUM_THREADS": "1",
      "NUMEXPR_NUM_THREADS": "1",
      "OMP_NUM_THREADS": "1",
      "OPENBLAS_NUM_THREADS": "1",
      "VECLIB_MAXIMUM_THREADS": "1"
    },
    "native_thread_limit": 1,
    "protocol": "native_threads_1_warmup5_duration15_repeats5_v1"
  },
  "capacity_bytes": 0,
  "duty_cycle_s": 0.25,
  "elapsed_s": 15.500255900000411,
  "finished_wall_time_ns": 1786899901174265000,
  "measurement_end_monotonic_ns": 6365882100400,
  "measurement_start_monotonic_ns": 6350381818700,
  "operations": 4387241984,
  "pid": 18624,
  "planned_measurement_end_monotonic_ns": 6365881819400,
  "planned_measurement_start_monotonic_ns": 6350381596300,
  "pressure_requested": 0.25,
  "resource": "gpu_compute",
  "schema_version": 1,
  "sleep_s": 11.547961800001758,
  "started_wall_time_ns": 1786899879143828700,
  "status": "completed",
  "warmup_active_s": 1.252030199985711,
  "warmup_elapsed_s": 5.000223000000005,
  "warmup_operations": 3552575488,
  "warmup_sleep_s": 3.7379166999999143
}
