{
  "active_fraction": 0.12857155622328575,
  "active_s": 1.9928840000575292,
  "allocated_bytes": 0,
  "barrier_used": false,
  "barrier_wait_s": 0.0,
  "benchmark_environment": {
    "environment": {
      "BLIS_NUM_THREADS": "1",
      "MKL_NUM_THREADS": "1",
      "NUMEXPR_NUM_THREADS": "1",
      "OMP_NUM_THREADS": "1",
      "OPENBLAS_NUM_THREADS": "1",
      "VECLIB_MAXIMUM_THREADS": "1"
    },
    "native_thread_limit": 1,
    "protocol": "native_threads_1_warmup5_duration15_repeats5_cv10_v2"
  },
  "capacity_bytes": 0,
  "duty_cycle_s": 0.25,
  "elapsed_s": 15.500193500003661,
  "finished_wall_time_ns": 1786931773083248700,
  "measurement_end_monotonic_ns": 38237791072000,
  "measurement_start_monotonic_ns": 38222290856700,
  "operations": 1412431872,
  "pid": 28332,
  "planned_measurement_end_monotonic_ns": 38237790857700,
  "planned_measurement_start_monotonic_ns": 38222290270000,
  "pressure_requested": 0.125,
  "resource": "gpu_compute",
  "schema_version": 1,
  "sleep_s": 13.479091200038965,
  "started_wall_time_ns": 1786931751088376100,
  "status": "completed",
  "warmup_active_s": 0.6268451999421814,
  "warmup_elapsed_s": 5.000587099995755,
  "warmup_operations": 1684013056,
  "warmup_sleep_s": 4.365810499984946
}
