{
  "active_fraction": 0.7526779173206981,
  "active_s": 11.666678200019305,
  "allocated_bytes": 0,
  "barrier_used": false,
  "barrier_wait_s": 0.0,
  "benchmark_environment": {
    "environment": {
      "BLIS_NUM_THREADS": "1",
      "MKL_NUM_THREADS": "1",
      "NUMEXPR_NUM_THREADS": "1",
      "OMP_NUM_THREADS": "1",
      "OPENBLAS_NUM_THREADS": "1",
      "VECLIB_MAXIMUM_THREADS": "1"
    },
    "native_thread_limit": 1,
    "protocol": "native_threads_1_warmup5_duration15_repeats5_v1"
  },
  "capacity_bytes": 0,
  "duty_cycle_s": 0.25,
  "elapsed_s": 15.50022650000028,
  "finished_wall_time_ns": 1786898714259838400,
  "measurement_end_monotonic_ns": 5178967655900,
  "measurement_start_monotonic_ns": 5163467399900,
  "operations": 4180148224,
  "pid": 11684,
  "planned_measurement_end_monotonic_ns": 5178967400400,
  "planned_measurement_start_monotonic_ns": 5163466291900,
  "pressure_requested": 0.75,
  "resource": "cpu_compute",
  "schema_version": 1,
  "sleep_s": 3.8046166000031008,
  "started_wall_time_ns": 1786898693751419000,
  "status": "completed",
  "warmup_active_s": 3.7653591999905984,
  "warmup_elapsed_s": 5.001108299999942,
  "warmup_operations": 1366818816,
  "warmup_sleep_s": 1.2258479000001898
}
