{
  "active_fraction": 0.9999032846455373,
  "active_s": 30.000606200082984,
  "allocated_bytes": 536870912,
  "barrier_used": true,
  "barrier_wait_s": 0.6194088999982341,
  "benchmark_environment": {
    "environment": {
      "BLIS_NUM_THREADS": "1",
      "MKL_NUM_THREADS": "1",
      "NUMEXPR_NUM_THREADS": "1",
      "OMP_NUM_THREADS": "1",
      "OPENBLAS_NUM_THREADS": "1",
      "VECLIB_MAXIMUM_THREADS": "1"
    },
    "native_thread_limit": 1,
    "protocol": "native_threads_1_warmup5_duration15_repeats5_cv10_v2"
  },
  "capacity_bytes": 0,
  "duty_cycle_s": 0.25,
  "elapsed_s": 30.003507999994326,
  "finished_wall_time_ns": 1786951083845217800,
  "measurement_end_monotonic_ns": 57548553082900,
  "measurement_start_monotonic_ns": 57518549566200,
  "operations": 2030445789184,
  "pid": 7344,
  "planned_measurement_end_monotonic_ns": 57548544496100,
  "planned_measurement_start_monotonic_ns": 57518544496100,
  "pressure_requested": 1.0,
  "resource": "memory_bandwidth",
  "schema_version": 1,
  "sleep_s": 0.0,
  "started_wall_time_ns": 1786951043157660100,
  "status": "completed",
  "warmup_active_s": 9.977177100015979,
  "warmup_elapsed_s": 9.978127200003655,
  "warmup_operations": 676457349120,
  "warmup_sleep_s": 0.0
}
