{
  "active_fraction": 0.9999113918109761,
  "active_s": 30.00247069982288,
  "allocated_bytes": 536870912,
  "barrier_used": true,
  "barrier_wait_s": 0.6145092000006116,
  "benchmark_environment": {
    "environment": {
      "BLIS_NUM_THREADS": "1",
      "MKL_NUM_THREADS": "1",
      "NUMEXPR_NUM_THREADS": "1",
      "OMP_NUM_THREADS": "1",
      "OPENBLAS_NUM_THREADS": "1",
      "VECLIB_MAXIMUM_THREADS": "1"
    },
    "native_thread_limit": 1,
    "protocol": "native_threads_1_warmup5_duration15_repeats5_cv10_v2"
  },
  "capacity_bytes": 0,
  "duty_cycle_s": 0.25,
  "elapsed_s": 30.005129400000442,
  "finished_wall_time_ns": 1786954343605651800,
  "measurement_end_monotonic_ns": 60808314284900,
  "measurement_start_monotonic_ns": 60778309148300,
  "operations": 2017560887296,
  "pid": 23448,
  "planned_measurement_end_monotonic_ns": 60808308806500,
  "planned_measurement_start_monotonic_ns": 60778308806500,
  "pressure_requested": 1.0,
  "resource": "memory_bandwidth",
  "schema_version": 1,
  "sleep_s": 0.0,
  "started_wall_time_ns": 1786954302924028100,
  "status": "completed",
  "warmup_active_s": 9.974075799975253,
  "warmup_elapsed_s": 9.974971200004802,
  "warmup_operations": 678604832768,
  "warmup_sleep_s": 0.0
}
