{
  "active_fraction": 0.2524509619530538,
  "active_s": 7.573556300012569,
  "allocated_bytes": 0,
  "barrier_used": true,
  "barrier_wait_s": 0.7343805999989854,
  "benchmark_environment": {
    "environment": {
      "BLIS_NUM_THREADS": "1",
      "MKL_NUM_THREADS": "1",
      "NUMEXPR_NUM_THREADS": "1",
      "OMP_NUM_THREADS": "1",
      "OPENBLAS_NUM_THREADS": "1",
      "VECLIB_MAXIMUM_THREADS": "1"
    },
    "native_thread_limit": 1,
    "protocol": "native_threads_1_warmup5_duration15_repeats5_cv10_v2"
  },
  "capacity_bytes": 0,
  "duty_cycle_s": 0.25,
  "elapsed_s": 30.000108700005512,
  "finished_wall_time_ns": 1786953979126663700,
  "measurement_end_monotonic_ns": 60443834573500,
  "measurement_start_monotonic_ns": 60413834445600,
  "operations": 2218262528,
  "pid": 9712,
  "planned_measurement_end_monotonic_ns": 60443833910400,
  "planned_measurement_start_monotonic_ns": 60413833910400,
  "pressure_requested": 0.25,
  "resource": "cpu_compute",
  "schema_version": 1,
  "sleep_s": 22.36367840004823,
  "started_wall_time_ns": 1786953938410521300,
  "status": "completed",
  "warmup_active_s": 2.529273300038767,
  "warmup_elapsed_s": 9.975515899997845,
  "warmup_operations": 740294656,
  "warmup_sleep_s": 7.422289099995396
}
