{
  "active_fraction": 0.25359224038778766,
  "active_s": 3.9309038001156296,
  "allocated_bytes": 0,
  "barrier_used": false,
  "barrier_wait_s": 0.0,
  "benchmark_environment": {
    "environment": {
      "BLIS_NUM_THREADS": "1",
      "MKL_NUM_THREADS": "1",
      "NUMEXPR_NUM_THREADS": "1",
      "OMP_NUM_THREADS": "1",
      "OPENBLAS_NUM_THREADS": "1",
      "VECLIB_MAXIMUM_THREADS": "1"
    },
    "native_thread_limit": 1,
    "protocol": "native_threads_1_warmup5_duration15_repeats5_cv10_v2"
  },
  "capacity_bytes": 0,
  "duty_cycle_s": 0.25,
  "elapsed_s": 15.500883600005182,
  "finished_wall_time_ns": 1786931932049310200,
  "measurement_end_monotonic_ns": 38396757521100,
  "measurement_start_monotonic_ns": 38381256504900,
  "operations": 4344250368,
  "pid": 21828,
  "planned_measurement_end_monotonic_ns": 38396756505800,
  "planned_measurement_start_monotonic_ns": 38381256270100,
  "pressure_requested": 0.25,
  "resource": "gpu_compute",
  "schema_version": 1,
  "sleep_s": 11.540978200027894,
  "started_wall_time_ns": 1786931910073063200,
  "status": "completed",
  "warmup_active_s": 1.2531494002178079,
  "warmup_elapsed_s": 5.000235199993767,
  "warmup_operations": 3593469952,
  "warmup_sleep_s": 3.7374827000312507
}
