{
  "active_fraction": 0.0,
  "active_s": 0.0,
  "allocated_bytes": 0,
  "barrier_used": true,
  "barrier_wait_s": 0.6885373999975855,
  "benchmark_environment": {
    "environment": {
      "BLIS_NUM_THREADS": "1",
      "MKL_NUM_THREADS": "1",
      "NUMEXPR_NUM_THREADS": "1",
      "OMP_NUM_THREADS": "1",
      "OPENBLAS_NUM_THREADS": "1",
      "VECLIB_MAXIMUM_THREADS": "1"
    },
    "native_thread_limit": 1,
    "protocol": "native_threads_1_warmup5_duration15_repeats5_cv10_v2"
  },
  "capacity_bytes": 0,
  "duty_cycle_s": 0.25,
  "elapsed_s": 29.999996700003976,
  "finished_wall_time_ns": 1786940403581742000,
  "measurement_end_monotonic_ns": 46868289593600,
  "measurement_start_monotonic_ns": 46838289569500,
  "operations": 0,
  "pid": 17668,
  "planned_measurement_end_monotonic_ns": 46868289005000,
  "planned_measurement_start_monotonic_ns": 46838289005000,
  "pressure_requested": 0.0,
  "resource": "cpu_compute",
  "schema_version": 1,
  "sleep_s": 29.936858900007792,
  "started_wall_time_ns": 1786940362914161200,
  "status": "completed",
  "warmup_active_s": 0.0,
  "warmup_elapsed_s": 9.971436599997105,
  "warmup_operations": 0,
  "warmup_sleep_s": 9.952653099993768
}
