{
  "active_fraction": 0.141307249258105,
  "active_s": 4.239246700082731,
  "allocated_bytes": 0,
  "barrier_used": true,
  "barrier_wait_s": 0.07461180000245804,
  "benchmark_environment": {
    "environment": {
      "BLIS_NUM_THREADS": "1",
      "MKL_NUM_THREADS": "1",
      "NUMEXPR_NUM_THREADS": "1",
      "OMP_NUM_THREADS": "1",
      "OPENBLAS_NUM_THREADS": "1",
      "VECLIB_MAXIMUM_THREADS": "1"
    },
    "native_thread_limit": 1,
    "protocol": "native_threads_1_warmup5_duration15_repeats5_cv10_v2"
  },
  "capacity_bytes": 0,
  "duty_cycle_s": 0.25,
  "elapsed_s": 30.00020680000307,
  "finished_wall_time_ns": 1786958634928902300,
  "measurement_end_monotonic_ns": 65099636889900,
  "measurement_start_monotonic_ns": 65069636649000,
  "operations": 918552576,
  "pid": 12744,
  "planned_measurement_end_monotonic_ns": 65099636483500,
  "planned_measurement_start_monotonic_ns": 65069636483500,
  "pressure_requested": 0.125,
  "resource": "gpu_compute",
  "schema_version": 1,
  "sleep_s": 25.698251099966,
  "started_wall_time_ns": 1786958593276417200,
  "status": "completed",
  "warmup_active_s": 1.2620215999850188,
  "warmup_elapsed_s": 9.971802100000787,
  "warmup_operations": 2506096640,
  "warmup_sleep_s": 8.694155999997747
}
