{
  "active_fraction": 0.0,
  "active_s": 0.0,
  "allocated_bytes": 0,
  "barrier_used": false,
  "barrier_wait_s": 0.0,
  "capacity_bytes": 0,
  "duty_cycle_s": 0.25,
  "elapsed_s": 7.500234599996475,
  "finished_wall_time_ns": 1786889046923937100,
  "measurement_end_monotonic_ns": 42812675802800,
  "measurement_start_monotonic_ns": 42805175541800,
  "operations": 0,
  "pid": 10980,
  "planned_measurement_end_monotonic_ns": 42812675541900,
  "planned_measurement_start_monotonic_ns": 42805175539100,
  "pressure_requested": 0.0,
  "resource": "cpu_compute",
  "schema_version": 1,
  "sleep_s": 7.486850000008417,
  "started_wall_time_ns": 1786889039416676400,
  "status": "completed",
  "warmup_active_s": 0.0,
  "warmup_elapsed_s": 3.0000010156072676e-06,
  "warmup_operations": 0,
  "warmup_sleep_s": 0.0
}
