{
  "active_fraction": 0.25924879076074664,
  "active_s": 7.777388799921027,
  "allocated_bytes": 268435456,
  "barrier_used": true,
  "barrier_wait_s": 0.04663190000428585,
  "benchmark_environment": {
    "environment": {
      "BLIS_NUM_THREADS": "1",
      "MKL_NUM_THREADS": "1",
      "NUMEXPR_NUM_THREADS": "1",
      "OMP_NUM_THREADS": "1",
      "OPENBLAS_NUM_THREADS": "1",
      "VECLIB_MAXIMUM_THREADS": "1"
    },
    "native_thread_limit": 1,
    "protocol": "native_threads_1_warmup5_duration15_repeats5_cv10_v2"
  },
  "capacity_bytes": 1073741824,
  "duty_cycle_s": 0.25,
  "elapsed_s": 29.99971099999675,
  "finished_wall_time_ns": 1786944608240444100,
  "measurement_end_monotonic_ns": 51072948262800,
  "measurement_start_monotonic_ns": 51042948522600,
  "operations": 1028107796480,
  "pid": 25692,
  "planned_measurement_end_monotonic_ns": 51072948141000,
  "planned_measurement_start_monotonic_ns": 51042948141000,
  "pressure_requested": 0.25,
  "resource": "gpu_memory",
  "schema_version": 1,
  "sleep_s": 22.170253000011144,
  "started_wall_time_ns": 1786944566592628100,
  "status": "completed",
  "warmup_active_s": 2.5563471000423306,
  "warmup_elapsed_s": 9.97785450000083,
  "warmup_operations": 517543559168,
  "warmup_sleep_s": 7.402078299972345
}
