{
  "active_fraction": 0.0,
  "active_s": 0.0,
  "allocated_bytes": 0,
  "barrier_used": true,
  "barrier_wait_s": 0.6944628999990528,
  "benchmark_environment": {
    "environment": {
      "BLIS_NUM_THREADS": "1",
      "MKL_NUM_THREADS": "1",
      "NUMEXPR_NUM_THREADS": "1",
      "OMP_NUM_THREADS": "1",
      "OPENBLAS_NUM_THREADS": "1",
      "VECLIB_MAXIMUM_THREADS": "1"
    },
    "native_thread_limit": 1,
    "protocol": "native_threads_1_warmup5_duration15_repeats5_cv10_v2"
  },
  "capacity_bytes": 0,
  "duty_cycle_s": 0.25,
  "elapsed_s": 30.00044749999506,
  "finished_wall_time_ns": 1786952140811129300,
  "measurement_end_monotonic_ns": 58605519213500,
  "measurement_start_monotonic_ns": 58575518754600,
  "operations": 0,
  "pid": 19672,
  "planned_measurement_end_monotonic_ns": 58605518446400,
  "planned_measurement_start_monotonic_ns": 58575518446400,
  "pressure_requested": 0.0,
  "resource": "memory_bandwidth",
  "schema_version": 1,
  "sleep_s": 29.942502200028684,
  "started_wall_time_ns": 1786952100133863200,
  "status": "completed",
  "warmup_active_s": 0.0,
  "warmup_elapsed_s": 9.977953599998727,
  "warmup_operations": 0,
  "warmup_sleep_s": 9.961911399965174
}
