{
  "active_fraction": 0.7714631513701262,
  "active_s": 23.144635300021037,
  "allocated_bytes": 536870912,
  "barrier_used": true,
  "barrier_wait_s": 0.6360072999959812,
  "benchmark_environment": {
    "environment": {
      "BLIS_NUM_THREADS": "1",
      "MKL_NUM_THREADS": "1",
      "NUMEXPR_NUM_THREADS": "1",
      "OMP_NUM_THREADS": "1",
      "OPENBLAS_NUM_THREADS": "1",
      "VECLIB_MAXIMUM_THREADS": "1"
    },
    "native_thread_limit": 1,
    "protocol": "native_threads_1_warmup5_duration15_repeats5_cv10_v2"
  },
  "capacity_bytes": 0,
  "duty_cycle_s": 0.25,
  "elapsed_s": 30.0009601999991,
  "finished_wall_time_ns": 1786955728776134900,
  "measurement_end_monotonic_ns": 62193483895200,
  "measurement_start_monotonic_ns": 62163482926600,
  "operations": 1568736804864,
  "pid": 25320,
  "planned_measurement_end_monotonic_ns": 62193482845100,
  "planned_measurement_start_monotonic_ns": 62163482845100,
  "pressure_requested": 0.75,
  "resource": "memory_bandwidth",
  "schema_version": 1,
  "sleep_s": 6.804814900016936,
  "started_wall_time_ns": 1786955688093153200,
  "status": "completed",
  "warmup_active_s": 7.74990510007774,
  "warmup_elapsed_s": 9.959967399998277,
  "warmup_operations": 523986010112,
  "warmup_sleep_s": 2.194350299992948
}
