{
  "active_fraction": 0.0,
  "active_s": 0.0,
  "allocated_bytes": 0,
  "barrier_used": false,
  "barrier_wait_s": 0.0,
  "benchmark_environment": {
    "environment": {
      "BLIS_NUM_THREADS": "1",
      "MKL_NUM_THREADS": "1",
      "NUMEXPR_NUM_THREADS": "1",
      "OMP_NUM_THREADS": "1",
      "OPENBLAS_NUM_THREADS": "1",
      "VECLIB_MAXIMUM_THREADS": "1"
    },
    "native_thread_limit": 1,
    "protocol": "native_threads_1_warmup5_duration15_repeats5_v1"
  },
  "capacity_bytes": 0,
  "duty_cycle_s": 0.25,
  "elapsed_s": 15.500197399999706,
  "finished_wall_time_ns": 1786898966764972500,
  "measurement_end_monotonic_ns": 5431472838500,
  "measurement_start_monotonic_ns": 5415972623900,
  "operations": 0,
  "pid": 26176,
  "planned_measurement_end_monotonic_ns": 5431472624700,
  "planned_measurement_start_monotonic_ns": 5415971816200,
  "pressure_requested": 0.0,
  "resource": "memory_bandwidth",
  "schema_version": 1,
  "sleep_s": 15.474968800002898,
  "started_wall_time_ns": 1786898946256725400,
  "status": "completed",
  "warmup_active_s": 0.0,
  "warmup_elapsed_s": 5.000807999999779,
  "warmup_operations": 0,
  "warmup_sleep_s": 4.992851099996187
}
