{
  "active_fraction": 0.20260075469157154,
  "active_s": 6.07809579987952,
  "allocated_bytes": 0,
  "barrier_used": true,
  "barrier_wait_s": 0.07214229999954114,
  "benchmark_environment": {
    "environment": {
      "BLIS_NUM_THREADS": "1",
      "MKL_NUM_THREADS": "1",
      "NUMEXPR_NUM_THREADS": "1",
      "OMP_NUM_THREADS": "1",
      "OPENBLAS_NUM_THREADS": "1",
      "VECLIB_MAXIMUM_THREADS": "1"
    },
    "native_thread_limit": 1,
    "protocol": "native_threads_1_warmup5_duration15_repeats5_cv10_v2"
  },
  "capacity_bytes": 0,
  "duty_cycle_s": 0.25,
  "elapsed_s": 30.00036109999928,
  "finished_wall_time_ns": 1786941609158002200,
  "measurement_end_monotonic_ns": 48073865983000,
  "measurement_start_monotonic_ns": 48043865591700,
  "operations": 1572864000,
  "pid": 21896,
  "planned_measurement_end_monotonic_ns": 48073865507200,
  "planned_measurement_start_monotonic_ns": 48043865507200,
  "pressure_requested": 0.1875,
  "resource": "gpu_compute",
  "schema_version": 1,
  "sleep_s": 23.86460569997871,
  "started_wall_time_ns": 1786941567508999000,
  "status": "completed",
  "warmup_active_s": 1.886219400119444,
  "warmup_elapsed_s": 9.97968789999868,
  "warmup_operations": 3992977408,
  "warmup_sleep_s": 8.07487430004403
}
