{
  "active_fraction": 0.7598791951545331,
  "active_s": 22.79629279983783,
  "allocated_bytes": 805306368,
  "barrier_used": true,
  "barrier_wait_s": 0.06530470000143396,
  "benchmark_environment": {
    "environment": {
      "BLIS_NUM_THREADS": "1",
      "MKL_NUM_THREADS": "1",
      "NUMEXPR_NUM_THREADS": "1",
      "OMP_NUM_THREADS": "1",
      "OPENBLAS_NUM_THREADS": "1",
      "VECLIB_MAXIMUM_THREADS": "1"
    },
    "native_thread_limit": 1,
    "protocol": "native_threads_1_warmup5_duration15_repeats5_cv10_v2"
  },
  "capacity_bytes": 1073741824,
  "duty_cycle_s": 0.25,
  "elapsed_s": 29.999890699997195,
  "finished_wall_time_ns": 1786955142577177400,
  "measurement_end_monotonic_ns": 61607285069600,
  "measurement_start_monotonic_ns": 61577285146900,
  "operations": 4886599041024,
  "pid": 6116,
  "planned_measurement_end_monotonic_ns": 61607284882800,
  "planned_measurement_start_monotonic_ns": 61577284882800,
  "pressure_requested": 0.75,
  "resource": "gpu_memory",
  "schema_version": 1,
  "sleep_s": 7.1489630000141915,
  "started_wall_time_ns": 1786955100933228200,
  "status": "completed",
  "warmup_active_s": 7.615034399983415,
  "warmup_elapsed_s": 9.978050999998231,
  "warmup_operations": 1600949059584,
  "warmup_sleep_s": 2.345609100004367
}
