{
  "active_fraction": 0.9999397003265206,
  "active_s": 6.508763899990299,
  "allocated_bytes": 1073741824,
  "barrier_used": false,
  "barrier_wait_s": 0.0,
  "capacity_bytes": 1073741824,
  "duty_cycle_s": 0.25,
  "elapsed_s": 6.509156399995845,
  "finished_wall_time_ns": 1786891248569753300,
  "measurement_end_monotonic_ns": 45014321721400,
  "measurement_start_monotonic_ns": 45007812556800,
  "operations": 1406601789440,
  "pid": 33888,
  "planned_measurement_end_monotonic_ns": 45014312557100,
  "planned_measurement_start_monotonic_ns": 45007805183900,
  "pressure_requested": 1.0,
  "resource": "gpu_memory",
  "schema_version": 1,
  "sleep_s": 0.0,
  "started_wall_time_ns": 1786891239407532300,
  "status": "completed",
  "warmup_active_s": 1.0073091000085697,
  "warmup_elapsed_s": 1.0073734000034165,
  "warmup_operations": 216895848448,
  "warmup_sleep_s": 0.0
}
