{
  "active_fraction": 0.9990425982901168,
  "active_s": 29.971224499924574,
  "allocated_bytes": 0,
  "barrier_used": true,
  "barrier_wait_s": 0.048477700001967605,
  "capacity_bytes": 0,
  "duty_cycle_s": 0.25,
  "elapsed_s": 29.99994650000008,
  "finished_wall_time_ns": 1786880410087888400,
  "measurement_end_monotonic_ns": 34175840465100,
  "measurement_start_monotonic_ns": 34145840511500,
  "operations": 89677365248,
  "pid": 13724,
  "planned_measurement_end_monotonic_ns": 34175840330000,
  "planned_measurement_start_monotonic_ns": 34145840330000,
  "pressure_requested": 1.0,
  "resource": "gpu_compute",
  "schema_version": 1,
  "sleep_s": 0.0,
  "started_wall_time_ns": 1786880368211280700,
  "status": "completed",
  "warmup_active_s": 9.97632350026106,
  "warmup_elapsed_s": 9.987273099999584,
  "warmup_operations": 27552382976,
  "warmup_sleep_s": 0.0
}
