{
  "active_fraction": 0.19721371948632976,
  "active_s": 5.916475600162812,
  "allocated_bytes": 0,
  "barrier_used": true,
  "barrier_wait_s": 0.08929370000259951,
  "benchmark_environment": {
    "environment": {
      "BLIS_NUM_THREADS": "1",
      "MKL_NUM_THREADS": "1",
      "NUMEXPR_NUM_THREADS": "1",
      "OMP_NUM_THREADS": "1",
      "OPENBLAS_NUM_THREADS": "1",
      "VECLIB_MAXIMUM_THREADS": "1"
    },
    "native_thread_limit": 1,
    "protocol": "native_threads_1_warmup5_duration15_repeats5_cv10_v2"
  },
  "capacity_bytes": 0,
  "duty_cycle_s": 0.25,
  "elapsed_s": 30.00032459999784,
  "finished_wall_time_ns": 1786953875483418400,
  "measurement_end_monotonic_ns": 60340191378500,
  "measurement_start_monotonic_ns": 60310191006800,
  "operations": 1675624448,
  "pid": 23620,
  "planned_measurement_end_monotonic_ns": 60340190722100,
  "planned_measurement_start_monotonic_ns": 60310190722100,
  "pressure_requested": 0.1875,
  "resource": "gpu_compute",
  "schema_version": 1,
  "sleep_s": 24.021598400038783,
  "started_wall_time_ns": 1786953833798821100,
  "status": "completed",
  "warmup_active_s": 1.8883792998749414,
  "warmup_elapsed_s": 9.986072699997749,
  "warmup_operations": 3986685952,
  "warmup_sleep_s": 8.079524100023264
}
