{
  "active_fraction": 0.25332485639269586,
  "active_s": 1.8999823000776814,
  "allocated_bytes": 268435456,
  "barrier_used": false,
  "barrier_wait_s": 0.0,
  "capacity_bytes": 1073741824,
  "duty_cycle_s": 0.25,
  "elapsed_s": 7.500181100003829,
  "finished_wall_time_ns": 1786889441266450000,
  "measurement_end_monotonic_ns": 43207018276700,
  "measurement_start_monotonic_ns": 43199518078400,
  "operations": 398358216704,
  "pid": 2796,
  "planned_measurement_end_monotonic_ns": 43207018078600,
  "planned_measurement_start_monotonic_ns": 43199518074800,
  "pressure_requested": 0.25,
  "resource": "gpu_memory",
  "schema_version": 1,
  "sleep_s": 5.586098899999342,
  "started_wall_time_ns": 1786889432139154200,
  "status": "completed",
  "warmup_active_s": 0.0,
  "warmup_elapsed_s": 4.199995601084083e-06,
  "warmup_operations": 0,
  "warmup_sleep_s": 0.0
}
