{
  "active_fraction": 0.0,
  "active_s": 0.0,
  "allocated_bytes": 0,
  "barrier_used": false,
  "barrier_wait_s": 0.0,
  "capacity_bytes": 0,
  "duty_cycle_s": 0.25,
  "elapsed_s": 7.500324900000123,
  "finished_wall_time_ns": 1786889431625100700,
  "measurement_end_monotonic_ns": 43197377028500,
  "measurement_start_monotonic_ns": 43189876677300,
  "operations": 0,
  "pid": 34464,
  "planned_measurement_end_monotonic_ns": 43197376677400,
  "planned_measurement_start_monotonic_ns": 43189876674500,
  "pressure_requested": 0.0,
  "resource": "gpu_memory",
  "schema_version": 1,
  "sleep_s": 7.486190200026613,
  "started_wall_time_ns": 1786889424118321100,
  "status": "completed",
  "warmup_active_s": 0.0,
  "warmup_elapsed_s": 3.2000025385059416e-06,
  "warmup_operations": 0,
  "warmup_sleep_s": 0.0
}
