{
  "active_fraction": 0.0,
  "active_s": 0.0,
  "allocated_bytes": 0,
  "barrier_used": true,
  "barrier_wait_s": 0.6969163000030676,
  "benchmark_environment": {
    "environment": {
      "BLIS_NUM_THREADS": "1",
      "MKL_NUM_THREADS": "1",
      "NUMEXPR_NUM_THREADS": "1",
      "OMP_NUM_THREADS": "1",
      "OPENBLAS_NUM_THREADS": "1",
      "VECLIB_MAXIMUM_THREADS": "1"
    },
    "native_thread_limit": 1,
    "protocol": "native_threads_1_warmup5_duration15_repeats5_cv10_v2"
  },
  "capacity_bytes": 0,
  "duty_cycle_s": 0.25,
  "elapsed_s": 29.999875500005146,
  "finished_wall_time_ns": 1786936268971956000,
  "measurement_end_monotonic_ns": 42733679801500,
  "measurement_start_monotonic_ns": 42703679904100,
  "operations": 0,
  "pid": 23516,
  "planned_measurement_end_monotonic_ns": 42733679604000,
  "planned_measurement_start_monotonic_ns": 42703679604000,
  "pressure_requested": 0.0,
  "resource": "gpu_compute",
  "schema_version": 1,
  "sleep_s": 29.93939579999278,
  "started_wall_time_ns": 1786936228298113100,
  "status": "completed",
  "warmup_active_s": 0.0,
  "warmup_elapsed_s": 9.97162859999662,
  "warmup_operations": 0,
  "warmup_sleep_s": 9.947686499996053
}
