{
  "active_fraction": 0.7494708067346461,
  "active_s": 44.967935200229476,
  "allocated_bytes": 0,
  "barrier_used": true,
  "barrier_wait_s": 0.0615207000009832,
  "capacity_bytes": 0,
  "duty_cycle_s": 0.25,
  "elapsed_s": 59.999582100001135,
  "finished_wall_time_ns": 1786861964609654400,
  "measurement_end_monotonic_ns": 15729320126000,
  "measurement_start_monotonic_ns": 15669320535100,
  "operations": 147847118848,
  "pid": 20936,
  "planned_measurement_end_monotonic_ns": 15729320052600,
  "planned_measurement_start_monotonic_ns": 15669320052600,
  "pressure_requested": 0.75,
  "resource": "gpu_compute",
  "schema_version": 1,
  "sleep_s": 14.898452499977793,
  "started_wall_time_ns": 1786861882693716900,
  "status": "completed",
  "warmup_active_s": 14.998562699885952,
  "warmup_elapsed_s": 19.97614539999995,
  "warmup_operations": 48786046976,
  "warmup_sleep_s": 4.9329452999973
}
