{
  "active_fraction": 0.25900900741563715,
  "active_s": 7.770270300170523,
  "allocated_bytes": 268435456,
  "barrier_used": true,
  "barrier_wait_s": 0.06634199999825796,
  "benchmark_environment": {
    "environment": {
      "BLIS_NUM_THREADS": "1",
      "MKL_NUM_THREADS": "1",
      "NUMEXPR_NUM_THREADS": "1",
      "OMP_NUM_THREADS": "1",
      "OPENBLAS_NUM_THREADS": "1",
      "VECLIB_MAXIMUM_THREADS": "1"
    },
    "native_thread_limit": 1,
    "protocol": "native_threads_1_warmup5_duration15_repeats5_cv10_v2"
  },
  "capacity_bytes": 1073741824,
  "duty_cycle_s": 0.25,
  "elapsed_s": 30.00000029999501,
  "finished_wall_time_ns": 1786958215947201300,
  "measurement_end_monotonic_ns": 64680655189000,
  "measurement_start_monotonic_ns": 64650655158100,
  "operations": 1038845214720,
  "pid": 11120,
  "planned_measurement_end_monotonic_ns": 64680654486200,
  "planned_measurement_start_monotonic_ns": 64650654486200,
  "pressure_requested": 0.25,
  "resource": "gpu_memory",
  "schema_version": 1,
  "sleep_s": 22.178886699970462,
  "started_wall_time_ns": 1786958174311992900,
  "status": "completed",
  "warmup_active_s": 2.5585654000169598,
  "warmup_elapsed_s": 9.97539140000299,
  "warmup_operations": 517543559168,
  "warmup_sleep_s": 7.399194999947213
}
