{
  "active_fraction": 0.0,
  "active_s": 0.0,
  "allocated_bytes": 0,
  "barrier_used": true,
  "barrier_wait_s": 0.7290809999994963,
  "capacity_bytes": 0,
  "duty_cycle_s": 0.25,
  "elapsed_s": 59.99988250000024,
  "finished_wall_time_ns": 1786854635000412300,
  "measurement_end_monotonic_ns": 8399710219900,
  "measurement_start_monotonic_ns": 8339710304500,
  "operations": 0,
  "pid": 28260,
  "planned_measurement_end_monotonic_ns": 8399709658300,
  "planned_measurement_start_monotonic_ns": 8339709658300,
  "pressure_requested": 0.0,
  "resource": "gpu_memory",
  "schema_version": 1,
  "sleep_s": 59.88324869998905,
  "started_wall_time_ns": 1786854554290762200,
  "status": "completed",
  "warmup_active_s": 0.0,
  "warmup_elapsed_s": 19.975120200000674,
  "warmup_operations": 0,
  "warmup_sleep_s": 19.93715340000017
}
