{
  "active_fraction": 0.5027236350859029,
  "active_s": 7.792558899716823,
  "allocated_bytes": 0,
  "barrier_used": false,
  "barrier_wait_s": 0.0,
  "benchmark_environment": {
    "environment": {
      "BLIS_NUM_THREADS": "1",
      "MKL_NUM_THREADS": "1",
      "NUMEXPR_NUM_THREADS": "1",
      "OMP_NUM_THREADS": "1",
      "OPENBLAS_NUM_THREADS": "1",
      "VECLIB_MAXIMUM_THREADS": "1"
    },
    "native_thread_limit": 1,
    "protocol": "native_threads_1_warmup5_duration15_repeats5_cv10_v2"
  },
  "capacity_bytes": 0,
  "duty_cycle_s": 0.25,
  "elapsed_s": 15.500681400000758,
  "finished_wall_time_ns": 1786930660089963900,
  "measurement_end_monotonic_ns": 37124797891000,
  "measurement_start_monotonic_ns": 37109297175600,
  "operations": 2383413248,
  "pid": 6448,
  "planned_measurement_end_monotonic_ns": 37124797176000,
  "planned_measurement_start_monotonic_ns": 37109296411200,
  "pressure_requested": 0.5,
  "resource": "cpu_compute",
  "schema_version": 1,
  "sleep_s": 7.678195100015728,
  "started_wall_time_ns": 1786930639582703600,
  "status": "completed",
  "warmup_active_s": 2.51429810000991,
  "warmup_elapsed_s": 5.000764699994761,
  "warmup_operations": 752877568,
  "warmup_sleep_s": 2.4764641000001575
}
