{
  "active_fraction": 0.9999268348158512,
  "active_s": 29.997048099859967,
  "allocated_bytes": 1073741824,
  "barrier_used": true,
  "barrier_wait_s": 0.09132490000047255,
  "benchmark_environment": {
    "environment": {
      "BLIS_NUM_THREADS": "1",
      "MKL_NUM_THREADS": "1",
      "NUMEXPR_NUM_THREADS": "1",
      "OMP_NUM_THREADS": "1",
      "OPENBLAS_NUM_THREADS": "1",
      "VECLIB_MAXIMUM_THREADS": "1"
    },
    "native_thread_limit": 1,
    "protocol": "native_threads_1_warmup5_duration15_repeats5_cv10_v2"
  },
  "capacity_bytes": 1073741824,
  "duty_cycle_s": 0.25,
  "elapsed_s": 29.999242999998387,
  "finished_wall_time_ns": 1786954881802887700,
  "measurement_end_monotonic_ns": 61346511168900,
  "measurement_start_monotonic_ns": 61316511913100,
  "operations": 6455335845888,
  "pid": 11732,
  "planned_measurement_end_monotonic_ns": 61346507012500,
  "planned_measurement_start_monotonic_ns": 61316507012500,
  "pressure_requested": 1.0,
  "resource": "gpu_memory",
  "schema_version": 1,
  "sleep_s": 0.0,
  "started_wall_time_ns": 1786954840170968200,
  "status": "completed",
  "warmup_active_s": 9.97525740002311,
  "warmup_elapsed_s": 9.975901900004828,
  "warmup_operations": 2072321720320,
  "warmup_sleep_s": 0.0
}
