{
  "active_fraction": 0.07702051512725125,
  "active_s": 2.3106153999033268,
  "allocated_bytes": 0,
  "barrier_used": true,
  "barrier_wait_s": 0.28827950000413693,
  "benchmark_environment": {
    "environment": {
      "BLIS_NUM_THREADS": "1",
      "MKL_NUM_THREADS": "1",
      "NUMEXPR_NUM_THREADS": "1",
      "OMP_NUM_THREADS": "1",
      "OPENBLAS_NUM_THREADS": "1",
      "VECLIB_MAXIMUM_THREADS": "1"
    },
    "native_thread_limit": 1,
    "protocol": "native_threads_1_warmup5_duration15_repeats5_cv10_v2"
  },
  "capacity_bytes": 0,
  "duty_cycle_s": 0.25,
  "elapsed_s": 29.999999300001946,
  "finished_wall_time_ns": 1786935488998557100,
  "measurement_end_monotonic_ns": 41953706425800,
  "measurement_start_monotonic_ns": 41923706370500,
  "operations": 430964736,
  "pid": 28448,
  "planned_measurement_end_monotonic_ns": 41953706135500,
  "planned_measurement_start_monotonic_ns": 41923706135500,
  "pressure_requested": 0.0625,
  "resource": "gpu_compute",
  "schema_version": 1,
  "sleep_s": 27.645153500008746,
  "started_wall_time_ns": 1786935447132431100,
  "status": "completed",
  "warmup_active_s": 0.6651204000154394,
  "warmup_elapsed_s": 9.98344339999312,
  "warmup_operations": 1077936128,
  "warmup_sleep_s": 9.301746300006926
}
