{
  "active_fraction": 0.9997000143185061,
  "active_s": 6.49836000007781,
  "allocated_bytes": 0,
  "barrier_used": false,
  "barrier_wait_s": 0.0,
  "capacity_bytes": 0,
  "duty_cycle_s": 0.25,
  "elapsed_s": 6.500310000003083,
  "finished_wall_time_ns": 1786890851440079500,
  "measurement_end_monotonic_ns": 44617192745500,
  "measurement_start_monotonic_ns": 44610692426700,
  "operations": 1503133696,
  "pid": 17504,
  "planned_measurement_end_monotonic_ns": 44617192427000,
  "planned_measurement_start_monotonic_ns": 44610690816500,
  "pressure_requested": 1.0,
  "resource": "cpu_compute",
  "schema_version": 1,
  "sleep_s": 0.0,
  "started_wall_time_ns": 1786890843930841100,
  "status": "completed",
  "warmup_active_s": 1.001306599995587,
  "warmup_elapsed_s": 1.001610499995877,
  "warmup_operations": 207093760,
  "warmup_sleep_s": 0.0
}
