{
  "active_fraction": 0.12768682053271063,
  "active_s": 1.9792500000839937,
  "allocated_bytes": 0,
  "barrier_used": false,
  "barrier_wait_s": 0.0,
  "benchmark_environment": {
    "environment": {
      "BLIS_NUM_THREADS": "1",
      "MKL_NUM_THREADS": "1",
      "NUMEXPR_NUM_THREADS": "1",
      "OMP_NUM_THREADS": "1",
      "OPENBLAS_NUM_THREADS": "1",
      "VECLIB_MAXIMUM_THREADS": "1"
    },
    "native_thread_limit": 1,
    "protocol": "native_threads_1_warmup5_duration15_repeats5_cv10_v2"
  },
  "capacity_bytes": 0,
  "duty_cycle_s": 0.25,
  "elapsed_s": 15.500816700005089,
  "finished_wall_time_ns": 1786931682250357200,
  "measurement_end_monotonic_ns": 38146958335600,
  "measurement_start_monotonic_ns": 38131457492400,
  "operations": 1380974592,
  "pid": 15800,
  "planned_measurement_end_monotonic_ns": 38146957493100,
  "planned_measurement_start_monotonic_ns": 38131456910200,
  "pressure_requested": 0.125,
  "resource": "gpu_compute",
  "schema_version": 1,
  "sleep_s": 13.49439219996566,
  "started_wall_time_ns": 1786931660280932500,
  "status": "completed",
  "warmup_active_s": 0.6277813000633614,
  "warmup_elapsed_s": 5.000582900000154,
  "warmup_operations": 1630535680,
  "warmup_sleep_s": 4.361965899981442
}
