{
  "active_fraction": 0.5028340434577331,
  "active_s": 7.79426060001515,
  "allocated_bytes": 0,
  "barrier_used": false,
  "barrier_wait_s": 0.0,
  "benchmark_environment": {
    "environment": {
      "BLIS_NUM_THREADS": "1",
      "MKL_NUM_THREADS": "1",
      "NUMEXPR_NUM_THREADS": "1",
      "OMP_NUM_THREADS": "1",
      "OPENBLAS_NUM_THREADS": "1",
      "VECLIB_MAXIMUM_THREADS": "1"
    },
    "native_thread_limit": 1,
    "protocol": "native_threads_1_warmup5_duration15_repeats5_v1"
  },
  "capacity_bytes": 0,
  "duty_cycle_s": 0.25,
  "elapsed_s": 15.500662100000227,
  "finished_wall_time_ns": 1786898651223804400,
  "measurement_end_monotonic_ns": 5115931627100,
  "measurement_start_monotonic_ns": 5100430931000,
  "operations": 2248146944,
  "pid": 18000,
  "planned_measurement_end_monotonic_ns": 5115930932000,
  "planned_measurement_start_monotonic_ns": 5100430726600,
  "pressure_requested": 0.5,
  "resource": "cpu_compute",
  "schema_version": 1,
  "sleep_s": 7.667357700001958,
  "started_wall_time_ns": 1786898630716410400,
  "status": "completed",
  "warmup_active_s": 2.5163504999900397,
  "warmup_elapsed_s": 5.000205000000278,
  "warmup_operations": 730857472,
  "warmup_sleep_s": 2.474878799997896
}
