{
  "active_fraction": 0.5294073316373503,
  "active_s": 15.882499899715185,
  "allocated_bytes": 536870912,
  "barrier_used": true,
  "barrier_wait_s": 0.6198284999991301,
  "capacity_bytes": 0,
  "duty_cycle_s": 0.25,
  "elapsed_s": 30.000528799995664,
  "finished_wall_time_ns": 1786880907576881500,
  "measurement_end_monotonic_ns": 34673328835800,
  "measurement_start_monotonic_ns": 34643328290500,
  "operations": 1035087118336,
  "pid": 29088,
  "planned_measurement_end_monotonic_ns": 34673328212900,
  "planned_measurement_start_monotonic_ns": 34643328212900,
  "pressure_requested": 0.5,
  "resource": "memory_bandwidth",
  "schema_version": 1,
  "sleep_s": 14.06524810004339,
  "started_wall_time_ns": 1786880866878532000,
  "status": "completed",
  "warmup_active_s": 5.254452900007891,
  "warmup_elapsed_s": 9.984853699999803,
  "warmup_operations": 343597383680,
  "warmup_sleep_s": 4.713682899993728
}
