{
  "active_fraction": 0.5182198906864426,
  "active_s": 15.546587599921622,
  "allocated_bytes": 536870912,
  "barrier_used": true,
  "barrier_wait_s": 0.6097471000030055,
  "benchmark_environment": {
    "environment": {
      "BLIS_NUM_THREADS": "1",
      "MKL_NUM_THREADS": "1",
      "NUMEXPR_NUM_THREADS": "1",
      "OMP_NUM_THREADS": "1",
      "OPENBLAS_NUM_THREADS": "1",
      "VECLIB_MAXIMUM_THREADS": "1"
    },
    "native_thread_limit": 1,
    "protocol": "native_threads_1_warmup5_duration15_repeats5_cv10_v2"
  },
  "capacity_bytes": 0,
  "duty_cycle_s": 0.25,
  "elapsed_s": 29.999982399996952,
  "finished_wall_time_ns": 1786943397102321700,
  "measurement_end_monotonic_ns": 49861810180600,
  "measurement_start_monotonic_ns": 49831810169500,
  "operations": 1031865892864,
  "pid": 29212,
  "planned_measurement_end_monotonic_ns": 49861809826100,
  "planned_measurement_start_monotonic_ns": 49831809826100,
  "pressure_requested": 0.5,
  "resource": "memory_bandwidth",
  "schema_version": 1,
  "sleep_s": 14.396301399945514,
  "started_wall_time_ns": 1786943356434837800,
  "status": "completed",
  "warmup_active_s": 5.232175300028757,
  "warmup_elapsed_s": 9.969376499997452,
  "warmup_operations": 348966092800,
  "warmup_sleep_s": 4.72017209999467
}
