{
  "active_fraction": 0.9999546055520074,
  "active_s": 15.50339430002441,
  "allocated_bytes": 1073741824,
  "barrier_used": false,
  "barrier_wait_s": 0.0,
  "benchmark_environment": {
    "environment": {
      "BLIS_NUM_THREADS": "1",
      "MKL_NUM_THREADS": "1",
      "NUMEXPR_NUM_THREADS": "1",
      "OMP_NUM_THREADS": "1",
      "OPENBLAS_NUM_THREADS": "1",
      "VECLIB_MAXIMUM_THREADS": "1"
    },
    "native_thread_limit": 1,
    "protocol": "native_threads_1_warmup5_duration15_repeats5_v1"
  },
  "capacity_bytes": 1073741824,
  "duty_cycle_s": 0.25,
  "elapsed_s": 15.504098099999283,
  "finished_wall_time_ns": 1786900460426833700,
  "measurement_end_monotonic_ns": 6925135038600,
  "measurement_start_monotonic_ns": 6909630931800,
  "operations": 3362959392768,
  "pid": 16952,
  "planned_measurement_end_monotonic_ns": 6925130932200,
  "planned_measurement_start_monotonic_ns": 6909626915300,
  "pressure_requested": 1.0,
  "resource": "gpu_memory",
  "schema_version": 1,
  "sleep_s": 0.0,
  "started_wall_time_ns": 1786900438355032600,
  "status": "completed",
  "warmup_active_s": 5.0037748000022475,
  "warmup_elapsed_s": 5.004016900000352,
  "warmup_operations": 1084479242240,
  "warmup_sleep_s": 0.0
}
