{
  "active_fraction": 0.999434609102378,
  "active_s": 29.98299040015263,
  "allocated_bytes": 0,
  "barrier_used": true,
  "barrier_wait_s": 0.7078589000011561,
  "benchmark_environment": {
    "environment": {
      "BLIS_NUM_THREADS": "1",
      "MKL_NUM_THREADS": "1",
      "NUMEXPR_NUM_THREADS": "1",
      "OMP_NUM_THREADS": "1",
      "OPENBLAS_NUM_THREADS": "1",
      "VECLIB_MAXIMUM_THREADS": "1"
    },
    "native_thread_limit": 1,
    "protocol": "native_threads_1_warmup5_duration15_repeats5_cv10_v2"
  },
  "capacity_bytes": 0,
  "duty_cycle_s": 0.25,
  "elapsed_s": 29.999952099999064,
  "finished_wall_time_ns": 1786949347084725400,
  "measurement_end_monotonic_ns": 55811793765900,
  "measurement_start_monotonic_ns": 55781793806100,
  "operations": 12858687488,
  "pid": 24420,
  "planned_measurement_end_monotonic_ns": 55811793573400,
  "planned_measurement_start_monotonic_ns": 55781793573400,
  "pressure_requested": 1.0,
  "resource": "cpu_compute",
  "schema_version": 1,
  "sleep_s": 0.0,
  "started_wall_time_ns": 1786949306401719300,
  "status": "completed",
  "warmup_active_s": 9.964454400454997,
  "warmup_elapsed_s": 9.969990199999302,
  "warmup_operations": 4380426240,
  "warmup_sleep_s": 0.0
}
