{
  "active_fraction": 0.0,
  "active_s": 0.0,
  "allocated_bytes": 0,
  "barrier_used": true,
  "barrier_wait_s": 0.6791830000001937,
  "capacity_bytes": 0,
  "duty_cycle_s": 0.25,
  "elapsed_s": 59.99963950004894,
  "finished_wall_time_ns": 1786814436654115300,
  "measurement_end_monotonic_ns": 284030019844900,
  "measurement_start_monotonic_ns": 283970020177700,
  "operations": 0,
  "pid": 28596,
  "planned_measurement_end_monotonic_ns": 284030019524700,
  "planned_measurement_start_monotonic_ns": 283970019524700,
  "pressure_requested": 0.0,
  "resource": "gpu_memory",
  "schema_version": 1,
  "sleep_s": 59.899190700263716,
  "started_wall_time_ns": 1786814355992875100,
  "status": "completed",
  "warmup_active_s": 0.0,
  "warmup_elapsed_s": 19.976346699986607,
  "warmup_operations": 0,
  "warmup_sleep_s": 19.944662100169808
}
