{
  "active_fraction": 0.25919446909273314,
  "active_s": 7.775873599937768,
  "allocated_bytes": 268435456,
  "barrier_used": true,
  "barrier_wait_s": 0.08566630000132136,
  "benchmark_environment": {
    "environment": {
      "BLIS_NUM_THREADS": "1",
      "MKL_NUM_THREADS": "1",
      "NUMEXPR_NUM_THREADS": "1",
      "OMP_NUM_THREADS": "1",
      "OPENBLAS_NUM_THREADS": "1",
      "VECLIB_MAXIMUM_THREADS": "1"
    },
    "native_thread_limit": 1,
    "protocol": "native_threads_1_warmup5_duration15_repeats5_cv10_v2"
  },
  "capacity_bytes": 1073741824,
  "duty_cycle_s": 0.25,
  "elapsed_s": 30.000152499997057,
  "finished_wall_time_ns": 1786958791338619800,
  "measurement_end_monotonic_ns": 65256046582800,
  "measurement_start_monotonic_ns": 65226046390700,
  "operations": 1027034054656,
  "pid": 2648,
  "planned_measurement_end_monotonic_ns": 65256046198900,
  "planned_measurement_start_monotonic_ns": 65226046198900,
  "pressure_requested": 0.25,
  "resource": "gpu_memory",
  "schema_version": 1,
  "sleep_s": 22.17450259997713,
  "started_wall_time_ns": 1786958749626667700,
  "status": "completed",
  "warmup_active_s": 2.5599753000424244,
  "warmup_elapsed_s": 9.977199100001599,
  "warmup_operations": 512174850048,
  "warmup_sleep_s": 7.399397000008321
}
