{
  "active_fraction": 0.5211829698425857,
  "active_s": 8.078582499986624,
  "allocated_bytes": 536870912,
  "barrier_used": false,
  "barrier_wait_s": 0.0,
  "benchmark_environment": {
    "environment": {
      "BLIS_NUM_THREADS": "1",
      "MKL_NUM_THREADS": "1",
      "NUMEXPR_NUM_THREADS": "1",
      "OMP_NUM_THREADS": "1",
      "OPENBLAS_NUM_THREADS": "1",
      "VECLIB_MAXIMUM_THREADS": "1"
    },
    "native_thread_limit": 1,
    "protocol": "native_threads_1_warmup5_duration15_repeats5_v1"
  },
  "capacity_bytes": 0,
  "duty_cycle_s": 0.25,
  "elapsed_s": 15.500472900000204,
  "finished_wall_time_ns": 1786899114610773000,
  "measurement_end_monotonic_ns": 5579318863200,
  "measurement_start_monotonic_ns": 5563818363400,
  "operations": 532575944704,
  "pid": 17388,
  "planned_measurement_end_monotonic_ns": 5579318364100,
  "planned_measurement_start_monotonic_ns": 5563818031000,
  "pressure_requested": 0.5,
  "resource": "memory_bandwidth",
  "schema_version": 1,
  "sleep_s": 7.374962599998071,
  "started_wall_time_ns": 1786899094022251800,
  "status": "completed",
  "warmup_active_s": 2.5898425000004863,
  "warmup_elapsed_s": 5.00033269999949,
  "warmup_operations": 171798691840,
  "warmup_sleep_s": 2.402321700002176
}
