{
  "active_fraction": 0.14397999169809095,
  "active_s": 4.3194499999590334,
  "allocated_bytes": 0,
  "barrier_used": true,
  "barrier_wait_s": 0.09025970000220696,
  "benchmark_environment": {
    "environment": {
      "BLIS_NUM_THREADS": "1",
      "MKL_NUM_THREADS": "1",
      "NUMEXPR_NUM_THREADS": "1",
      "OMP_NUM_THREADS": "1",
      "OPENBLAS_NUM_THREADS": "1",
      "VECLIB_MAXIMUM_THREADS": "1"
    },
    "native_thread_limit": 1,
    "protocol": "native_threads_1_warmup5_duration15_repeats5_cv10_v2"
  },
  "capacity_bytes": 0,
  "duty_cycle_s": 0.25,
  "elapsed_s": 30.000348999994458,
  "finished_wall_time_ns": 1786947705804000800,
  "measurement_end_monotonic_ns": 54170511857000,
  "measurement_start_monotonic_ns": 54140511470700,
  "operations": 937426944,
  "pid": 14756,
  "planned_measurement_end_monotonic_ns": 54170511385800,
  "planned_measurement_start_monotonic_ns": 54140511385800,
  "pressure_requested": 0.125,
  "resource": "gpu_compute",
  "schema_version": 1,
  "sleep_s": 25.623210100020515,
  "started_wall_time_ns": 1786947664160195800,
  "status": "completed",
  "warmup_active_s": 1.2585942000805517,
  "warmup_elapsed_s": 9.983892900003411,
  "warmup_operations": 2515533824,
  "warmup_sleep_s": 8.70771949999471
}
