{
  "active_fraction": 0.2710868285418645,
  "active_s": 16.265289899995878,
  "allocated_bytes": 536870912,
  "barrier_used": true,
  "barrier_wait_s": 1.849767100000463,
  "capacity_bytes": 0,
  "duty_cycle_s": 0.25,
  "elapsed_s": 60.00029580000046,
  "finished_wall_time_ns": 1786852446846121000,
  "measurement_end_monotonic_ns": 6211556019600,
  "measurement_start_monotonic_ns": 6151555622200,
  "operations": 1037234601984,
  "pid": 27432,
  "planned_measurement_end_monotonic_ns": 6211555350900,
  "planned_measurement_start_monotonic_ns": 6151555350900,
  "pressure_requested": 0.25,
  "resource": "memory_bandwidth",
  "schema_version": 1,
  "sleep_s": 43.62027080000098,
  "started_wall_time_ns": 1786852364928216100,
  "status": "completed",
  "warmup_active_s": 5.351047800008018,
  "warmup_elapsed_s": 19.977328599999964,
  "warmup_operations": 346818609152,
  "warmup_sleep_s": 14.586249999996653
}
