{
  "active_fraction": 0.9999286215412183,
  "active_s": 29.995705499932228,
  "allocated_bytes": 1073741824,
  "barrier_used": true,
  "barrier_wait_s": 0.10394039999664528,
  "benchmark_environment": {
    "environment": {
      "BLIS_NUM_THREADS": "1",
      "MKL_NUM_THREADS": "1",
      "NUMEXPR_NUM_THREADS": "1",
      "OMP_NUM_THREADS": "1",
      "OPENBLAS_NUM_THREADS": "1",
      "VECLIB_MAXIMUM_THREADS": "1"
    },
    "native_thread_limit": 1,
    "protocol": "native_threads_1_warmup5_duration15_repeats5_cv10_v2"
  },
  "capacity_bytes": 1073741824,
  "duty_cycle_s": 0.25,
  "elapsed_s": 29.997846699996444,
  "finished_wall_time_ns": 1786942398618755800,
  "measurement_end_monotonic_ns": 48863326920200,
  "measurement_start_monotonic_ns": 48833329059600,
  "operations": 6455335845888,
  "pid": 6728,
  "planned_measurement_end_monotonic_ns": 48863321412200,
  "planned_measurement_start_monotonic_ns": 48833321412200,
  "pressure_requested": 1.0,
  "resource": "gpu_memory",
  "schema_version": 1,
  "sleep_s": 0.0,
  "started_wall_time_ns": 1786942356971003200,
  "status": "completed",
  "warmup_active_s": 9.968610900039494,
  "warmup_elapsed_s": 9.969218600002932,
  "warmup_operations": 2065879269376,
  "warmup_sleep_s": 0.0
}
