{
  "active_fraction": 0.5245086220771654,
  "active_s": 31.47057030000724,
  "allocated_bytes": 536870912,
  "barrier_used": true,
  "barrier_wait_s": 0.6173723999527283,
  "capacity_bytes": 0,
  "duty_cycle_s": 0.25,
  "elapsed_s": 60.000101000012364,
  "finished_wall_time_ns": 1786814742618857300,
  "measurement_end_monotonic_ns": 284335984561200,
  "measurement_start_monotonic_ns": 284275984451600,
  "operations": 2057289334784,
  "pid": 37132,
  "planned_measurement_end_monotonic_ns": 284335983957300,
  "planned_measurement_start_monotonic_ns": 284275983957300,
  "pressure_requested": 0.5,
  "resource": "memory_bandwidth",
  "schema_version": 1,
  "sleep_s": 28.42111129971454,
  "started_wall_time_ns": 1786814661938535800,
  "status": "completed",
  "warmup_active_s": 10.514879799855407,
  "warmup_elapsed_s": 19.971717600012198,
  "warmup_operations": 685047283712,
  "warmup_sleep_s": 9.422753599938005
}
