{
  "active_fraction": 0.9999569288464144,
  "active_s": 15.503917899608496,
  "allocated_bytes": 1073741824,
  "barrier_used": false,
  "barrier_wait_s": 0.0,
  "benchmark_environment": {
    "environment": {
      "BLIS_NUM_THREADS": "1",
      "MKL_NUM_THREADS": "1",
      "NUMEXPR_NUM_THREADS": "1",
      "OMP_NUM_THREADS": "1",
      "OPENBLAS_NUM_THREADS": "1",
      "VECLIB_MAXIMUM_THREADS": "1"
    },
    "native_thread_limit": 1,
    "protocol": "native_threads_1_warmup5_duration15_repeats5_cv10_v2"
  },
  "capacity_bytes": 1073741824,
  "duty_cycle_s": 0.25,
  "elapsed_s": 15.504585700000462,
  "finished_wall_time_ns": 1786932469042572700,
  "measurement_end_monotonic_ns": 38933750663800,
  "measurement_start_monotonic_ns": 38918246071100,
  "operations": 3367254360064,
  "pid": 23108,
  "planned_measurement_end_monotonic_ns": 38933746071300,
  "planned_measurement_start_monotonic_ns": 38918238028200,
  "pressure_requested": 1.0,
  "resource": "gpu_memory",
  "schema_version": 1,
  "sleep_s": 0.0,
  "started_wall_time_ns": 1786932447000141500,
  "status": "completed",
  "warmup_active_s": 5.007813300122507,
  "warmup_elapsed_s": 5.008043200003158,
  "warmup_operations": 1086626725888,
  "warmup_sleep_s": 0.0
}
