{
  "active_fraction": 0.07965898398722454,
  "active_s": 2.3897909000879736,
  "allocated_bytes": 0,
  "barrier_used": true,
  "barrier_wait_s": 0.07209210000291932,
  "benchmark_environment": {
    "environment": {
      "BLIS_NUM_THREADS": "1",
      "MKL_NUM_THREADS": "1",
      "NUMEXPR_NUM_THREADS": "1",
      "OMP_NUM_THREADS": "1",
      "OPENBLAS_NUM_THREADS": "1",
      "VECLIB_MAXIMUM_THREADS": "1"
    },
    "native_thread_limit": 1,
    "protocol": "native_threads_1_warmup5_duration15_repeats5_cv10_v2"
  },
  "capacity_bytes": 0,
  "duty_cycle_s": 0.25,
  "elapsed_s": 30.000268399999186,
  "finished_wall_time_ns": 1786946599274398000,
  "measurement_end_monotonic_ns": 53063982232300,
  "measurement_start_monotonic_ns": 53033981934700,
  "operations": 470810624,
  "pid": 26052,
  "planned_measurement_end_monotonic_ns": 53063981589900,
  "planned_measurement_start_monotonic_ns": 53033981589900,
  "pressure_requested": 0.0625,
  "resource": "gpu_compute",
  "schema_version": 1,
  "sleep_s": 27.55193569997209,
  "started_wall_time_ns": 1786946557596884000,
  "status": "completed",
  "warmup_active_s": 0.6692352999452851,
  "warmup_elapsed_s": 9.983536799998546,
  "warmup_operations": 1084227584,
  "warmup_sleep_s": 9.297798900021007
}
