{
  "active_fraction": 0.2649628697923224,
  "active_s": 1.7223882999824127,
  "allocated_bytes": 0,
  "barrier_used": false,
  "barrier_wait_s": 0.0,
  "capacity_bytes": 0,
  "duty_cycle_s": 0.25,
  "elapsed_s": 6.500489300000481,
  "finished_wall_time_ns": 1786890763077945800,
  "measurement_end_monotonic_ns": 44528829798300,
  "measurement_start_monotonic_ns": 44522329281200,
  "operations": 121634816,
  "pid": 5680,
  "planned_measurement_end_monotonic_ns": 44528829281800,
  "planned_measurement_start_monotonic_ns": 44522328709300,
  "pressure_requested": 0.25,
  "resource": "cpu_compute",
  "schema_version": 1,
  "sleep_s": 4.767010899988236,
  "started_wall_time_ns": 1786890755571011900,
  "status": "completed",
  "warmup_active_s": 0.264710900009959,
  "warmup_elapsed_s": 1.0005724000002374,
  "warmup_operations": 19922944,
  "warmup_sleep_s": 0.7332356000042637
}
