{
  "active_fraction": 0.9995856156416238,
  "active_s": 59.97595270030433,
  "allocated_bytes": 0,
  "barrier_used": true,
  "barrier_wait_s": 0.761653599969577,
  "capacity_bytes": 0,
  "duty_cycle_s": 0.25,
  "elapsed_s": 60.00081609998597,
  "finished_wall_time_ns": 1786813825447711400,
  "measurement_end_monotonic_ns": 283418813767200,
  "measurement_start_monotonic_ns": 283358812941800,
  "operations": 9587130368,
  "pid": 19476,
  "planned_measurement_end_monotonic_ns": 283418810805000,
  "planned_measurement_start_monotonic_ns": 283358810805000,
  "pressure_requested": 1.0,
  "resource": "cpu_compute",
  "schema_version": 1,
  "sleep_s": 0.0,
  "started_wall_time_ns": 1786813744695495600,
  "status": "completed",
  "warmup_active_s": 19.975180800189264,
  "warmup_elapsed_s": 19.983648099994753,
  "warmup_operations": 4067950592,
  "warmup_sleep_s": 0.0
}
