{
  "active_fraction": 0.9999269464682075,
  "active_s": 15.501198299978569,
  "allocated_bytes": 536870912,
  "barrier_used": false,
  "barrier_wait_s": 0.0,
  "benchmark_environment": {
    "environment": {
      "BLIS_NUM_THREADS": "1",
      "MKL_NUM_THREADS": "1",
      "NUMEXPR_NUM_THREADS": "1",
      "OMP_NUM_THREADS": "1",
      "OPENBLAS_NUM_THREADS": "1",
      "VECLIB_MAXIMUM_THREADS": "1"
    },
    "native_thread_limit": 1,
    "protocol": "native_threads_1_warmup5_duration15_repeats5_cv10_v2"
  },
  "capacity_bytes": 0,
  "duty_cycle_s": 0.25,
  "elapsed_s": 15.502330799994525,
  "finished_wall_time_ns": 1786931419896040300,
  "measurement_end_monotonic_ns": 37884604310800,
  "measurement_start_monotonic_ns": 37869101971900,
  "operations": 1128502657024,
  "pid": 2800,
  "planned_measurement_end_monotonic_ns": 37884601972200,
  "planned_measurement_start_monotonic_ns": 37869089814900,
  "pressure_requested": 1.0,
  "resource": "memory_bandwidth",
  "schema_version": 1,
  "sleep_s": 0.0,
  "started_wall_time_ns": 1786931399290130300,
  "status": "completed",
  "warmup_active_s": 5.0117830999734,
  "warmup_elapsed_s": 5.012157500001194,
  "warmup_operations": 363998478336,
  "warmup_sleep_s": 0.0
}
