{
  "active_fraction": 0.9999334433136445,
  "active_s": 29.99499309976818,
  "allocated_bytes": 1073741824,
  "barrier_used": true,
  "barrier_wait_s": 0.04713669999910053,
  "benchmark_environment": {
    "environment": {
      "BLIS_NUM_THREADS": "1",
      "MKL_NUM_THREADS": "1",
      "NUMEXPR_NUM_THREADS": "1",
      "OMP_NUM_THREADS": "1",
      "OPENBLAS_NUM_THREADS": "1",
      "VECLIB_MAXIMUM_THREADS": "1"
    },
    "native_thread_limit": 1,
    "protocol": "native_threads_1_warmup5_duration15_repeats5_cv10_v2"
  },
  "capacity_bytes": 1073741824,
  "duty_cycle_s": 0.25,
  "elapsed_s": 29.996989599996596,
  "finished_wall_time_ns": 1786959797627637200,
  "measurement_end_monotonic_ns": 66262335545700,
  "measurement_start_monotonic_ns": 66232338546300,
  "operations": 6453188362240,
  "pid": 24988,
  "planned_measurement_end_monotonic_ns": 66262329656500,
  "planned_measurement_start_monotonic_ns": 66232329656500,
  "pressure_requested": 1.0,
  "resource": "gpu_memory",
  "schema_version": 1,
  "sleep_s": 0.0,
  "started_wall_time_ns": 1786959755996711000,
  "status": "completed",
  "warmup_active_s": 9.997121499865898,
  "warmup_elapsed_s": 9.997745700005908,
  "warmup_operations": 2072321720320,
  "warmup_sleep_s": 0.0
}
