{
  "active_fraction": 0.2618719266680418,
  "active_s": 1.702259099954972,
  "allocated_bytes": 536870912,
  "barrier_used": false,
  "barrier_wait_s": 0.0,
  "capacity_bytes": 0,
  "duty_cycle_s": 0.25,
  "elapsed_s": 6.500349699999788,
  "finished_wall_time_ns": 1786890899954329600,
  "measurement_end_monotonic_ns": 44665706242400,
  "measurement_start_monotonic_ns": 44659205872500,
  "operations": 113816633344,
  "pid": 33988,
  "planned_measurement_end_monotonic_ns": 44665705872900,
  "planned_measurement_start_monotonic_ns": 44659205574800,
  "pressure_requested": 0.25,
  "resource": "memory_bandwidth",
  "schema_version": 1,
  "sleep_s": 4.785161500003596,
  "started_wall_time_ns": 1786890892359472800,
  "status": "completed",
  "warmup_active_s": 0.265497399996093,
  "warmup_elapsed_s": 1.0002980999997817,
  "warmup_operations": 18253611008,
  "warmup_sleep_s": 0.7338290999905439
}
