{
  "active_fraction": 0.26282443036089026,
  "active_s": 7.884828500071308,
  "allocated_bytes": 0,
  "barrier_used": true,
  "barrier_wait_s": 0.08277410000300733,
  "benchmark_environment": {
    "environment": {
      "BLIS_NUM_THREADS": "1",
      "MKL_NUM_THREADS": "1",
      "NUMEXPR_NUM_THREADS": "1",
      "OMP_NUM_THREADS": "1",
      "OPENBLAS_NUM_THREADS": "1",
      "VECLIB_MAXIMUM_THREADS": "1"
    },
    "native_thread_limit": 1,
    "protocol": "native_threads_1_warmup5_duration15_repeats5_cv10_v2"
  },
  "capacity_bytes": 0,
  "duty_cycle_s": 0.25,
  "elapsed_s": 30.00036369999725,
  "finished_wall_time_ns": 1786956251171280100,
  "measurement_end_monotonic_ns": 62715879208700,
  "measurement_start_monotonic_ns": 62685878819600,
  "operations": 2857369600,
  "pid": 28648,
  "planned_measurement_end_monotonic_ns": 62715878588200,
  "planned_measurement_start_monotonic_ns": 62685878588200,
  "pressure_requested": 0.25,
  "resource": "gpu_compute",
  "schema_version": 1,
  "sleep_s": 22.05271800004266,
  "started_wall_time_ns": 1786956209540076500,
  "status": "completed",
  "warmup_active_s": 2.507394900174404,
  "warmup_elapsed_s": 9.973160699999426,
  "warmup_operations": 5661261824,
  "warmup_sleep_s": 7.44551760001923
}
