{
  "active_fraction": 0.5170977924550585,
  "active_s": 8.015227999989293,
  "allocated_bytes": 536870912,
  "barrier_used": false,
  "barrier_wait_s": 0.0,
  "benchmark_environment": {
    "environment": {
      "BLIS_NUM_THREADS": "1",
      "MKL_NUM_THREADS": "1",
      "NUMEXPR_NUM_THREADS": "1",
      "OMP_NUM_THREADS": "1",
      "OPENBLAS_NUM_THREADS": "1",
      "VECLIB_MAXIMUM_THREADS": "1"
    },
    "native_thread_limit": 1,
    "protocol": "native_threads_1_warmup5_duration15_repeats5_cv10_v2"
  },
  "capacity_bytes": 1073741824,
  "duty_cycle_s": 0.25,
  "elapsed_s": 15.500410400003602,
  "finished_wall_time_ns": 1786932309754090800,
  "measurement_end_monotonic_ns": 38774461902300,
  "measurement_start_monotonic_ns": 38758961459000,
  "operations": 1727650594816,
  "pid": 17720,
  "planned_measurement_end_monotonic_ns": 38774461459600,
  "planned_measurement_start_monotonic_ns": 38758961378300,
  "pressure_requested": 0.5,
  "resource": "gpu_memory",
  "schema_version": 1,
  "sleep_s": 7.458198899992567,
  "started_wall_time_ns": 1786932287745167800,
  "status": "completed",
  "warmup_active_s": 2.582990900002187,
  "warmup_elapsed_s": 5.000081400001363,
  "warmup_operations": 557272006656,
  "warmup_sleep_s": 2.409362600010354
}
