{
  "active_fraction": 0.1904257346993395,
  "active_s": 2.9516610999271506,
  "allocated_bytes": 0,
  "barrier_used": false,
  "barrier_wait_s": 0.0,
  "benchmark_environment": {
    "environment": {
      "BLIS_NUM_THREADS": "1",
      "MKL_NUM_THREADS": "1",
      "NUMEXPR_NUM_THREADS": "1",
      "OMP_NUM_THREADS": "1",
      "OPENBLAS_NUM_THREADS": "1",
      "VECLIB_MAXIMUM_THREADS": "1"
    },
    "native_thread_limit": 1,
    "protocol": "native_threads_1_warmup5_duration15_repeats5_cv10_v2"
  },
  "capacity_bytes": 0,
  "duty_cycle_s": 0.25,
  "elapsed_s": 15.500326699999277,
  "finished_wall_time_ns": 1786931886632516600,
  "measurement_end_monotonic_ns": 38351340359600,
  "measurement_start_monotonic_ns": 38335840000200,
  "operations": 2357198848,
  "pid": 26152,
  "planned_measurement_end_monotonic_ns": 38351340000900,
  "planned_measurement_start_monotonic_ns": 38335839765400,
  "pressure_requested": 0.1875,
  "resource": "gpu_compute",
  "schema_version": 1,
  "sleep_s": 12.523992500005988,
  "started_wall_time_ns": 1786931864656430800,
  "status": "completed",
  "warmup_active_s": 0.9399438999098493,
  "warmup_elapsed_s": 5.00023539999529,
  "warmup_operations": 2646605824,
  "warmup_sleep_s": 4.051818900014041
}
