{
  "active_fraction": 0.754900755701645,
  "active_s": 45.29338420001659,
  "allocated_bytes": 0,
  "barrier_used": true,
  "barrier_wait_s": 0.553332200001023,
  "capacity_bytes": 0,
  "duty_cycle_s": 0.25,
  "elapsed_s": 59.99912419999964,
  "finished_wall_time_ns": 1786866244389782000,
  "measurement_end_monotonic_ns": 20009100303800,
  "measurement_start_monotonic_ns": 19949101167500,
  "operations": 4657774592,
  "pid": 3976,
  "planned_measurement_end_monotonic_ns": 20009099969700,
  "planned_measurement_start_monotonic_ns": 19949099969700,
  "pressure_requested": 0.75,
  "resource": "cpu_compute",
  "schema_version": 1,
  "sleep_s": 14.5933134000079,
  "started_wall_time_ns": 1786866163858095700,
  "status": "completed",
  "warmup_active_s": 15.145400399902428,
  "warmup_elapsed_s": 19.973677199999656,
  "warmup_operations": 1339555840,
  "warmup_sleep_s": 4.791662099993118
}
