{
  "active_fraction": 0.9999255587781959,
  "active_s": 15.50101319973328,
  "allocated_bytes": 536870912,
  "barrier_used": false,
  "barrier_wait_s": 0.0,
  "benchmark_environment": {
    "environment": {
      "BLIS_NUM_THREADS": "1",
      "MKL_NUM_THREADS": "1",
      "NUMEXPR_NUM_THREADS": "1",
      "OMP_NUM_THREADS": "1",
      "OPENBLAS_NUM_THREADS": "1",
      "VECLIB_MAXIMUM_THREADS": "1"
    },
    "native_thread_limit": 1,
    "protocol": "native_threads_1_warmup5_duration15_repeats5_cv10_v2"
  },
  "capacity_bytes": 0,
  "duty_cycle_s": 0.25,
  "elapsed_s": 15.502167200000258,
  "finished_wall_time_ns": 1786931356392460400,
  "measurement_end_monotonic_ns": 37821100525300,
  "measurement_start_monotonic_ns": 37805598350000,
  "operations": 1128502657024,
  "pid": 4240,
  "planned_measurement_end_monotonic_ns": 37821098350200,
  "planned_measurement_start_monotonic_ns": 37805588947200,
  "pressure_requested": 1.0,
  "resource": "memory_bandwidth",
  "schema_version": 1,
  "sleep_s": 0.0,
  "started_wall_time_ns": 1786931335791120600,
  "status": "completed",
  "warmup_active_s": 5.009020900084579,
  "warmup_elapsed_s": 5.009403199997905,
  "warmup_operations": 365072220160,
  "warmup_sleep_s": 0.0
}
