{
  "active_fraction": 0.9993793914968456,
  "active_s": 29.982420100095624,
  "allocated_bytes": 0,
  "barrier_used": true,
  "barrier_wait_s": 0.7161903999949573,
  "benchmark_environment": {
    "environment": {
      "BLIS_NUM_THREADS": "1",
      "MKL_NUM_THREADS": "1",
      "NUMEXPR_NUM_THREADS": "1",
      "OMP_NUM_THREADS": "1",
      "OPENBLAS_NUM_THREADS": "1",
      "VECLIB_MAXIMUM_THREADS": "1"
    },
    "native_thread_limit": 1,
    "protocol": "native_threads_1_warmup5_duration15_repeats5_cv10_v2"
  },
  "capacity_bytes": 0,
  "duty_cycle_s": 0.25,
  "elapsed_s": 30.001039000002493,
  "finished_wall_time_ns": 1786943345420335400,
  "measurement_end_monotonic_ns": 49810128809300,
  "measurement_start_monotonic_ns": 49780127763300,
  "operations": 12742819840,
  "pid": 7584,
  "planned_measurement_end_monotonic_ns": 49810127711200,
  "planned_measurement_start_monotonic_ns": 49780127711200,
  "pressure_requested": 1.0,
  "resource": "cpu_compute",
  "schema_version": 1,
  "sleep_s": 0.0,
  "started_wall_time_ns": 1786943304726602300,
  "status": "completed",
  "warmup_active_s": 9.965022100164788,
  "warmup_elapsed_s": 9.971155100000033,
  "warmup_operations": 4316987392,
  "warmup_sleep_s": 0.0
}
