{
  "active_fraction": 0.7702906800918577,
  "active_s": 23.10861780004052,
  "allocated_bytes": 536870912,
  "barrier_used": true,
  "barrier_wait_s": 0.6399958000038168,
  "benchmark_environment": {
    "environment": {
      "BLIS_NUM_THREADS": "1",
      "MKL_NUM_THREADS": "1",
      "NUMEXPR_NUM_THREADS": "1",
      "OMP_NUM_THREADS": "1",
      "OPENBLAS_NUM_THREADS": "1",
      "VECLIB_MAXIMUM_THREADS": "1"
    },
    "native_thread_limit": 1,
    "protocol": "native_threads_1_warmup5_duration15_repeats5_cv10_v2"
  },
  "capacity_bytes": 0,
  "duty_cycle_s": 0.25,
  "elapsed_s": 29.999866800004384,
  "finished_wall_time_ns": 1786949714483327800,
  "measurement_end_monotonic_ns": 56179191169900,
  "measurement_start_monotonic_ns": 56149191272300,
  "operations": 1554778161152,
  "pid": 29192,
  "planned_measurement_end_monotonic_ns": 56179190770000,
  "planned_measurement_start_monotonic_ns": 56149190770000,
  "pressure_requested": 0.75,
  "resource": "memory_bandwidth",
  "schema_version": 1,
  "sleep_s": 6.838907300036226,
  "started_wall_time_ns": 1786949673783471800,
  "status": "completed",
  "warmup_active_s": 7.758302900008857,
  "warmup_elapsed_s": 9.97316779999528,
  "warmup_operations": 518617300992,
  "warmup_sleep_s": 2.1995172999886563
}
