{
  "active_fraction": 0.503924845566768,
  "active_s": 30.235229600151797,
  "allocated_bytes": 536870912,
  "barrier_used": true,
  "barrier_wait_s": 0.06609629999729805,
  "capacity_bytes": 1073741824,
  "duty_cycle_s": 0.25,
  "elapsed_s": 59.99948180000138,
  "finished_wall_time_ns": 1786864559531439500,
  "measurement_end_monotonic_ns": 18324241147900,
  "measurement_start_monotonic_ns": 18264241647400,
  "operations": 6458557071360,
  "pid": 15568,
  "planned_measurement_end_monotonic_ns": 18324241000900,
  "planned_measurement_start_monotonic_ns": 18264241000900,
  "pressure_requested": 0.5,
  "resource": "gpu_memory",
  "schema_version": 1,
  "sleep_s": 29.652873699997144,
  "started_wall_time_ns": 1786864477796429400,
  "status": "completed",
  "warmup_active_s": 10.080378099995869,
  "warmup_elapsed_s": 19.983954999999696,
  "warmup_operations": 2150704873472,
  "warmup_sleep_s": 9.861966100004793
}
