{
  "active_fraction": 0.07990992908432129,
  "active_s": 2.3973054000452976,
  "allocated_bytes": 0,
  "barrier_used": true,
  "barrier_wait_s": 0.08783820000098785,
  "benchmark_environment": {
    "environment": {
      "BLIS_NUM_THREADS": "1",
      "MKL_NUM_THREADS": "1",
      "NUMEXPR_NUM_THREADS": "1",
      "OMP_NUM_THREADS": "1",
      "OPENBLAS_NUM_THREADS": "1",
      "VECLIB_MAXIMUM_THREADS": "1"
    },
    "native_thread_limit": 1,
    "protocol": "native_threads_1_warmup5_duration15_repeats5_cv10_v2"
  },
  "capacity_bytes": 0,
  "duty_cycle_s": 0.25,
  "elapsed_s": 30.00009420000424,
  "finished_wall_time_ns": 1786945182497490900,
  "measurement_end_monotonic_ns": 51647205497500,
  "measurement_start_monotonic_ns": 51617205365300,
  "operations": 470810624,
  "pid": 3620,
  "planned_measurement_end_monotonic_ns": 51647204756500,
  "planned_measurement_start_monotonic_ns": 51617204756500,
  "pressure_requested": 0.0625,
  "resource": "gpu_compute",
  "schema_version": 1,
  "sleep_s": 27.54470749999018,
  "started_wall_time_ns": 1786945140847826400,
  "status": "completed",
  "warmup_active_s": 0.6791203999237041,
  "warmup_elapsed_s": 9.973879499993927,
  "warmup_operations": 1042284544,
  "warmup_sleep_s": 9.279216200040537
}
