{
  "active_fraction": 0.7838555176115266,
  "active_s": 47.03892159998213,
  "allocated_bytes": 536870912,
  "barrier_used": true,
  "barrier_wait_s": 0.6404990999999427,
  "capacity_bytes": 0,
  "duty_cycle_s": 0.25,
  "elapsed_s": 60.009683600000244,
  "finished_wall_time_ns": 1786852650309805800,
  "measurement_end_monotonic_ns": 6415019995100,
  "measurement_start_monotonic_ns": 6355010303100,
  "operations": 2947421306880,
  "pid": 28316,
  "planned_measurement_end_monotonic_ns": 6415010075400,
  "planned_measurement_start_monotonic_ns": 6355010075400,
  "pressure_requested": 0.75,
  "resource": "memory_bandwidth",
  "schema_version": 1,
  "sleep_s": 12.872788999990917,
  "started_wall_time_ns": 1786852569588098400,
  "status": "completed",
  "warmup_active_s": 15.68453580001733,
  "warmup_elapsed_s": 19.98474139999962,
  "warmup_operations": 949187772416,
  "warmup_sleep_s": 4.269473599998491
}
