{
  "active_fraction": 0.1440167845640799,
  "active_s": 4.320474099891726,
  "allocated_bytes": 0,
  "barrier_used": true,
  "barrier_wait_s": 0.09682900000188965,
  "benchmark_environment": {
    "environment": {
      "BLIS_NUM_THREADS": "1",
      "MKL_NUM_THREADS": "1",
      "NUMEXPR_NUM_THREADS": "1",
      "OMP_NUM_THREADS": "1",
      "OPENBLAS_NUM_THREADS": "1",
      "VECLIB_MAXIMUM_THREADS": "1"
    },
    "native_thread_limit": 1,
    "protocol": "native_threads_1_warmup5_duration15_repeats5_cv10_v2"
  },
  "capacity_bytes": 0,
  "duty_cycle_s": 0.25,
  "elapsed_s": 29.999795600000652,
  "finished_wall_time_ns": 1786943137368575200,
  "measurement_end_monotonic_ns": 49602076463600,
  "measurement_start_monotonic_ns": 49572076621700,
  "operations": 888143872,
  "pid": 9616,
  "planned_measurement_end_monotonic_ns": 49602076151100,
  "planned_measurement_start_monotonic_ns": 49572076151100,
  "pressure_requested": 0.125,
  "resource": "gpu_compute",
  "schema_version": 1,
  "sleep_s": 25.62074709996523,
  "started_wall_time_ns": 1786943095680050900,
  "status": "completed",
  "warmup_active_s": 1.2652865000200109,
  "warmup_elapsed_s": 9.9668154999963,
  "warmup_operations": 2493513728,
  "warmup_sleep_s": 8.684029799980635
}
