{
  "active_fraction": 0.999413490505999,
  "active_s": 29.9822592005803,
  "allocated_bytes": 0,
  "barrier_used": true,
  "barrier_wait_s": 0.7146110999965458,
  "benchmark_environment": {
    "environment": {
      "BLIS_NUM_THREADS": "1",
      "MKL_NUM_THREADS": "1",
      "NUMEXPR_NUM_THREADS": "1",
      "OMP_NUM_THREADS": "1",
      "OPENBLAS_NUM_THREADS": "1",
      "VECLIB_MAXIMUM_THREADS": "1"
    },
    "native_thread_limit": 1,
    "protocol": "native_threads_1_warmup5_duration15_repeats5_cv10_v2"
  },
  "capacity_bytes": 0,
  "duty_cycle_s": 0.25,
  "elapsed_s": 29.99985440000455,
  "finished_wall_time_ns": 1786937940773218100,
  "measurement_end_monotonic_ns": 44405481356100,
  "measurement_start_monotonic_ns": 44375481494800,
  "operations": 13094617088,
  "pid": 29264,
  "planned_measurement_end_monotonic_ns": 44405480744200,
  "planned_measurement_start_monotonic_ns": 44375480744200,
  "pressure_requested": 1.0,
  "resource": "cpu_compute",
  "schema_version": 1,
  "sleep_s": 0.0,
  "started_wall_time_ns": 1786937900081443700,
  "status": "completed",
  "warmup_active_s": 9.965328099875478,
  "warmup_elapsed_s": 9.97094990000187,
  "warmup_operations": 4601675776,
  "warmup_sleep_s": 0.0
}
