{
  "active_fraction": 0.2631312533203669,
  "active_s": 7.894038299942622,
  "allocated_bytes": 0,
  "barrier_used": true,
  "barrier_wait_s": 0.05219339999894146,
  "benchmark_environment": {
    "environment": {
      "BLIS_NUM_THREADS": "1",
      "MKL_NUM_THREADS": "1",
      "NUMEXPR_NUM_THREADS": "1",
      "OMP_NUM_THREADS": "1",
      "OPENBLAS_NUM_THREADS": "1",
      "VECLIB_MAXIMUM_THREADS": "1"
    },
    "native_thread_limit": 1,
    "protocol": "native_threads_1_warmup5_duration15_repeats5_cv10_v2"
  },
  "capacity_bytes": 0,
  "duty_cycle_s": 0.25,
  "elapsed_s": 30.000382700003684,
  "finished_wall_time_ns": 1786943658045672600,
  "measurement_end_monotonic_ns": 50122753658700,
  "measurement_start_monotonic_ns": 50092753245900,
  "operations": 3064987648,
  "pid": 13220,
  "planned_measurement_end_monotonic_ns": 50122753040000,
  "planned_measurement_start_monotonic_ns": 50092753040000,
  "pressure_requested": 0.25,
  "resource": "gpu_compute",
  "schema_version": 1,
  "sleep_s": 22.045857200013415,
  "started_wall_time_ns": 1786943616441278200,
  "status": "completed",
  "warmup_active_s": 2.507488099647162,
  "warmup_elapsed_s": 9.97657800000161,
  "warmup_operations": 5725224960,
  "warmup_sleep_s": 7.449613400014641
}
