{
  "active_fraction": 0.9994848783152469,
  "active_s": 15.492624699971202,
  "allocated_bytes": 0,
  "barrier_used": false,
  "barrier_wait_s": 0.0,
  "benchmark_environment": {
    "environment": {
      "BLIS_NUM_THREADS": "1",
      "MKL_NUM_THREADS": "1",
      "NUMEXPR_NUM_THREADS": "1",
      "OMP_NUM_THREADS": "1",
      "OPENBLAS_NUM_THREADS": "1",
      "VECLIB_MAXIMUM_THREADS": "1"
    },
    "native_thread_limit": 1,
    "protocol": "native_threads_1_warmup5_duration15_repeats5_v1"
  },
  "capacity_bytes": 0,
  "duty_cycle_s": 0.25,
  "elapsed_s": 15.50060940000003,
  "finished_wall_time_ns": 1786898882569921500,
  "measurement_end_monotonic_ns": 5347278237800,
  "measurement_start_monotonic_ns": 5331777621100,
  "operations": 6243221504,
  "pid": 15912,
  "planned_measurement_end_monotonic_ns": 5347277621400,
  "planned_measurement_start_monotonic_ns": 5331776789100,
  "pressure_requested": 1.0,
  "resource": "cpu_compute",
  "schema_version": 1,
  "sleep_s": 0.0,
  "started_wall_time_ns": 1786898862060769600,
  "status": "completed",
  "warmup_active_s": 4.9985032999775285,
  "warmup_elapsed_s": 5.000832300000184,
  "warmup_operations": 2059927552,
  "warmup_sleep_s": 0.0
}
