{
  "active_fraction": 0.07934222998841459,
  "active_s": 2.380320899974322,
  "allocated_bytes": 0,
  "barrier_used": true,
  "barrier_wait_s": 0.06881549999525305,
  "benchmark_environment": {
    "environment": {
      "BLIS_NUM_THREADS": "1",
      "MKL_NUM_THREADS": "1",
      "NUMEXPR_NUM_THREADS": "1",
      "OMP_NUM_THREADS": "1",
      "OPENBLAS_NUM_THREADS": "1",
      "VECLIB_MAXIMUM_THREADS": "1"
    },
    "native_thread_limit": 1,
    "protocol": "native_threads_1_warmup5_duration15_repeats5_cv10_v2"
  },
  "capacity_bytes": 0,
  "duty_cycle_s": 0.25,
  "elapsed_s": 30.000680600001942,
  "finished_wall_time_ns": 1786957882966086300,
  "measurement_end_monotonic_ns": 64347674447700,
  "measurement_start_monotonic_ns": 64317673721200,
  "operations": 526385152,
  "pid": 14344,
  "planned_measurement_end_monotonic_ns": 64347673160400,
  "planned_measurement_start_monotonic_ns": 64317673160400,
  "pressure_requested": 0.0625,
  "resource": "gpu_compute",
  "schema_version": 1,
  "sleep_s": 27.559692300026654,
  "started_wall_time_ns": 1786957841254736200,
  "status": "completed",
  "warmup_active_s": 0.6436613000041689,
  "warmup_elapsed_s": 9.987739000003785,
  "warmup_operations": 1097859072,
  "warmup_sleep_s": 9.326478200018755
}
