{
  "active_fraction": 0.5025333073829665,
  "active_s": 15.076193400360353,
  "allocated_bytes": 0,
  "barrier_used": true,
  "barrier_wait_s": 0.6900567000047886,
  "benchmark_environment": {
    "environment": {
      "BLIS_NUM_THREADS": "1",
      "MKL_NUM_THREADS": "1",
      "NUMEXPR_NUM_THREADS": "1",
      "OMP_NUM_THREADS": "1",
      "OPENBLAS_NUM_THREADS": "1",
      "VECLIB_MAXIMUM_THREADS": "1"
    },
    "native_thread_limit": 1,
    "protocol": "native_threads_1_warmup5_duration15_repeats5_cv10_v2"
  },
  "capacity_bytes": 0,
  "duty_cycle_s": 0.25,
  "elapsed_s": 30.000386400002753,
  "finished_wall_time_ns": 1786950236113982000,
  "measurement_end_monotonic_ns": 56700821775400,
  "measurement_start_monotonic_ns": 56670821370200,
  "operations": 4999610368,
  "pid": 28968,
  "planned_measurement_end_monotonic_ns": 56700821230000,
  "planned_measurement_start_monotonic_ns": 56670821230000,
  "pressure_requested": 0.5,
  "resource": "cpu_compute",
  "schema_version": 1,
  "sleep_s": 14.857573399945977,
  "started_wall_time_ns": 1786950195441752600,
  "status": "completed",
  "warmup_active_s": 5.022323400036839,
  "warmup_elapsed_s": 9.975685400000657,
  "warmup_operations": 1739587584,
  "warmup_sleep_s": 4.933888600004138
}
