{
  "active_fraction": 0.0,
  "active_s": 0.0,
  "allocated_bytes": 0,
  "barrier_used": true,
  "barrier_wait_s": 0.7161047999979928,
  "benchmark_environment": {
    "environment": {
      "BLIS_NUM_THREADS": "1",
      "MKL_NUM_THREADS": "1",
      "NUMEXPR_NUM_THREADS": "1",
      "OMP_NUM_THREADS": "1",
      "OPENBLAS_NUM_THREADS": "1",
      "VECLIB_MAXIMUM_THREADS": "1"
    },
    "native_thread_limit": 1,
    "protocol": "native_threads_1_warmup5_duration15_repeats5_cv10_v2"
  },
  "capacity_bytes": 0,
  "duty_cycle_s": 0.25,
  "elapsed_s": 29.999923000003037,
  "finished_wall_time_ns": 1786950717502007400,
  "measurement_end_monotonic_ns": 57182209914700,
  "measurement_start_monotonic_ns": 57152209969600,
  "operations": 0,
  "pid": 24640,
  "planned_measurement_end_monotonic_ns": 57182209644100,
  "planned_measurement_start_monotonic_ns": 57152209644100,
  "pressure_requested": 0.0,
  "resource": "memory_bandwidth",
  "schema_version": 1,
  "sleep_s": 29.941843000044173,
  "started_wall_time_ns": 1786950676800984100,
  "status": "completed",
  "warmup_active_s": 0.0,
  "warmup_elapsed_s": 9.979502299996966,
  "warmup_operations": 0,
  "warmup_sleep_s": 9.961906400028965
}
