{
  "active_fraction": 0.5026220782389051,
  "active_s": 7.790821900096489,
  "allocated_bytes": 0,
  "barrier_used": false,
  "barrier_wait_s": 0.0,
  "benchmark_environment": {
    "environment": {
      "BLIS_NUM_THREADS": "1",
      "MKL_NUM_THREADS": "1",
      "NUMEXPR_NUM_THREADS": "1",
      "OMP_NUM_THREADS": "1",
      "OPENBLAS_NUM_THREADS": "1",
      "VECLIB_MAXIMUM_THREADS": "1"
    },
    "native_thread_limit": 1,
    "protocol": "native_threads_1_warmup5_duration15_repeats5_cv10_v2"
  },
  "capacity_bytes": 0,
  "duty_cycle_s": 0.25,
  "elapsed_s": 15.500357500000973,
  "finished_wall_time_ns": 1786930639057926800,
  "measurement_end_monotonic_ns": 37103765743600,
  "measurement_start_monotonic_ns": 37088265365900,
  "operations": 2641362944,
  "pid": 4152,
  "planned_measurement_end_monotonic_ns": 37103765366900,
  "planned_measurement_start_monotonic_ns": 37088264843200,
  "pressure_requested": 0.5,
  "resource": "cpu_compute",
  "schema_version": 1,
  "sleep_s": 7.682174299996404,
  "started_wall_time_ns": 1786930618550592300,
  "status": "completed",
  "warmup_active_s": 2.5108322000523913,
  "warmup_elapsed_s": 5.00052290000167,
  "warmup_operations": 752353280,
  "warmup_sleep_s": 2.479751099999703
}
