{
  "active_fraction": 0.20199355181345197,
  "active_s": 6.0598112002553535,
  "allocated_bytes": 0,
  "barrier_used": true,
  "barrier_wait_s": 0.09764050000376301,
  "benchmark_environment": {
    "environment": {
      "BLIS_NUM_THREADS": "1",
      "MKL_NUM_THREADS": "1",
      "NUMEXPR_NUM_THREADS": "1",
      "OMP_NUM_THREADS": "1",
      "OPENBLAS_NUM_THREADS": "1",
      "VECLIB_MAXIMUM_THREADS": "1"
    },
    "native_thread_limit": 1,
    "protocol": "native_threads_1_warmup5_duration15_repeats5_cv10_v2"
  },
  "capacity_bytes": 0,
  "duty_cycle_s": 0.25,
  "elapsed_s": 30.00002300000051,
  "finished_wall_time_ns": 1786958425890683100,
  "measurement_end_monotonic_ns": 64890598630300,
  "measurement_start_monotonic_ns": 64860598569100,
  "operations": 1536163840,
  "pid": 18196,
  "planned_measurement_end_monotonic_ns": 64890598122400,
  "planned_measurement_start_monotonic_ns": 64860598122400,
  "pressure_requested": 0.1875,
  "resource": "gpu_compute",
  "schema_version": 1,
  "sleep_s": 23.881585000017367,
  "started_wall_time_ns": 1786958384243947000,
  "status": "completed",
  "warmup_active_s": 1.8838860999894678,
  "warmup_elapsed_s": 9.965148600000248,
  "warmup_operations": 4053794816,
  "warmup_sleep_s": 8.06382470002427
}
