{
  "active_fraction": 0.2616710670820769,
  "active_s": 1.9626058000067133,
  "allocated_bytes": 0,
  "barrier_used": false,
  "barrier_wait_s": 0.0,
  "capacity_bytes": 0,
  "duty_cycle_s": 0.25,
  "elapsed_s": 7.500278200001048,
  "finished_wall_time_ns": 1786889070964724300,
  "measurement_end_monotonic_ns": 42836716547300,
  "measurement_start_monotonic_ns": 42829216249400,
  "operations": 138412032,
  "pid": 31424,
  "planned_measurement_end_monotonic_ns": 42836716249500,
  "planned_measurement_start_monotonic_ns": 42829216246400,
  "pressure_requested": 0.25,
  "resource": "cpu_compute",
  "schema_version": 1,
  "sleep_s": 5.523887000017567,
  "started_wall_time_ns": 1786889063458196900,
  "status": "completed",
  "warmup_active_s": 0.0,
  "warmup_elapsed_s": 3.3000032999552786e-06,
  "warmup_operations": 0,
  "warmup_sleep_s": 0.0
}
