{
  "active_fraction": 0.9995736759007791,
  "active_s": 59.97407849993397,
  "allocated_bytes": 0,
  "barrier_used": true,
  "barrier_wait_s": 0.6934813000007125,
  "capacity_bytes": 0,
  "duty_cycle_s": 0.25,
  "elapsed_s": 59.99965779999911,
  "finished_wall_time_ns": 1786866857993856500,
  "measurement_end_monotonic_ns": 20622703669400,
  "measurement_start_monotonic_ns": 20562704002400,
  "operations": 11216093184,
  "pid": 17752,
  "planned_measurement_end_monotonic_ns": 20622701832900,
  "planned_measurement_start_monotonic_ns": 20562701832900,
  "pressure_requested": 1.0,
  "resource": "cpu_compute",
  "schema_version": 1,
  "sleep_s": 0.0,
  "started_wall_time_ns": 1786866777311511600,
  "status": "completed",
  "warmup_active_s": 19.973999299767456,
  "warmup_elapsed_s": 19.982281000000512,
  "warmup_operations": 4452253696,
  "warmup_sleep_s": 0.0
}
