{
  "active_fraction": 0.0,
  "active_s": 0.0,
  "allocated_bytes": 0,
  "barrier_used": true,
  "barrier_wait_s": 0.6282985999714583,
  "capacity_bytes": 0,
  "duty_cycle_s": 0.25,
  "elapsed_s": 59.999615799984895,
  "finished_wall_time_ns": 1786815049937939100,
  "measurement_end_monotonic_ns": 284643303604600,
  "measurement_start_monotonic_ns": 284583303976400,
  "operations": 0,
  "pid": 7212,
  "planned_measurement_end_monotonic_ns": 284643303486200,
  "planned_measurement_start_monotonic_ns": 284583303486200,
  "pressure_requested": 0.0,
  "resource": "gpu_compute",
  "schema_version": 1,
  "sleep_s": 59.89921019988833,
  "started_wall_time_ns": 1786814969335463300,
  "status": "completed",
  "warmup_active_s": 0.0,
  "warmup_elapsed_s": 19.969315399997868,
  "warmup_operations": 0,
  "warmup_sleep_s": 19.932363900297787
}
