{
  "active_fraction": 0.9999421014062718,
  "active_s": 6.504097300108697,
  "allocated_bytes": 1073741824,
  "barrier_used": false,
  "barrier_wait_s": 0.0,
  "capacity_bytes": 1073741824,
  "duty_cycle_s": 0.25,
  "elapsed_s": 6.504473900000448,
  "finished_wall_time_ns": 1786891238478867200,
  "measurement_end_monotonic_ns": 45004231175000,
  "measurement_start_monotonic_ns": 44997726689800,
  "operations": 1406601789440,
  "pid": 10136,
  "planned_measurement_end_monotonic_ns": 45004226690000,
  "planned_measurement_start_monotonic_ns": 44997721177800,
  "pressure_requested": 1.0,
  "resource": "gpu_memory",
  "schema_version": 1,
  "sleep_s": 0.0,
  "started_wall_time_ns": 1786891229044196400,
  "status": "completed",
  "warmup_active_s": 1.005455400023493,
  "warmup_elapsed_s": 1.0055126000006567,
  "warmup_operations": 208305913856,
  "warmup_sleep_s": 0.0
}
