{
  "active_fraction": 0.0,
  "active_s": 0.0,
  "allocated_bytes": 0,
  "barrier_used": true,
  "barrier_wait_s": 0.7429475999997521,
  "capacity_bytes": 0,
  "duty_cycle_s": 0.25,
  "elapsed_s": 60.00080849999904,
  "finished_wall_time_ns": 1786854533193049500,
  "measurement_end_monotonic_ns": 8297903367400,
  "measurement_start_monotonic_ns": 8237902532500,
  "operations": 0,
  "pid": 6924,
  "planned_measurement_end_monotonic_ns": 8297902360200,
  "planned_measurement_start_monotonic_ns": 8237902360200,
  "pressure_requested": 0.0,
  "resource": "gpu_compute",
  "schema_version": 1,
  "sleep_s": 59.88571960000445,
  "started_wall_time_ns": 1786854452465878200,
  "status": "completed",
  "warmup_active_s": 0.0,
  "warmup_elapsed_s": 19.978475199999593,
  "warmup_operations": 0,
  "warmup_sleep_s": 19.941543699984322
}
