{
  "active_fraction": 0.7493702812098546,
  "active_s": 44.962243400299485,
  "allocated_bytes": 0,
  "barrier_used": true,
  "barrier_wait_s": 0.08163630000126432,
  "capacity_bytes": 0,
  "duty_cycle_s": 0.25,
  "elapsed_s": 60.00003540000034,
  "finished_wall_time_ns": 1786867471111544900,
  "measurement_end_monotonic_ns": 21235821856500,
  "measurement_start_monotonic_ns": 21175821814000,
  "operations": 146087608320,
  "pid": 3016,
  "planned_measurement_end_monotonic_ns": 21235821647300,
  "planned_measurement_start_monotonic_ns": 21175821647300,
  "pressure_requested": 0.75,
  "resource": "gpu_compute",
  "schema_version": 1,
  "sleep_s": 14.896808900015458,
  "started_wall_time_ns": 1786867389426666600,
  "status": "completed",
  "warmup_active_s": 14.99879770035841,
  "warmup_elapsed_s": 19.97707789999913,
  "warmup_operations": 50520391680,
  "warmup_sleep_s": 4.929388399970776
}
