{
  "active_fraction": 0.25319371751158115,
  "active_s": 3.9246336998185143,
  "allocated_bytes": 0,
  "barrier_used": false,
  "barrier_wait_s": 0.0,
  "benchmark_environment": {
    "environment": {
      "BLIS_NUM_THREADS": "1",
      "MKL_NUM_THREADS": "1",
      "NUMEXPR_NUM_THREADS": "1",
      "OMP_NUM_THREADS": "1",
      "OPENBLAS_NUM_THREADS": "1",
      "VECLIB_MAXIMUM_THREADS": "1"
    },
    "native_thread_limit": 1,
    "protocol": "native_threads_1_warmup5_duration15_repeats5_cv10_v2"
  },
  "capacity_bytes": 0,
  "duty_cycle_s": 0.25,
  "elapsed_s": 15.50051770000573,
  "finished_wall_time_ns": 1786931954779288900,
  "measurement_end_monotonic_ns": 38419487226400,
  "measurement_start_monotonic_ns": 38403986672800,
  "operations": 4213178368,
  "pid": 21376,
  "planned_measurement_end_monotonic_ns": 38419486673300,
  "planned_measurement_start_monotonic_ns": 38403986011200,
  "pressure_requested": 0.25,
  "resource": "gpu_compute",
  "schema_version": 1,
  "sleep_s": 11.546217500028433,
  "started_wall_time_ns": 1786931932778986500,
  "status": "completed",
  "warmup_active_s": 1.252538899971114,
  "warmup_elapsed_s": 5.000661999998556,
  "warmup_operations": 3470786560,
  "warmup_sleep_s": 3.7404655999998795
}
