{
  "active_fraction": 0.25055709090191486,
  "active_s": 1.6287490002578124,
  "allocated_bytes": 0,
  "barrier_used": false,
  "barrier_wait_s": 0.0,
  "capacity_bytes": 0,
  "duty_cycle_s": 0.25,
  "elapsed_s": 6.5005105000018375,
  "finished_wall_time_ns": 1786891105636782400,
  "measurement_end_monotonic_ns": 44871388701700,
  "measurement_start_monotonic_ns": 44864888163700,
  "operations": 4663017472,
  "pid": 7292,
  "planned_measurement_end_monotonic_ns": 44871388165200,
  "planned_measurement_start_monotonic_ns": 44864887808400,
  "pressure_requested": 0.25,
  "resource": "gpu_compute",
  "schema_version": 1,
  "sleep_s": 4.860311999997066,
  "started_wall_time_ns": 1786891096559830000,
  "status": "completed",
  "warmup_active_s": 0.2508487000595778,
  "warmup_elapsed_s": 1.0003556000010576,
  "warmup_operations": 682622976,
  "warmup_sleep_s": 0.7473420000023907
}
