{
  "active_fraction": 0.25357371041263854,
  "active_s": 3.9304732999798944,
  "allocated_bytes": 0,
  "barrier_used": false,
  "barrier_wait_s": 0.0,
  "benchmark_environment": {
    "environment": {
      "BLIS_NUM_THREADS": "1",
      "MKL_NUM_THREADS": "1",
      "NUMEXPR_NUM_THREADS": "1",
      "OMP_NUM_THREADS": "1",
      "OPENBLAS_NUM_THREADS": "1",
      "VECLIB_MAXIMUM_THREADS": "1"
    },
    "native_thread_limit": 1,
    "protocol": "native_threads_1_warmup5_duration15_repeats5_v1"
  },
  "capacity_bytes": 0,
  "duty_cycle_s": 0.25,
  "elapsed_s": 15.500318599999446,
  "finished_wall_time_ns": 1786899946557607100,
  "measurement_end_monotonic_ns": 6411265427400,
  "measurement_start_monotonic_ns": 6395765085500,
  "operations": 3780116480,
  "pid": 27644,
  "planned_measurement_end_monotonic_ns": 6411265086700,
  "planned_measurement_start_monotonic_ns": 6395764565400,
  "pressure_requested": 0.25,
  "resource": "gpu_compute",
  "schema_version": 1,
  "sleep_s": 11.54246350000085,
  "started_wall_time_ns": 1786899924534303000,
  "status": "completed",
  "warmup_active_s": 1.2513835000108884,
  "warmup_elapsed_s": 5.000520700000379,
  "warmup_operations": 3471835136,
  "warmup_sleep_s": 3.7407566999972914
}
