{
  "active_fraction": 0.9997496434892881,
  "active_s": 29.992505900532706,
  "allocated_bytes": 0,
  "barrier_used": true,
  "barrier_wait_s": 1.4064828999980818,
  "benchmark_environment": {
    "environment": {
      "BLIS_NUM_THREADS": "1",
      "MKL_NUM_THREADS": "1",
      "NUMEXPR_NUM_THREADS": "1",
      "OMP_NUM_THREADS": "1",
      "OPENBLAS_NUM_THREADS": "1",
      "VECLIB_MAXIMUM_THREADS": "1"
    },
    "native_thread_limit": 1,
    "protocol": "native_threads_1_warmup5_duration15_repeats5_cv10_v2"
  },
  "capacity_bytes": 0,
  "cpu_workers": 64,
  "duty_cycle_s": 0.25,
  "elapsed_s": 30.000016600009985,
  "finished_wall_time_ns": 1787048452745069900,
  "gpu_matrix_size": 1024,
  "gpu_memory_max_mib": 1024,
  "measurement_end_monotonic_ns": 154919747955600,
  "measurement_start_monotonic_ns": 154889747926900,
  "memory_buffer_mib": 64,
  "operations": 20073938944,
  "pid": 34780,
  "planned_measurement_end_monotonic_ns": 154919744591400,
  "planned_measurement_start_monotonic_ns": 154889744591400,
  "pressure_requested": 1.0,
  "resource": "cpu_compute",
  "schema_version": 1,
  "sleep_s": 0.0,
  "started_wall_time_ns": 1787048411345776400,
  "status": "completed",
  "warmup_active_s": 9.976642400637502,
  "warmup_elapsed_s": 9.97907979998854,
  "warmup_operations": 8006926336,
  "warmup_sleep_s": 0.0
}
