{
  "active_fraction": 0.0,
  "active_s": 0.0,
  "allocated_bytes": 0,
  "barrier_used": false,
  "barrier_wait_s": 0.0,
  "benchmark_environment": {
    "environment": {
      "BLIS_NUM_THREADS": "1",
      "MKL_NUM_THREADS": "1",
      "NUMEXPR_NUM_THREADS": "1",
      "OMP_NUM_THREADS": "1",
      "OPENBLAS_NUM_THREADS": "1",
      "VECLIB_MAXIMUM_THREADS": "1"
    },
    "native_thread_limit": 1,
    "protocol": "native_threads_1_warmup5_duration15_repeats5_cv10_v2"
  },
  "capacity_bytes": 0,
  "duty_cycle_s": 0.25,
  "elapsed_s": 15.500304399996821,
  "finished_wall_time_ns": 1786932021460808900,
  "measurement_end_monotonic_ns": 38486168621100,
  "measurement_start_monotonic_ns": 38470668304300,
  "operations": 0,
  "pid": 28688,
  "planned_measurement_end_monotonic_ns": 38486168305000,
  "planned_measurement_start_monotonic_ns": 38470667786500,
  "pressure_requested": 0.0,
  "resource": "gpu_memory",
  "schema_version": 1,
  "sleep_s": 15.472888300006161,
  "started_wall_time_ns": 1786932000953143700,
  "status": "completed",
  "warmup_active_s": 0.0,
  "warmup_elapsed_s": 5.0005181000015,
  "warmup_operations": 0,
  "warmup_sleep_s": 4.991027199997916
}
