{
  "active_fraction": 0.7749187409728632,
  "active_s": 23.24743460006721,
  "allocated_bytes": 536870912,
  "barrier_used": true,
  "barrier_wait_s": 0.6358198999951128,
  "benchmark_environment": {
    "environment": {
      "BLIS_NUM_THREADS": "1",
      "MKL_NUM_THREADS": "1",
      "NUMEXPR_NUM_THREADS": "1",
      "OMP_NUM_THREADS": "1",
      "OPENBLAS_NUM_THREADS": "1",
      "VECLIB_MAXIMUM_THREADS": "1"
    },
    "native_thread_limit": 1,
    "protocol": "native_threads_1_warmup5_duration15_repeats5_cv10_v2"
  },
  "capacity_bytes": 0,
  "duty_cycle_s": 0.25,
  "elapsed_s": 29.999835299997358,
  "finished_wall_time_ns": 1786956615533111800,
  "measurement_end_monotonic_ns": 63080240888500,
  "measurement_start_monotonic_ns": 63050241043000,
  "operations": 1546188226560,
  "pid": 3816,
  "planned_measurement_end_monotonic_ns": 63080240721600,
  "planned_measurement_start_monotonic_ns": 63050240721600,
  "pressure_requested": 0.75,
  "resource": "memory_bandwidth",
  "schema_version": 1,
  "sleep_s": 6.701666499924613,
  "started_wall_time_ns": 1786956574836552000,
  "status": "completed",
  "warmup_active_s": 7.77339369992842,
  "warmup_elapsed_s": 9.974534200002381,
  "warmup_operations": 518617300992,
  "warmup_sleep_s": 2.185877999996592
}
