{
  "active_fraction": 0.5137632061423714,
  "active_s": 15.412928499979898,
  "allocated_bytes": 536870912,
  "barrier_used": true,
  "barrier_wait_s": 0.649465100002999,
  "benchmark_environment": {
    "environment": {
      "BLIS_NUM_THREADS": "1",
      "MKL_NUM_THREADS": "1",
      "NUMEXPR_NUM_THREADS": "1",
      "OMP_NUM_THREADS": "1",
      "OPENBLAS_NUM_THREADS": "1",
      "VECLIB_MAXIMUM_THREADS": "1"
    },
    "native_thread_limit": 1,
    "protocol": "native_threads_1_warmup5_duration15_repeats5_cv10_v2"
  },
  "capacity_bytes": 0,
  "duty_cycle_s": 0.25,
  "elapsed_s": 30.000062900006014,
  "finished_wall_time_ns": 1786953665507867300,
  "measurement_end_monotonic_ns": 60130215787300,
  "measurement_start_monotonic_ns": 60100215698500,
  "operations": 1032939634688,
  "pid": 6376,
  "planned_measurement_end_monotonic_ns": 60130215358300,
  "planned_measurement_start_monotonic_ns": 60100215358300,
  "pressure_requested": 0.5,
  "resource": "memory_bandwidth",
  "schema_version": 1,
  "sleep_s": 14.527041800000006,
  "started_wall_time_ns": 1786953624802018900,
  "status": "completed",
  "warmup_active_s": 5.213317700021435,
  "warmup_elapsed_s": 9.969283200000064,
  "warmup_operations": 346818609152,
  "warmup_sleep_s": 4.738081899980898
}
