{
  "active_fraction": 0.0,
  "active_s": 0.0,
  "allocated_bytes": 0,
  "barrier_used": false,
  "barrier_wait_s": 0.0,
  "benchmark_environment": {
    "environment": {
      "BLIS_NUM_THREADS": "1",
      "MKL_NUM_THREADS": "1",
      "NUMEXPR_NUM_THREADS": "1",
      "OMP_NUM_THREADS": "1",
      "OPENBLAS_NUM_THREADS": "1",
      "VECLIB_MAXIMUM_THREADS": "1"
    },
    "native_thread_limit": 1,
    "protocol": "native_threads_1_warmup5_duration15_repeats5_cv10_v2"
  },
  "capacity_bytes": 0,
  "duty_cycle_s": 0.25,
  "elapsed_s": 15.50069860000076,
  "finished_wall_time_ns": 1786932105583519500,
  "measurement_end_monotonic_ns": 38570291590800,
  "measurement_start_monotonic_ns": 38554790862700,
  "operations": 0,
  "pid": 22608,
  "planned_measurement_end_monotonic_ns": 38570290863500,
  "planned_measurement_start_monotonic_ns": 38554790579900,
  "pressure_requested": 0.0,
  "resource": "gpu_memory",
  "schema_version": 1,
  "sleep_s": 15.448074499996437,
  "started_wall_time_ns": 1786932085077371300,
  "status": "completed",
  "warmup_active_s": 0.0,
  "warmup_elapsed_s": 5.00028310000198,
  "warmup_operations": 0,
  "warmup_sleep_s": 4.992190200020559
}
