{
  "active_fraction": 0.5120567758661148,
  "active_s": 3.8405864000014844,
  "allocated_bytes": 536870912,
  "barrier_used": false,
  "barrier_wait_s": 0.0,
  "capacity_bytes": 1073741824,
  "duty_cycle_s": 0.25,
  "elapsed_s": 7.500313600001391,
  "finished_wall_time_ns": 1786889470669779400,
  "measurement_end_monotonic_ns": 43236421831100,
  "measurement_start_monotonic_ns": 43228921263400,
  "operations": 821412495360,
  "pid": 18048,
  "planned_measurement_end_monotonic_ns": 43236421263500,
  "planned_measurement_start_monotonic_ns": 43228921259500,
  "pressure_requested": 0.5,
  "resource": "gpu_memory",
  "schema_version": 1,
  "sleep_s": 3.648728800006211,
  "started_wall_time_ns": 1786889461496487400,
  "status": "completed",
  "warmup_active_s": 0.0,
  "warmup_elapsed_s": 4.29999636253342e-06,
  "warmup_operations": 0,
  "warmup_sleep_s": 0.0
}
