{
  "active_fraction": 0.502636659780428,
  "active_s": 15.078843800562026,
  "allocated_bytes": 0,
  "barrier_used": true,
  "barrier_wait_s": 0.7220545000018319,
  "benchmark_environment": {
    "environment": {
      "BLIS_NUM_THREADS": "1",
      "MKL_NUM_THREADS": "1",
      "NUMEXPR_NUM_THREADS": "1",
      "OMP_NUM_THREADS": "1",
      "OPENBLAS_NUM_THREADS": "1",
      "VECLIB_MAXIMUM_THREADS": "1"
    },
    "native_thread_limit": 1,
    "protocol": "native_threads_1_warmup5_duration15_repeats5_cv10_v2"
  },
  "capacity_bytes": 0,
  "duty_cycle_s": 0.25,
  "elapsed_s": 29.999490700000024,
  "finished_wall_time_ns": 1786943971578490900,
  "measurement_end_monotonic_ns": 50436286389800,
  "measurement_start_monotonic_ns": 50406286884100,
  "operations": 5009047552,
  "pid": 5868,
  "planned_measurement_end_monotonic_ns": 50436286199200,
  "planned_measurement_start_monotonic_ns": 50406286199200,
  "pressure_requested": 0.5,
  "resource": "cpu_compute",
  "schema_version": 1,
  "sleep_s": 14.858068799963803,
  "started_wall_time_ns": 1786943930879556500,
  "status": "completed",
  "warmup_active_s": 5.022859400101879,
  "warmup_elapsed_s": 9.970835799998895,
  "warmup_operations": 1700790272,
  "warmup_sleep_s": 4.928098899996257
}
