{
  "active_fraction": 0.7520498716263788,
  "active_s": 22.562257900106488,
  "allocated_bytes": 0,
  "barrier_used": true,
  "barrier_wait_s": 0.7116808000064339,
  "benchmark_environment": {
    "environment": {
      "BLIS_NUM_THREADS": "1",
      "MKL_NUM_THREADS": "1",
      "NUMEXPR_NUM_THREADS": "1",
      "OMP_NUM_THREADS": "1",
      "OPENBLAS_NUM_THREADS": "1",
      "VECLIB_MAXIMUM_THREADS": "1"
    },
    "native_thread_limit": 1,
    "protocol": "native_threads_1_warmup5_duration15_repeats5_cv10_v2"
  },
  "capacity_bytes": 0,
  "duty_cycle_s": 0.25,
  "elapsed_s": 30.001012900000205,
  "finished_wall_time_ns": 1786955780497632000,
  "measurement_end_monotonic_ns": 62245205608600,
  "measurement_start_monotonic_ns": 62215204584700,
  "operations": 7913603072,
  "pid": 21084,
  "planned_measurement_end_monotonic_ns": 62245204109100,
  "planned_measurement_start_monotonic_ns": 62215204109100,
  "pressure_requested": 0.75,
  "resource": "cpu_compute",
  "schema_version": 1,
  "sleep_s": 7.363802999963809,
  "started_wall_time_ns": 1786955739811363300,
  "status": "completed",
  "warmup_active_s": 7.518595100431412,
  "warmup_elapsed_s": 9.96739919999527,
  "warmup_operations": 2827485184,
  "warmup_sleep_s": 2.4305293999859714
}
