{
  "active_fraction": 0.2612136397637652,
  "active_s": 7.8371903000588645,
  "allocated_bytes": 536870912,
  "barrier_used": true,
  "barrier_wait_s": 0.650961899998947,
  "benchmark_environment": {
    "environment": {
      "BLIS_NUM_THREADS": "1",
      "MKL_NUM_THREADS": "1",
      "NUMEXPR_NUM_THREADS": "1",
      "OMP_NUM_THREADS": "1",
      "OPENBLAS_NUM_THREADS": "1",
      "VECLIB_MAXIMUM_THREADS": "1"
    },
    "native_thread_limit": 1,
    "protocol": "native_threads_1_warmup5_duration15_repeats5_cv10_v2"
  },
  "capacity_bytes": 0,
  "duty_cycle_s": 0.25,
  "elapsed_s": 30.002990299995872,
  "finished_wall_time_ns": 1786953300473266800,
  "measurement_end_monotonic_ns": 59765181169700,
  "measurement_start_monotonic_ns": 59735178159700,
  "operations": 518617300992,
  "pid": 28380,
  "planned_measurement_end_monotonic_ns": 59765177566800,
  "planned_measurement_start_monotonic_ns": 59735177566800,
  "pressure_requested": 0.25,
  "resource": "memory_bandwidth",
  "schema_version": 1,
  "sleep_s": 22.10692470001959,
  "started_wall_time_ns": 1786953259763904100,
  "status": "completed",
  "warmup_active_s": 2.614603099980741,
  "warmup_elapsed_s": 9.968029299998307,
  "warmup_operations": 172872433664,
  "warmup_sleep_s": 7.337415300004068
}
