{
  "active_fraction": 0.5199003053525098,
  "active_s": 8.058730800024932,
  "allocated_bytes": 536870912,
  "barrier_used": false,
  "barrier_wait_s": 0.0,
  "benchmark_environment": {
    "environment": {
      "BLIS_NUM_THREADS": "1",
      "MKL_NUM_THREADS": "1",
      "NUMEXPR_NUM_THREADS": "1",
      "OMP_NUM_THREADS": "1",
      "OPENBLAS_NUM_THREADS": "1",
      "VECLIB_MAXIMUM_THREADS": "1"
    },
    "native_thread_limit": 1,
    "protocol": "native_threads_1_warmup5_duration15_repeats5_cv10_v2"
  },
  "capacity_bytes": 0,
  "duty_cycle_s": 0.25,
  "elapsed_s": 15.500530999997864,
  "finished_wall_time_ns": 1786931187100066900,
  "measurement_end_monotonic_ns": 37651807954900,
  "measurement_start_monotonic_ns": 37636307412600,
  "operations": 550829555712,
  "pid": 7228,
  "planned_measurement_end_monotonic_ns": 37651807413000,
  "planned_measurement_start_monotonic_ns": 37636307235000,
  "pressure_requested": 0.5,
  "resource": "memory_bandwidth",
  "schema_version": 1,
  "sleep_s": 7.408343300005072,
  "started_wall_time_ns": 1786931166510016200,
  "status": "completed",
  "warmup_active_s": 2.6033904000069015,
  "warmup_elapsed_s": 5.000178100002813,
  "warmup_operations": 178241142784,
  "warmup_sleep_s": 2.3791225999957533
}
