{
  "active_fraction": 0.5086465703215202,
  "active_s": 30.518787199968756,
  "allocated_bytes": 0,
  "barrier_used": true,
  "barrier_wait_s": 0.9018122999996194,
  "capacity_bytes": 0,
  "duty_cycle_s": 0.25,
  "elapsed_s": 59.99998620000042,
  "finished_wall_time_ns": 1786852548692657300,
  "measurement_end_monotonic_ns": 6313402347800,
  "measurement_start_monotonic_ns": 6253402333600,
  "operations": 2508718080,
  "pid": 15840,
  "planned_measurement_end_monotonic_ns": 6313402006600,
  "planned_measurement_start_monotonic_ns": 6253402006600,
  "pressure_requested": 0.5,
  "resource": "cpu_compute",
  "schema_version": 1,
  "sleep_s": 29.374696699997003,
  "started_wall_time_ns": 1786852467815269000,
  "status": "completed",
  "warmup_active_s": 10.21229099998618,
  "warmup_elapsed_s": 19.969473299999663,
  "warmup_operations": 792723456,
  "warmup_sleep_s": 9.71820619999653
}
