{
  "active_fraction": 0.752525362061782,
  "active_s": 22.57570540073357,
  "allocated_bytes": 0,
  "barrier_used": true,
  "barrier_wait_s": 0.6964989000043715,
  "benchmark_environment": {
    "environment": {
      "BLIS_NUM_THREADS": "1",
      "MKL_NUM_THREADS": "1",
      "NUMEXPR_NUM_THREADS": "1",
      "OMP_NUM_THREADS": "1",
      "OPENBLAS_NUM_THREADS": "1",
      "VECLIB_MAXIMUM_THREADS": "1"
    },
    "native_thread_limit": 1,
    "protocol": "native_threads_1_warmup5_duration15_repeats5_cv10_v2"
  },
  "capacity_bytes": 0,
  "duty_cycle_s": 0.25,
  "elapsed_s": 29.99992629999906,
  "finished_wall_time_ns": 1786940617876881000,
  "measurement_end_monotonic_ns": 47082584818500,
  "measurement_start_monotonic_ns": 47052584885900,
  "operations": 8069316608,
  "pid": 12452,
  "planned_measurement_end_monotonic_ns": 47082584323400,
  "planned_measurement_start_monotonic_ns": 47052584323400,
  "pressure_requested": 0.75,
  "resource": "cpu_compute",
  "schema_version": 1,
  "sleep_s": 7.362000899971463,
  "started_wall_time_ns": 1786940577203008900,
  "status": "completed",
  "warmup_active_s": 7.520436099846847,
  "warmup_elapsed_s": 9.971580299999914,
  "warmup_operations": 2849505280,
  "warmup_sleep_s": 2.4262609999786946
}
