{
  "active_fraction": 0.9999213113015986,
  "active_s": 7.506206899866811,
  "allocated_bytes": 1073741824,
  "barrier_used": false,
  "barrier_wait_s": 0.0,
  "capacity_bytes": 1073741824,
  "duty_cycle_s": 0.25,
  "elapsed_s": 7.506797599999118,
  "finished_wall_time_ns": 1786889529707981700,
  "measurement_end_monotonic_ns": 43295460250700,
  "measurement_start_monotonic_ns": 43287953441500,
  "operations": 1614907703296,
  "pid": 33304,
  "planned_measurement_end_monotonic_ns": 43295453441600,
  "planned_measurement_start_monotonic_ns": 43287953438000,
  "pressure_requested": 1.0,
  "resource": "gpu_memory",
  "schema_version": 1,
  "sleep_s": 0.0,
  "started_wall_time_ns": 1786889520401138600,
  "status": "completed",
  "warmup_active_s": 0.0,
  "warmup_elapsed_s": 4.0000013541430235e-06,
  "warmup_operations": 0,
  "warmup_sleep_s": 0.0
}
