{
  "active_fraction": 0.2528678198618459,
  "active_s": 3.9196003998731612,
  "allocated_bytes": 0,
  "barrier_used": false,
  "barrier_wait_s": 0.0,
  "benchmark_environment": {
    "environment": {
      "BLIS_NUM_THREADS": "1",
      "MKL_NUM_THREADS": "1",
      "NUMEXPR_NUM_THREADS": "1",
      "OMP_NUM_THREADS": "1",
      "OPENBLAS_NUM_THREADS": "1",
      "VECLIB_MAXIMUM_THREADS": "1"
    },
    "native_thread_limit": 1,
    "protocol": "native_threads_1_warmup5_duration15_repeats5_cv10_v2"
  },
  "capacity_bytes": 0,
  "duty_cycle_s": 0.25,
  "elapsed_s": 15.500590000003285,
  "finished_wall_time_ns": 1786930533825209000,
  "measurement_end_monotonic_ns": 36998533037700,
  "measurement_start_monotonic_ns": 36983032421300,
  "operations": 985661440,
  "pid": 16820,
  "planned_measurement_end_monotonic_ns": 36998532422700,
  "planned_measurement_start_monotonic_ns": 36983031240700,
  "pressure_requested": 0.25,
  "resource": "cpu_compute",
  "schema_version": 1,
  "sleep_s": 11.544804000026488,
  "started_wall_time_ns": 1786930513316638900,
  "status": "completed",
  "warmup_active_s": 1.2631391998875188,
  "warmup_elapsed_s": 5.001180899998872,
  "warmup_operations": 346554368,
  "warmup_sleep_s": 3.729325100001006
}
