{
  "active_fraction": 0.9998658857124807,
  "active_s": 59.990035399980115,
  "allocated_bytes": 536870912,
  "barrier_used": true,
  "barrier_wait_s": 0.7417099000003873,
  "capacity_bytes": 0,
  "duty_cycle_s": 0.25,
  "elapsed_s": 59.99808200000007,
  "finished_wall_time_ns": 1786853057475556300,
  "measurement_end_monotonic_ns": 6822185365900,
  "measurement_start_monotonic_ns": 6762187271100,
  "operations": 3418793967616,
  "pid": 1644,
  "planned_measurement_end_monotonic_ns": 6822178249400,
  "planned_measurement_start_monotonic_ns": 6762178249400,
  "pressure_requested": 1.0,
  "resource": "memory_bandwidth",
  "schema_version": 1,
  "sleep_s": 0.0,
  "started_wall_time_ns": 1786852976636712900,
  "status": "completed",
  "warmup_active_s": 19.986093299980894,
  "warmup_elapsed_s": 19.98872289999963,
  "warmup_operations": 1158567428096,
  "warmup_sleep_s": 0.0
}
