{
  "active_fraction": 0.06354303029295548,
  "active_s": 0.47659809992910596,
  "allocated_bytes": 0,
  "barrier_used": false,
  "barrier_wait_s": 0.0,
  "capacity_bytes": 0,
  "duty_cycle_s": 0.25,
  "elapsed_s": 7.500399299999117,
  "finished_wall_time_ns": 1786889308776112700,
  "measurement_end_monotonic_ns": 43074527971200,
  "measurement_start_monotonic_ns": 43067027536900,
  "operations": 1166016512,
  "pid": 31520,
  "planned_measurement_end_monotonic_ns": 43074527537000,
  "planned_measurement_start_monotonic_ns": 43067027532800,
  "pressure_requested": 0.0625,
  "resource": "gpu_compute",
  "schema_version": 1,
  "sleep_s": 7.011471499979962,
  "started_wall_time_ns": 1786889299627207800,
  "status": "completed",
  "warmup_active_s": 0.0,
  "warmup_elapsed_s": 4.599998646881431e-06,
  "warmup_operations": 0,
  "warmup_sleep_s": 0.0
}
