{
  "active_fraction": 0.0,
  "active_s": 0.0,
  "allocated_bytes": 0,
  "barrier_used": true,
  "barrier_wait_s": 0.6896851999990758,
  "benchmark_environment": {
    "environment": {
      "BLIS_NUM_THREADS": "1",
      "MKL_NUM_THREADS": "1",
      "NUMEXPR_NUM_THREADS": "1",
      "OMP_NUM_THREADS": "1",
      "OPENBLAS_NUM_THREADS": "1",
      "VECLIB_MAXIMUM_THREADS": "1"
    },
    "native_thread_limit": 1,
    "protocol": "native_threads_1_warmup5_duration15_repeats5_cv10_v2"
  },
  "capacity_bytes": 0,
  "duty_cycle_s": 0.25,
  "elapsed_s": 30.000127899998915,
  "finished_wall_time_ns": 1786941190392955400,
  "measurement_end_monotonic_ns": 47655100879700,
  "measurement_start_monotonic_ns": 47625100728500,
  "operations": 0,
  "pid": 4520,
  "planned_measurement_end_monotonic_ns": 47655100083100,
  "planned_measurement_start_monotonic_ns": 47625100083100,
  "pressure_requested": 0.0,
  "resource": "gpu_memory",
  "schema_version": 1,
  "sleep_s": 29.942151100054616,
  "started_wall_time_ns": 1786941149730455600,
  "status": "completed",
  "warmup_active_s": 0.0,
  "warmup_elapsed_s": 9.967935900000157,
  "warmup_operations": 0,
  "warmup_sleep_s": 9.951464099991426
}
