{
  "active_fraction": 0.5024925495723879,
  "active_s": 15.07488989974081,
  "allocated_bytes": 0,
  "barrier_used": true,
  "barrier_wait_s": 0.7139532000001054,
  "benchmark_environment": {
    "environment": {
      "BLIS_NUM_THREADS": "1",
      "MKL_NUM_THREADS": "1",
      "NUMEXPR_NUM_THREADS": "1",
      "OMP_NUM_THREADS": "1",
      "OPENBLAS_NUM_THREADS": "1",
      "VECLIB_MAXIMUM_THREADS": "1"
    },
    "native_thread_limit": 1,
    "protocol": "native_threads_1_warmup5_duration15_repeats5_cv10_v2"
  },
  "capacity_bytes": 0,
  "duty_cycle_s": 0.25,
  "elapsed_s": 30.000225700001465,
  "finished_wall_time_ns": 1786955246096348500,
  "measurement_end_monotonic_ns": 61710804150000,
  "measurement_start_monotonic_ns": 61680803901800,
  "operations": 4978638848,
  "pid": 20808,
  "planned_measurement_end_monotonic_ns": 61710803606000,
  "planned_measurement_start_monotonic_ns": 61680803606000,
  "pressure_requested": 0.5,
  "resource": "cpu_compute",
  "schema_version": 1,
  "sleep_s": 14.864870700024767,
  "started_wall_time_ns": 1786955205405812500,
  "status": "completed",
  "warmup_active_s": 5.021764100209111,
  "warmup_elapsed_s": 9.969662199997401,
  "warmup_operations": 1720188928,
  "warmup_sleep_s": 4.929535699979169
}
