{
  "active_fraction": 0.0,
  "active_s": 0.0,
  "allocated_bytes": 0,
  "barrier_used": false,
  "barrier_wait_s": 0.0,
  "capacity_bytes": 0,
  "duty_cycle_s": 0.25,
  "elapsed_s": 7.500071800001024,
  "finished_wall_time_ns": 1786889151320164800,
  "measurement_end_monotonic_ns": 42917071972700,
  "measurement_start_monotonic_ns": 42909571883900,
  "operations": 0,
  "pid": 32264,
  "planned_measurement_end_monotonic_ns": 42917071884000,
  "planned_measurement_start_monotonic_ns": 42909571880800,
  "pressure_requested": 0.0,
  "resource": "memory_bandwidth",
  "schema_version": 1,
  "sleep_s": 7.485784999989846,
  "started_wall_time_ns": 1786889143813806300,
  "status": "completed",
  "warmup_active_s": 0.0,
  "warmup_elapsed_s": 3.3999967854470015e-06,
  "warmup_operations": 0,
  "warmup_sleep_s": 0.0
}
