{
  "active_fraction": 0.0,
  "active_s": 0.0,
  "allocated_bytes": 0,
  "barrier_used": true,
  "barrier_wait_s": 0.7623653999980888,
  "benchmark_environment": {
    "environment": {
      "BLIS_NUM_THREADS": "1",
      "MKL_NUM_THREADS": "1",
      "NUMEXPR_NUM_THREADS": "1",
      "OMP_NUM_THREADS": "1",
      "OPENBLAS_NUM_THREADS": "1",
      "VECLIB_MAXIMUM_THREADS": "1"
    },
    "native_thread_limit": 1,
    "protocol": "native_threads_1_warmup5_duration15_repeats5_cv10_v2"
  },
  "capacity_bytes": 0,
  "duty_cycle_s": 0.25,
  "elapsed_s": 29.999326099998143,
  "finished_wall_time_ns": 1786948134057134100,
  "measurement_end_monotonic_ns": 54598765048900,
  "measurement_start_monotonic_ns": 54568765698800,
  "operations": 0,
  "pid": 21760,
  "planned_measurement_end_monotonic_ns": 54598764741400,
  "planned_measurement_start_monotonic_ns": 54568764741400,
  "pressure_requested": 0.0,
  "resource": "memory_bandwidth",
  "schema_version": 1,
  "sleep_s": 29.936863499962783,
  "started_wall_time_ns": 1786948093323378900,
  "status": "completed",
  "warmup_active_s": 0.0,
  "warmup_elapsed_s": 9.966673700000683,
  "warmup_operations": 0,
  "warmup_sleep_s": 9.94797340000514
}
