{
  "active_fraction": 0.26356593503001485,
  "active_s": 4.085480499976256,
  "allocated_bytes": 536870912,
  "barrier_used": false,
  "barrier_wait_s": 0.0,
  "benchmark_environment": {
    "environment": {
      "BLIS_NUM_THREADS": "1",
      "MKL_NUM_THREADS": "1",
      "NUMEXPR_NUM_THREADS": "1",
      "OMP_NUM_THREADS": "1",
      "OPENBLAS_NUM_THREADS": "1",
      "VECLIB_MAXIMUM_THREADS": "1"
    },
    "native_thread_limit": 1,
    "protocol": "native_threads_1_warmup5_duration15_repeats5_cv10_v2"
  },
  "capacity_bytes": 0,
  "duty_cycle_s": 0.25,
  "elapsed_s": 15.500791099999333,
  "finished_wall_time_ns": 1786931039026224800,
  "measurement_end_monotonic_ns": 37503734045200,
  "measurement_start_monotonic_ns": 37488233226500,
  "operations": 267361714176,
  "pid": 29676,
  "planned_measurement_end_monotonic_ns": 37503733227100,
  "planned_measurement_start_monotonic_ns": 37488232909400,
  "pressure_requested": 0.25,
  "resource": "memory_bandwidth",
  "schema_version": 1,
  "sleep_s": 11.359030899970094,
  "started_wall_time_ns": 1786931018437734300,
  "status": "completed",
  "warmup_active_s": 1.3106584000051953,
  "warmup_elapsed_s": 5.000317400001222,
  "warmup_operations": 85899345920,
  "warmup_sleep_s": 3.6813503000012133
}
