{
  "active_fraction": 0.20129908591124168,
  "active_s": 6.038920299964957,
  "allocated_bytes": 0,
  "barrier_used": true,
  "barrier_wait_s": 0.07293480000225827,
  "benchmark_environment": {
    "environment": {
      "BLIS_NUM_THREADS": "1",
      "MKL_NUM_THREADS": "1",
      "NUMEXPR_NUM_THREADS": "1",
      "OMP_NUM_THREADS": "1",
      "OPENBLAS_NUM_THREADS": "1",
      "VECLIB_MAXIMUM_THREADS": "1"
    },
    "native_thread_limit": 1,
    "protocol": "native_threads_1_warmup5_duration15_repeats5_cv10_v2"
  },
  "capacity_bytes": 0,
  "duty_cycle_s": 0.25,
  "elapsed_s": 29.999740300001577,
  "finished_wall_time_ns": 1786949871771179300,
  "measurement_end_monotonic_ns": 56336479164800,
  "measurement_start_monotonic_ns": 56306479380600,
  "operations": 1584398336,
  "pid": 16804,
  "planned_measurement_end_monotonic_ns": 56336478416100,
  "planned_measurement_start_monotonic_ns": 56306478416100,
  "pressure_requested": 0.1875,
  "resource": "gpu_compute",
  "schema_version": 1,
  "sleep_s": 23.89794389994495,
  "started_wall_time_ns": 1786949830149302000,
  "status": "completed",
  "warmup_active_s": 1.8838749999267748,
  "warmup_elapsed_s": 9.971080499999516,
  "warmup_operations": 4016046080,
  "warmup_sleep_s": 8.0695921999868
}
