{
  "active_fraction": 0.0,
  "active_s": 0.0,
  "allocated_bytes": 0,
  "barrier_used": false,
  "barrier_wait_s": 0.0,
  "capacity_bytes": 0,
  "duty_cycle_s": 0.25,
  "elapsed_s": 6.500887500005774,
  "finished_wall_time_ns": 1786890875574687500,
  "measurement_end_monotonic_ns": 44641326578600,
  "measurement_start_monotonic_ns": 44634825657400,
  "operations": 0,
  "pid": 2392,
  "planned_measurement_end_monotonic_ns": 44641325657600,
  "planned_measurement_start_monotonic_ns": 44634825443000,
  "pressure_requested": 0.0,
  "resource": "memory_bandwidth",
  "schema_version": 1,
  "sleep_s": 6.48729469999671,
  "started_wall_time_ns": 1786890868067325800,
  "status": "completed",
  "warmup_active_s": 0.0,
  "warmup_elapsed_s": 1.0002146999977413,
  "warmup_operations": 0,
  "warmup_sleep_s": 0.9984599000090384
}
