{
  "active_fraction": 0.5024716128644023,
  "active_s": 15.074242800350476,
  "allocated_bytes": 0,
  "barrier_used": true,
  "barrier_wait_s": 0.72115450000274,
  "benchmark_environment": {
    "environment": {
      "BLIS_NUM_THREADS": "1",
      "MKL_NUM_THREADS": "1",
      "NUMEXPR_NUM_THREADS": "1",
      "OMP_NUM_THREADS": "1",
      "OPENBLAS_NUM_THREADS": "1",
      "VECLIB_MAXIMUM_THREADS": "1"
    },
    "native_thread_limit": 1,
    "protocol": "native_threads_1_warmup5_duration15_repeats5_cv10_v2"
  },
  "capacity_bytes": 0,
  "duty_cycle_s": 0.25,
  "elapsed_s": 30.000187900004676,
  "finished_wall_time_ns": 1786935540796914900,
  "measurement_end_monotonic_ns": 42005504839400,
  "measurement_start_monotonic_ns": 41975504606500,
  "operations": 5033164800,
  "pid": 13604,
  "planned_measurement_end_monotonic_ns": 42005504376300,
  "planned_measurement_start_monotonic_ns": 41975504376300,
  "pressure_requested": 0.5,
  "resource": "cpu_compute",
  "schema_version": 1,
  "sleep_s": 14.86556009999913,
  "started_wall_time_ns": 1786935500083305200,
  "status": "completed",
  "warmup_active_s": 5.028155400126707,
  "warmup_elapsed_s": 9.986354599997867,
  "warmup_operations": 1688207360,
  "warmup_sleep_s": 4.936171700021077
}
