{
  "active_fraction": 0.7523898823167717,
  "active_s": 22.57188720033446,
  "allocated_bytes": 0,
  "barrier_used": true,
  "barrier_wait_s": 0.6947361999991699,
  "benchmark_environment": {
    "environment": {
      "BLIS_NUM_THREADS": "1",
      "MKL_NUM_THREADS": "1",
      "NUMEXPR_NUM_THREADS": "1",
      "OMP_NUM_THREADS": "1",
      "OPENBLAS_NUM_THREADS": "1",
      "VECLIB_MAXIMUM_THREADS": "1"
    },
    "native_thread_limit": 1,
    "protocol": "native_threads_1_warmup5_duration15_repeats5_cv10_v2"
  },
  "capacity_bytes": 0,
  "duty_cycle_s": 0.25,
  "elapsed_s": 30.00025349999487,
  "finished_wall_time_ns": 1786948969881919500,
  "measurement_end_monotonic_ns": 55434589665700,
  "measurement_start_monotonic_ns": 55404589405400,
  "operations": 8112308224,
  "pid": 15968,
  "planned_measurement_end_monotonic_ns": 55434589184100,
  "planned_measurement_start_monotonic_ns": 55404589184100,
  "pressure_requested": 0.75,
  "resource": "cpu_compute",
  "schema_version": 1,
  "sleep_s": 7.366086899972288,
  "started_wall_time_ns": 1786948929202721100,
  "status": "completed",
  "warmup_active_s": 7.5193616994147305,
  "warmup_elapsed_s": 9.977425000004587,
  "warmup_operations": 2887778304,
  "warmup_sleep_s": 2.4399210999763454
}
