{
  "active_fraction": 0.0,
  "active_s": 0.0,
  "allocated_bytes": 0,
  "barrier_used": true,
  "barrier_wait_s": 0.7109314000044833,
  "benchmark_environment": {
    "environment": {
      "BLIS_NUM_THREADS": "1",
      "MKL_NUM_THREADS": "1",
      "NUMEXPR_NUM_THREADS": "1",
      "OMP_NUM_THREADS": "1",
      "OPENBLAS_NUM_THREADS": "1",
      "VECLIB_MAXIMUM_THREADS": "1"
    },
    "native_thread_limit": 1,
    "protocol": "native_threads_1_warmup5_duration15_repeats5_cv10_v2"
  },
  "capacity_bytes": 0,
  "duty_cycle_s": 0.25,
  "elapsed_s": 30.00003419999848,
  "finished_wall_time_ns": 1786951187378657200,
  "measurement_end_monotonic_ns": 57652086984800,
  "measurement_start_monotonic_ns": 57622086927800,
  "operations": 0,
  "pid": 5812,
  "planned_measurement_end_monotonic_ns": 57652085731100,
  "planned_measurement_start_monotonic_ns": 57622085731100,
  "pressure_requested": 0.0,
  "resource": "gpu_memory",
  "schema_version": 1,
  "sleep_s": 29.93900789998588,
  "started_wall_time_ns": 1786951146681458200,
  "status": "completed",
  "warmup_active_s": 0.0,
  "warmup_elapsed_s": 9.981643700004497,
  "warmup_operations": 0,
  "warmup_sleep_s": 9.96194499998819
}
