{
  "active_fraction": 0.9997502252727077,
  "active_s": 29.992335001094034,
  "allocated_bytes": 0,
  "barrier_used": true,
  "barrier_wait_s": 1.2529421000217553,
  "benchmark_environment": {
    "environment": {
      "BLIS_NUM_THREADS": "1",
      "MKL_NUM_THREADS": "1",
      "NUMEXPR_NUM_THREADS": "1",
      "OMP_NUM_THREADS": "1",
      "OPENBLAS_NUM_THREADS": "1",
      "VECLIB_MAXIMUM_THREADS": "1"
    },
    "native_thread_limit": 1,
    "protocol": "native_threads_1_warmup5_duration15_repeats5_cv10_v2"
  },
  "capacity_bytes": 0,
  "cpu_workers": 64,
  "duty_cycle_s": 0.25,
  "elapsed_s": 29.999828200001502,
  "finished_wall_time_ns": 1787048398008926900,
  "gpu_matrix_size": 1024,
  "gpu_memory_max_mib": 1024,
  "measurement_end_monotonic_ns": 154865011094600,
  "measurement_start_monotonic_ns": 154835011255800,
  "memory_buffer_mib": 64,
  "operations": 20635975680,
  "pid": 38344,
  "planned_measurement_end_monotonic_ns": 154865008765400,
  "planned_measurement_start_monotonic_ns": 154835008765400,
  "pressure_requested": 1.0,
  "resource": "cpu_compute",
  "schema_version": 1,
  "sleep_s": 0.0,
  "started_wall_time_ns": 1787048356766491000,
  "status": "completed",
  "warmup_active_s": 9.971764999325387,
  "warmup_elapsed_s": 9.974270300008357,
  "warmup_operations": 7923040256,
  "warmup_sleep_s": 0.0
}
