{
  "active_fraction": 0.9997452146631197,
  "active_s": 29.995262999174884,
  "allocated_bytes": 0,
  "barrier_used": true,
  "barrier_wait_s": 1.3370666000118945,
  "benchmark_environment": {
    "environment": {
      "BLIS_NUM_THREADS": "1",
      "MKL_NUM_THREADS": "1",
      "NUMEXPR_NUM_THREADS": "1",
      "OMP_NUM_THREADS": "1",
      "OPENBLAS_NUM_THREADS": "1",
      "VECLIB_MAXIMUM_THREADS": "1"
    },
    "native_thread_limit": 1,
    "protocol": "native_threads_1_warmup5_duration15_repeats5_cv10_v2"
  },
  "capacity_bytes": 0,
  "cpu_workers": 64,
  "duty_cycle_s": 0.25,
  "elapsed_s": 30.002907300018705,
  "finished_wall_time_ns": 1787048725423871700,
  "gpu_matrix_size": 1024,
  "gpu_memory_max_mib": 1024,
  "measurement_end_monotonic_ns": 155192426408500,
  "measurement_start_monotonic_ns": 155162423487000,
  "memory_buffer_mib": 64,
  "operations": 19620954112,
  "pid": 20716,
  "planned_measurement_end_monotonic_ns": 155192421099000,
  "planned_measurement_start_monotonic_ns": 155162421099000,
  "pressure_requested": 1.0,
  "resource": "cpu_compute",
  "schema_version": 1,
  "sleep_s": 0.0,
  "started_wall_time_ns": 1787048684092184500,
  "status": "completed",
  "warmup_active_s": 9.974370101408567,
  "warmup_elapsed_s": 9.9769347999827,
  "warmup_operations": 7583301632,
  "warmup_sleep_s": 0.0
}
