{
  "active_fraction": 0.5180779384399397,
  "active_s": 15.542217700080073,
  "allocated_bytes": 536870912,
  "barrier_used": true,
  "barrier_wait_s": 0.6040682000020752,
  "benchmark_environment": {
    "environment": {
      "BLIS_NUM_THREADS": "1",
      "MKL_NUM_THREADS": "1",
      "NUMEXPR_NUM_THREADS": "1",
      "OMP_NUM_THREADS": "1",
      "OPENBLAS_NUM_THREADS": "1",
      "VECLIB_MAXIMUM_THREADS": "1"
    },
    "native_thread_limit": 1,
    "protocol": "native_threads_1_warmup5_duration15_repeats5_cv10_v2"
  },
  "capacity_bytes": 0,
  "duty_cycle_s": 0.25,
  "elapsed_s": 29.999767500004964,
  "finished_wall_time_ns": 1786937263870156900,
  "measurement_end_monotonic_ns": 43728578017600,
  "measurement_start_monotonic_ns": 43698578222200,
  "operations": 1030792151040,
  "pid": 3788,
  "planned_measurement_end_monotonic_ns": 43728577408600,
  "planned_measurement_start_monotonic_ns": 43698577408600,
  "pressure_requested": 0.5,
  "resource": "memory_bandwidth",
  "schema_version": 1,
  "sleep_s": 14.391182299965294,
  "started_wall_time_ns": 1786937223197835400,
  "status": "completed",
  "warmup_active_s": 5.227606899992679,
  "warmup_elapsed_s": 9.978907299999264,
  "warmup_operations": 344671125504,
  "warmup_sleep_s": 4.732501299986325
}
