{
  "active_fraction": 0.502411310209566,
  "active_s": 15.072140200682043,
  "allocated_bytes": 0,
  "barrier_used": true,
  "barrier_wait_s": 0.6734285999991698,
  "benchmark_environment": {
    "environment": {
      "BLIS_NUM_THREADS": "1",
      "MKL_NUM_THREADS": "1",
      "NUMEXPR_NUM_THREADS": "1",
      "OMP_NUM_THREADS": "1",
      "OPENBLAS_NUM_THREADS": "1",
      "VECLIB_MAXIMUM_THREADS": "1"
    },
    "native_thread_limit": 1,
    "protocol": "native_threads_1_warmup5_duration15_repeats5_cv10_v2"
  },
  "capacity_bytes": 0,
  "duty_cycle_s": 0.25,
  "elapsed_s": 29.999603699994623,
  "finished_wall_time_ns": 1786951291898437100,
  "measurement_end_monotonic_ns": 57756606360900,
  "measurement_start_monotonic_ns": 57726606738100,
  "operations": 5005377536,
  "pid": 17524,
  "planned_measurement_end_monotonic_ns": 57756605992000,
  "planned_measurement_start_monotonic_ns": 57726605992000,
  "pressure_requested": 0.5,
  "resource": "cpu_compute",
  "schema_version": 1,
  "sleep_s": 14.868377600003441,
  "started_wall_time_ns": 1786951251243311800,
  "status": "completed",
  "warmup_active_s": 5.02516190076858,
  "warmup_elapsed_s": 9.975521500004106,
  "warmup_operations": 1747976192,
  "warmup_sleep_s": 4.928632299983292
}
