{
  "active_fraction": 0.0,
  "active_s": 0.0,
  "allocated_bytes": 0,
  "barrier_used": true,
  "barrier_wait_s": 0.6983175999994273,
  "capacity_bytes": 0,
  "duty_cycle_s": 0.25,
  "elapsed_s": 59.999220499998046,
  "finished_wall_time_ns": 1786863749886161400,
  "measurement_end_monotonic_ns": 17514595864300,
  "measurement_start_monotonic_ns": 17454596621000,
  "operations": 0,
  "pid": 28012,
  "planned_measurement_end_monotonic_ns": 17514595553200,
  "planned_measurement_start_monotonic_ns": 17454595553200,
  "pressure_requested": 0.0,
  "resource": "gpu_compute",
  "schema_version": 1,
  "sleep_s": 59.88781500002369,
  "started_wall_time_ns": 1786863669207160000,
  "status": "completed",
  "warmup_active_s": 0.0,
  "warmup_elapsed_s": 19.97613840000122,
  "warmup_operations": 0,
  "warmup_sleep_s": 19.938082799999393
}
