{
  "active_fraction": 0.25709412175418495,
  "active_s": 7.712543599998753,
  "allocated_bytes": 268435456,
  "barrier_used": true,
  "barrier_wait_s": 0.07375940000201808,
  "benchmark_environment": {
    "environment": {
      "BLIS_NUM_THREADS": "1",
      "MKL_NUM_THREADS": "1",
      "NUMEXPR_NUM_THREADS": "1",
      "OMP_NUM_THREADS": "1",
      "OPENBLAS_NUM_THREADS": "1",
      "VECLIB_MAXIMUM_THREADS": "1"
    },
    "native_thread_limit": 1,
    "protocol": "native_threads_1_warmup5_duration15_repeats5_cv10_v2"
  },
  "capacity_bytes": 1073741824,
  "duty_cycle_s": 0.25,
  "elapsed_s": 29.998910700000124,
  "finished_wall_time_ns": 1786938520310185700,
  "measurement_end_monotonic_ns": 44985018067700,
  "measurement_start_monotonic_ns": 44955019115400,
  "operations": 1007169830912,
  "pid": 14048,
  "planned_measurement_end_monotonic_ns": 44985017818700,
  "planned_measurement_start_monotonic_ns": 44955017818700,
  "pressure_requested": 0.25,
  "resource": "gpu_memory",
  "schema_version": 1,
  "sleep_s": 22.23291060001793,
  "started_wall_time_ns": 1786938478676623200,
  "status": "completed",
  "warmup_active_s": 2.5605011001971434,
  "warmup_elapsed_s": 9.968539599998621,
  "warmup_operations": 516469817344,
  "warmup_sleep_s": 7.3897095999491285
}
