{
  "active_fraction": 0.259777195161974,
  "active_s": 7.7933330001542345,
  "allocated_bytes": 268435456,
  "barrier_used": true,
  "barrier_wait_s": 0.11267139999836218,
  "benchmark_environment": {
    "environment": {
      "BLIS_NUM_THREADS": "1",
      "MKL_NUM_THREADS": "1",
      "NUMEXPR_NUM_THREADS": "1",
      "OMP_NUM_THREADS": "1",
      "OPENBLAS_NUM_THREADS": "1",
      "VECLIB_MAXIMUM_THREADS": "1"
    },
    "native_thread_limit": 1,
    "protocol": "native_threads_1_warmup5_duration15_repeats5_cv10_v2"
  },
  "capacity_bytes": 1073741824,
  "duty_cycle_s": 0.25,
  "elapsed_s": 30.000066000000515,
  "finished_wall_time_ns": 1786943815335052600,
  "measurement_end_monotonic_ns": 50280043001000,
  "measurement_start_monotonic_ns": 50250042889300,
  "operations": 1040992698368,
  "pid": 7912,
  "planned_measurement_end_monotonic_ns": 50280042722000,
  "planned_measurement_start_monotonic_ns": 50250042722000,
  "pressure_requested": 0.25,
  "resource": "gpu_memory",
  "schema_version": 1,
  "sleep_s": 22.15658400002576,
  "started_wall_time_ns": 1786943773618104700,
  "status": "completed",
  "warmup_active_s": 2.5605322000337765,
  "warmup_elapsed_s": 9.964772100000118,
  "warmup_operations": 512174850048,
  "warmup_sleep_s": 7.386756699997932
}
