{
  "active_fraction": 0.5027241161446524,
  "active_s": 15.081809500436066,
  "allocated_bytes": 0,
  "barrier_used": true,
  "barrier_wait_s": 0.6722344000008889,
  "benchmark_environment": {
    "environment": {
      "BLIS_NUM_THREADS": "1",
      "MKL_NUM_THREADS": "1",
      "NUMEXPR_NUM_THREADS": "1",
      "OMP_NUM_THREADS": "1",
      "OPENBLAS_NUM_THREADS": "1",
      "VECLIB_MAXIMUM_THREADS": "1"
    },
    "native_thread_limit": 1,
    "protocol": "native_threads_1_warmup5_duration15_repeats5_cv10_v2"
  },
  "capacity_bytes": 0,
  "duty_cycle_s": 0.25,
  "elapsed_s": 30.000171100000443,
  "finished_wall_time_ns": 1786952714880956700,
  "measurement_end_monotonic_ns": 59179588795800,
  "measurement_start_monotonic_ns": 59149588602800,
  "operations": 4957667328,
  "pid": 29680,
  "planned_measurement_end_monotonic_ns": 59179588117900,
  "planned_measurement_start_monotonic_ns": 59149588117900,
  "pressure_requested": 0.5,
  "resource": "cpu_compute",
  "schema_version": 1,
  "sleep_s": 14.858255600011034,
  "started_wall_time_ns": 1786952674225124900,
  "status": "completed",
  "warmup_active_s": 5.023928299691761,
  "warmup_elapsed_s": 9.975004200001422,
  "warmup_operations": 1791492096,
  "warmup_sleep_s": 4.932196900001145
}
