{
  "active_fraction": 0.9994530128916647,
  "active_s": 15.492252399912104,
  "allocated_bytes": 0,
  "barrier_used": false,
  "barrier_wait_s": 0.0,
  "benchmark_environment": {
    "environment": {
      "BLIS_NUM_THREADS": "1",
      "MKL_NUM_THREADS": "1",
      "NUMEXPR_NUM_THREADS": "1",
      "OMP_NUM_THREADS": "1",
      "OPENBLAS_NUM_THREADS": "1",
      "VECLIB_MAXIMUM_THREADS": "1"
    },
    "native_thread_limit": 1,
    "protocol": "native_threads_1_warmup5_duration15_repeats5_cv10_v2"
  },
  "capacity_bytes": 0,
  "duty_cycle_s": 0.25,
  "elapsed_s": 15.500731099993573,
  "finished_wall_time_ns": 1786930828440945600,
  "measurement_end_monotonic_ns": 37293149225200,
  "measurement_start_monotonic_ns": 37277648484700,
  "operations": 7549222912,
  "pid": 9520,
  "planned_measurement_end_monotonic_ns": 37293148484900,
  "planned_measurement_start_monotonic_ns": 37277648030500,
  "pressure_requested": 1.0,
  "resource": "cpu_compute",
  "schema_version": 1,
  "sleep_s": 0.0,
  "started_wall_time_ns": 1786930807933742100,
  "status": "completed",
  "warmup_active_s": 4.997872600237315,
  "warmup_elapsed_s": 5.000454500004707,
  "warmup_operations": 2444754944,
  "warmup_sleep_s": 0.0
}
