{
  "active_fraction": 0.14263119093755386,
  "active_s": 4.278845299952081,
  "allocated_bytes": 0,
  "barrier_used": true,
  "barrier_wait_s": 0.08986379999987548,
  "benchmark_environment": {
    "environment": {
      "BLIS_NUM_THREADS": "1",
      "MKL_NUM_THREADS": "1",
      "NUMEXPR_NUM_THREADS": "1",
      "OMP_NUM_THREADS": "1",
      "OPENBLAS_NUM_THREADS": "1",
      "VECLIB_MAXIMUM_THREADS": "1"
    },
    "native_thread_limit": 1,
    "protocol": "native_threads_1_warmup5_duration15_repeats5_cv10_v2"
  },
  "capacity_bytes": 0,
  "duty_cycle_s": 0.25,
  "elapsed_s": 29.999366000003647,
  "finished_wall_time_ns": 1786943868050892100,
  "measurement_end_monotonic_ns": 50332758732100,
  "measurement_start_monotonic_ns": 50302759336200,
  "operations": 1064304640,
  "pid": 14964,
  "planned_measurement_end_monotonic_ns": 50332758044000,
  "planned_measurement_start_monotonic_ns": 50302758044000,
  "pressure_requested": 0.125,
  "resource": "gpu_compute",
  "schema_version": 1,
  "sleep_s": 25.658236600007513,
  "started_wall_time_ns": 1786943826400650400,
  "status": "completed",
  "warmup_active_s": 1.2614292999060126,
  "warmup_elapsed_s": 9.968632599993725,
  "warmup_operations": 2478833664,
  "warmup_sleep_s": 8.688767100000405
}
