{
  "active_fraction": 0.26127520063848375,
  "active_s": 15.676467699908244,
  "allocated_bytes": 268435456,
  "barrier_used": true,
  "barrier_wait_s": 0.08364040000014938,
  "capacity_bytes": 1073741824,
  "duty_cycle_s": 0.25,
  "elapsed_s": 59.99983030000294,
  "finished_wall_time_ns": 1786867265645354600,
  "measurement_end_monotonic_ns": 21030355248300,
  "measurement_start_monotonic_ns": 20970355388300,
  "operations": 1924682219520,
  "pid": 24720,
  "planned_measurement_end_monotonic_ns": 21030354758300,
  "planned_measurement_start_monotonic_ns": 20970354758300,
  "pressure_requested": 0.25,
  "resource": "gpu_memory",
  "schema_version": 1,
  "sleep_s": 44.21963099995992,
  "started_wall_time_ns": 1786867183946645100,
  "status": "completed",
  "warmup_active_s": 5.128778299967962,
  "warmup_elapsed_s": 19.984630599999946,
  "warmup_operations": 907848712192,
  "warmup_sleep_s": 14.818882099993061
}
