{
  "active_fraction": 0.06564807173265372,
  "active_s": 1.0175664999978835,
  "allocated_bytes": 0,
  "barrier_used": false,
  "barrier_wait_s": 0.0,
  "benchmark_environment": {
    "environment": {
      "BLIS_NUM_THREADS": "1",
      "MKL_NUM_THREADS": "1",
      "NUMEXPR_NUM_THREADS": "1",
      "OMP_NUM_THREADS": "1",
      "OPENBLAS_NUM_THREADS": "1",
      "VECLIB_MAXIMUM_THREADS": "1"
    },
    "native_thread_limit": 1,
    "protocol": "native_threads_1_warmup5_duration15_repeats5_v1"
  },
  "capacity_bytes": 0,
  "duty_cycle_s": 0.25,
  "elapsed_s": 15.5003257999997,
  "finished_wall_time_ns": 1786899561062957500,
  "measurement_end_monotonic_ns": 6025770949200,
  "measurement_start_monotonic_ns": 6010270594200,
  "operations": 617611264,
  "pid": 28444,
  "planned_measurement_end_monotonic_ns": 6025770594400,
  "planned_measurement_start_monotonic_ns": 6010270074200,
  "pressure_requested": 0.0625,
  "resource": "gpu_compute",
  "schema_version": 1,
  "sleep_s": 14.450591799999529,
  "started_wall_time_ns": 1786899539099066000,
  "status": "completed",
  "warmup_active_s": 0.3173655000036888,
  "warmup_elapsed_s": 5.000520600000527,
  "warmup_operations": 761266176,
  "warmup_sleep_s": 4.674702999999681
}
