{
  "active_fraction": 0.5155942899735165,
  "active_s": 3.867240700099501,
  "allocated_bytes": 0,
  "barrier_used": false,
  "barrier_wait_s": 0.0,
  "capacity_bytes": 0,
  "duty_cycle_s": 0.25,
  "elapsed_s": 7.500549899996258,
  "finished_wall_time_ns": 1786889095043944800,
  "measurement_end_monotonic_ns": 42860795769200,
  "measurement_start_monotonic_ns": 42853295200000,
  "operations": 273154048,
  "pid": 13260,
  "planned_measurement_end_monotonic_ns": 42860795200100,
  "planned_measurement_start_monotonic_ns": 42853295196900,
  "pressure_requested": 0.5,
  "resource": "cpu_compute",
  "schema_version": 1,
  "sleep_s": 3.614748000007239,
  "started_wall_time_ns": 1786889087535894800,
  "status": "completed",
  "warmup_active_s": 0.0,
  "warmup_elapsed_s": 3.4999975468963385e-06,
  "warmup_operations": 0,
  "warmup_sleep_s": 0.0
}
