{
  "active_fraction": 0.0,
  "active_s": 0.0,
  "allocated_bytes": 0,
  "barrier_used": false,
  "barrier_wait_s": 0.0,
  "capacity_bytes": 0,
  "duty_cycle_s": 0.25,
  "elapsed_s": 7.500771099999838,
  "finished_wall_time_ns": 1786889423601034200,
  "measurement_end_monotonic_ns": 43189353171500,
  "measurement_start_monotonic_ns": 43181852392200,
  "operations": 0,
  "pid": 7764,
  "planned_measurement_end_monotonic_ns": 43189352392300,
  "planned_measurement_start_monotonic_ns": 43181852389300,
  "pressure_requested": 0.0,
  "resource": "gpu_memory",
  "schema_version": 1,
  "sleep_s": 7.4862113000272075,
  "started_wall_time_ns": 1786889416093519300,
  "status": "completed",
  "warmup_active_s": 0.0,
  "warmup_elapsed_s": 3.2000025385059416e-06,
  "warmup_operations": 0,
  "warmup_sleep_s": 0.0
}
