{
  "active_fraction": 0.9999437982411471,
  "active_s": 7.50290559980931,
  "allocated_bytes": 1073741824,
  "barrier_used": false,
  "barrier_wait_s": 0.0,
  "capacity_bytes": 1073741824,
  "duty_cycle_s": 0.25,
  "elapsed_s": 7.503327300000819,
  "finished_wall_time_ns": 1786889539505180400,
  "measurement_end_monotonic_ns": 43305257014200,
  "measurement_start_monotonic_ns": 43297753677700,
  "operations": 1604170285056,
  "pid": 22768,
  "planned_measurement_end_monotonic_ns": 43305253678000,
  "planned_measurement_start_monotonic_ns": 43297753673600,
  "pressure_requested": 1.0,
  "resource": "gpu_memory",
  "schema_version": 1,
  "sleep_s": 0.0,
  "started_wall_time_ns": 1786889530372507500,
  "status": "completed",
  "warmup_active_s": 0.0,
  "warmup_elapsed_s": 4.599998646881431e-06,
  "warmup_operations": 0,
  "warmup_sleep_s": 0.0
}
