{
  "active_fraction": 0.5120667726659849,
  "active_s": 30.72392529976787,
  "allocated_bytes": 0,
  "barrier_used": true,
  "barrier_wait_s": 0.67773480003234,
  "capacity_bytes": 0,
  "duty_cycle_s": 0.25,
  "elapsed_s": 59.99984169995878,
  "finished_wall_time_ns": 1786812874096045100,
  "measurement_end_monotonic_ns": 282467461815700,
  "measurement_start_monotonic_ns": 282407461919400,
  "operations": 2033713152,
  "pid": 38192,
  "planned_measurement_end_monotonic_ns": 282467461155600,
  "planned_measurement_start_monotonic_ns": 282407461155600,
  "pressure_requested": 0.5,
  "resource": "cpu_compute",
  "schema_version": 1,
  "sleep_s": 29.158995899604633,
  "started_wall_time_ns": 1786812793428375100,
  "status": "completed",
  "warmup_active_s": 10.281101099040825,
  "warmup_elapsed_s": 19.983808700053487,
  "warmup_operations": 659030016,
  "warmup_sleep_s": 9.664620699943043
}
