{
  "active_fraction": 0.5085137233213929,
  "active_s": 30.51065619997098,
  "allocated_bytes": 0,
  "barrier_used": true,
  "barrier_wait_s": 0.7579580999999962,
  "capacity_bytes": 0,
  "duty_cycle_s": 0.25,
  "elapsed_s": 59.999671199999284,
  "finished_wall_time_ns": 1786852955400902100,
  "measurement_end_monotonic_ns": 6720110582200,
  "measurement_start_monotonic_ns": 6660110888500,
  "operations": 3662675968,
  "pid": 6560,
  "planned_measurement_end_monotonic_ns": 6720110318200,
  "planned_measurement_start_monotonic_ns": 6660110318200,
  "pressure_requested": 0.5,
  "resource": "cpu_compute",
  "schema_version": 1,
  "sleep_s": 29.39031029999751,
  "started_wall_time_ns": 1786852874654047200,
  "status": "completed",
  "warmup_active_s": 10.18004629997813,
  "warmup_elapsed_s": 19.982595200000105,
  "warmup_operations": 1186463744,
  "warmup_sleep_s": 9.769941099997595
}
