{
  "active_fraction": 0.26123666051476807,
  "active_s": 7.837005300018063,
  "allocated_bytes": 536870912,
  "barrier_used": true,
  "barrier_wait_s": 0.624846400001843,
  "benchmark_environment": {
    "environment": {
      "BLIS_NUM_THREADS": "1",
      "MKL_NUM_THREADS": "1",
      "NUMEXPR_NUM_THREADS": "1",
      "OMP_NUM_THREADS": "1",
      "OPENBLAS_NUM_THREADS": "1",
      "VECLIB_MAXIMUM_THREADS": "1"
    },
    "native_thread_limit": 1,
    "protocol": "native_threads_1_warmup5_duration15_repeats5_cv10_v2"
  },
  "capacity_bytes": 0,
  "duty_cycle_s": 0.25,
  "elapsed_s": 29.99963819999539,
  "finished_wall_time_ns": 1786944659963721700,
  "measurement_end_monotonic_ns": 51124671537200,
  "measurement_start_monotonic_ns": 51094671880100,
  "operations": 517543559168,
  "pid": 28192,
  "planned_measurement_end_monotonic_ns": 51124671221100,
  "planned_measurement_start_monotonic_ns": 51094671221100,
  "pressure_requested": 0.25,
  "resource": "memory_bandwidth",
  "schema_version": 1,
  "sleep_s": 22.10234899999341,
  "started_wall_time_ns": 1786944619284617700,
  "status": "completed",
  "warmup_active_s": 2.5993667999937315,
  "warmup_elapsed_s": 9.966726900005597,
  "warmup_operations": 172872433664,
  "warmup_sleep_s": 7.34535150002921
}
