{
  "active_fraction": 0.0,
  "active_s": 0.0,
  "allocated_bytes": 0,
  "barrier_used": true,
  "barrier_wait_s": 0.7500367000029655,
  "benchmark_environment": {
    "environment": {
      "BLIS_NUM_THREADS": "1",
      "MKL_NUM_THREADS": "1",
      "NUMEXPR_NUM_THREADS": "1",
      "OMP_NUM_THREADS": "1",
      "OPENBLAS_NUM_THREADS": "1",
      "VECLIB_MAXIMUM_THREADS": "1"
    },
    "native_thread_limit": 1,
    "protocol": "native_threads_1_warmup5_duration15_repeats5_cv10_v2"
  },
  "capacity_bytes": 0,
  "duty_cycle_s": 0.25,
  "elapsed_s": 29.999991299999238,
  "finished_wall_time_ns": 1786944180501369500,
  "measurement_end_monotonic_ns": 50645209306200,
  "measurement_start_monotonic_ns": 50615209289600,
  "operations": 0,
  "pid": 16456,
  "planned_measurement_end_monotonic_ns": 50645208951400,
  "planned_measurement_start_monotonic_ns": 50615208951400,
  "pressure_requested": 0.0,
  "resource": "gpu_compute",
  "schema_version": 1,
  "sleep_s": 29.94234449997748,
  "started_wall_time_ns": 1786944139784498700,
  "status": "completed",
  "warmup_active_s": 0.0,
  "warmup_elapsed_s": 9.962347300002875,
  "warmup_operations": 0,
  "warmup_sleep_s": 9.941109500017774
}
