{
  "active_fraction": 0.0,
  "active_s": 0.0,
  "allocated_bytes": 0,
  "barrier_used": false,
  "barrier_wait_s": 0.0,
  "benchmark_environment": {
    "environment": {
      "BLIS_NUM_THREADS": "1",
      "MKL_NUM_THREADS": "1",
      "NUMEXPR_NUM_THREADS": "1",
      "OMP_NUM_THREADS": "1",
      "OPENBLAS_NUM_THREADS": "1",
      "VECLIB_MAXIMUM_THREADS": "1"
    },
    "native_thread_limit": 1,
    "protocol": "native_threads_1_warmup5_duration15_repeats5_v1"
  },
  "capacity_bytes": 0,
  "duty_cycle_s": 0.25,
  "elapsed_s": 15.500649400000839,
  "finished_wall_time_ns": 1786899990447290500,
  "measurement_end_monotonic_ns": 6455155242200,
  "measurement_start_monotonic_ns": 6439654571300,
  "operations": 0,
  "pid": 9632,
  "planned_measurement_end_monotonic_ns": 6455154572000,
  "planned_measurement_start_monotonic_ns": 6439654270900,
  "pressure_requested": 0.0,
  "resource": "gpu_memory",
  "schema_version": 1,
  "sleep_s": 15.475220499999523,
  "started_wall_time_ns": 1786899969940922900,
  "status": "completed",
  "warmup_active_s": 0.0,
  "warmup_elapsed_s": 5.0003006999995705,
  "warmup_operations": 0,
  "warmup_sleep_s": 4.989876599998752
}
