{
  "active_fraction": 0.9999075389462794,
  "active_s": 59.98836209993897,
  "allocated_bytes": 536870912,
  "barrier_used": true,
  "barrier_wait_s": 0.6571430999993026,
  "capacity_bytes": 0,
  "duty_cycle_s": 0.25,
  "elapsed_s": 59.99390920000042,
  "finished_wall_time_ns": 1786862423949743300,
  "measurement_end_monotonic_ns": 16188659670400,
  "measurement_start_monotonic_ns": 16128665748100,
  "operations": 3922378883072,
  "pid": 9784,
  "planned_measurement_end_monotonic_ns": 16188651668200,
  "planned_measurement_start_monotonic_ns": 16128651668200,
  "pressure_requested": 1.0,
  "resource": "memory_bandwidth",
  "schema_version": 1,
  "sleep_s": 0.0,
  "started_wall_time_ns": 1786862343207054700,
  "status": "completed",
  "warmup_active_s": 19.990273300038098,
  "warmup_elapsed_s": 19.99201170000015,
  "warmup_operations": 1303522574336,
  "warmup_sleep_s": 0.0
}
