{
  "active_fraction": 0.0,
  "active_s": 0.0,
  "allocated_bytes": 0,
  "barrier_used": true,
  "barrier_wait_s": 0.6988908000002994,
  "capacity_bytes": 0,
  "duty_cycle_s": 0.25,
  "elapsed_s": 60.00025349999942,
  "finished_wall_time_ns": 1786854023362242600,
  "measurement_end_monotonic_ns": 7788071925300,
  "measurement_start_monotonic_ns": 7728071649100,
  "operations": 0,
  "pid": 3576,
  "planned_measurement_end_monotonic_ns": 7788071191700,
  "planned_measurement_start_monotonic_ns": 7728071191700,
  "pressure_requested": 0.0,
  "resource": "memory_bandwidth",
  "schema_version": 1,
  "sleep_s": 59.885603700010506,
  "started_wall_time_ns": 1786853942679136300,
  "status": "completed",
  "warmup_active_s": 0.0,
  "warmup_elapsed_s": 19.97888420000072,
  "warmup_operations": 0,
  "warmup_sleep_s": 19.943358399994395
}
