{
  "active_fraction": 0.7764818050384313,
  "active_s": 23.294431400237954,
  "allocated_bytes": 805306368,
  "barrier_used": true,
  "barrier_wait_s": 0.0673529999985476,
  "benchmark_environment": {
    "environment": {
      "BLIS_NUM_THREADS": "1",
      "MKL_NUM_THREADS": "1",
      "NUMEXPR_NUM_THREADS": "1",
      "OMP_NUM_THREADS": "1",
      "OPENBLAS_NUM_THREADS": "1",
      "VECLIB_MAXIMUM_THREADS": "1"
    },
    "native_thread_limit": 1,
    "protocol": "native_threads_1_warmup5_duration15_repeats5_cv10_v2"
  },
  "capacity_bytes": 1073741824,
  "duty_cycle_s": 0.25,
  "elapsed_s": 29.99997070000245,
  "finished_wall_time_ns": 1786939413455711600,
  "measurement_end_monotonic_ns": 45878163501800,
  "measurement_start_monotonic_ns": 45848163505000,
  "operations": 5023501123584,
  "pid": 15216,
  "planned_measurement_end_monotonic_ns": 45878163203600,
  "planned_measurement_start_monotonic_ns": 45848163203600,
  "pressure_requested": 0.75,
  "resource": "gpu_memory",
  "schema_version": 1,
  "sleep_s": 6.652828500002215,
  "started_wall_time_ns": 1786939371799972700,
  "status": "completed",
  "warmup_active_s": 7.684356499987189,
  "warmup_elapsed_s": 9.986271999994642,
  "warmup_operations": 1621887025152,
  "warmup_sleep_s": 2.2833457000087947
}
