{
  "active_fraction": 0.2602106895618088,
  "active_s": 15.612665000837296,
  "allocated_bytes": 268435456,
  "barrier_used": true,
  "barrier_wait_s": 0.042025100032333285,
  "capacity_bytes": 1073741824,
  "duty_cycle_s": 0.25,
  "elapsed_s": 60.000090799992904,
  "finished_wall_time_ns": 1786814539357633900,
  "measurement_end_monotonic_ns": 284132723672600,
  "measurement_start_monotonic_ns": 284072723558100,
  "operations": 2129230036992,
  "pid": 38568,
  "planned_measurement_end_monotonic_ns": 284132722951800,
  "planned_measurement_start_monotonic_ns": 284072722951800,
  "pressure_requested": 0.25,
  "resource": "gpu_memory",
  "schema_version": 1,
  "sleep_s": 44.28968370024813,
  "started_wall_time_ns": 1786814457678023000,
  "status": "completed",
  "warmup_active_s": 5.1298882003175095,
  "warmup_elapsed_s": 19.978898899978958,
  "warmup_operations": 836981751808,
  "warmup_sleep_s": 14.81608569965465
}
