{
  "active_fraction": 0.06634975323831288,
  "active_s": 1.0284425000045303,
  "allocated_bytes": 0,
  "barrier_used": false,
  "barrier_wait_s": 0.0,
  "benchmark_environment": {
    "environment": {
      "BLIS_NUM_THREADS": "1",
      "MKL_NUM_THREADS": "1",
      "NUMEXPR_NUM_THREADS": "1",
      "OMP_NUM_THREADS": "1",
      "OPENBLAS_NUM_THREADS": "1",
      "VECLIB_MAXIMUM_THREADS": "1"
    },
    "native_thread_limit": 1,
    "protocol": "native_threads_1_warmup5_duration15_repeats5_v1"
  },
  "capacity_bytes": 0,
  "duty_cycle_s": 0.25,
  "elapsed_s": 15.500321399999848,
  "finished_wall_time_ns": 1786899629078738400,
  "measurement_end_monotonic_ns": 6093786564800,
  "measurement_start_monotonic_ns": 6078286221400,
  "operations": 618659840,
  "pid": 28076,
  "planned_measurement_end_monotonic_ns": 6093786222700,
  "planned_measurement_start_monotonic_ns": 6078285978500,
  "pressure_requested": 0.0625,
  "resource": "gpu_compute",
  "schema_version": 1,
  "sleep_s": 14.44533689999571,
  "started_wall_time_ns": 1786899607074677600,
  "status": "completed",
  "warmup_active_s": 0.31805260000328417,
  "warmup_elapsed_s": 5.000243499999669,
  "warmup_operations": 709885952,
  "warmup_sleep_s": 4.674500899999657
}
