{
  "active_fraction": 0.5347574467479194,
  "active_s": 3.4762549000026866,
  "allocated_bytes": 536870912,
  "barrier_used": false,
  "barrier_wait_s": 0.0,
  "capacity_bytes": 0,
  "duty_cycle_s": 0.25,
  "elapsed_s": 6.500619899999947,
  "finished_wall_time_ns": 1786894675584584000,
  "measurement_end_monotonic_ns": 1140292417500,
  "measurement_start_monotonic_ns": 1133791766600,
  "operations": 238370684928,
  "pid": 17772,
  "planned_measurement_end_monotonic_ns": 1140291766900,
  "planned_measurement_start_monotonic_ns": 1133791313400,
  "pressure_requested": 0.5,
  "resource": "memory_bandwidth",
  "schema_version": 1,
  "sleep_s": 3.010575799999515,
  "started_wall_time_ns": 1786894667982432900,
  "status": "completed",
  "warmup_active_s": 0.5311679000005824,
  "warmup_elapsed_s": 1.0004538000000593,
  "warmup_operations": 36507222016,
  "warmup_sleep_s": 0.46775330000036774
}
