{
  "active_fraction": 0.08063568074996055,
  "active_s": 2.4190696000150638,
  "allocated_bytes": 0,
  "barrier_used": true,
  "barrier_wait_s": 0.06842119999782881,
  "benchmark_environment": {
    "environment": {
      "BLIS_NUM_THREADS": "1",
      "MKL_NUM_THREADS": "1",
      "NUMEXPR_NUM_THREADS": "1",
      "OMP_NUM_THREADS": "1",
      "OPENBLAS_NUM_THREADS": "1",
      "VECLIB_MAXIMUM_THREADS": "1"
    },
    "native_thread_limit": 1,
    "protocol": "native_threads_1_warmup5_duration15_repeats5_cv10_v2"
  },
  "capacity_bytes": 0,
  "duty_cycle_s": 0.25,
  "elapsed_s": 29.999989800002368,
  "finished_wall_time_ns": 1786941086892612600,
  "measurement_end_monotonic_ns": 47551600484700,
  "measurement_start_monotonic_ns": 47521600465500,
  "operations": 480247808,
  "pid": 23288,
  "planned_measurement_end_monotonic_ns": 47551599636700,
  "planned_measurement_start_monotonic_ns": 47521599636700,
  "pressure_requested": 0.0625,
  "resource": "gpu_compute",
  "schema_version": 1,
  "sleep_s": 27.52430900002946,
  "started_wall_time_ns": 1786941045274988800,
  "status": "completed",
  "warmup_active_s": 0.6439209997843136,
  "warmup_elapsed_s": 9.983248399999866,
  "warmup_operations": 1172307968,
  "warmup_sleep_s": 9.32150929999625
}
