{
  "active_fraction": 0.13641757075110345,
  "active_s": 4.092573599999014,
  "allocated_bytes": 0,
  "barrier_used": true,
  "barrier_wait_s": 0.10875149999628775,
  "benchmark_environment": {
    "environment": {
      "BLIS_NUM_THREADS": "1",
      "MKL_NUM_THREADS": "1",
      "NUMEXPR_NUM_THREADS": "1",
      "OMP_NUM_THREADS": "1",
      "OPENBLAS_NUM_THREADS": "1",
      "VECLIB_MAXIMUM_THREADS": "1"
    },
    "native_thread_limit": 1,
    "protocol": "native_threads_1_warmup5_duration15_repeats5_cv10_v2"
  },
  "capacity_bytes": 0,
  "duty_cycle_s": 0.25,
  "elapsed_s": 30.00034069999674,
  "finished_wall_time_ns": 1786943501772821300,
  "measurement_end_monotonic_ns": 49966480775900,
  "measurement_start_monotonic_ns": 49936480389900,
  "operations": 1177550848,
  "pid": 26264,
  "planned_measurement_end_monotonic_ns": 49966479979500,
  "planned_measurement_start_monotonic_ns": 49936479979500,
  "pressure_requested": 0.125,
  "resource": "gpu_compute",
  "schema_version": 1,
  "sleep_s": 25.845463599987852,
  "started_wall_time_ns": 1786943460059793400,
  "status": "completed",
  "warmup_active_s": 1.2661024998524226,
  "warmup_elapsed_s": 9.973317500000121,
  "warmup_operations": 2487222272,
  "warmup_sleep_s": 8.687829299982695
}
