{
  "active_fraction": 0.999912226011946,
  "active_s": 29.998282200001995,
  "allocated_bytes": 536870912,
  "barrier_used": true,
  "barrier_wait_s": 0.6329695999957039,
  "benchmark_environment": {
    "environment": {
      "BLIS_NUM_THREADS": "1",
      "MKL_NUM_THREADS": "1",
      "NUMEXPR_NUM_THREADS": "1",
      "OMP_NUM_THREADS": "1",
      "OPENBLAS_NUM_THREADS": "1",
      "VECLIB_MAXIMUM_THREADS": "1"
    },
    "native_thread_limit": 1,
    "protocol": "native_threads_1_warmup5_duration15_repeats5_cv10_v2"
  },
  "capacity_bytes": 0,
  "duty_cycle_s": 0.25,
  "elapsed_s": 30.0009155000007,
  "finished_wall_time_ns": 1786945660808756900,
  "measurement_end_monotonic_ns": 52125517273100,
  "measurement_start_monotonic_ns": 52095516350200,
  "operations": 2040109465600,
  "pid": 19680,
  "planned_measurement_end_monotonic_ns": 52125510704700,
  "planned_measurement_start_monotonic_ns": 52095510704700,
  "pressure_requested": 1.0,
  "resource": "memory_bandwidth",
  "schema_version": 1,
  "sleep_s": 0.0,
  "started_wall_time_ns": 1786945620104264300,
  "status": "completed",
  "warmup_active_s": 9.983026599998993,
  "warmup_elapsed_s": 9.98392949999834,
  "warmup_operations": 681826058240,
  "warmup_sleep_s": 0.0
}
