{
  "active_fraction": 0.999740167748428,
  "active_s": 29.990791999705834,
  "allocated_bytes": 0,
  "barrier_used": true,
  "barrier_wait_s": 1.1953313999983948,
  "benchmark_environment": {
    "environment": {
      "BLIS_NUM_THREADS": "1",
      "MKL_NUM_THREADS": "1",
      "NUMEXPR_NUM_THREADS": "1",
      "OMP_NUM_THREADS": "1",
      "OPENBLAS_NUM_THREADS": "1",
      "VECLIB_MAXIMUM_THREADS": "1"
    },
    "native_thread_limit": 1,
    "protocol": "native_threads_1_warmup5_duration15_repeats5_cv10_v2"
  },
  "capacity_bytes": 0,
  "cpu_workers": 64,
  "duty_cycle_s": 0.25,
  "elapsed_s": 29.998586600006092,
  "finished_wall_time_ns": 1787048779672433400,
  "gpu_matrix_size": 1024,
  "gpu_memory_max_mib": 1024,
  "measurement_end_monotonic_ns": 155246674586400,
  "measurement_start_monotonic_ns": 155216675986000,
  "memory_buffer_mib": 64,
  "operations": 19805503488,
  "pid": 40900,
  "planned_measurement_end_monotonic_ns": 155246674040000,
  "planned_measurement_start_monotonic_ns": 155216674040000,
  "pressure_requested": 1.0,
  "resource": "cpu_compute",
  "schema_version": 1,
  "sleep_s": 0.0,
  "started_wall_time_ns": 1787048738484393900,
  "status": "completed",
  "warmup_active_s": 9.977424300421262,
  "warmup_elapsed_s": 9.979929599998286,
  "warmup_operations": 7881097216,
  "warmup_sleep_s": 0.0
}
