{
  "active_fraction": 0.1923840665166065,
  "active_s": 2.9820295998652,
  "allocated_bytes": 0,
  "barrier_used": false,
  "barrier_wait_s": 0.0,
  "benchmark_environment": {
    "environment": {
      "BLIS_NUM_THREADS": "1",
      "MKL_NUM_THREADS": "1",
      "NUMEXPR_NUM_THREADS": "1",
      "OMP_NUM_THREADS": "1",
      "OPENBLAS_NUM_THREADS": "1",
      "VECLIB_MAXIMUM_THREADS": "1"
    },
    "native_thread_limit": 1,
    "protocol": "native_threads_1_warmup5_duration15_repeats5_cv10_v2"
  },
  "capacity_bytes": 0,
  "duty_cycle_s": 0.25,
  "elapsed_s": 15.500397999996494,
  "finished_wall_time_ns": 1786931795786358900,
  "measurement_end_monotonic_ns": 38260494170400,
  "measurement_start_monotonic_ns": 38244993751100,
  "operations": 2646605824,
  "pid": 21056,
  "planned_measurement_end_monotonic_ns": 38260493751700,
  "planned_measurement_start_monotonic_ns": 38244993069400,
  "pressure_requested": 0.1875,
  "resource": "gpu_compute",
  "schema_version": 1,
  "sleep_s": 12.485535799984063,
  "started_wall_time_ns": 1786931773795601200,
  "status": "completed",
  "warmup_active_s": 0.9400389001239091,
  "warmup_elapsed_s": 5.0006824000010965,
  "warmup_operations": 2518679552,
  "warmup_sleep_s": 4.052055399981327
}
