{
  "active_fraction": 0.7521868973135428,
  "active_s": 22.56549710012041,
  "allocated_bytes": 0,
  "barrier_used": true,
  "barrier_wait_s": 0.673682499997085,
  "benchmark_environment": {
    "environment": {
      "BLIS_NUM_THREADS": "1",
      "MKL_NUM_THREADS": "1",
      "NUMEXPR_NUM_THREADS": "1",
      "OMP_NUM_THREADS": "1",
      "OPENBLAS_NUM_THREADS": "1",
      "VECLIB_MAXIMUM_THREADS": "1"
    },
    "native_thread_limit": 1,
    "protocol": "native_threads_1_warmup5_duration15_repeats5_cv10_v2"
  },
  "capacity_bytes": 0,
  "duty_cycle_s": 0.25,
  "elapsed_s": 29.999854000001505,
  "finished_wall_time_ns": 1786956563720796800,
  "measurement_end_monotonic_ns": 63028428620300,
  "measurement_start_monotonic_ns": 62998428737600,
  "operations": 8180465664,
  "pid": 24936,
  "planned_measurement_end_monotonic_ns": 63028428310400,
  "planned_measurement_start_monotonic_ns": 62998428310400,
  "pressure_requested": 0.75,
  "resource": "cpu_compute",
  "schema_version": 1,
  "sleep_s": 7.3668694000152755,
  "started_wall_time_ns": 1786956523070726400,
  "status": "completed",
  "warmup_active_s": 7.5196374004663085,
  "warmup_elapsed_s": 9.969765000001644,
  "warmup_operations": 2851602432,
  "warmup_sleep_s": 2.4312023999955272
}
