{
  "active_fraction": 0.5041464672960191,
  "active_s": 15.124336999913794,
  "allocated_bytes": 536870912,
  "barrier_used": true,
  "barrier_wait_s": 0.045032499998342246,
  "benchmark_environment": {
    "environment": {
      "BLIS_NUM_THREADS": "1",
      "MKL_NUM_THREADS": "1",
      "NUMEXPR_NUM_THREADS": "1",
      "OMP_NUM_THREADS": "1",
      "OPENBLAS_NUM_THREADS": "1",
      "VECLIB_MAXIMUM_THREADS": "1"
    },
    "native_thread_limit": 1,
    "protocol": "native_threads_1_warmup5_duration15_repeats5_cv10_v2"
  },
  "capacity_bytes": 1073741824,
  "duty_cycle_s": 0.25,
  "elapsed_s": 29.999886899997364,
  "finished_wall_time_ns": 1786957204999326100,
  "measurement_end_monotonic_ns": 63669707125200,
  "measurement_start_monotonic_ns": 63639707212200,
  "operations": 3226594181120,
  "pid": 12412,
  "planned_measurement_end_monotonic_ns": 63669706973300,
  "planned_measurement_start_monotonic_ns": 63639706973300,
  "pressure_requested": 0.5,
  "resource": "gpu_memory",
  "schema_version": 1,
  "sleep_s": 14.823877200018615,
  "started_wall_time_ns": 1786957163290356500,
  "status": "completed",
  "warmup_active_s": 5.067034899977443,
  "warmup_elapsed_s": 9.989007300006051,
  "warmup_operations": 1058709438464,
  "warmup_sleep_s": 4.906077400024515
}
