{
  "active_fraction": 0.14222708651125412,
  "active_s": 4.266801800302346,
  "allocated_bytes": 0,
  "barrier_used": true,
  "barrier_wait_s": 0.06940450000547571,
  "benchmark_environment": {
    "environment": {
      "BLIS_NUM_THREADS": "1",
      "MKL_NUM_THREADS": "1",
      "NUMEXPR_NUM_THREADS": "1",
      "OMP_NUM_THREADS": "1",
      "OPENBLAS_NUM_THREADS": "1",
      "VECLIB_MAXIMUM_THREADS": "1"
    },
    "native_thread_limit": 1,
    "protocol": "native_threads_1_warmup5_duration15_repeats5_cv10_v2"
  },
  "capacity_bytes": 0,
  "duty_cycle_s": 0.25,
  "elapsed_s": 29.999924100004137,
  "finished_wall_time_ns": 1786939829395290300,
  "measurement_end_monotonic_ns": 46294103262200,
  "measurement_start_monotonic_ns": 46264103297600,
  "operations": 929038336,
  "pid": 21092,
  "planned_measurement_end_monotonic_ns": 46294102674600,
  "planned_measurement_start_monotonic_ns": 46264102674600,
  "pressure_requested": 0.125,
  "resource": "gpu_compute",
  "schema_version": 1,
  "sleep_s": 25.674380500044208,
  "started_wall_time_ns": 1786939787758130900,
  "status": "completed",
  "warmup_active_s": 1.2646533001388889,
  "warmup_elapsed_s": 9.987446300001466,
  "warmup_operations": 2551185408,
  "warmup_sleep_s": 8.705391700008477
}
