{
  "active_fraction": 0.07151746997847802,
  "active_s": 2.14540959988517,
  "allocated_bytes": 0,
  "barrier_used": true,
  "barrier_wait_s": 0.0811355999976513,
  "benchmark_environment": {
    "environment": {
      "BLIS_NUM_THREADS": "1",
      "MKL_NUM_THREADS": "1",
      "NUMEXPR_NUM_THREADS": "1",
      "OMP_NUM_THREADS": "1",
      "OPENBLAS_NUM_THREADS": "1",
      "VECLIB_MAXIMUM_THREADS": "1"
    },
    "native_thread_limit": 1,
    "protocol": "native_threads_1_warmup5_duration15_repeats5_cv10_v2"
  },
  "capacity_bytes": 0,
  "duty_cycle_s": 0.25,
  "elapsed_s": 29.9983990000037,
  "finished_wall_time_ns": 1786954569126872500,
  "measurement_end_monotonic_ns": 61033834989600,
  "measurement_start_monotonic_ns": 61003836544100,
  "operations": 584056832,
  "pid": 5880,
  "planned_measurement_end_monotonic_ns": 61033834449100,
  "planned_measurement_start_monotonic_ns": 61003834449100,
  "pressure_requested": 0.0625,
  "resource": "gpu_compute",
  "schema_version": 1,
  "sleep_s": 27.79682060007326,
  "started_wall_time_ns": 1786954527472974800,
  "status": "completed",
  "warmup_active_s": 0.6605304001568584,
  "warmup_elapsed_s": 9.97108599999774,
  "warmup_operations": 1167065088,
  "warmup_sleep_s": 9.290123900027538
}
