{
  "active_fraction": 0.0,
  "active_s": 0.0,
  "allocated_bytes": 0,
  "barrier_used": true,
  "barrier_wait_s": 0.6827513000025647,
  "benchmark_environment": {
    "environment": {
      "BLIS_NUM_THREADS": "1",
      "MKL_NUM_THREADS": "1",
      "NUMEXPR_NUM_THREADS": "1",
      "OMP_NUM_THREADS": "1",
      "OPENBLAS_NUM_THREADS": "1",
      "VECLIB_MAXIMUM_THREADS": "1"
    },
    "native_thread_limit": 1,
    "protocol": "native_threads_1_warmup5_duration15_repeats5_cv10_v2"
  },
  "capacity_bytes": 0,
  "duty_cycle_s": 0.25,
  "elapsed_s": 29.999831200002518,
  "finished_wall_time_ns": 1786946921473520600,
  "measurement_end_monotonic_ns": 53386181425900,
  "measurement_start_monotonic_ns": 53356181576500,
  "operations": 0,
  "pid": 12196,
  "planned_measurement_end_monotonic_ns": 53386181057300,
  "planned_measurement_start_monotonic_ns": 53356181057300,
  "pressure_requested": 0.0,
  "resource": "gpu_memory",
  "schema_version": 1,
  "sleep_s": 29.937780999978713,
  "started_wall_time_ns": 1786946880810727300,
  "status": "completed",
  "warmup_active_s": 0.0,
  "warmup_elapsed_s": 9.97523469999578,
  "warmup_operations": 0,
  "warmup_sleep_s": 9.95901440003945
}
