{
  "active_fraction": 0.9995776470239299,
  "active_s": 29.987827500255662,
  "allocated_bytes": 0,
  "barrier_used": true,
  "barrier_wait_s": 0.7000721000003978,
  "capacity_bytes": 0,
  "duty_cycle_s": 0.25,
  "elapsed_s": 30.000498299996252,
  "finished_wall_time_ns": 1786881271641439700,
  "measurement_end_monotonic_ns": 35037393882700,
  "measurement_start_monotonic_ns": 35007393376100,
  "operations": 6535249920,
  "pid": 30680,
  "planned_measurement_end_monotonic_ns": 35037392062100,
  "planned_measurement_start_monotonic_ns": 35007392062100,
  "pressure_requested": 1.0,
  "resource": "cpu_compute",
  "schema_version": 1,
  "sleep_s": 0.0,
  "started_wall_time_ns": 1786881230949340900,
  "status": "completed",
  "warmup_active_s": 9.981785799565841,
  "warmup_elapsed_s": 9.985863800000516,
  "warmup_operations": 2345664512,
  "warmup_sleep_s": 0.0
}
