{
  "active_fraction": 0.0,
  "active_s": 0.0,
  "allocated_bytes": 0,
  "barrier_used": false,
  "barrier_wait_s": 0.0,
  "benchmark_environment": {
    "environment": {
      "BLIS_NUM_THREADS": "1",
      "MKL_NUM_THREADS": "1",
      "NUMEXPR_NUM_THREADS": "1",
      "OMP_NUM_THREADS": "1",
      "OPENBLAS_NUM_THREADS": "1",
      "VECLIB_MAXIMUM_THREADS": "1"
    },
    "native_thread_limit": 1,
    "protocol": "native_threads_1_warmup5_duration15_repeats5_v1"
  },
  "capacity_bytes": 0,
  "duty_cycle_s": 0.25,
  "elapsed_s": 15.500737500000469,
  "finished_wall_time_ns": 1786898398936676100,
  "measurement_end_monotonic_ns": 4863644491900,
  "measurement_start_monotonic_ns": 4848143726200,
  "operations": 0,
  "pid": 26480,
  "planned_measurement_end_monotonic_ns": 4863643727100,
  "planned_measurement_start_monotonic_ns": 4848143406900,
  "pressure_requested": 0.0,
  "resource": "cpu_compute",
  "schema_version": 1,
  "sleep_s": 15.47480309999537,
  "started_wall_time_ns": 1786898378430125000,
  "status": "completed",
  "warmup_active_s": 0.0,
  "warmup_elapsed_s": 5.000319699999636,
  "warmup_operations": 0,
  "warmup_sleep_s": 4.992746099997021
}
