{
  "active_fraction": 0.7545364832678811,
  "active_s": 45.27323749996867,
  "allocated_bytes": 0,
  "barrier_used": true,
  "barrier_wait_s": 0.7027780000025814,
  "capacity_bytes": 0,
  "duty_cycle_s": 0.25,
  "elapsed_s": 60.00138959999822,
  "finished_wall_time_ns": 1786864360391999300,
  "measurement_end_monotonic_ns": 18125101988000,
  "measurement_start_monotonic_ns": 18065100591800,
  "operations": 5041029120,
  "pid": 11360,
  "planned_measurement_end_monotonic_ns": 18125100196200,
  "planned_measurement_start_monotonic_ns": 18065100196200,
  "pressure_requested": 0.75,
  "resource": "cpu_compute",
  "schema_version": 1,
  "sleep_s": 14.613243999996484,
  "started_wall_time_ns": 1786864279702832400,
  "status": "completed",
  "warmup_active_s": 15.099171000070783,
  "warmup_elapsed_s": 19.97863950000101,
  "warmup_operations": 1577058304,
  "warmup_sleep_s": 4.843832700018538
}
