{
  "active_fraction": 0.0,
  "active_s": 0.0,
  "allocated_bytes": 0,
  "barrier_used": true,
  "barrier_wait_s": 0.7648740000004182,
  "capacity_bytes": 0,
  "duty_cycle_s": 0.25,
  "elapsed_s": 59.99985419999939,
  "finished_wall_time_ns": 1786863036349260300,
  "measurement_end_monotonic_ns": 16801059043300,
  "measurement_start_monotonic_ns": 16741059170000,
  "operations": 0,
  "pid": 9788,
  "planned_measurement_end_monotonic_ns": 16801058696300,
  "planned_measurement_start_monotonic_ns": 16741058696300,
  "pressure_requested": 0.0,
  "resource": "gpu_memory",
  "schema_version": 1,
  "sleep_s": 59.89559869998993,
  "started_wall_time_ns": 1786862955604472300,
  "status": "completed",
  "warmup_active_s": 0.0,
  "warmup_elapsed_s": 19.97573090000151,
  "warmup_operations": 0,
  "warmup_sleep_s": 19.937869800000044
}
