{
  "active_fraction": 0.255903406144994,
  "active_s": 7.677041100207134,
  "allocated_bytes": 268435456,
  "barrier_used": true,
  "barrier_wait_s": 0.06791930000326829,
  "benchmark_environment": {
    "environment": {
      "BLIS_NUM_THREADS": "1",
      "MKL_NUM_THREADS": "1",
      "NUMEXPR_NUM_THREADS": "1",
      "OMP_NUM_THREADS": "1",
      "OPENBLAS_NUM_THREADS": "1",
      "VECLIB_MAXIMUM_THREADS": "1"
    },
    "native_thread_limit": 1,
    "protocol": "native_threads_1_warmup5_duration15_repeats5_cv10_v2"
  },
  "capacity_bytes": 1073741824,
  "duty_cycle_s": 0.25,
  "elapsed_s": 29.99976130000141,
  "finished_wall_time_ns": 1786955989495072700,
  "measurement_end_monotonic_ns": 62454203025200,
  "measurement_start_monotonic_ns": 62424203239900,
  "operations": 1072668082176,
  "pid": 25812,
  "planned_measurement_end_monotonic_ns": 62454202666200,
  "planned_measurement_start_monotonic_ns": 62424202666200,
  "pressure_requested": 0.25,
  "resource": "gpu_memory",
  "schema_version": 1,
  "sleep_s": 22.2677571999302,
  "started_wall_time_ns": 1786955947791005300,
  "status": "completed",
  "warmup_active_s": 2.5393191999173723,
  "warmup_elapsed_s": 9.972554400002991,
  "warmup_operations": 519691042816,
  "warmup_sleep_s": 7.413825200004794
}
