{
  "active_fraction": 0.5027298595958009,
  "active_s": 15.081907300387684,
  "allocated_bytes": 0,
  "barrier_used": true,
  "barrier_wait_s": 0.7395501999999397,
  "benchmark_environment": {
    "environment": {
      "BLIS_NUM_THREADS": "1",
      "MKL_NUM_THREADS": "1",
      "NUMEXPR_NUM_THREADS": "1",
      "OMP_NUM_THREADS": "1",
      "OPENBLAS_NUM_THREADS": "1",
      "VECLIB_MAXIMUM_THREADS": "1"
    },
    "native_thread_limit": 1,
    "protocol": "native_threads_1_warmup5_duration15_repeats5_cv10_v2"
  },
  "capacity_bytes": 0,
  "duty_cycle_s": 0.25,
  "elapsed_s": 30.00002289999975,
  "finished_wall_time_ns": 1786939932936894200,
  "measurement_end_monotonic_ns": 46397644742100,
  "measurement_start_monotonic_ns": 46367644702200,
  "operations": 4903665664,
  "pid": 21688,
  "planned_measurement_end_monotonic_ns": 46397644234900,
  "planned_measurement_start_monotonic_ns": 46367644234900,
  "pressure_requested": 0.5,
  "resource": "cpu_compute",
  "schema_version": 1,
  "sleep_s": 14.845495000045048,
  "started_wall_time_ns": 1786939892216888900,
  "status": "completed",
  "warmup_active_s": 5.022766699970816,
  "warmup_elapsed_s": 9.974665800000366,
  "warmup_operations": 1725431808,
  "warmup_sleep_s": 4.93188840001676
}
