{
  "active_fraction": 0.06342090941845838,
  "active_s": 0.41226009995443746,
  "allocated_bytes": 0,
  "barrier_used": false,
  "barrier_wait_s": 0.0,
  "capacity_bytes": 0,
  "duty_cycle_s": 0.25,
  "elapsed_s": 6.500381399993785,
  "finished_wall_time_ns": 1786891007178733400,
  "measurement_end_monotonic_ns": 44772930544600,
  "measurement_start_monotonic_ns": 44766430141800,
  "operations": 925892608,
  "pid": 21060,
  "planned_measurement_end_monotonic_ns": 44772930143900,
  "planned_measurement_start_monotonic_ns": 44766428772500,
  "pressure_requested": 0.0625,
  "resource": "gpu_compute",
  "schema_version": 1,
  "sleep_s": 6.07598930002132,
  "started_wall_time_ns": 1786890997990007300,
  "status": "completed",
  "warmup_active_s": 0.06615100005001295,
  "warmup_elapsed_s": 1.0013699000046472,
  "warmup_operations": 122683392,
  "warmup_sleep_s": 0.9326905000052648
}
