{
  "active_fraction": 0.5025845170477028,
  "active_s": 15.076570699937292,
  "allocated_bytes": 0,
  "barrier_used": true,
  "barrier_wait_s": 0.6952878000010969,
  "benchmark_environment": {
    "environment": {
      "BLIS_NUM_THREADS": "1",
      "MKL_NUM_THREADS": "1",
      "NUMEXPR_NUM_THREADS": "1",
      "OMP_NUM_THREADS": "1",
      "OPENBLAS_NUM_THREADS": "1",
      "VECLIB_MAXIMUM_THREADS": "1"
    },
    "native_thread_limit": 1,
    "protocol": "native_threads_1_warmup5_duration15_repeats5_cv10_v2"
  },
  "capacity_bytes": 0,
  "duty_cycle_s": 0.25,
  "elapsed_s": 29.998080300007132,
  "finished_wall_time_ns": 1786960319313608400,
  "measurement_end_monotonic_ns": 66784021421800,
  "measurement_start_monotonic_ns": 66754023320500,
  "operations": 4914675712,
  "pid": 24428,
  "planned_measurement_end_monotonic_ns": 66784021075800,
  "planned_measurement_start_monotonic_ns": 66754021075800,
  "pressure_requested": 0.5,
  "resource": "cpu_compute",
  "schema_version": 1,
  "sleep_s": 14.860891800068202,
  "started_wall_time_ns": 1786960278639208400,
  "status": "completed",
  "warmup_active_s": 5.023525199998403,
  "warmup_elapsed_s": 9.974840900002164,
  "warmup_operations": 1739063296,
  "warmup_sleep_s": 4.931007000050158
}
