{
  "active_fraction": 0.9999159616028402,
  "active_s": 30.005189900002733,
  "allocated_bytes": 536870912,
  "barrier_used": true,
  "barrier_wait_s": 0.6757746000002953,
  "benchmark_environment": {
    "environment": {
      "BLIS_NUM_THREADS": "1",
      "MKL_NUM_THREADS": "1",
      "NUMEXPR_NUM_THREADS": "1",
      "OMP_NUM_THREADS": "1",
      "OPENBLAS_NUM_THREADS": "1",
      "VECLIB_MAXIMUM_THREADS": "1"
    },
    "native_thread_limit": 1,
    "protocol": "native_threads_1_warmup5_duration15_repeats5_cv10_v2"
  },
  "capacity_bytes": 0,
  "duty_cycle_s": 0.25,
  "elapsed_s": 30.007711699996435,
  "finished_wall_time_ns": 1786957569350723400,
  "measurement_end_monotonic_ns": 64034058607700,
  "measurement_start_monotonic_ns": 64004050888600,
  "operations": 2063731785728,
  "pid": 26056,
  "planned_measurement_end_monotonic_ns": 64034046602500,
  "planned_measurement_start_monotonic_ns": 64004046602500,
  "pressure_requested": 1.0,
  "resource": "memory_bandwidth",
  "schema_version": 1,
  "sleep_s": 0.0,
  "started_wall_time_ns": 1786957528595557900,
  "status": "completed",
  "warmup_active_s": 9.982405799913977,
  "warmup_elapsed_s": 9.983265499999106,
  "warmup_operations": 687194767360,
  "warmup_sleep_s": 0.0
}
