{
  "active_fraction": 0.12575412509943143,
  "active_s": 0.8174787998214015,
  "allocated_bytes": 0,
  "barrier_used": false,
  "barrier_wait_s": 0.0,
  "capacity_bytes": 0,
  "duty_cycle_s": 0.25,
  "elapsed_s": 6.500612199997704,
  "finished_wall_time_ns": 1786891056362887800,
  "measurement_end_monotonic_ns": 44822114901200,
  "measurement_start_monotonic_ns": 44815614261600,
  "operations": 2041577472,
  "pid": 19020,
  "planned_measurement_end_monotonic_ns": 44822114262100,
  "planned_measurement_start_monotonic_ns": 44815614086700,
  "pressure_requested": 0.125,
  "resource": "gpu_compute",
  "schema_version": 1,
  "sleep_s": 5.670269200025359,
  "started_wall_time_ns": 1786891047247881300,
  "status": "completed",
  "warmup_active_s": 0.12568080002529314,
  "warmup_elapsed_s": 1.0001755999983288,
  "warmup_operations": 308281344,
  "warmup_sleep_s": 0.8734320999938063
}
