{
  "active_fraction": 0.25273764619702593,
  "active_s": 3.917508200028351,
  "allocated_bytes": 0,
  "barrier_used": false,
  "barrier_wait_s": 0.0,
  "benchmark_environment": {
    "environment": {
      "BLIS_NUM_THREADS": "1",
      "MKL_NUM_THREADS": "1",
      "NUMEXPR_NUM_THREADS": "1",
      "OMP_NUM_THREADS": "1",
      "OPENBLAS_NUM_THREADS": "1",
      "VECLIB_MAXIMUM_THREADS": "1"
    },
    "native_thread_limit": 1,
    "protocol": "native_threads_1_warmup5_duration15_repeats5_v1"
  },
  "capacity_bytes": 0,
  "duty_cycle_s": 0.25,
  "elapsed_s": 15.500295499999993,
  "finished_wall_time_ns": 1786899969230015800,
  "measurement_end_monotonic_ns": 6433937845300,
  "measurement_start_monotonic_ns": 6418437525000,
  "operations": 4056940544,
  "pid": 15612,
  "planned_measurement_end_monotonic_ns": 6433937525800,
  "planned_measurement_start_monotonic_ns": 6418437158000,
  "pressure_requested": 0.25,
  "resource": "gpu_compute",
  "schema_version": 1,
  "sleep_s": 11.557582399998864,
  "started_wall_time_ns": 1786899947256335600,
  "status": "completed",
  "warmup_active_s": 1.2520375000458444,
  "warmup_elapsed_s": 5.000367399999959,
  "warmup_operations": 3516923904,
  "warmup_sleep_s": 3.740697200001705
}
