{
  "active_fraction": 0.12915697834532658,
  "active_s": 2.0020134999931543,
  "allocated_bytes": 0,
  "barrier_used": false,
  "barrier_wait_s": 0.0,
  "benchmark_environment": {
    "environment": {
      "BLIS_NUM_THREADS": "1",
      "MKL_NUM_THREADS": "1",
      "NUMEXPR_NUM_THREADS": "1",
      "OMP_NUM_THREADS": "1",
      "OPENBLAS_NUM_THREADS": "1",
      "VECLIB_MAXIMUM_THREADS": "1"
    },
    "native_thread_limit": 1,
    "protocol": "native_threads_1_warmup5_duration15_repeats5_v1"
  },
  "capacity_bytes": 0,
  "duty_cycle_s": 0.25,
  "elapsed_s": 15.500622000000476,
  "finished_wall_time_ns": 1786899697011313400,
  "measurement_end_monotonic_ns": 6161719137500,
  "measurement_start_monotonic_ns": 6146218487200,
  "operations": 1423966208,
  "pid": 7668,
  "planned_measurement_end_monotonic_ns": 6161718487700,
  "planned_measurement_start_monotonic_ns": 6146218089100,
  "pressure_requested": 0.125,
  "resource": "gpu_compute",
  "schema_version": 1,
  "sleep_s": 13.468661500000962,
  "started_wall_time_ns": 1786899675062944900,
  "status": "completed",
  "warmup_active_s": 0.6274836999891704,
  "warmup_elapsed_s": 5.000398499999392,
  "warmup_operations": 1659895808,
  "warmup_sleep_s": 4.364824900000713
}
