{
  "active_fraction": 0.0,
  "active_s": 0.0,
  "allocated_bytes": 0,
  "barrier_used": true,
  "barrier_wait_s": 0.6837286000009044,
  "benchmark_environment": {
    "environment": {
      "BLIS_NUM_THREADS": "1",
      "MKL_NUM_THREADS": "1",
      "NUMEXPR_NUM_THREADS": "1",
      "OMP_NUM_THREADS": "1",
      "OPENBLAS_NUM_THREADS": "1",
      "VECLIB_MAXIMUM_THREADS": "1"
    },
    "native_thread_limit": 1,
    "protocol": "native_threads_1_warmup5_duration15_repeats5_cv10_v2"
  },
  "capacity_bytes": 0,
  "duty_cycle_s": 0.25,
  "elapsed_s": 30.000233600003412,
  "finished_wall_time_ns": 1786941347484015700,
  "measurement_end_monotonic_ns": 47812191923000,
  "measurement_start_monotonic_ns": 47782191670800,
  "operations": 0,
  "pid": 28928,
  "planned_measurement_end_monotonic_ns": 47812191353400,
  "planned_measurement_start_monotonic_ns": 47782191353400,
  "pressure_requested": 0.0,
  "resource": "memory_bandwidth",
  "schema_version": 1,
  "sleep_s": 29.931295399983355,
  "started_wall_time_ns": 1786941306822651900,
  "status": "completed",
  "warmup_active_s": 0.0,
  "warmup_elapsed_s": 9.97222150000016,
  "warmup_operations": 0,
  "warmup_sleep_s": 9.956087499987916
}
