{
  "active_fraction": 0.0,
  "active_s": 0.0,
  "allocated_bytes": 0,
  "barrier_used": true,
  "barrier_wait_s": 0.6590396000028704,
  "benchmark_environment": {
    "environment": {
      "BLIS_NUM_THREADS": "1",
      "MKL_NUM_THREADS": "1",
      "NUMEXPR_NUM_THREADS": "1",
      "OMP_NUM_THREADS": "1",
      "OPENBLAS_NUM_THREADS": "1",
      "VECLIB_MAXIMUM_THREADS": "1"
    },
    "native_thread_limit": 1,
    "protocol": "native_threads_1_warmup5_duration15_repeats5_cv10_v2"
  },
  "capacity_bytes": 0,
  "duty_cycle_s": 0.25,
  "elapsed_s": 29.99958869999682,
  "finished_wall_time_ns": 1786935801377176300,
  "measurement_end_monotonic_ns": 42266085019500,
  "measurement_start_monotonic_ns": 42236085402400,
  "operations": 0,
  "pid": 17444,
  "planned_measurement_end_monotonic_ns": 42266084759900,
  "planned_measurement_start_monotonic_ns": 42236084759900,
  "pressure_requested": 0.0,
  "resource": "cpu_compute",
  "schema_version": 1,
  "sleep_s": 29.9394043000284,
  "started_wall_time_ns": 1786935760733118700,
  "status": "completed",
  "warmup_active_s": 0.0,
  "warmup_elapsed_s": 9.979766299999028,
  "warmup_operations": 0,
  "warmup_sleep_s": 9.95925370000623
}
