{
  "active_fraction": 0.2620462723523486,
  "active_s": 7.8613105000549695,
  "allocated_bytes": 536870912,
  "barrier_used": true,
  "barrier_wait_s": 0.6314939000003505,
  "benchmark_environment": {
    "environment": {
      "BLIS_NUM_THREADS": "1",
      "MKL_NUM_THREADS": "1",
      "NUMEXPR_NUM_THREADS": "1",
      "OMP_NUM_THREADS": "1",
      "OPENBLAS_NUM_THREADS": "1",
      "VECLIB_MAXIMUM_THREADS": "1"
    },
    "native_thread_limit": 1,
    "protocol": "native_threads_1_warmup5_duration15_repeats5_cv10_v2"
  },
  "capacity_bytes": 0,
  "duty_cycle_s": 0.25,
  "elapsed_s": 29.99970359999861,
  "finished_wall_time_ns": 1786953455704380000,
  "measurement_end_monotonic_ns": 59920412216300,
  "measurement_start_monotonic_ns": 59890412489200,
  "operations": 520764784640,
  "pid": 26780,
  "planned_measurement_end_monotonic_ns": 59920411902500,
  "planned_measurement_start_monotonic_ns": 59890411902500,
  "pressure_requested": 0.25,
  "resource": "memory_bandwidth",
  "schema_version": 1,
  "sleep_s": 22.088313999964157,
  "started_wall_time_ns": 1786953415015187000,
  "status": "completed",
  "warmup_active_s": 2.6056087000033585,
  "warmup_elapsed_s": 9.969817100005457,
  "warmup_operations": 171798691840,
  "warmup_sleep_s": 7.347330699994927
}
