{
  "active_fraction": 0.0,
  "active_s": 0.0,
  "allocated_bytes": 0,
  "barrier_used": true,
  "barrier_wait_s": 0.7015108999985387,
  "benchmark_environment": {
    "environment": {
      "BLIS_NUM_THREADS": "1",
      "MKL_NUM_THREADS": "1",
      "NUMEXPR_NUM_THREADS": "1",
      "OMP_NUM_THREADS": "1",
      "OPENBLAS_NUM_THREADS": "1",
      "VECLIB_MAXIMUM_THREADS": "1"
    },
    "native_thread_limit": 1,
    "protocol": "native_threads_1_warmup5_duration15_repeats5_cv10_v2"
  },
  "capacity_bytes": 0,
  "duty_cycle_s": 0.25,
  "elapsed_s": 30.000005599998985,
  "finished_wall_time_ns": 1786950548484331800,
  "measurement_end_monotonic_ns": 57013192191100,
  "measurement_start_monotonic_ns": 56983192159400,
  "operations": 0,
  "pid": 26188,
  "planned_measurement_end_monotonic_ns": 57013191918000,
  "planned_measurement_start_monotonic_ns": 56983191918000,
  "pressure_requested": 0.0,
  "resource": "memory_bandwidth",
  "schema_version": 1,
  "sleep_s": 29.943136499998218,
  "started_wall_time_ns": 1786950507801164600,
  "status": "completed",
  "warmup_active_s": 0.0,
  "warmup_elapsed_s": 9.975883400002203,
  "warmup_operations": 0,
  "warmup_sleep_s": 9.958767799987982
}
