{
  "active_fraction": 0.0,
  "active_s": 0.0,
  "allocated_bytes": 0,
  "barrier_used": true,
  "barrier_wait_s": 0.729278599996178,
  "benchmark_environment": {
    "environment": {
      "BLIS_NUM_THREADS": "1",
      "MKL_NUM_THREADS": "1",
      "NUMEXPR_NUM_THREADS": "1",
      "OMP_NUM_THREADS": "1",
      "OPENBLAS_NUM_THREADS": "1",
      "VECLIB_MAXIMUM_THREADS": "1"
    },
    "native_thread_limit": 1,
    "protocol": "native_threads_1_warmup5_duration15_repeats5_cv10_v2"
  },
  "capacity_bytes": 0,
  "duty_cycle_s": 0.25,
  "elapsed_s": 29.999747400004708,
  "finished_wall_time_ns": 1786946493852017000,
  "measurement_end_monotonic_ns": 52958559948800,
  "measurement_start_monotonic_ns": 52928560173900,
  "operations": 0,
  "pid": 2968,
  "planned_measurement_end_monotonic_ns": 52958559621500,
  "planned_measurement_start_monotonic_ns": 52928559621500,
  "pressure_requested": 0.0,
  "resource": "gpu_memory",
  "schema_version": 1,
  "sleep_s": 29.939638099996955,
  "started_wall_time_ns": 1786946453150856000,
  "status": "completed",
  "warmup_active_s": 0.0,
  "warmup_elapsed_s": 9.966982999998436,
  "warmup_operations": 0,
  "warmup_sleep_s": 9.946688699987135
}
