{
  "active_fraction": 0.0,
  "active_s": 0.0,
  "allocated_bytes": 0,
  "barrier_used": true,
  "barrier_wait_s": 0.6992976999972598,
  "capacity_bytes": 0,
  "duty_cycle_s": 0.25,
  "elapsed_s": 30.000045499997213,
  "finished_wall_time_ns": 1786881062778100400,
  "measurement_end_monotonic_ns": 34828530022300,
  "measurement_start_monotonic_ns": 34798529958200,
  "operations": 0,
  "pid": 9876,
  "planned_measurement_end_monotonic_ns": 34828529663000,
  "planned_measurement_start_monotonic_ns": 34798529663000,
  "pressure_requested": 0.0,
  "resource": "gpu_compute",
  "schema_version": 1,
  "sleep_s": 29.943989599953056,
  "started_wall_time_ns": 1786881022085215200,
  "status": "completed",
  "warmup_active_s": 0.0,
  "warmup_elapsed_s": 9.989042300003348,
  "warmup_operations": 0,
  "warmup_sleep_s": 9.971633000015572
}
