{
  "active_fraction": 0.999956023423273,
  "active_s": 15.503026000004866,
  "allocated_bytes": 1073741824,
  "barrier_used": false,
  "barrier_wait_s": 0.0,
  "benchmark_environment": {
    "environment": {
      "BLIS_NUM_THREADS": "1",
      "MKL_NUM_THREADS": "1",
      "NUMEXPR_NUM_THREADS": "1",
      "OMP_NUM_THREADS": "1",
      "OPENBLAS_NUM_THREADS": "1",
      "VECLIB_MAXIMUM_THREADS": "1"
    },
    "native_thread_limit": 1,
    "protocol": "native_threads_1_warmup5_duration15_repeats5_v1"
  },
  "capacity_bytes": 1073741824,
  "duty_cycle_s": 0.25,
  "elapsed_s": 15.503707800000484,
  "finished_wall_time_ns": 1786900505998503900,
  "measurement_end_monotonic_ns": 6970707217800,
  "measurement_start_monotonic_ns": 6955203501000,
  "operations": 3362959392768,
  "pid": 26312,
  "planned_measurement_end_monotonic_ns": 6970703501300,
  "planned_measurement_start_monotonic_ns": 6955194140700,
  "pressure_requested": 1.0,
  "resource": "gpu_memory",
  "schema_version": 1,
  "sleep_s": 0.0,
  "started_wall_time_ns": 1786900483936364500,
  "status": "completed",
  "warmup_active_s": 5.009141500004262,
  "warmup_elapsed_s": 5.009360899999592,
  "warmup_operations": 1086626725888,
  "warmup_sleep_s": 0.0
}
