{
  "active_fraction": 0.7522739588026853,
  "active_s": 22.568122999604384,
  "allocated_bytes": 0,
  "barrier_used": true,
  "barrier_wait_s": 0.68884120000439,
  "benchmark_environment": {
    "environment": {
      "BLIS_NUM_THREADS": "1",
      "MKL_NUM_THREADS": "1",
      "NUMEXPR_NUM_THREADS": "1",
      "OMP_NUM_THREADS": "1",
      "OPENBLAS_NUM_THREADS": "1",
      "VECLIB_MAXIMUM_THREADS": "1"
    },
    "native_thread_limit": 1,
    "protocol": "native_threads_1_warmup5_duration15_repeats5_cv10_v2"
  },
  "capacity_bytes": 0,
  "duty_cycle_s": 0.25,
  "elapsed_s": 29.999872699998377,
  "finished_wall_time_ns": 1786938414841146800,
  "measurement_end_monotonic_ns": 44879548903200,
  "measurement_start_monotonic_ns": 44849549016500,
  "operations": 8226603008,
  "pid": 4128,
  "planned_measurement_end_monotonic_ns": 44879548751600,
  "planned_measurement_start_monotonic_ns": 44849548751600,
  "pressure_requested": 0.75,
  "resource": "cpu_compute",
  "schema_version": 1,
  "sleep_s": 7.382793600016157,
  "started_wall_time_ns": 1786938374177418600,
  "status": "completed",
  "warmup_active_s": 7.520702599547803,
  "warmup_elapsed_s": 9.967088199999125,
  "warmup_operations": 2832728064,
  "warmup_sleep_s": 2.4279358999920078
}
