{
  "active_fraction": 0.999409384505005,
  "active_s": 29.982171600117,
  "allocated_bytes": 0,
  "barrier_used": true,
  "barrier_wait_s": 0.7483290000018314,
  "benchmark_environment": {
    "environment": {
      "BLIS_NUM_THREADS": "1",
      "MKL_NUM_THREADS": "1",
      "NUMEXPR_NUM_THREADS": "1",
      "OMP_NUM_THREADS": "1",
      "OPENBLAS_NUM_THREADS": "1",
      "VECLIB_MAXIMUM_THREADS": "1"
    },
    "native_thread_limit": 1,
    "protocol": "native_threads_1_warmup5_duration15_repeats5_cv10_v2"
  },
  "capacity_bytes": 0,
  "duty_cycle_s": 0.25,
  "elapsed_s": 29.99988999999914,
  "finished_wall_time_ns": 1786947077802346400,
  "measurement_end_monotonic_ns": 53542510754900,
  "measurement_start_monotonic_ns": 53512510856100,
  "operations": 13080461312,
  "pid": 28320,
  "planned_measurement_end_monotonic_ns": 53542509972000,
  "planned_measurement_start_monotonic_ns": 53512509972000,
  "pressure_requested": 1.0,
  "resource": "cpu_compute",
  "schema_version": 1,
  "sleep_s": 0.0,
  "started_wall_time_ns": 1786947037075986900,
  "status": "completed",
  "warmup_active_s": 9.96622930013109,
  "warmup_elapsed_s": 9.972377099998994,
  "warmup_operations": 4365221888,
  "warmup_sleep_s": 0.0
}
