{
  "active_fraction": 0.7522408627942895,
  "active_s": 22.567449299363943,
  "allocated_bytes": 0,
  "barrier_used": true,
  "barrier_wait_s": 0.7316763999988325,
  "benchmark_environment": {
    "environment": {
      "BLIS_NUM_THREADS": "1",
      "MKL_NUM_THREADS": "1",
      "NUMEXPR_NUM_THREADS": "1",
      "OMP_NUM_THREADS": "1",
      "OPENBLAS_NUM_THREADS": "1",
      "VECLIB_MAXIMUM_THREADS": "1"
    },
    "native_thread_limit": 1,
    "protocol": "native_threads_1_warmup5_duration15_repeats5_cv10_v2"
  },
  "capacity_bytes": 0,
  "duty_cycle_s": 0.25,
  "elapsed_s": 30.00029699999868,
  "finished_wall_time_ns": 1786955609523755300,
  "measurement_end_monotonic_ns": 62074231589700,
  "measurement_start_monotonic_ns": 62044231263200,
  "operations": 8058306560,
  "pid": 13184,
  "planned_measurement_end_monotonic_ns": 62074231065900,
  "planned_measurement_start_monotonic_ns": 62044231065900,
  "pressure_requested": 0.75,
  "resource": "cpu_compute",
  "schema_version": 1,
  "sleep_s": 7.372244400023192,
  "started_wall_time_ns": 1786955568808137100,
  "status": "completed",
  "warmup_active_s": 7.520026199788845,
  "warmup_elapsed_s": 9.977637700001651,
  "warmup_operations": 2818048000,
  "warmup_sleep_s": 2.4390336999858846
}
