{
  "active_fraction": 0.780127447006152,
  "active_s": 5.070940899917332,
  "allocated_bytes": 536870912,
  "barrier_used": false,
  "barrier_wait_s": 0.0,
  "capacity_bytes": 0,
  "duty_cycle_s": 0.25,
  "elapsed_s": 6.50014419999934,
  "finished_wall_time_ns": 1786890940636831400,
  "measurement_end_monotonic_ns": 44706388677000,
  "measurement_start_monotonic_ns": 44699888506200,
  "operations": 361850994688,
  "pid": 10224,
  "planned_measurement_end_monotonic_ns": 44706388506500,
  "planned_measurement_start_monotonic_ns": 44699888331900,
  "pressure_requested": 0.75,
  "resource": "memory_bandwidth",
  "schema_version": 1,
  "sleep_s": 1.4188732999973581,
  "started_wall_time_ns": 1786890933047573700,
  "status": "completed",
  "warmup_active_s": 0.7870033999934094,
  "warmup_elapsed_s": 1.0001750999945216,
  "warmup_operations": 54760833024,
  "warmup_sleep_s": 0.21212170000217156
}
