{
  "active_fraction": 0.2017829025818625,
  "active_s": 6.053602799947839,
  "allocated_bytes": 0,
  "barrier_used": true,
  "barrier_wait_s": 0.08907959998759907,
  "benchmark_environment": {
    "environment": {
      "BLIS_NUM_THREADS": "1",
      "MKL_NUM_THREADS": "1",
      "NUMEXPR_NUM_THREADS": "1",
      "OMP_NUM_THREADS": "1",
      "OPENBLAS_NUM_THREADS": "1",
      "VECLIB_MAXIMUM_THREADS": "1"
    },
    "native_thread_limit": 1,
    "protocol": "native_threads_1_warmup5_duration15_repeats5_cv10_v2"
  },
  "capacity_bytes": 0,
  "duty_cycle_s": 0.25,
  "elapsed_s": 30.000573499986785,
  "finished_wall_time_ns": 1786959536976593500,
  "measurement_end_monotonic_ns": 66001684586300,
  "measurement_start_monotonic_ns": 65971683976800,
  "operations": 1544552448,
  "pid": 12716,
  "planned_measurement_end_monotonic_ns": 66001683838400,
  "planned_measurement_start_monotonic_ns": 65971683838400,
  "pressure_requested": 0.1875,
  "resource": "gpu_compute",
  "schema_version": 1,
  "sleep_s": 23.887322800030233,
  "started_wall_time_ns": 1786959495304885200,
  "status": "completed",
  "warmup_active_s": 1.8845901000022423,
  "warmup_elapsed_s": 9.984576400005608,
  "warmup_operations": 3941597184,
  "warmup_sleep_s": 8.082686000023386
}
