{
  "active_fraction": 0.5040765450874038,
  "active_s": 15.122277500158816,
  "allocated_bytes": 536870912,
  "barrier_used": true,
  "barrier_wait_s": 0.05575649999809684,
  "benchmark_environment": {
    "environment": {
      "BLIS_NUM_THREADS": "1",
      "MKL_NUM_THREADS": "1",
      "NUMEXPR_NUM_THREADS": "1",
      "OMP_NUM_THREADS": "1",
      "OPENBLAS_NUM_THREADS": "1",
      "VECLIB_MAXIMUM_THREADS": "1"
    },
    "native_thread_limit": 1,
    "protocol": "native_threads_1_warmup5_duration15_repeats5_cv10_v2"
  },
  "capacity_bytes": 1073741824,
  "duty_cycle_s": 0.25,
  "elapsed_s": 29.99996259999898,
  "finished_wall_time_ns": 1786948605747405300,
  "measurement_end_monotonic_ns": 55070455278500,
  "measurement_start_monotonic_ns": 55040455259100,
  "operations": 3225520439296,
  "pid": 11368,
  "planned_measurement_end_monotonic_ns": 55070454644200,
  "planned_measurement_start_monotonic_ns": 55040454644200,
  "pressure_requested": 0.5,
  "resource": "gpu_memory",
  "schema_version": 1,
  "sleep_s": 14.822052799994708,
  "started_wall_time_ns": 1786948564119321500,
  "status": "completed",
  "warmup_active_s": 5.073626899938972,
  "warmup_elapsed_s": 9.965878300004988,
  "warmup_operations": 1059783180288,
  "warmup_sleep_s": 4.8746465999793145
}
