{
  "active_fraction": 0.775941232038448,
  "active_s": 23.27836600018054,
  "allocated_bytes": 805306368,
  "barrier_used": true,
  "barrier_wait_s": 0.0596466999995755,
  "benchmark_environment": {
    "environment": {
      "BLIS_NUM_THREADS": "1",
      "MKL_NUM_THREADS": "1",
      "NUMEXPR_NUM_THREADS": "1",
      "OMP_NUM_THREADS": "1",
      "OPENBLAS_NUM_THREADS": "1",
      "VECLIB_MAXIMUM_THREADS": "1"
    },
    "native_thread_limit": 1,
    "protocol": "native_threads_1_warmup5_duration15_repeats5_cv10_v2"
  },
  "capacity_bytes": 1073741824,
  "duty_cycle_s": 0.25,
  "elapsed_s": 30.000166300000274,
  "finished_wall_time_ns": 1786940037457498400,
  "measurement_end_monotonic_ns": 46502165355800,
  "measurement_start_monotonic_ns": 46472165146800,
  "operations": 5020279898112,
  "pid": 29224,
  "planned_measurement_end_monotonic_ns": 46502164698300,
  "planned_measurement_start_monotonic_ns": 46472164698300,
  "pressure_requested": 0.75,
  "resource": "gpu_memory",
  "schema_version": 1,
  "sleep_s": 6.667486499980441,
  "started_wall_time_ns": 1786939995791994000,
  "status": "completed",
  "warmup_active_s": 7.659862799977418,
  "warmup_elapsed_s": 9.966634099997464,
  "warmup_operations": 1620276412416,
  "warmup_sleep_s": 2.290703399972699
}
