{
  "active_fraction": 0.1881441557793254,
  "active_s": 1.2230137001242838,
  "allocated_bytes": 0,
  "barrier_used": false,
  "barrier_wait_s": 0.0,
  "capacity_bytes": 0,
  "duty_cycle_s": 0.25,
  "elapsed_s": 6.5004076000041096,
  "finished_wall_time_ns": 1786891085899507600,
  "measurement_end_monotonic_ns": 44851651321200,
  "measurement_start_monotonic_ns": 44845150897700,
  "operations": 3166699520,
  "pid": 32780,
  "planned_measurement_end_monotonic_ns": 44851650898600,
  "planned_measurement_start_monotonic_ns": 44845150300900,
  "pressure_requested": 0.1875,
  "resource": "gpu_compute",
  "schema_version": 1,
  "sleep_s": 5.266250999979093,
  "started_wall_time_ns": 1786891076805075200,
  "status": "completed",
  "warmup_active_s": 0.18789260000630748,
  "warmup_elapsed_s": 1.000597199999902,
  "warmup_operations": 464519168,
  "warmup_sleep_s": 0.8106605000066338
}
