{
  "active_fraction": 0.9999317101459444,
  "active_s": 29.999480099970242,
  "allocated_bytes": 1073741824,
  "barrier_used": true,
  "barrier_wait_s": 0.050355500003206544,
  "benchmark_environment": {
    "environment": {
      "BLIS_NUM_THREADS": "1",
      "MKL_NUM_THREADS": "1",
      "NUMEXPR_NUM_THREADS": "1",
      "OMP_NUM_THREADS": "1",
      "OPENBLAS_NUM_THREADS": "1",
      "VECLIB_MAXIMUM_THREADS": "1"
    },
    "native_thread_limit": 1,
    "protocol": "native_threads_1_warmup5_duration15_repeats5_cv10_v2"
  },
  "capacity_bytes": 1073741824,
  "duty_cycle_s": 0.25,
  "elapsed_s": 30.001528900000267,
  "finished_wall_time_ns": 1786947758561893400,
  "measurement_end_monotonic_ns": 54223270404200,
  "measurement_start_monotonic_ns": 54193268864600,
  "operations": 6448893394944,
  "pid": 9596,
  "planned_measurement_end_monotonic_ns": 54223266286900,
  "planned_measurement_start_monotonic_ns": 54193266286900,
  "pressure_requested": 1.0,
  "resource": "gpu_memory",
  "schema_version": 1,
  "sleep_s": 0.0,
  "started_wall_time_ns": 1786947716922476500,
  "status": "completed",
  "warmup_active_s": 9.986305599893967,
  "warmup_elapsed_s": 9.986982300004456,
  "warmup_operations": 2106681458688,
  "warmup_sleep_s": 0.0
}
